
> @aistudio/frontend@0.1.0 test
> vitest --run


 RUN  v1.6.1 /opt/stack/worktrees/st-53-web-ui-multi-run-progress-tracker-in-status-bar/frontend

stderr | src/components/__tests__/WorkflowDetailModal.test.tsx > WorkflowDetailModal > Modal Rendering > should render modal when isOpen is true
Warning: An update to He inside a test was not wrapped in act(...).

When testing, code that causes React state updates should be wrapped into act(...):

act(() => {
  /* fire events that update state */
});
/* assert on the output */

This ensures that you're testing the behavior the user would see in the browser. Learn more at https://reactjs.org/link/wrap-tests-with-act
    at He (file:///opt/stack/AIStudio/node_modules/@headlessui/react/dist/components/transitions/transition.js:1:3125)
    at Fe (file:///opt/stack/AIStudio/node_modules/@headlessui/react/dist/components/transitions/transition.js:1:4958)
    at WorkflowDetailModal (/opt/stack/worktrees/st-53-web-ui-multi-run-progress-tracker-in-status-bar/frontend/src/components/WorkflowDetailModal.tsx:17:32)
    at QueryClientProvider (file:///opt/stack/AIStudio/node_modules/@tanstack/react-query/build/modern/QueryClientProvider.js:20:3)
Warning: An update to Fe inside a test was not wrapped in act(...).

When testing, code that causes React state updates should be wrapped into act(...):

act(() => {
  /* fire events that update state */
});
/* assert on the output */

This ensures that you're testing the behavior the user would see in the browser. Learn more at https://reactjs.org/link/wrap-tests-with-act
    at Fe (file:///opt/stack/AIStudio/node_modules/@headlessui/react/dist/components/transitions/transition.js:1:4958)
    at WorkflowDetailModal (/opt/stack/worktrees/st-53-web-ui-multi-run-progress-tracker-in-status-bar/frontend/src/components/WorkflowDetailModal.tsx:17:32)
    at QueryClientProvider (file:///opt/stack/AIStudio/node_modules/@tanstack/react-query/build/modern/QueryClientProvider.js:20:3)

stderr | src/components/__tests__/WorkflowDetailModal.test.tsx > WorkflowDetailModal > Modal Rendering > should display workflow name in header
Warning: An update to He inside a test was not wrapped in act(...).

When testing, code that causes React state updates should be wrapped into act(...):

act(() => {
  /* fire events that update state */
});
/* assert on the output */

This ensures that you're testing the behavior the user would see in the browser. Learn more at https://reactjs.org/link/wrap-tests-with-act
    at He (file:///opt/stack/AIStudio/node_modules/@headlessui/react/dist/components/transitions/transition.js:1:3125)
    at Fe (file:///opt/stack/AIStudio/node_modules/@headlessui/react/dist/components/transitions/transition.js:1:4958)
    at WorkflowDetailModal (/opt/stack/worktrees/st-53-web-ui-multi-run-progress-tracker-in-status-bar/frontend/src/components/WorkflowDetailModal.tsx:17:32)
    at QueryClientProvider (file:///opt/stack/AIStudio/node_modules/@tanstack/react-query/build/modern/QueryClientProvider.js:20:3)
Warning: An update to Fe inside a test was not wrapped in act(...).

When testing, code that causes React state updates should be wrapped into act(...):

act(() => {
  /* fire events that update state */
});
/* assert on the output */

This ensures that you're testing the behavior the user would see in the browser. Learn more at https://reactjs.org/link/wrap-tests-with-act
    at Fe (file:///opt/stack/AIStudio/node_modules/@headlessui/react/dist/components/transitions/transition.js:1:4958)
    at WorkflowDetailModal (/opt/stack/worktrees/st-53-web-ui-multi-run-progress-tracker-in-status-bar/frontend/src/components/WorkflowDetailModal.tsx:17:32)
    at QueryClientProvider (file:///opt/stack/AIStudio/node_modules/@tanstack/react-query/build/modern/QueryClientProvider.js:20:3)

stderr | src/components/__tests__/WorkflowDetailModal.test.tsx > WorkflowDetailModal > Modal Rendering > should display workflow version badge
Warning: An update to He inside a test was not wrapped in act(...).

When testing, code that causes React state updates should be wrapped into act(...):

act(() => {
  /* fire events that update state */
});
/* assert on the output */

This ensures that you're testing the behavior the user would see in the browser. Learn more at https://reactjs.org/link/wrap-tests-with-act
    at He (file:///opt/stack/AIStudio/node_modules/@headlessui/react/dist/components/transitions/transition.js:1:3125)
    at Fe (file:///opt/stack/AIStudio/node_modules/@headlessui/react/dist/components/transitions/transition.js:1:4958)
    at WorkflowDetailModal (/opt/stack/worktrees/st-53-web-ui-multi-run-progress-tracker-in-status-bar/frontend/src/components/WorkflowDetailModal.tsx:17:32)
    at QueryClientProvider (file:///opt/stack/AIStudio/node_modules/@tanstack/react-query/build/modern/QueryClientProvider.js:20:3)
Warning: An update to Fe inside a test was not wrapped in act(...).

When testing, code that causes React state updates should be wrapped into act(...):

act(() => {
  /* fire events that update state */
});
/* assert on the output */

This ensures that you're testing the behavior the user would see in the browser. Learn more at https://reactjs.org/link/wrap-tests-with-act
    at Fe (file:///opt/stack/AIStudio/node_modules/@headlessui/react/dist/components/transitions/transition.js:1:4958)
    at WorkflowDetailModal (/opt/stack/worktrees/st-53-web-ui-multi-run-progress-tracker-in-status-bar/frontend/src/components/WorkflowDetailModal.tsx:17:32)
    at QueryClientProvider (file:///opt/stack/AIStudio/node_modules/@tanstack/react-query/build/modern/QueryClientProvider.js:20:3)

stderr | src/components/__tests__/WorkflowDetailModal.test.tsx > WorkflowDetailModal > Modal Rendering > should display active status badge for active workflow
Warning: An update to He inside a test was not wrapped in act(...).

When testing, code that causes React state updates should be wrapped into act(...):

act(() => {
  /* fire events that update state */
});
/* assert on the output */

This ensures that you're testing the behavior the user would see in the browser. Learn more at https://reactjs.org/link/wrap-tests-with-act
    at He (file:///opt/stack/AIStudio/node_modules/@headlessui/react/dist/components/transitions/transition.js:1:3125)
    at Fe (file:///opt/stack/AIStudio/node_modules/@headlessui/react/dist/components/transitions/transition.js:1:4958)
    at WorkflowDetailModal (/opt/stack/worktrees/st-53-web-ui-multi-run-progress-tracker-in-status-bar/frontend/src/components/WorkflowDetailModal.tsx:17:32)
    at QueryClientProvider (file:///opt/stack/AIStudio/node_modules/@tanstack/react-query/build/modern/QueryClientProvider.js:20:3)
Warning: An update to Fe inside a test was not wrapped in act(...).

When testing, code that causes React state updates should be wrapped into act(...):

act(() => {
  /* fire events that update state */
});
/* assert on the output */

This ensures that you're testing the behavior the user would see in the browser. Learn more at https://reactjs.org/link/wrap-tests-with-act
    at Fe (file:///opt/stack/AIStudio/node_modules/@headlessui/react/dist/components/transitions/transition.js:1:4958)
    at WorkflowDetailModal (/opt/stack/worktrees/st-53-web-ui-multi-run-progress-tracker-in-status-bar/frontend/src/components/WorkflowDetailModal.tsx:17:32)
    at QueryClientProvider (file:///opt/stack/AIStudio/node_modules/@tanstack/react-query/build/modern/QueryClientProvider.js:20:3)

stderr | src/components/__tests__/WorkflowDetailModal.test.tsx > WorkflowDetailModal > Modal Rendering > should display inactive status for inactive workflow
Warning: An update to He inside a test was not wrapped in act(...).

When testing, code that causes React state updates should be wrapped into act(...):

act(() => {
  /* fire events that update state */
});
/* assert on the output */

This ensures that you're testing the behavior the user would see in the browser. Learn more at https://reactjs.org/link/wrap-tests-with-act
    at He (file:///opt/stack/AIStudio/node_modules/@headlessui/react/dist/components/transitions/transition.js:1:3125)
    at Fe (file:///opt/stack/AIStudio/node_modules/@headlessui/react/dist/components/transitions/transition.js:1:4958)
    at WorkflowDetailModal (/opt/stack/worktrees/st-53-web-ui-multi-run-progress-tracker-in-status-bar/frontend/src/components/WorkflowDetailModal.tsx:17:32)
    at QueryClientProvider (file:///opt/stack/AIStudio/node_modules/@tanstack/react-query/build/modern/QueryClientProvider.js:20:3)
Warning: An update to Fe inside a test was not wrapped in act(...).

When testing, code that causes React state updates should be wrapped into act(...):

act(() => {
  /* fire events that update state */
});
/* assert on the output */

This ensures that you're testing the behavior the user would see in the browser. Learn more at https://reactjs.org/link/wrap-tests-with-act
    at Fe (file:///opt/stack/AIStudio/node_modules/@headlessui/react/dist/components/transitions/transition.js:1:4958)
    at WorkflowDetailModal (/opt/stack/worktrees/st-53-web-ui-multi-run-progress-tracker-in-status-bar/frontend/src/components/WorkflowDetailModal.tsx:17:32)
    at QueryClientProvider (file:///opt/stack/AIStudio/node_modules/@tanstack/react-query/build/modern/QueryClientProvider.js:20:3)

stderr | src/components/__tests__/WorkflowDetailModal.test.tsx > WorkflowDetailModal > Modal Rendering > should display trigger type in header
Warning: An update to He inside a test was not wrapped in act(...).

When testing, code that causes React state updates should be wrapped into act(...):

act(() => {
  /* fire events that update state */
});
/* assert on the output */

This ensures that you're testing the behavior the user would see in the browser. Learn more at https://reactjs.org/link/wrap-tests-with-act
    at He (file:///opt/stack/AIStudio/node_modules/@headlessui/react/dist/components/transitions/transition.js:1:3125)
    at Fe (file:///opt/stack/AIStudio/node_modules/@headlessui/react/dist/components/transitions/transition.js:1:4958)
    at WorkflowDetailModal (/opt/stack/worktrees/st-53-web-ui-multi-run-progress-tracker-in-status-bar/frontend/src/components/WorkflowDetailModal.tsx:17:32)
    at QueryClientProvider (file:///opt/stack/AIStudio/node_modules/@tanstack/react-query/build/modern/QueryClientProvider.js:20:3)
Warning: An update to Fe inside a test was not wrapped in act(...).

When testing, code that causes React state updates should be wrapped into act(...):

act(() => {
  /* fire events that update state */
});
/* assert on the output */

This ensures that you're testing the behavior the user would see in the browser. Learn more at https://reactjs.org/link/wrap-tests-with-act
    at Fe (file:///opt/stack/AIStudio/node_modules/@headlessui/react/dist/components/transitions/transition.js:1:4958)
    at WorkflowDetailModal (/opt/stack/worktrees/st-53-web-ui-multi-run-progress-tracker-in-status-bar/frontend/src/components/WorkflowDetailModal.tsx:17:32)
    at QueryClientProvider (file:///opt/stack/AIStudio/node_modules/@tanstack/react-query/build/modern/QueryClientProvider.js:20:3)

stderr | src/components/__tests__/WorkflowDetailModal.test.tsx > WorkflowDetailModal > Modal Rendering > should render close button
Warning: An update to He inside a test was not wrapped in act(...).

When testing, code that causes React state updates should be wrapped into act(...):

act(() => {
  /* fire events that update state */
});
/* assert on the output */

This ensures that you're testing the behavior the user would see in the browser. Learn more at https://reactjs.org/link/wrap-tests-with-act
    at He (file:///opt/stack/AIStudio/node_modules/@headlessui/react/dist/components/transitions/transition.js:1:3125)
    at Fe (file:///opt/stack/AIStudio/node_modules/@headlessui/react/dist/components/transitions/transition.js:1:4958)
    at WorkflowDetailModal (/opt/stack/worktrees/st-53-web-ui-multi-run-progress-tracker-in-status-bar/frontend/src/components/WorkflowDetailModal.tsx:17:32)
    at QueryClientProvider (file:///opt/stack/AIStudio/node_modules/@tanstack/react-query/build/modern/QueryClientProvider.js:20:3)
Warning: An update to Fe inside a test was not wrapped in act(...).

When testing, code that causes React state updates should be wrapped into act(...):

act(() => {
  /* fire events that update state */
});
/* assert on the output */

This ensures that you're testing the behavior the user would see in the browser. Learn more at https://reactjs.org/link/wrap-tests-with-act
    at Fe (file:///opt/stack/AIStudio/node_modules/@headlessui/react/dist/components/transitions/transition.js:1:4958)
    at WorkflowDetailModal (/opt/stack/worktrees/st-53-web-ui-multi-run-progress-tracker-in-status-bar/frontend/src/components/WorkflowDetailModal.tsx:17:32)
    at QueryClientProvider (file:///opt/stack/AIStudio/node_modules/@tanstack/react-query/build/modern/QueryClientProvider.js:20:3)

stderr | src/components/__tests__/WorkflowDetailModal.test.tsx > WorkflowDetailModal > Modal Rendering > should render all 4 tabs
Warning: An update to He inside a test was not wrapped in act(...).

When testing, code that causes React state updates should be wrapped into act(...):

act(() => {
  /* fire events that update state */
});
/* assert on the output */

This ensures that you're testing the behavior the user would see in the browser. Learn more at https://reactjs.org/link/wrap-tests-with-act
    at He (file:///opt/stack/AIStudio/node_modules/@headlessui/react/dist/components/transitions/transition.js:1:3125)
    at Fe (file:///opt/stack/AIStudio/node_modules/@headlessui/react/dist/components/transitions/transition.js:1:4958)
    at WorkflowDetailModal (/opt/stack/worktrees/st-53-web-ui-multi-run-progress-tracker-in-status-bar/frontend/src/components/WorkflowDetailModal.tsx:17:32)
    at QueryClientProvider (file:///opt/stack/AIStudio/node_modules/@tanstack/react-query/build/modern/QueryClientProvider.js:20:3)
Warning: An update to Fe inside a test was not wrapped in act(...).

When testing, code that causes React state updates should be wrapped into act(...):

act(() => {
  /* fire events that update state */
});
/* assert on the output */

This ensures that you're testing the behavior the user would see in the browser. Learn more at https://reactjs.org/link/wrap-tests-with-act
    at Fe (file:///opt/stack/AIStudio/node_modules/@headlessui/react/dist/components/transitions/transition.js:1:4958)
    at WorkflowDetailModal (/opt/stack/worktrees/st-53-web-ui-multi-run-progress-tracker-in-status-bar/frontend/src/components/WorkflowDetailModal.tsx:17:32)
    at QueryClientProvider (file:///opt/stack/AIStudio/node_modules/@tanstack/react-query/build/modern/QueryClientProvider.js:20:3)

stderr | src/components/__tests__/WorkflowDetailModal.test.tsx > WorkflowDetailModal > Modal Rendering > should render bottom close button
Warning: An update to He inside a test was not wrapped in act(...).

When testing, code that causes React state updates should be wrapped into act(...):

act(() => {
  /* fire events that update state */
});
/* assert on the output */

This ensures that you're testing the behavior the user would see in the browser. Learn more at https://reactjs.org/link/wrap-tests-with-act
    at He (file:///opt/stack/AIStudio/node_modules/@headlessui/react/dist/components/transitions/transition.js:1:3125)
    at Fe (file:///opt/stack/AIStudio/node_modules/@headlessui/react/dist/components/transitions/transition.js:1:4958)
    at WorkflowDetailModal (/opt/stack/worktrees/st-53-web-ui-multi-run-progress-tracker-in-status-bar/frontend/src/components/WorkflowDetailModal.tsx:17:32)
    at QueryClientProvider (file:///opt/stack/AIStudio/node_modules/@tanstack/react-query/build/modern/QueryClientProvider.js:20:3)
Warning: An update to Fe inside a test was not wrapped in act(...).

When testing, code that causes React state updates should be wrapped into act(...):

act(() => {
  /* fire events that update state */
});
/* assert on the output */

This ensures that you're testing the behavior the user would see in the browser. Learn more at https://reactjs.org/link/wrap-tests-with-act
    at Fe (file:///opt/stack/AIStudio/node_modules/@headlessui/react/dist/components/transitions/transition.js:1:4958)
    at WorkflowDetailModal (/opt/stack/worktrees/st-53-web-ui-multi-run-progress-tracker-in-status-bar/frontend/src/components/WorkflowDetailModal.tsx:17:32)
    at QueryClientProvider (file:///opt/stack/AIStudio/node_modules/@tanstack/react-query/build/modern/QueryClientProvider.js:20:3)

stderr | src/components/__tests__/WorkflowDetailModal.test.tsx > WorkflowDetailModal > Tab Switching > should show overview tab by default
Warning: An update to He inside a test was not wrapped in act(...).

When testing, code that causes React state updates should be wrapped into act(...):

act(() => {
  /* fire events that update state */
});
/* assert on the output */

This ensures that you're testing the behavior the user would see in the browser. Learn more at https://reactjs.org/link/wrap-tests-with-act
    at He (file:///opt/stack/AIStudio/node_modules/@headlessui/react/dist/components/transitions/transition.js:1:3125)
    at Fe (file:///opt/stack/AIStudio/node_modules/@headlessui/react/dist/components/transitions/transition.js:1:4958)
    at WorkflowDetailModal (/opt/stack/worktrees/st-53-web-ui-multi-run-progress-tracker-in-status-bar/frontend/src/components/WorkflowDetailModal.tsx:17:32)
    at QueryClientProvider (file:///opt/stack/AIStudio/node_modules/@tanstack/react-query/build/modern/QueryClientProvider.js:20:3)
Warning: An update to Fe inside a test was not wrapped in act(...).

When testing, code that causes React state updates should be wrapped into act(...):

act(() => {
  /* fire events that update state */
});
/* assert on the output */

This ensures that you're testing the behavior the user would see in the browser. Learn more at https://reactjs.org/link/wrap-tests-with-act
    at Fe (file:///opt/stack/AIStudio/node_modules/@headlessui/react/dist/components/transitions/transition.js:1:4958)
    at WorkflowDetailModal (/opt/stack/worktrees/st-53-web-ui-multi-run-progress-tracker-in-status-bar/frontend/src/components/WorkflowDetailModal.tsx:17:32)
    at QueryClientProvider (file:///opt/stack/AIStudio/node_modules/@tanstack/react-query/build/modern/QueryClientProvider.js:20:3)

stderr | src/components/__tests__/WorkflowDetailModal.test.tsx > WorkflowDetailModal > Overview Tab > should display workflow description
Warning: An update to He inside a test was not wrapped in act(...).

When testing, code that causes React state updates should be wrapped into act(...):

act(() => {
  /* fire events that update state */
});
/* assert on the output */

This ensures that you're testing the behavior the user would see in the browser. Learn more at https://reactjs.org/link/wrap-tests-with-act
    at He (file:///opt/stack/AIStudio/node_modules/@headlessui/react/dist/components/transitions/transition.js:1:3125)
    at Fe (file:///opt/stack/AIStudio/node_modules/@headlessui/react/dist/components/transitions/transition.js:1:4958)
    at WorkflowDetailModal (/opt/stack/worktrees/st-53-web-ui-multi-run-progress-tracker-in-status-bar/frontend/src/components/WorkflowDetailModal.tsx:17:32)
    at QueryClientProvider (file:///opt/stack/AIStudio/node_modules/@tanstack/react-query/build/modern/QueryClientProvider.js:20:3)
Warning: An update to Fe inside a test was not wrapped in act(...).

When testing, code that causes React state updates should be wrapped into act(...):

act(() => {
  /* fire events that update state */
});
/* assert on the output */

This ensures that you're testing the behavior the user would see in the browser. Learn more at https://reactjs.org/link/wrap-tests-with-act
    at Fe (file:///opt/stack/AIStudio/node_modules/@headlessui/react/dist/components/transitions/transition.js:1:4958)
    at WorkflowDetailModal (/opt/stack/worktrees/st-53-web-ui-multi-run-progress-tracker-in-status-bar/frontend/src/components/WorkflowDetailModal.tsx:17:32)
    at QueryClientProvider (file:///opt/stack/AIStudio/node_modules/@tanstack/react-query/build/modern/QueryClientProvider.js:20:3)

stderr | src/components/__tests__/WorkflowDetailModal.test.tsx > WorkflowDetailModal > Overview Tab > should display "No description provided" when description is missing
Warning: An update to He inside a test was not wrapped in act(...).

When testing, code that causes React state updates should be wrapped into act(...):

act(() => {
  /* fire events that update state */
});
/* assert on the output */

This ensures that you're testing the behavior the user would see in the browser. Learn more at https://reactjs.org/link/wrap-tests-with-act
    at He (file:///opt/stack/AIStudio/node_modules/@headlessui/react/dist/components/transitions/transition.js:1:3125)
    at Fe (file:///opt/stack/AIStudio/node_modules/@headlessui/react/dist/components/transitions/transition.js:1:4958)
    at WorkflowDetailModal (/opt/stack/worktrees/st-53-web-ui-multi-run-progress-tracker-in-status-bar/frontend/src/components/WorkflowDetailModal.tsx:17:32)
    at QueryClientProvider (file:///opt/stack/AIStudio/node_modules/@tanstack/react-query/build/modern/QueryClientProvider.js:20:3)
Warning: An update to Fe inside a test was not wrapped in act(...).

When testing, code that causes React state updates should be wrapped into act(...):

act(() => {
  /* fire events that update state */
});
/* assert on the output */

This ensures that you're testing the behavior the user would see in the browser. Learn more at https://reactjs.org/link/wrap-tests-with-act
    at Fe (file:///opt/stack/AIStudio/node_modules/@headlessui/react/dist/components/transitions/transition.js:1:4958)
    at WorkflowDetailModal (/opt/stack/worktrees/st-53-web-ui-multi-run-progress-tracker-in-status-bar/frontend/src/components/WorkflowDetailModal.tsx:17:32)
    at QueryClientProvider (file:///opt/stack/AIStudio/node_modules/@tanstack/react-query/build/modern/QueryClientProvider.js:20:3)

stderr | src/components/__tests__/WorkflowDetailModal.test.tsx > WorkflowDetailModal > Overview Tab > should display coordinator name
Warning: An update to He inside a test was not wrapped in act(...).

When testing, code that causes React state updates should be wrapped into act(...):

act(() => {
  /* fire events that update state */
});
/* assert on the output */

This ensures that you're testing the behavior the user would see in the browser. Learn more at https://reactjs.org/link/wrap-tests-with-act
    at He (file:///opt/stack/AIStudio/node_modules/@headlessui/react/dist/components/transitions/transition.js:1:3125)
    at Fe (file:///opt/stack/AIStudio/node_modules/@headlessui/react/dist/components/transitions/transition.js:1:4958)
    at WorkflowDetailModal (/opt/stack/worktrees/st-53-web-ui-multi-run-progress-tracker-in-status-bar/frontend/src/components/WorkflowDetailModal.tsx:17:32)
    at QueryClientProvider (file:///opt/stack/AIStudio/node_modules/@tanstack/react-query/build/modern/QueryClientProvider.js:20:3)
Warning: An update to Fe inside a test was not wrapped in act(...).

When testing, code that causes React state updates should be wrapped into act(...):

act(() => {
  /* fire events that update state */
});
/* assert on the output */

This ensures that you're testing the behavior the user would see in the browser. Learn more at https://reactjs.org/link/wrap-tests-with-act
    at Fe (file:///opt/stack/AIStudio/node_modules/@headlessui/react/dist/components/transitions/transition.js:1:4958)
    at WorkflowDetailModal (/opt/stack/worktrees/st-53-web-ui-multi-run-progress-tracker-in-status-bar/frontend/src/components/WorkflowDetailModal.tsx:17:32)
    at QueryClientProvider (file:///opt/stack/AIStudio/node_modules/@tanstack/react-query/build/modern/QueryClientProvider.js:20:3)

stderr | src/components/__tests__/WorkflowDetailModal.test.tsx > WorkflowDetailModal > Overview Tab > should display "Not assigned" when coordinator is missing
Warning: An update to He inside a test was not wrapped in act(...).

When testing, code that causes React state updates should be wrapped into act(...):

act(() => {
  /* fire events that update state */
});
/* assert on the output */

This ensures that you're testing the behavior the user would see in the browser. Learn more at https://reactjs.org/link/wrap-tests-with-act
    at He (file:///opt/stack/AIStudio/node_modules/@headlessui/react/dist/components/transitions/transition.js:1:3125)
    at Fe (file:///opt/stack/AIStudio/node_modules/@headlessui/react/dist/components/transitions/transition.js:1:4958)
    at WorkflowDetailModal (/opt/stack/worktrees/st-53-web-ui-multi-run-progress-tracker-in-status-bar/frontend/src/components/WorkflowDetailModal.tsx:17:32)
    at QueryClientProvider (file:///opt/stack/AIStudio/node_modules/@tanstack/react-query/build/modern/QueryClientProvider.js:20:3)
Warning: An update to Fe inside a test was not wrapped in act(...).

When testing, code that causes React state updates should be wrapped into act(...):

act(() => {
  /* fire events that update state */
});
/* assert on the output */

This ensures that you're testing the behavior the user would see in the browser. Learn more at https://reactjs.org/link/wrap-tests-with-act
    at Fe (file:///opt/stack/AIStudio/node_modules/@headlessui/react/dist/components/transitions/transition.js:1:4958)
    at WorkflowDetailModal (/opt/stack/worktrees/st-53-web-ui-multi-run-progress-tracker-in-status-bar/frontend/src/components/WorkflowDetailModal.tsx:17:32)
    at QueryClientProvider (file:///opt/stack/AIStudio/node_modules/@tanstack/react-query/build/modern/QueryClientProvider.js:20:3)

stderr | src/components/__tests__/WorkflowDetailModal.test.tsx > WorkflowDetailModal > Overview Tab > should display trigger type
Warning: An update to He inside a test was not wrapped in act(...).

When testing, code that causes React state updates should be wrapped into act(...):

act(() => {
  /* fire events that update state */
});
/* assert on the output */

This ensures that you're testing the behavior the user would see in the browser. Learn more at https://reactjs.org/link/wrap-tests-with-act
    at He (file:///opt/stack/AIStudio/node_modules/@headlessui/react/dist/components/transitions/transition.js:1:3125)
    at Fe (file:///opt/stack/AIStudio/node_modules/@headlessui/react/dist/components/transitions/transition.js:1:4958)
    at WorkflowDetailModal (/opt/stack/worktrees/st-53-web-ui-multi-run-progress-tracker-in-status-bar/frontend/src/components/WorkflowDetailModal.tsx:17:32)
    at QueryClientProvider (file:///opt/stack/AIStudio/node_modules/@tanstack/react-query/build/modern/QueryClientProvider.js:20:3)
Warning: An update to Fe inside a test was not wrapped in act(...).

When testing, code that causes React state updates should be wrapped into act(...):

act(() => {
  /* fire events that update state */
});
/* assert on the output */

This ensures that you're testing the behavior the user would see in the browser. Learn more at https://reactjs.org/link/wrap-tests-with-act
    at Fe (file:///opt/stack/AIStudio/node_modules/@headlessui/react/dist/components/transitions/transition.js:1:4958)
    at WorkflowDetailModal (/opt/stack/worktrees/st-53-web-ui-multi-run-progress-tracker-in-status-bar/frontend/src/components/WorkflowDetailModal.tsx:17:32)
    at QueryClientProvider (file:///opt/stack/AIStudio/node_modules/@tanstack/react-query/build/modern/QueryClientProvider.js:20:3)

stderr | src/components/__tests__/WorkflowDetailModal.test.tsx > WorkflowDetailModal > Overview Tab > should display trigger configuration as JSON
Warning: An update to He inside a test was not wrapped in act(...).

When testing, code that causes React state updates should be wrapped into act(...):

act(() => {
  /* fire events that update state */
});
/* assert on the output */

This ensures that you're testing the behavior the user would see in the browser. Learn more at https://reactjs.org/link/wrap-tests-with-act
    at He (file:///opt/stack/AIStudio/node_modules/@headlessui/react/dist/components/transitions/transition.js:1:3125)
    at Fe (file:///opt/stack/AIStudio/node_modules/@headlessui/react/dist/components/transitions/transition.js:1:4958)
    at WorkflowDetailModal (/opt/stack/worktrees/st-53-web-ui-multi-run-progress-tracker-in-status-bar/frontend/src/components/WorkflowDetailModal.tsx:17:32)
    at QueryClientProvider (file:///opt/stack/AIStudio/node_modules/@tanstack/react-query/build/modern/QueryClientProvider.js:20:3)
Warning: An update to Fe inside a test was not wrapped in act(...).

When testing, code that causes React state updates should be wrapped into act(...):

act(() => {
  /* fire events that update state */
});
/* assert on the output */

This ensures that you're testing the behavior the user would see in the browser. Learn more at https://reactjs.org/link/wrap-tests-with-act
    at Fe (file:///opt/stack/AIStudio/node_modules/@headlessui/react/dist/components/transitions/transition.js:1:4958)
    at WorkflowDetailModal (/opt/stack/worktrees/st-53-web-ui-multi-run-progress-tracker-in-status-bar/frontend/src/components/WorkflowDetailModal.tsx:17:32)
    at QueryClientProvider (file:///opt/stack/AIStudio/node_modules/@tanstack/react-query/build/modern/QueryClientProvider.js:20:3)

stderr | src/components/__tests__/WorkflowDetailModal.test.tsx > WorkflowDetailModal > Overview Tab > should display created timestamp
Warning: An update to He inside a test was not wrapped in act(...).

When testing, code that causes React state updates should be wrapped into act(...):

act(() => {
  /* fire events that update state */
});
/* assert on the output */

This ensures that you're testing the behavior the user would see in the browser. Learn more at https://reactjs.org/link/wrap-tests-with-act
    at He (file:///opt/stack/AIStudio/node_modules/@headlessui/react/dist/components/transitions/transition.js:1:3125)
    at Fe (file:///opt/stack/AIStudio/node_modules/@headlessui/react/dist/components/transitions/transition.js:1:4958)
    at WorkflowDetailModal (/opt/stack/worktrees/st-53-web-ui-multi-run-progress-tracker-in-status-bar/frontend/src/components/WorkflowDetailModal.tsx:17:32)
    at QueryClientProvider (file:///opt/stack/AIStudio/node_modules/@tanstack/react-query/build/modern/QueryClientProvider.js:20:3)
Warning: An update to Fe inside a test was not wrapped in act(...).

When testing, code that causes React state updates should be wrapped into act(...):

act(() => {
  /* fire events that update state */
});
/* assert on the output */

This ensures that you're testing the behavior the user would see in the browser. Learn more at https://reactjs.org/link/wrap-tests-with-act
    at Fe (file:///opt/stack/AIStudio/node_modules/@headlessui/react/dist/components/transitions/transition.js:1:4958)
    at WorkflowDetailModal (/opt/stack/worktrees/st-53-web-ui-multi-run-progress-tracker-in-status-bar/frontend/src/components/WorkflowDetailModal.tsx:17:32)
    at QueryClientProvider (file:///opt/stack/AIStudio/node_modules/@tanstack/react-query/build/modern/QueryClientProvider.js:20:3)

stderr | src/components/__tests__/WorkflowDetailModal.test.tsx > WorkflowDetailModal > Overview Tab > should display last updated timestamp
Warning: An update to He inside a test was not wrapped in act(...).

When testing, code that causes React state updates should be wrapped into act(...):

act(() => {
  /* fire events that update state */
});
/* assert on the output */

This ensures that you're testing the behavior the user would see in the browser. Learn more at https://reactjs.org/link/wrap-tests-with-act
    at He (file:///opt/stack/AIStudio/node_modules/@headlessui/react/dist/components/transitions/transition.js:1:3125)
    at Fe (file:///opt/stack/AIStudio/node_modules/@headlessui/react/dist/components/transitions/transition.js:1:4958)
    at WorkflowDetailModal (/opt/stack/worktrees/st-53-web-ui-multi-run-progress-tracker-in-status-bar/frontend/src/components/WorkflowDetailModal.tsx:17:32)
    at QueryClientProvider (file:///opt/stack/AIStudio/node_modules/@tanstack/react-query/build/modern/QueryClientProvider.js:20:3)
Warning: An update to Fe inside a test was not wrapped in act(...).

When testing, code that causes React state updates should be wrapped into act(...):

act(() => {
  /* fire events that update state */
});
/* assert on the output */

This ensures that you're testing the behavior the user would see in the browser. Learn more at https://reactjs.org/link/wrap-tests-with-act
    at Fe (file:///opt/stack/AIStudio/node_modules/@headlessui/react/dist/components/transitions/transition.js:1:4958)
    at WorkflowDetailModal (/opt/stack/worktrees/st-53-web-ui-multi-run-progress-tracker-in-status-bar/frontend/src/components/WorkflowDetailModal.tsx:17:32)
    at QueryClientProvider (file:///opt/stack/AIStudio/node_modules/@tanstack/react-query/build/modern/QueryClientProvider.js:20:3)

stderr | src/components/__tests__/WorkflowDetailModal.test.tsx > WorkflowDetailModal > Overview Tab > should format dates correctly
Warning: An update to He inside a test was not wrapped in act(...).

When testing, code that causes React state updates should be wrapped into act(...):

act(() => {
  /* fire events that update state */
});
/* assert on the output */

This ensures that you're testing the behavior the user would see in the browser. Learn more at https://reactjs.org/link/wrap-tests-with-act
    at He (file:///opt/stack/AIStudio/node_modules/@headlessui/react/dist/components/transitions/transition.js:1:3125)
    at Fe (file:///opt/stack/AIStudio/node_modules/@headlessui/react/dist/components/transitions/transition.js:1:4958)
    at WorkflowDetailModal (/opt/stack/worktrees/st-53-web-ui-multi-run-progress-tracker-in-status-bar/frontend/src/components/WorkflowDetailModal.tsx:17:32)
    at QueryClientProvider (file:///opt/stack/AIStudio/node_modules/@tanstack/react-query/build/modern/QueryClientProvider.js:20:3)
Warning: An update to Fe inside a test was not wrapped in act(...).

When testing, code that causes React state updates should be wrapped into act(...):

act(() => {
  /* fire events that update state */
});
/* assert on the output */

This ensures that you're testing the behavior the user would see in the browser. Learn more at https://reactjs.org/link/wrap-tests-with-act
    at Fe (file:///opt/stack/AIStudio/node_modules/@headlessui/react/dist/components/transitions/transition.js:1:4958)
    at WorkflowDetailModal (/opt/stack/worktrees/st-53-web-ui-multi-run-progress-tracker-in-status-bar/frontend/src/components/WorkflowDetailModal.tsx:17:32)
    at QueryClientProvider (file:///opt/stack/AIStudio/node_modules/@tanstack/react-query/build/modern/QueryClientProvider.js:20:3)

stderr | src/components/__tests__/WorkflowDetailModal.test.tsx > WorkflowDetailModal > User Interactions > should enable queries only when modal is open
Warning: An update to He inside a test was not wrapped in act(...).

When testing, code that causes React state updates should be wrapped into act(...):

act(() => {
  /* fire events that update state */
});
/* assert on the output */

This ensures that you're testing the behavior the user would see in the browser. Learn more at https://reactjs.org/link/wrap-tests-with-act
    at He (file:///opt/stack/AIStudio/node_modules/@headlessui/react/dist/components/transitions/transition.js:1:3125)
    at Fe (file:///opt/stack/AIStudio/node_modules/@headlessui/react/dist/components/transitions/transition.js:1:4958)
    at WorkflowDetailModal (/opt/stack/worktrees/st-53-web-ui-multi-run-progress-tracker-in-status-bar/frontend/src/components/WorkflowDetailModal.tsx:17:32)
    at QueryClientProvider (file:///opt/stack/AIStudio/node_modules/@tanstack/react-query/build/modern/QueryClientProvider.js:20:3)

 ✓ src/components/__tests__/WorkflowDetailModal.test.tsx  (88 tests) 7155ms
 ❯ src/__tests__/workflow-creation-wizard.e2e.test.tsx  (0 test)
stderr | src/components/__tests__/ComponentDetailModal.test.tsx > ComponentDetailModal > Modal Rendering > should render modal when isOpen is true
Warning: An update to He inside a test was not wrapped in act(...).

When testing, code that causes React state updates should be wrapped into act(...):

act(() => {
  /* fire events that update state */
});
/* assert on the output */

This ensures that you're testing the behavior the user would see in the browser. Learn more at https://reactjs.org/link/wrap-tests-with-act
    at He (file:///opt/stack/AIStudio/node_modules/@headlessui/react/dist/components/transitions/transition.js:1:3125)
    at Fe (file:///opt/stack/AIStudio/node_modules/@headlessui/react/dist/components/transitions/transition.js:1:4958)
    at ComponentDetailModal (/opt/stack/worktrees/st-53-web-ui-multi-run-progress-tracker-in-status-bar/frontend/src/components/ComponentDetailModal.tsx:22:33)
    at QueryClientProvider (file:///opt/stack/AIStudio/node_modules/@tanstack/react-query/build/modern/QueryClientProvider.js:20:3)
Warning: An update to Fe inside a test was not wrapped in act(...).

When testing, code that causes React state updates should be wrapped into act(...):

act(() => {
  /* fire events that update state */
});
/* assert on the output */

This ensures that you're testing the behavior the user would see in the browser. Learn more at https://reactjs.org/link/wrap-tests-with-act
    at Fe (file:///opt/stack/AIStudio/node_modules/@headlessui/react/dist/components/transitions/transition.js:1:4958)
    at ComponentDetailModal (/opt/stack/worktrees/st-53-web-ui-multi-run-progress-tracker-in-status-bar/frontend/src/components/ComponentDetailModal.tsx:22:33)
    at QueryClientProvider (file:///opt/stack/AIStudio/node_modules/@tanstack/react-query/build/modern/QueryClientProvider.js:20:3)

stderr | src/components/__tests__/ComponentDetailModal.test.tsx > ComponentDetailModal > Modal Rendering > should display component name and description
Warning: An update to He inside a test was not wrapped in act(...).

When testing, code that causes React state updates should be wrapped into act(...):

act(() => {
  /* fire events that update state */
});
/* assert on the output */

This ensures that you're testing the behavior the user would see in the browser. Learn more at https://reactjs.org/link/wrap-tests-with-act
    at He (file:///opt/stack/AIStudio/node_modules/@headlessui/react/dist/components/transitions/transition.js:1:3125)
    at Fe (file:///opt/stack/AIStudio/node_modules/@headlessui/react/dist/components/transitions/transition.js:1:4958)
    at ComponentDetailModal (/opt/stack/worktrees/st-53-web-ui-multi-run-progress-tracker-in-status-bar/frontend/src/components/ComponentDetailModal.tsx:22:33)
    at QueryClientProvider (file:///opt/stack/AIStudio/node_modules/@tanstack/react-query/build/modern/QueryClientProvider.js:20:3)
Warning: An update to Fe inside a test was not wrapped in act(...).

When testing, code that causes React state updates should be wrapped into act(...):

act(() => {
  /* fire events that update state */
});
/* assert on the output */

This ensures that you're testing the behavior the user would see in the browser. Learn more at https://reactjs.org/link/wrap-tests-with-act
    at Fe (file:///opt/stack/AIStudio/node_modules/@headlessui/react/dist/components/transitions/transition.js:1:4958)
    at ComponentDetailModal (/opt/stack/worktrees/st-53-web-ui-multi-run-progress-tracker-in-status-bar/frontend/src/components/ComponentDetailModal.tsx:22:33)
    at QueryClientProvider (file:///opt/stack/AIStudio/node_modules/@tanstack/react-query/build/modern/QueryClientProvider.js:20:3)

stderr | src/components/__tests__/ComponentDetailModal.test.tsx > ComponentDetailModal > Modal Rendering > should display component status badges
Warning: An update to He inside a test was not wrapped in act(...).

When testing, code that causes React state updates should be wrapped into act(...):

act(() => {
  /* fire events that update state */
});
/* assert on the output */

This ensures that you're testing the behavior the user would see in the browser. Learn more at https://reactjs.org/link/wrap-tests-with-act
    at He (file:///opt/stack/AIStudio/node_modules/@headlessui/react/dist/components/transitions/transition.js:1:3125)
    at Fe (file:///opt/stack/AIStudio/node_modules/@headlessui/react/dist/components/transitions/transition.js:1:4958)
    at ComponentDetailModal (/opt/stack/worktrees/st-53-web-ui-multi-run-progress-tracker-in-status-bar/frontend/src/components/ComponentDetailModal.tsx:22:33)
    at QueryClientProvider (file:///opt/stack/AIStudio/node_modules/@tanstack/react-query/build/modern/QueryClientProvider.js:20:3)
Warning: An update to Fe inside a test was not wrapped in act(...).

When testing, code that causes React state updates should be wrapped into act(...):

act(() => {
  /* fire events that update state */
});
/* assert on the output */

This ensures that you're testing the behavior the user would see in the browser. Learn more at https://reactjs.org/link/wrap-tests-with-act
    at Fe (file:///opt/stack/AIStudio/node_modules/@headlessui/react/dist/components/transitions/transition.js:1:4958)
    at ComponentDetailModal (/opt/stack/worktrees/st-53-web-ui-multi-run-progress-tracker-in-status-bar/frontend/src/components/ComponentDetailModal.tsx:22:33)
    at QueryClientProvider (file:///opt/stack/AIStudio/node_modules/@tanstack/react-query/build/modern/QueryClientProvider.js:20:3)

stderr | src/components/__tests__/ComponentDetailModal.test.tsx > ComponentDetailModal > Modal Rendering > should render all 4 tabs
Warning: An update to He inside a test was not wrapped in act(...).

When testing, code that causes React state updates should be wrapped into act(...):

act(() => {
  /* fire events that update state */
});
/* assert on the output */

This ensures that you're testing the behavior the user would see in the browser. Learn more at https://reactjs.org/link/wrap-tests-with-act
    at He (file:///opt/stack/AIStudio/node_modules/@headlessui/react/dist/components/transitions/transition.js:1:3125)
    at Fe (file:///opt/stack/AIStudio/node_modules/@headlessui/react/dist/components/transitions/transition.js:1:4958)
    at ComponentDetailModal (/opt/stack/worktrees/st-53-web-ui-multi-run-progress-tracker-in-status-bar/frontend/src/components/ComponentDetailModal.tsx:22:33)
    at QueryClientProvider (file:///opt/stack/AIStudio/node_modules/@tanstack/react-query/build/modern/QueryClientProvider.js:20:3)
Warning: An update to Fe inside a test was not wrapped in act(...).

When testing, code that causes React state updates should be wrapped into act(...):

act(() => {
  /* fire events that update state */
});
/* assert on the output */

This ensures that you're testing the behavior the user would see in the browser. Learn more at https://reactjs.org/link/wrap-tests-with-act
    at Fe (file:///opt/stack/AIStudio/node_modules/@headlessui/react/dist/components/transitions/transition.js:1:4958)
    at ComponentDetailModal (/opt/stack/worktrees/st-53-web-ui-multi-run-progress-tracker-in-status-bar/frontend/src/components/ComponentDetailModal.tsx:22:33)
    at QueryClientProvider (file:///opt/stack/AIStudio/node_modules/@tanstack/react-query/build/modern/QueryClientProvider.js:20:3)

stderr | src/components/__tests__/ComponentDetailModal.test.tsx > ComponentDetailModal > Modal Rendering > should render close and edit buttons
Warning: An update to He inside a test was not wrapped in act(...).

When testing, code that causes React state updates should be wrapped into act(...):

act(() => {
  /* fire events that update state */
});
/* assert on the output */

This ensures that you're testing the behavior the user would see in the browser. Learn more at https://reactjs.org/link/wrap-tests-with-act
    at He (file:///opt/stack/AIStudio/node_modules/@headlessui/react/dist/components/transitions/transition.js:1:3125)
    at Fe (file:///opt/stack/AIStudio/node_modules/@headlessui/react/dist/components/transitions/transition.js:1:4958)
    at ComponentDetailModal (/opt/stack/worktrees/st-53-web-ui-multi-run-progress-tracker-in-status-bar/frontend/src/components/ComponentDetailModal.tsx:22:33)
    at QueryClientProvider (file:///opt/stack/AIStudio/node_modules/@tanstack/react-query/build/modern/QueryClientProvider.js:20:3)
Warning: An update to Fe inside a test was not wrapped in act(...).

When testing, code that causes React state updates should be wrapped into act(...):

act(() => {
  /* fire events that update state */
});
/* assert on the output */

This ensures that you're testing the behavior the user would see in the browser. Learn more at https://reactjs.org/link/wrap-tests-with-act
    at Fe (file:///opt/stack/AIStudio/node_modules/@headlessui/react/dist/components/transitions/transition.js:1:4958)
    at ComponentDetailModal (/opt/stack/worktrees/st-53-web-ui-multi-run-progress-tracker-in-status-bar/frontend/src/components/ComponentDetailModal.tsx:22:33)
    at QueryClientProvider (file:///opt/stack/AIStudio/node_modules/@tanstack/react-query/build/modern/QueryClientProvider.js:20:3)

stderr | src/components/__tests__/ComponentDetailModal.test.tsx > ComponentDetailModal > Overview Tab > should display all instruction sets
Warning: An update to He inside a test was not wrapped in act(...).

When testing, code that causes React state updates should be wrapped into act(...):

act(() => {
  /* fire events that update state */
});
/* assert on the output */

This ensures that you're testing the behavior the user would see in the browser. Learn more at https://reactjs.org/link/wrap-tests-with-act
    at He (file:///opt/stack/AIStudio/node_modules/@headlessui/react/dist/components/transitions/transition.js:1:3125)
    at Fe (file:///opt/stack/AIStudio/node_modules/@headlessui/react/dist/components/transitions/transition.js:1:4958)
    at ComponentDetailModal (/opt/stack/worktrees/st-53-web-ui-multi-run-progress-tracker-in-status-bar/frontend/src/components/ComponentDetailModal.tsx:22:33)
    at QueryClientProvider (file:///opt/stack/AIStudio/node_modules/@tanstack/react-query/build/modern/QueryClientProvider.js:20:3)
Warning: An update to Fe inside a test was not wrapped in act(...).

When testing, code that causes React state updates should be wrapped into act(...):

act(() => {
  /* fire events that update state */
});
/* assert on the output */

This ensures that you're testing the behavior the user would see in the browser. Learn more at https://reactjs.org/link/wrap-tests-with-act
    at Fe (file:///opt/stack/AIStudio/node_modules/@headlessui/react/dist/components/transitions/transition.js:1:4958)
    at ComponentDetailModal (/opt/stack/worktrees/st-53-web-ui-multi-run-progress-tracker-in-status-bar/frontend/src/components/ComponentDetailModal.tsx:22:33)
    at QueryClientProvider (file:///opt/stack/AIStudio/node_modules/@tanstack/react-query/build/modern/QueryClientProvider.js:20:3)

stderr | src/components/__tests__/ComponentDetailModal.test.tsx > ComponentDetailModal > Overview Tab > should display configuration details
Warning: An update to He inside a test was not wrapped in act(...).

When testing, code that causes React state updates should be wrapped into act(...):

act(() => {
  /* fire events that update state */
});
/* assert on the output */

This ensures that you're testing the behavior the user would see in the browser. Learn more at https://reactjs.org/link/wrap-tests-with-act
    at He (file:///opt/stack/AIStudio/node_modules/@headlessui/react/dist/components/transitions/transition.js:1:3125)
    at Fe (file:///opt/stack/AIStudio/node_modules/@headlessui/react/dist/components/transitions/transition.js:1:4958)
    at ComponentDetailModal (/opt/stack/worktrees/st-53-web-ui-multi-run-progress-tracker-in-status-bar/frontend/src/components/ComponentDetailModal.tsx:22:33)
    at QueryClientProvider (file:///opt/stack/AIStudio/node_modules/@tanstack/react-query/build/modern/QueryClientProvider.js:20:3)
Warning: An update to Fe inside a test was not wrapped in act(...).

When testing, code that causes React state updates should be wrapped into act(...):

act(() => {
  /* fire events that update state */
});
/* assert on the output */

This ensures that you're testing the behavior the user would see in the browser. Learn more at https://reactjs.org/link/wrap-tests-with-act
    at Fe (file:///opt/stack/AIStudio/node_modules/@headlessui/react/dist/components/transitions/transition.js:1:4958)
    at ComponentDetailModal (/opt/stack/worktrees/st-53-web-ui-multi-run-progress-tracker-in-status-bar/frontend/src/components/ComponentDetailModal.tsx:22:33)
    at QueryClientProvider (file:///opt/stack/AIStudio/node_modules/@tanstack/react-query/build/modern/QueryClientProvider.js:20:3)

stderr | src/components/__tests__/ComponentDetailModal.test.tsx > ComponentDetailModal > Overview Tab > should display MCP tools
Warning: An update to He inside a test was not wrapped in act(...).

When testing, code that causes React state updates should be wrapped into act(...):

act(() => {
  /* fire events that update state */
});
/* assert on the output */

This ensures that you're testing the behavior the user would see in the browser. Learn more at https://reactjs.org/link/wrap-tests-with-act
    at He (file:///opt/stack/AIStudio/node_modules/@headlessui/react/dist/components/transitions/transition.js:1:3125)
    at Fe (file:///opt/stack/AIStudio/node_modules/@headlessui/react/dist/components/transitions/transition.js:1:4958)
    at ComponentDetailModal (/opt/stack/worktrees/st-53-web-ui-multi-run-progress-tracker-in-status-bar/frontend/src/components/ComponentDetailModal.tsx:22:33)
    at QueryClientProvider (file:///opt/stack/AIStudio/node_modules/@tanstack/react-query/build/modern/QueryClientProvider.js:20:3)
Warning: An update to Fe inside a test was not wrapped in act(...).

When testing, code that causes React state updates should be wrapped into act(...):

act(() => {
  /* fire events that update state */
});
/* assert on the output */

This ensures that you're testing the behavior the user would see in the browser. Learn more at https://reactjs.org/link/wrap-tests-with-act
    at Fe (file:///opt/stack/AIStudio/node_modules/@headlessui/react/dist/components/transitions/transition.js:1:4958)
    at ComponentDetailModal (/opt/stack/worktrees/st-53-web-ui-multi-run-progress-tracker-in-status-bar/frontend/src/components/ComponentDetailModal.tsx:22:33)
    at QueryClientProvider (file:///opt/stack/AIStudio/node_modules/@tanstack/react-query/build/modern/QueryClientProvider.js:20:3)

stderr | src/components/__tests__/ComponentDetailModal.test.tsx > ComponentDetailModal > Overview Tab > should display usage statistics when available
Warning: An update to He inside a test was not wrapped in act(...).

When testing, code that causes React state updates should be wrapped into act(...):

act(() => {
  /* fire events that update state */
});
/* assert on the output */

This ensures that you're testing the behavior the user would see in the browser. Learn more at https://reactjs.org/link/wrap-tests-with-act
    at He (file:///opt/stack/AIStudio/node_modules/@headlessui/react/dist/components/transitions/transition.js:1:3125)
    at Fe (file:///opt/stack/AIStudio/node_modules/@headlessui/react/dist/components/transitions/transition.js:1:4958)
    at ComponentDetailModal (/opt/stack/worktrees/st-53-web-ui-multi-run-progress-tracker-in-status-bar/frontend/src/components/ComponentDetailModal.tsx:22:33)
    at QueryClientProvider (file:///opt/stack/AIStudio/node_modules/@tanstack/react-query/build/modern/QueryClientProvider.js:20:3)
Warning: An update to Fe inside a test was not wrapped in act(...).

When testing, code that causes React state updates should be wrapped into act(...):

act(() => {
  /* fire events that update state */
});
/* assert on the output */

This ensures that you're testing the behavior the user would see in the browser. Learn more at https://reactjs.org/link/wrap-tests-with-act
    at Fe (file:///opt/stack/AIStudio/node_modules/@headlessui/react/dist/components/transitions/transition.js:1:4958)
    at ComponentDetailModal (/opt/stack/worktrees/st-53-web-ui-multi-run-progress-tracker-in-status-bar/frontend/src/components/ComponentDetailModal.tsx:22:33)
    at QueryClientProvider (file:///opt/stack/AIStudio/node_modules/@tanstack/react-query/build/modern/QueryClientProvider.js:20:3)

stderr | src/components/__tests__/ComponentDetailModal.test.tsx > ComponentDetailModal > Overview Tab > should not display usage stats section when unavailable
Warning: An update to He inside a test was not wrapped in act(...).

When testing, code that causes React state updates should be wrapped into act(...):

act(() => {
  /* fire events that update state */
});
/* assert on the output */

This ensures that you're testing the behavior the user would see in the browser. Learn more at https://reactjs.org/link/wrap-tests-with-act
    at He (file:///opt/stack/AIStudio/node_modules/@headlessui/react/dist/components/transitions/transition.js:1:3125)
    at Fe (file:///opt/stack/AIStudio/node_modules/@headlessui/react/dist/components/transitions/transition.js:1:4958)
    at ComponentDetailModal (/opt/stack/worktrees/st-53-web-ui-multi-run-progress-tracker-in-status-bar/frontend/src/components/ComponentDetailModal.tsx:22:33)
    at QueryClientProvider (file:///opt/stack/AIStudio/node_modules/@tanstack/react-query/build/modern/QueryClientProvider.js:20:3)
Warning: An update to Fe inside a test was not wrapped in act(...).

When testing, code that causes React state updates should be wrapped into act(...):

act(() => {
  /* fire events that update state */
});
/* assert on the output */

This ensures that you're testing the behavior the user would see in the browser. Learn more at https://reactjs.org/link/wrap-tests-with-act
    at Fe (file:///opt/stack/AIStudio/node_modules/@headlessui/react/dist/components/transitions/transition.js:1:4958)
    at ComponentDetailModal (/opt/stack/worktrees/st-53-web-ui-multi-run-progress-tracker-in-status-bar/frontend/src/components/ComponentDetailModal.tsx:22:33)
    at QueryClientProvider (file:///opt/stack/AIStudio/node_modules/@tanstack/react-query/build/modern/QueryClientProvider.js:20:3)

 ❯ src/components/__tests__/ComponentDetailModal.test.tsx  (48 tests | 8 failed) 9026ms
   ❯ src/components/__tests__/ComponentDetailModal.test.tsx > ComponentDetailModal > Tab Switching > should switch to Checksum tab when clicked
     → Found multiple elements with the text: /Checksum/

Here are the matching elements:

Ignored nodes: comments, script, style
[36m<button[39m
  [33maria-controls[39m=[32m"headlessui-tabs-panel-:r2n:"[39m
  [33maria-selected[39m=[32m"true"[39m
  [33mclass[39m=[32m"w-full rounded-lg py-2.5 text-sm font-medium leading-5 focus:outline-none focus:ring-2 ring-offset-2 ring-offset-bg ring-accent bg-accent text-white shadow"[39m
  [33mdata-headlessui-state[39m=[32m"selected"[39m
  [33mid[39m=[32m"headlessui-tabs-tab-:r2j:"[39m
  [33mrole[39m=[32m"tab"[39m
  [33mtabindex[39m=[32m"0"[39m
  [33mtype[39m=[32m"button"[39m
[36m>[39m
  [0mChecksum[0m
[36m</button>[39m

Ignored nodes: comments, script, style
[36m<h3[39m
  [33mclass[39m=[32m"text-lg font-semibold text-fg mb-4"[39m
[36m>[39m
  [0mChecksum[0m
[36m</h3>[39m

Ignored nodes: comments, script, style
[36m<button[39m
  [33mclass[39m=[32m"px-6 py-2 bg-accent text-white rounded-lg hover:bg-accent-dark disabled:opacity-50"[39m
[36m>[39m
  [0mRe-verify Checksum[0m
[36m</button>[39m

(If this is intentional, then use the `*AllBy*` variant of the query (like `queryAllByText`, `getAllByText`, or `findAllByText`)).

Ignored nodes: comments, script, style
[36m<body>[39m
  [36m<div[39m
    [33maria-hidden[39m=[32m"true"[39m
    [33minert[39m=[32m""[39m
  [36m>[39m
    [36m<div[39m
      [33mhidden[39m=[32m""[39m
      [33mstyle[39m=[32m"position: fixed; top: 1px; left: 1px; width: 1px; height: 0px; padding: 0px; margin: -1px; overflow: hidden; clip: rect(0, 0, 0, 0); white-space: nowrap; border-width: 0px; display: none;"[39m
    [36m/>[39m
  [36m</div>[39m
  [36m<div[39m
    [33mid[39m=[32m"headlessui-portal-root"[39m
  [36m>[39m
    [36m<div[39m
      [33mdata-headlessui-portal[39m=[32m""[39m
    [36m>[39m
      [36m<button[39m
        [33maria-hidden[39m=[32m"true"[39m
        [33mdata-headlessui-focus-guard[39m=[32m"true"[39m
        [33mstyle[39m=[32m"position: fixed; top: 1px; left: 1px; width: 1px; height: 0px; padding: 0px; margin: -1px; overflow: hidden; clip: rect(0, 0, 0, 0); white-space: nowrap; border-width: 0px;"[39m
        [33mtype[39m=[32m"button"[39m
      [36m/>[39m
      [36m<div>[39m
        [36m<div[39m
          [33maria-labelledby[39m=[32m"headlessui-dialog-title-:r2f:"[39m
          [33maria-modal[39m=[32m"true"[39m
          [33mclass[39m=[32m"relative z-50"[39m
          [33mdata-headlessui-state[39m=[32m"open"[39m
          [33mid[39m=[32m"headlessui-dialog-:r2d:"[39m
          [33mrole[39m=[32m"dialog"[39m
        [36m>[39m
          [36m<div[39m
            [33mclass[39m=[32m"fixed inset-0 bg-black bg-opacity-25 dark:bg-opacity-50"[39m
          [36m/>[39m
          [36m<div[39m
            [33mclass[39m=[32m"fixed inset-0 overflow-y-auto"[39m
          [36m>[39m
            [36m<div[39m
              [33mclass[39m=[32m"flex min-h-full items-center justify-center p-4"[39m
            [36m>[39m
              [36m<div[39m
                [33mclass[39m=[32m"w-full max-w-6xl transform overflow-hidden rounded-2xl bg-card p-6 text-left align-middle shadow-xl transition-all"[39m
                [33mdata-headlessui-state[39m=[32m"open"[39m
                [33mid[39m=[32m"headlessui-dialog-panel-:r2e:"[39m
              [36m>[39m
                [36m<div[39m
                  [33mclass[39m=[32m"flex items-start justify-between mb-6"[39m
                [36m>[39m
                  [36m<div>[39m
                    [36m<h3[39m
                      [33mclass[39m=[32m"text-2xl font-bold text-fg"[39m
                      [33mdata-headlessui-state[39m=[32m"open"[39m
                      [33mid[39m=[32m"headlessui-dialog-title-:r2f:"[39m
                    [36m>[39m
                      [0mTest Component[0m
                    [36m</h3>[39m
                    [36m<p[39m
                      [33mclass[39m=[32m"mt-1 text-fg"[39m
                    [36m>[39m
                      [0mTest component description[0m
                    [36m</p>[39m
                  [36m</div>[39m
                  [36m<button[39m
                    [33mclass[39m=[32m"text-fg hover:text-accent"[39m
                  [36m>[39m
                    [36m<svg[39m
                      [33maria-hidden[39m=[32m"true"[39m
                      [33mclass[39m=[32m"w-6 h-6"[39m
                      [33mdata-slot[39m=[32m"icon"[39m
                      [33mfill[39m=[32m"none"[39m
                      [33mstroke[39m=[32m"currentColor"[39m
                      [33mstroke-width[39m=[32m"1.5"[39m
                      [33mviewBox[39m=[32m"0 0 24 24"[39m
                      [33mxmlns[39m=[32m"http://www.w3.org/2000/svg"[39m
                    [36m>[39m
                      [36m<path[39m
                        [33md[39m=[32m"M6 18 18 6M6 6l12 12"[39m
                        [33mstroke-linecap[39m=[32m"round"[39m
                        [33mstroke-linejoin[39m=[32m"round"[39m
                      [36m/>[39m
                    [36m</svg>[39m
                  [36m</button>[39m
                [36m</div>[39m
                [36m<div[39m
                  [33mclass[39m=[32m"flex flex-wrap gap-2 mb-6"[39m
                [36m>[39m
                  [36m<span[39m
                    [33mclass[39m=[32m"px-3 py-1 text-sm font-medium rounded-full bg-green-100 dark:bg-green-900/20 text-green-800 dark:text-green-300"[39m
                  [36m>[39m
                    [0mActive[0m
                  [36m</span>[39m
                  [36m<span[39m
                    [33mclass[39m=[32m"px-3 py-1 text-sm bg-purple-100 dark:bg-purple-900/20 text-purple-800 dark:text-purple-300 rounded-full"[39m
                  [36m>[39m
                    [0mv1.0[0m
                  [36m</span>[39m
                  [36m<span[39m
                    [33mclass[39m=[32m"px-3 py-1 text-sm bg-blue-100 dark:bg-blue-900/20 text-blue-800 dark:text-blue-300 rounded-full"[39m
                  [36m>[39m
                    [0mtag1[0m
                  [36m</span>[39m
                  [36m<span[39m
                    [33mclass[39m=[32m"px-3 py-1 text-sm bg-blue-100 dark:bg-blue-900/20 text-blue-800 dark:text-blue-300 rounded-full"[39m
                  [36m>[39m
                    [0mtag2[0m
                  [36m</span>[39m
                [36m</div>[39m
                [36m<div[39m
                  [33maria-orientation[39m=[32m"horizontal"[39m
                  [33mclass[39m=[32m"flex space-x-1 rounded-xl bg-bg-secondary p-1 mb-6"[39m
                  [33mrole[39m=[32m"tablist"[39m
                [36m>[39m
                  [36m<button[39m
                    [33maria-controls[39m=[32m"headlessui-tabs-panel-:r2k:"[39m
                    [33maria-selected[39m=[32m"false"[39m
                    [33mclass[39m=[32m"w-full rounded-lg py-2.5 text-sm font-medium leading-5 focus:outline-none focus:ring-2 ring-offset-2 ring-offset-bg ring-accent text-fg hover:bg-bg-secondary/[0.6] hover:text-accent"[39m
                    [33mdata-headlessui-state[39m=[32m""[39m
                    [33mid[39m=[32m"headlessui-tabs-tab-:r2g:"[39m
                    [33mrole[39m=[32m"tab"[39m
                    [33mtabindex[39m=[32m"-1"[39m
                    [33mtype[39m=[32m"button"[39m
                  [36m>[39m
                    [0mOverview[0m
                  [36m</button>[39m
                  [36m<button[39m
                    [33maria-controls[39m=[32m"headlessui-tabs-panel-:r2l:"[39m
                    [33maria-selected[39m=[32m"false"[39m
                    [33mclass[39m=[32m"w-full rounded-lg py-2.5 text-sm font-medium leading-5 focus:outline-none focus:ring-2 ring-offset-2 ring-offset-bg ring-accent text-fg hover:bg-bg-secondary/[0.6] hover:text-accent"[39m
                    [33mdata-headlessui-state[39m=[32m""[39m
                    [33mid[39m=[32m"headlessui-tabs-tab-:r2h:"[39m
     ...

Ignored nodes: comments, script, style
[36m<html[39m
  [33mstyle[39m=[32m"overflow: hidden; padding-right: 1024px;"[39m
[36m>[39m
  [36m<head />[39m
  [36m<body>[39m
    [36m<div[39m
      [33maria-hidden[39m=[32m"true"[39m
      [33minert[39m=[32m""[39m
    [36m>[39m
      [36m<div[39m
        [33mhidden[39m=[32m""[39m
        [33mstyle[39m=[32m"position: fixed; top: 1px; left: 1px; width: 1px; height: 0px; padding: 0px; margin: -1px; overflow: hidden; clip: rect(0, 0, 0, 0); white-space: nowrap; border-width: 0px; display: none;"[39m
      [36m/>[39m
    [36m</div>[39m
    [36m<div[39m
      [33mid[39m=[32m"headlessui-portal-root"[39m
    [36m>[39m
      [36m<div[39m
        [33mdata-headlessui-portal[39m=[32m""[39m
      [36m>[39m
        [36m<button[39m
          [33maria-hidden[39m=[32m"true"[39m
          [33mdata-headlessui-focus-guard[39m=[32m"true"[39m
          [33mstyle[39m=[32m"position: fixed; top: 1px; left: 1px; width: 1px; height: 0px; padding: 0px; margin: -1px; overflow: hidden; clip: rect(0, 0, 0, 0); white-space: nowrap; border-width: 0px;"[39m
          [33mtype[39m=[32m"button"[39m
        [36m/>[39m
        [36m<div>[39m
          [36m<div[39m
            [33maria-labelledby[39m=[32m"headlessui-dialog-title-:r2f:"[39m
            [33maria-modal[39m=[32m"true"[39m
            [33mclass[39m=[32m"relative z-50"[39m
            [33mdata-headlessui-state[39m=[32m"open"[39m
            [33mid[39m=[32m"headlessui-dialog-:r2d:"[39m
            [33mrole[39m=[32m"dialog"[39m
          [36m>[39m
            [36m<div[39m
              [33mclass[39m=[32m"fixed inset-0 bg-black bg-opacity-25 dark:bg-opacity-50"[39m
            [36m/>[39m
            [36m<div[39m
              [33mclass[39m=[32m"fixed inset-0 overflow-y-auto"[39m
            [36m>[39m
              [36m<div[39m
                [33mclass[39m=[32m"flex min-h-full items-center justify-center p-4"[39m
              [36m>[39m
                [36m<div[39m
                  [33mclass[39m=[32m"w-full max-w-6xl transform overflow-hidden rounded-2xl bg-card p-6 text-left align-middle shadow-xl transition-all"[39m
                  [33mdata-headlessui-state[39m=[32m"open"[39m
                  [33mid[39m=[32m"headlessui-dialog-panel-:r2e:"[39m
                [36m>[39m
                  [36m<div[39m
                    [33mclass[39m=[32m"flex items-start justify-between mb-6"[39m
                  [36m>[39m
                    [36m<div>[39m
                      [36m<h3[39m
                        [33mclass[39m=[32m"text-2xl font-bold text-fg"[39m
                        [33mdata-headlessui-state[39m=[32m"open"[39m
                        [33mid[39m=[32m"headlessui-dialog-title-:r2f:"[39m
                      [36m>[39m
                        [0mTest Component[0m
                      [36m</h3>[39m
                      [36m<p[39m
                        [33mclass[39m=[32m"mt-1 text-fg"[39m
                      [36m>[39m
                        [0mTest component description[0m
                      [36m</p>[39m
                    [36m</div>[39m
                    [36m<button[39m
                      [33mclass[39m=[32m"text-fg hover:text-accent"[39m
                    [36m>[39m
                      [36m<svg[39m
                        [33maria-hidden[39m=[32m"true"[39m
                        [33mclass[39m=[32m"w-6 h-6"[39m
                        [33mdata-slot[39m=[32m"icon"[39m
                        [33mfill[39m=[32m"none"[39m
                        [33mstroke[39m=[32m"currentColor"[39m
                        [33mstroke-width[39m=[32m"1.5"[39m
                        [33mviewBox[39m=[32m"0 0 24 24"[39m
                        [33mxmlns[39m=[32m"http://www.w3.org/2000/svg"[39m
                      [36m>[39m
                        [36m<path[39m
                          [33md[39m=[32m"M6 18 18 6M6 6l12 12"[39m
                          [33mstroke-linecap[39m=[32m"round"[39m
                          [33mstroke-linejoin[39m=[32m"round"[39m
                        [36m/>[39m
                      [36m</svg>[39m
                    [36m</button>[39m
                  [36m</div>[39m
                  [36m<div[39m
                    [33mclass[39m=[32m"flex flex-wrap gap-2 mb-6"[39m
                  [36m>[39m
                    [36m<span[39m
                      [33mclass[39m=[32m"px-3 py-1 text-sm font-medium rounded-full bg-green-100 dark:bg-green-900/20 text-green-800 dark:text-green-300"[39m
                    [36m>[39m
                      [0mActive[0m
                    [36m</span>[39m
                    [36m<span[39m
                      [33mclass[39m=[32m"px-3 py-1 text-sm bg-purple-100 dark:bg-purple-900/20 text-purple-800 dark:text-purple-300 rounded-full"[39m
                    [36m>[39m
                      [0mv1.0[0m
                    [36m</span>[39m
                    [36m<span[39m
                      [33mclass[39m=[32m"px-3 py-1 text-sm bg-blue-100 dark:bg-blue-900/20 text-blue-800 dark:text-blue-300 rounded-full"[39m
                    [36m>[39m
                      [0mtag1[0m
                    [36m</span>[39m
                    [36m<span[39m
                      [33mclass[39m=[32m"px-3 py-1 text-sm bg-blue-100 dark:bg-blue-900/20 text-blue-800 dark:text-blue-300 rounded-full"[39m
                    [36m>[39m
                      [0mtag2[0m
                    [36m</span>[39m
                  [36m</div>[39m
                  [36m<div[39m
                    [33maria-orientation[39m=[32m"horizontal"[39m
                    [33mclass[39m=[32m"flex space-x-1 rounded-xl bg-bg-secondary p-1 mb-6"[39m
                    [33mrole[39m=[32m"tablist"[39m
                  [36m>[39m
                    [36m<button[39m
                      [33maria-controls[39m=[32m"headlessui-tabs-panel-:r2k:"[39m
                      [33maria-selected[39m=[32m"false"[39m
                      [33mclass[39m=[32m"w-full rounded-lg py-2.5 text-sm font-medium leading-5 focus:outline-none focus:ring-2 ring-offset-2 ring-offset-bg ring-accent text-fg hover:bg-bg-secondary/[0.6] hover:text-accent"[39m
                      [33mdata-headlessui-state[39m=[32m""[39m
                      [33mid[39m=[32m"headlessui-tabs-tab-:r2g:"[39m
                      [33mrole[39m=[32m"tab"[39m
                      [33mtabindex[39m=[32m"-1"[39m
                      [33mtype[39m=[32m"button"[39m
                    [36m>[39m
                      [0mOverview[0m
                    [36m</button>[39m
                    [36m<button[39m
                      [33maria-controls[39m=[32m"headlessui-tabs-panel-:r2l:"[39m
                      [33maria-selected[39m=[32m"false"[3...
   ❯ src/components/__tests__/ComponentDetailModal.test.tsx > ComponentDetailModal > Version History Tab > should display loading state while fetching versions
     → Unable to find an accessible element with the role "status"

Here are the accessible roles:

  dialog:

  Name "Test Component":
  [36m<div[39m
    [33maria-labelledby[39m=[32m"headlessui-dialog-title-:r4h:"[39m
    [33maria-modal[39m=[32m"true"[39m
    [33mclass[39m=[32m"relative z-50"[39m
    [33mdata-headlessui-state[39m=[32m"open"[39m
    [33mid[39m=[32m"headlessui-dialog-:r4f:"[39m
    [33mrole[39m=[32m"dialog"[39m
  [36m/>[39m

  --------------------------------------------------
  heading:

  Name "Test Component":
  [36m<h3[39m
    [33mclass[39m=[32m"text-2xl font-bold text-fg"[39m
    [33mdata-headlessui-state[39m=[32m"open"[39m
    [33mid[39m=[32m"headlessui-dialog-title-:r4h:"[39m
  [36m/>[39m

  --------------------------------------------------
  paragraph:

  Name "":
  [36m<p[39m
    [33mclass[39m=[32m"mt-1 text-fg"[39m
  [36m/>[39m

  --------------------------------------------------
  button:

  Name "":
  [36m<button[39m
    [33mclass[39m=[32m"text-fg hover:text-accent"[39m
  [36m/>[39m

  Name "Close":
  [36m<button[39m
    [33mclass[39m=[32m"px-4 py-2 text-fg hover:text-accent"[39m
  [36m/>[39m

  Name "Edit Component":
  [36m<button[39m
    [33mclass[39m=[32m"px-4 py-2 bg-accent text-white rounded-lg hover:bg-accent-dark"[39m
  [36m/>[39m

  --------------------------------------------------
  tablist:

  Name "":
  [36m<div[39m
    [33maria-orientation[39m=[32m"horizontal"[39m
    [33mclass[39m=[32m"flex space-x-1 rounded-xl bg-bg-secondary p-1 mb-6"[39m
    [33mrole[39m=[32m"tablist"[39m
  [36m/>[39m

  --------------------------------------------------
  tab:

  Name "Overview":
  [36m<button[39m
    [33maria-controls[39m=[32m"headlessui-tabs-panel-:r4m:"[39m
    [33maria-selected[39m=[32m"false"[39m
    [33mclass[39m=[32m"w-full rounded-lg py-2.5 text-sm font-medium leading-5 focus:outline-none focus:ring-2 ring-offset-2 ring-offset-bg ring-accent text-fg hover:bg-bg-secondary/[0.6] hover:text-accent"[39m
    [33mdata-headlessui-state[39m=[32m""[39m
    [33mid[39m=[32m"headlessui-tabs-tab-:r4i:"[39m
    [33mrole[39m=[32m"tab"[39m
    [33mtabindex[39m=[32m"-1"[39m
    [33mtype[39m=[32m"button"[39m
  [36m/>[39m

  Name "Version History":
  [36m<button[39m
    [33maria-controls[39m=[32m"headlessui-tabs-panel-:r4n:"[39m
    [33maria-selected[39m=[32m"true"[39m
    [33mclass[39m=[32m"w-full rounded-lg py-2.5 text-sm font-medium leading-5 focus:outline-none focus:ring-2 ring-offset-2 ring-offset-bg ring-accent bg-accent text-white shadow"[39m
    [33mdata-headlessui-state[39m=[32m"selected"[39m
    [33mid[39m=[32m"headlessui-tabs-tab-:r4j:"[39m
    [33mrole[39m=[32m"tab"[39m
    [33mtabindex[39m=[32m"0"[39m
    [33mtype[39m=[32m"button"[39m
  [36m/>[39m

  Name "Usage Analytics":
  [36m<button[39m
    [33maria-controls[39m=[32m"headlessui-tabs-panel-:r4o:"[39m
    [33maria-selected[39m=[32m"false"[39m
    [33mclass[39m=[32m"w-full rounded-lg py-2.5 text-sm font-medium leading-5 focus:outline-none focus:ring-2 ring-offset-2 ring-offset-bg ring-accent text-fg hover:bg-bg-secondary/[0.6] hover:text-accent"[39m
    [33mdata-headlessui-state[39m=[32m""[39m
    [33mid[39m=[32m"headlessui-tabs-tab-:r4k:"[39m
    [33mrole[39m=[32m"tab"[39m
    [33mtabindex[39m=[32m"-1"[39m
    [33mtype[39m=[32m"button"[39m
  [36m/>[39m

  Name "Checksum":
  [36m<button[39m
    [33maria-controls[39m=[32m"headlessui-tabs-panel-:r4p:"[39m
    [33maria-selected[39m=[32m"false"[39m
    [33mclass[39m=[32m"w-full rounded-lg py-2.5 text-sm font-medium leading-5 focus:outline-none focus:ring-2 ring-offset-2 ring-offset-bg ring-accent text-fg hover:bg-bg-secondary/[0.6] hover:text-accent"[39m
    [33mdata-headlessui-state[39m=[32m""[39m
    [33mid[39m=[32m"headlessui-tabs-tab-:r4l:"[39m
    [33mrole[39m=[32m"tab"[39m
    [33mtabindex[39m=[32m"-1"[39m
    [33mtype[39m=[32m"button"[39m
  [36m/>[39m

  --------------------------------------------------
  tabpanel:

  Name "Version History":
  [36m<div[39m
    [33maria-labelledby[39m=[32m"headlessui-tabs-tab-:r4j:"[39m
    [33mclass[39m=[32m"rounded-xl bg-bg p-4 focus:outline-none max-h-[60vh] overflow-y-auto"[39m
    [33mdata-headlessui-state[39m=[32m"selected"[39m
    [33mid[39m=[32m"headlessui-tabs-panel-:r4n:"[39m
    [33mrole[39m=[32m"tabpanel"[39m
    [33mtabindex[39m=[32m"0"[39m
  [36m/>[39m

  --------------------------------------------------

Ignored nodes: comments, script, style
[36m<body>[39m
  [36m<div[39m
    [33maria-hidden[39m=[32m"true"[39m
    [33minert[39m=[32m""[39m
  [36m>[39m
    [36m<div[39m
      [33mhidden[39m=[32m""[39m
      [33mstyle[39m=[32m"position: fixed; top: 1px; left: 1px; width: 1px; height: 0px; padding: 0px; margin: -1px; overflow: hidden; clip: rect(0, 0, 0, 0); white-space: nowrap; border-width: 0px; display: none;"[39m
    [36m/>[39m
  [36m</div>[39m
  [36m<div[39m
    [33mid[39m=[32m"headlessui-portal-root"[39m
  [36m>[39m
    [36m<div[39m
      [33mdata-headlessui-portal[39m=[32m""[39m
    [36m>[39m
      [36m<button[39m
        [33maria-hidden[39m=[32m"true"[39m
        [33mdata-headlessui-focus-guard[39m=[32m"true"[39m
        [33mstyle[39m=[32m"position: fixed; top: 1px; left: 1px; width: 1px; height: 0px; padding: 0px; margin: -1px; overflow: hidden; clip: rect(0, 0, 0, 0); white-space: nowrap; border-width: 0px;"[39m
        [33mtype[39m=[32m"button"[39m
      [36m/>[39m
      [36m<div>[39m
        [36m<div[39m
          [33maria-labelledby[39m=[32m"headlessui-dialog-title-:r4h:"[39m
          [33maria-modal[39m=[32m"true"[39m
          [33mclass[39m=[32m"relative z-50"[39m
          [33mdata-headlessui-state[39m=[32m"open"[39m
          [33mid[39m=[32m"headlessui-dialog-:r4f:"[39m
          [33mrole[39m=[32m"dialog"[39m
        [36m>[39m
          [36m<div[39m
            [33mclass[39m=[32m"fixed inset-0 bg-black bg-opacity-25 dark:bg-opacity-50"[39m
          [36m/>[39m
          [36m<div[39m
            [33mclass[39m=[32m"fixed inset-0 overflow-y-auto"[39m
          [36m>[39m
            [36m<div[39m
              [33mclass[39m=[32m"flex min-h-full items-center justify-center p-4"[39m
            [36m>[39m
              [36m<div[39m
                [33mclass[39m=[32m"w-full max-w-6xl transform overflow-hidden rounded-2xl bg-card p-6 text-left align-middle shadow-xl transition-all"[39m
                [33mdata-headlessui-state[39m=[32m"open"[39m
                [33mid[39m=[32m"headlessui-dialog-panel-:r4g:"[39m
              [36m>[39m
                [36m<div[39m
                  [33mclass[39m=[32m"flex items-start justify-between mb-6"[39m
                [36m>[39m
                  [36m<div>[39m
                    [36m<h3[39m
                      [33mclass[39m=[32m"text-2xl font-bold text-fg"[39m
                      [33mdata-headlessui-state[39m=[32m"open"[39m
                      [33mid[39m=[32m"headlessui-dialog-title-:r4h:"[39m
                    [36m>[39m
                      [0mTest Component[0m
                    [36m</h3>[39m
                    [36m<p[39m
                      [33mclass[39m=[32m"mt-1 text-fg"[39m
                    [36m>[39m
                      [0mTest component description[0m
                    [36m</p>[39m
                  [36m</div>[39m
                  [36m<button[39m
                    [33mclass[39m=[32m"text-fg hover:text-accent"[39m
                  [36m>[39m
                    [36m<svg[39m
                      [33maria-hidden[39m=[32m"true"[39m
                      [33mclass[39m=[32m"w-6 h-6"[39m
                      [33mdata-slot[39m=[32m"icon"[39m
                      [33mfill[39m=[32m"none"[39m
                      [33mstroke[39m=[32m"currentColor"[39m
                      [33mstroke-width[39m=[32m"1.5"[39m
                      [33mviewBox[39m=[32m"0 0 24 24"[39m
                      [33mxmlns[39m=[32m"http://www.w3.org/2000/svg"[39m
                    [36m>[39m
                      [36m<path[39m
                        [33md[39m=[32m"M6 18 18 6M6 6l12 12"[39m
                        [33mstroke-linecap[39m=[32m"round"[39m
                        [33mstroke-linejoin[39m=[32m"round"[39m
                      [36m/>[39m
                    [36m</svg>[39m
                  [36m</button>[39m
                [36m</div>[39m
                [36m<div[39m
                  [33mclass[39m=[32m"flex flex-wrap gap-2 mb-6"[39m
                [36m>[39m
                  [36m<span[39m
                    [33mclass[39m=[32m"px-3 py-1 text-sm font-medium rounded-full bg-green-100 dark:bg-green-900/20 text-green-800 dark:text-green-300"[39m
                  [36m>[39m
                    [0mActive[0m
                  [36m</span>[39m
                  [36m<span[39m
                    [33mclass[39m=[32m"px-3 py-1 text-sm bg-purple-100 dark:bg-purple-900/20 text-purple-800 dark:text-purple-300 rounded-full"[39m
                  [36m>[39m
                    [0mv1.0[0m
                  [36m</span>[39m
                  [36m<span[39m
                    [33mclass[39m=[32m"px-3 py-1 text-sm bg-blue-100 dark:bg-blue-900/20 text-blue-800 dark:text-blue-300 rounded-full"[39m
                  [36m>[39m
                    [0mtag1[0m
                  [36m</span>[39m
                  [36m<span[39m
                    [33mclass[39m=[32m"px-3 py-1 text-sm bg-blue-100 dark:bg-blue-900/20 text-blue-800 dark:text-blue-300 rounded-full"[39m
                  [36m>[39m
                    [0mtag2[0m
                  [36m</span>[39m
                [36m</div>[39m
                [36m<div[39m
                  [33maria-orientation[39m=[32m"horizontal"[39m
                  [33mclass[39m=[32m"flex space-x-1 rounded-xl bg-bg-secondary p-1 mb-6"[39m
                  [33mrole[39m=[32m"tablist"[39m
                [36m>[39m
                  [36m<button[39m
                    [33maria-controls[39m=[32m"headlessui-tabs-panel-:r4m:"[39m
                    [33maria-selected[39m=[32m"false"[39m
                    [33mclass[39m=[32m"w-full rounded-lg py-2.5 text-sm font-medium leading-5 focus:outline-none focus:ring-2 ring-offset-2 ring-offset-bg ring-accent text-fg hover:bg-bg-secondary/[0.6] hover:text-accent"[39m
                    [33mdata-headlessui-state[39m=[32m""[39m
                    [33mid[39m=[32m"headlessui-tabs-tab-:r4i:"[39m
                    [33mrole[39m=[32m"tab"[39m
                    [33mtabindex[39m=[32m"-1"[39m
                    [33mtype[39m=[32m"button"[39m
                  [36m>[39m
                    [0mOverview[0m
                  [36m</button>[39m
                  [36m<button[39m
                    [33maria-controls[39m=[32m"headlessui-tabs-panel-:r4n:"[39m
                    [33maria-selected[39m=[32m"true"[39m
                    [33mclass[39m=[32m"w-full rounded-lg py-2.5 text-sm font-medium leading-5 focus:outline-none focus:ring-2 ring-offset-2 ring-offset-bg ring-accent bg-accent text-white shadow"[39m
                    [33mdata-headlessui-state[39m=[32m"selected"[39m
                    [33mid[39m=[32m"headlessui-tabs-tab-:r4j:"[39m
                    [33mrole[39m=[32m"tab"[39m
                    [33mtabindex[39m=[32m"0"[39m
                    [33mtype[39m=[32m"button"[39m
                  [36m>[39m
                    [0mVersion History[0m
                  [36m</button>[39m
                  [36m<button[39m
                    [33maria-controls[39m=[32m"headlessui-tabs-panel-:r4o:"[39m
                    [33maria-selected[39m=[32m"false"[39m
                    [33mclass[39m=[32m"w-full rounded-lg py-2.5 text-sm font-medium leading-5 focus:outline-none focus:ring-2 ring-offset-2 ring-offset-bg ring-accent text-fg hover:bg-bg-secondary/[0.6] hover:text-accent"[39m
                    [33mdata-headlessui-state[39m=[32m""[39m
                    [33mid[39m=[32m"headlessui-tabs-tab-:r4k:"[39m
                    [33mrole[39m=[32m"tab"[39m
                    [33mtabindex[39m=[32m"-1"[39m
                    [33mtype[39m=[32m"button"[39m
                  [36m>[39m
                    [0mUsage Analytics[0m
                  [36m</button>[39m
                  [36m<button[39m
                    [33maria-controls[39m=[32m"headlessui-tabs-panel-:r4p:"[39m
                    [33maria-selected[39m=[32m"false"[39m
                    [33mclass[39m=[32m"w-full rounded-lg py-2.5 text-sm font-medium leading-5 focus:outline-none focus:ring-2 ring-offset-2 ring-offset-bg ring-accent text-fg hover:bg-bg-secondary/[0.6] hover:text-accent"[39m
                    [33mdata-headlessui-state[39m=[32m""[39m
                    [33mid[39m=[32m"headlessui-tabs-tab-:r4l:"[39m
                    [33mrole[39m=[32m"tab"[39m
                    [33mtabindex[39m=[32m"-1"[39m
                    [33mtype[39m=[32m"button"[39m
                  [36m>[39m
                    [0mChecksum[0m
                  [36m</button>[39m
                [36m</div>[39m
                [36m<div[39m
                  [33mclass[39m=[32m"mt-2"[39m
                [36m>[39m
                  [36m<span[39m
                    [33maria-hidden[39m=[32m"true"[39m
                    [33maria-labelledby[39m=[32m"headlessui-tabs-tab-:r4i:"[39m
                    [33mid[39m=[32m"headlessui-tabs-panel-:r4m:"[39m
                    [33mrole[39m=[32m"tabpanel"[39m
                    [33mstyle[39m=[32m"position: fixed; top: 1px; left: 1px; width: 1px; height: 0px; padding: 0px; margin: -1px; overflow: hidden; clip: rect(0, 0, 0, 0); white-space: nowrap; border-width: 0px;"[39m
                    [33mtabindex[39m=[32m"-1"[39m
                  [36m/>[39m
                  [36m<div[39m
                    [33maria-labelledby[39m=[32m"headlessui-tabs-tab-:r4j:"[39m
                    [33mclass[39m=[32m"rounded-xl bg-bg p-4 focus:outline-none max-h-[60vh] overflow-y-auto"[39m
                    [33mdata-headlessui-state[39m=[32m"selected"[39m
                    [33mid[39m=[32m"headlessui-tabs-panel-:r4n:"[39m
                    [33mrole[39m=[32m"tabpanel"[39m
                    [33mtabindex[39m=[32m"0"[39m
                  [36m>[39m
                    [36m<div[39m
                      [33mclass[39m=[32m"space-y-6"[39m
                    [36m>[39m
                      [36m<div[39m
                        [33mclass[39m=[32m"flex items-center justify-center py-12"[39m
                      [36m>[39m
                        [36m<div[39m
                          [33mclass[39m=[32m"animate-spin rounded-full h-8 w-8 border-b-2 border-accent"[39m
                        [36m/>[39m
                      [36m</div>[39m
                    [36m</div>[39m
                  [36m</div>[39m
                  [36m<span[39m
                    [33maria-hidden[39m=[32m"true"[39m
                    [33maria-labelledby[39m=[32m"headlessui-tabs-tab-:r4k:"[39m
                    [33mid[39m=[32m"headlessui-tabs-panel-:r4o:"[39m
                    [33mrole[39m=[32m"tabpanel"[39m
                    [33mstyle[39m=[32m"position: fixed; top: 1px; left: 1px; width: 1px; height: 0px; padding: 0px; margin: -1px; overflow: hidden; clip: rect(0, 0, 0, 0); white-space: nowrap; border-width: 0px;"[39m
                    [33mtabindex[39m=[32m"-1"[39m
                  [36m/>[39m
                  [36m<span[39m
                    [33maria-hidden[39m=[32m"true"[39m
                    [33maria-labelledby[39m=[32m"headlessui-tabs-tab-:r4l:"[39m
                    [33mid[39m=[32m"headlessui-tabs-panel-:r4p:"[39m
                    [33mrole[39m=[32m"tabpanel"[39m
                    [33mstyle[39m=[32m"position: fixed; top: 1px; left: 1px; width: 1px; height: 0px; padding: 0px; margin: -1px; overflow: hidden; clip: rect(0, 0, 0, 0); white-space: nowrap; border-width: 0px;"[39m
                    [33mtabindex[39m=[32m"-1"[39m
                  [36m/>[39m
                [36m</div>[39m
                [36m<div[39m
                  [33mclass[39m=[32m"flex items-center justify-end gap-3 mt-6 pt-4 border-t border-border"[39m
                [36m>[39m
                  [36m<button[39m
                    [33mclass[39m=[32m"px-4 py-2 text-fg hover:text-accent"[39m
                  [36m>[39m
                    [0mClose[0m
                  [36m</button>[39m
                  [36m<button[39m
                    [33mclass[39m=[32m"px-4 py-2 bg-accent text-white rounded-lg hover:bg-accent-dark"[39m
                  [36m>[39m
                    [0mEdit Component[0m
                  [36m</button>[39m
                [36m</div>[39m
              [36m</div>[39m
            [36m</div>[39m
          [36m</div>[39m
        [36m</div>[39m
      [36m</div>[39m
      [36m<button[39m
        [33maria-hidden[39m=[32m"true"[39m
        [33mdata-headlessui-focus-guard[39m=[32m"true"[39m
        [33mstyle[39m=[32m"position: fixed; top: 1px; left: 1px; width: 1px; height: 0px; padding: 0px; margin: -1px; overflow: hidden; clip: rect(0, 0, 0, 0); white-space: nowrap; border-width: 0px;"[39m
        [33mtype[39m=[32m"button"[39m
      [36m/>[39m
    [36m</div>[39m
  [36m</div>[39m
[36m</body>[39m
   ❯ src/components/__tests__/ComponentDetailModal.test.tsx > ComponentDetailModal > Version History Tab > should display empty state when no versions exist
     → Found multiple elements with the text: /No version history/i

Here are the matching elements:

Ignored nodes: comments, script, style
[36m<p[39m
  [33mclass[39m=[32m"text-fg mb-2"[39m
[36m>[39m
  [0mNo version history[0m
[36m</p>[39m

Ignored nodes: comments, script, style
[36m<p[39m
  [33mclass[39m=[32m"text-sm text-fg"[39m
[36m>[39m
  [0mThis component has no version history yet.[0m
[36m</p>[39m

(If this is intentional, then use the `*AllBy*` variant of the query (like `queryAllByText`, `getAllByText`, or `findAllByText`)).

Ignored nodes: comments, script, style
[36m<body>[39m
  [36m<div[39m
    [33maria-hidden[39m=[32m"true"[39m
    [33minert[39m=[32m""[39m
  [36m>[39m
    [36m<div[39m
      [33mhidden[39m=[32m""[39m
      [33mstyle[39m=[32m"position: fixed; top: 1px; left: 1px; width: 1px; height: 0px; padding: 0px; margin: -1px; overflow: hidden; clip: rect(0, 0, 0, 0); white-space: nowrap; border-width: 0px; display: none;"[39m
    [36m/>[39m
  [36m</div>[39m
  [36m<div[39m
    [33mid[39m=[32m"headlessui-portal-root"[39m
  [36m>[39m
    [36m<div[39m
      [33mdata-headlessui-portal[39m=[32m""[39m
    [36m>[39m
      [36m<button[39m
        [33maria-hidden[39m=[32m"true"[39m
        [33mdata-headlessui-focus-guard[39m=[32m"true"[39m
        [33mstyle[39m=[32m"position: fixed; top: 1px; left: 1px; width: 1px; height: 0px; padding: 0px; margin: -1px; overflow: hidden; clip: rect(0, 0, 0, 0); white-space: nowrap; border-width: 0px;"[39m
        [33mtype[39m=[32m"button"[39m
      [36m/>[39m
      [36m<div>[39m
        [36m<div[39m
          [33maria-labelledby[39m=[32m"headlessui-dialog-title-:r4s:"[39m
          [33maria-modal[39m=[32m"true"[39m
          [33mclass[39m=[32m"relative z-50"[39m
          [33mdata-headlessui-state[39m=[32m"open"[39m
          [33mid[39m=[32m"headlessui-dialog-:r4q:"[39m
          [33mrole[39m=[32m"dialog"[39m
        [36m>[39m
          [36m<div[39m
            [33mclass[39m=[32m"fixed inset-0 bg-black bg-opacity-25 dark:bg-opacity-50"[39m
          [36m/>[39m
          [36m<div[39m
            [33mclass[39m=[32m"fixed inset-0 overflow-y-auto"[39m
          [36m>[39m
            [36m<div[39m
              [33mclass[39m=[32m"flex min-h-full items-center justify-center p-4"[39m
            [36m>[39m
              [36m<div[39m
                [33mclass[39m=[32m"w-full max-w-6xl transform overflow-hidden rounded-2xl bg-card p-6 text-left align-middle shadow-xl transition-all"[39m
                [33mdata-headlessui-state[39m=[32m"open"[39m
                [33mid[39m=[32m"headlessui-dialog-panel-:r4r:"[39m
              [36m>[39m
                [36m<div[39m
                  [33mclass[39m=[32m"flex items-start justify-between mb-6"[39m
                [36m>[39m
                  [36m<div>[39m
                    [36m<h3[39m
                      [33mclass[39m=[32m"text-2xl font-bold text-fg"[39m
                      [33mdata-headlessui-state[39m=[32m"open"[39m
                      [33mid[39m=[32m"headlessui-dialog-title-:r4s:"[39m
                    [36m>[39m
                      [0mTest Component[0m
                    [36m</h3>[39m
                    [36m<p[39m
                      [33mclass[39m=[32m"mt-1 text-fg"[39m
                    [36m>[39m
                      [0mTest component description[0m
                    [36m</p>[39m
                  [36m</div>[39m
                  [36m<button[39m
                    [33mclass[39m=[32m"text-fg hover:text-accent"[39m
                  [36m>[39m
                    [36m<svg[39m
                      [33maria-hidden[39m=[32m"true"[39m
                      [33mclass[39m=[32m"w-6 h-6"[39m
                      [33mdata-slot[39m=[32m"icon"[39m
                      [33mfill[39m=[32m"none"[39m
                      [33mstroke[39m=[32m"currentColor"[39m
                      [33mstroke-width[39m=[32m"1.5"[39m
                      [33mviewBox[39m=[32m"0 0 24 24"[39m
                      [33mxmlns[39m=[32m"http://www.w3.org/2000/svg"[39m
                    [36m>[39m
                      [36m<path[39m
                        [33md[39m=[32m"M6 18 18 6M6 6l12 12"[39m
                        [33mstroke-linecap[39m=[32m"round"[39m
                        [33mstroke-linejoin[39m=[32m"round"[39m
                      [36m/>[39m
                    [36m</svg>[39m
                  [36m</button>[39m
                [36m</div>[39m
                [36m<div[39m
                  [33mclass[39m=[32m"flex flex-wrap gap-2 mb-6"[39m
                [36m>[39m
                  [36m<span[39m
                    [33mclass[39m=[32m"px-3 py-1 text-sm font-medium rounded-full bg-green-100 dark:bg-green-900/20 text-green-800 dark:text-green-300"[39m
                  [36m>[39m
                    [0mActive[0m
                  [36m</span>[39m
                  [36m<span[39m
                    [33mclass[39m=[32m"px-3 py-1 text-sm bg-purple-100 dark:bg-purple-900/20 text-purple-800 dark:text-purple-300 rounded-full"[39m
                  [36m>[39m
                    [0mv1.0[0m
                  [36m</span>[39m
                  [36m<span[39m
                    [33mclass[39m=[32m"px-3 py-1 text-sm bg-blue-100 dark:bg-blue-900/20 text-blue-800 dark:text-blue-300 rounded-full"[39m
                  [36m>[39m
                    [0mtag1[0m
                  [36m</span>[39m
                  [36m<span[39m
                    [33mclass[39m=[32m"px-3 py-1 text-sm bg-blue-100 dark:bg-blue-900/20 text-blue-800 dark:text-blue-300 rounded-full"[39m
                  [36m>[39m
                    [0mtag2[0m
                  [36m</span>[39m
                [36m</div>[39m
                [36m<div[39m
                  [33maria-orientation[39m=[32m"horizontal"[39m
                  [33mclass[39m=[32m"flex space-x-1 rounded-xl bg-bg-secondary p-1 mb-6"[39m
                  [33mrole[39m=[32m"tablist"[39m
                [36m>[39m
                  [36m<button[39m
                    [33maria-controls[39m=[32m"headlessui-tabs-panel-:r51:"[39m
                    [33maria-selected[39m=[32m"false"[39m
                    [33mclass[39m=[32m"w-full rounded-lg py-2.5 text-sm font-medium leading-5 focus:outline-none focus:ring-2 ring-offset-2 ring-offset-bg ring-accent text-fg hover:bg-bg-secondary/[0.6] hover:text-accent"[39m
                    [33mdata-headlessui-state[39m=[32m""[39m
                    [33mid[39m=[32m"headlessui-tabs-tab-:r4t:"[39m
                    [33mrole[39m=[32m"tab"[39m
                    [33mtabindex[39m=[32m"-1"[39m
                    [33mtype[39m=[32m"button"[39m
                  [36m>[39m
                    [0mOverview[0m
                  [36m</button>[39m
                  [36m<button[39m
                    [33maria-controls[39m=[32m"headlessui-tabs-panel-:r52:"[39m
                    [33maria-selected[39m=[32m"true"[39m
                    [33mclass[39m=[32m"w-full rounded-lg py-2.5 text-sm font-medium leading-5 focus:outline-none focus:ring-2 ring-offset-2 ring-offset-bg ring-accent bg-accent text-white shadow"[39m
                    [33mdata-headlessui-state[39m=[32m"selected"[39m
                    [33mid[39m=[32m"headlessui-tabs-tab-:r4u:"[39m
                    [33mrole[39m=[32m"tab"[39m
                    [33mtabindex[39m=[32m"0"[39m
                    [33mtype[39m=[32m"button"[39m
                  [36m>[39m
                    [0mVersion History[0m
                  [36m</button>[39m
                  [36m<button[39m
                    [33maria-controls[39m=[32m"headlessui-tabs-panel-:r53:"[39m
                    [33maria-selected[39m=[32m"false"[39m
                    [33mclass[39m=[32m"w-full rounded-lg py-2.5 text-sm font-medium leading-5 focus:outline-none focus:ring-2 ring-offset-2 ring-offset-bg ring-accent text-fg hover:bg-bg-secondary/[0.6] hover:text-accent"[39m
                    [33mdata-headlessui-state[39m=[32m""[39m
                    [33mid[39m=[32m"headlessui-tabs-tab-:r4v:"[39m
                    [33mrole[39m=[32m"tab"[39m
                    [33mtabindex[39m=[32m"-1"[39m
                    [33mtype[39m=[32m"button"[39m
                  [36m>[39m
                    [0mUsage Analytics[0m
                  [36m</button>[39m
                  [36m<button[39m
                    [33maria-controls[39m=[32m"headlessui-tabs-panel-:r54:"[39m
                    [33maria-selected[39m=[32m"false"[39m
                    [33mclass[39m=[32m"w-full rounded-lg py-2.5 text-sm font-medium leading-5 focus:outline-none focus:ring-2 ring-offset-2 ring-offset-bg ring-accent text-fg hover:bg-bg-secondary/[0.6] hover:text-accent"[39m
                    [33mdata-headlessui-state[39m=[32m""[39m
                    [33mid[39m=[32m"headlessui-tabs-tab-:r50:"[39m
                    [33mrole[39m=[32m"tab"[39m
                    [33mtabindex[39m=[32m"-1"[39m
                    [33mtype[39m=[32m"button"[39m
                  [36m>[39m
                    [0mChecksum[0m
                  [36m</button>[39m
                [36m</div>[39m
                [36m<div[39m
                  [33mclass[39m=[32m"mt-2"[39m
                [36m>[39m
                  [36m<span[39m
                    [33maria-hidden[39m=[32m"true"[39m
                    [33maria-labelledby[39m=[32m"headlessui-tabs-tab-:r4t:"[39m
                    [33mid[39m=[32m"headlessui-tabs-panel-:r51:"[39m
                    [33mrole[39m=[32m"tabpanel"[39m
                    [33mstyle[39m=[32m"position: fixed; top: 1px; left: 1px; width: 1px; height: 0px; padding: 0px; margin: -1px; overflow: hidden; clip: rect(0, 0, 0, 0); white-space: nowrap; border-width: 0px;"[39m
                    [33mtabindex[39m=[32m"-1"[39m
                  [36m/>[39m
                  [36m<div[39m
                    [33maria-labelledby[39m=[32m"headlessui-tabs-tab-:r4u:"[39m
                    [33mclass[39m=[32m"rounded-xl bg-bg p-4 focus:outline-none max-h-[60vh] overflow-y-auto"[39m
                    [33mdata-headlessui-state[39m=[32m"selected"[39m
                    [33mid[39m=[32m"headlessui-tabs-panel-:r52:"[39m
                    [33mrole[39m=[32m"tabpanel"[39m
                    [33mtabindex[39m=[32m"0"[39m
                  [36m>[39m
                    [36m<div[39m
                      [33mclass[39m=[32m"space-y-6"[39m
                    [36m>[39m
                      [36m<div[39m
                        [33mclass[39m=[32m"text-center py-12"[39m
                      [36m>[39m
                        [36m<svg[39m
                          [33maria-hidden[39m=[32m"true"[39m
                          [33mclass[39m=[32m"w-12 h-12 text-fg mx-auto mb-3"[39m
                          [33mdata-slot[39m=[32m"icon"[39m
                          [33mfill[39m=[32m"none"[39m
                          [33mstroke[39m=[32m"currentColor"[39m
                          [33mstroke-width[39m=[32m"1.5"[39m
                          [33mviewBox[39m=[32m"0 0 24 24"[39m
                          [33mxmlns[39m=[32m"http://www.w3.org/2000/svg"[39m
                        [36m>[39m
                          [36m<path[39m
                            [33md[39m=[32m"M12 6v6h4.5m4.5 0a9 9 0 1 1-18 0 9 9 0 0 1 18 0Z"[39m
                            [33mstroke-linecap[39m=[32m"round"[39m
                            [33mstroke-linejoin[39m=[32m"round"[39m
                          [36m/>[39m
                        [36m</svg>[39m
                        [36m<p[39m
                          [33mclass[39m=[32m"text-fg mb-2"[39m
                        [36m>[39m
                          [0mNo version history[0m
                        [36m</p>[39m
                        [36m<p[39m
                          [33mclass[39m=[32m"text-sm text-fg"[39m
                        [36m>[39m
                          [0mThis component has no version history yet.[0m
                        [36m</p>[39m
                      [36m</div>[39m
                    [36m</div>[39m
                  [36m</div>[39m
                  [36m<span[39m
                    [33maria-hidden[39m=[32m"true"[39m
                    [33maria-labelledby[39m=[32m"headlessui-tabs-tab-:r4v:"[39m
                    [33mid[39m=[32m"headlessui-tabs-panel-:r53:"[39m
                    [33mrole[39m=[32m"tabpanel"[39m
                    [33mstyle[39m=[32m"position: fixed; top: 1px; left: 1px; width: 1px; height: 0px; padding: 0px; margin: -1px; overflow: hidden; clip: rect(0, 0, 0, 0); white-space: nowrap; border-width: 0px;"[39m
                    [33mtabindex[39m=[32m"-1"[39m
                  [36m/>[39m
                  [36m<span[39m
                    [33maria-hidden[39m=[32m"true"[39m
                    [33maria-labelledby[39m=[32m"headlessui-tabs-tab-:r50:"[39m
                    [33mid[39m=[32m"headlessui-tabs-panel-:r54:"[39m
                    [33mrole[39m=[32m"tabpanel"[39m
                    [33mstyle[39m=[32m"position: fixed; top: 1px; left: 1px; width: 1px; height: 0px; padding: 0px; margin: -1px; overflow: hidden; clip: rect(0, 0, 0, 0); white-space: nowrap; border-width: 0px;"[39m
                    [33mtabindex[39m=[32m"-1"[39m
                  [36m/>[39m
                [36m</div>[39m
                [36m<div[39m
                  [33mclass[39m=[32m"flex items-center justify-end gap-3 mt-6 pt-4 border-t border-border"[39m
                [36m>[39m
                  [36m<button[39m
                    [33mclass[39m=[32m"px-4 py-2 text-fg hover:text-accent"[39m
                  [36m>[39m
                    [0mClose[0m
                  [36m</button>[39m
                  [36m<button[39m
                    [33mclass[39m=[32m"px-4 py-2 bg-accent text-white rounded-lg hover:bg-accent-dark"[39m
                  [36m>[39m
                    [0mEdit Component[0m
                  [36m</button>[39m
                [36m</div>[39m
              [36m</div>[39m
            [36m</div>[39m
          [36m</div>[39m
        [36m</div>[39m
      [36m</div>[39m
      [36m<button[39m
        [33maria-hidden[39m=[32m"true"[39m
        [33mdata-headlessui-focus-guard[39m=[32m"true"[39m
        [33mstyle[39m=[32m"position: fixed; top: 1px; left: 1px; width: 1px; height: 0px; padding: 0px; margin: -1px; overflow: hidden; clip: rect(0, 0, 0, 0); white-space: nowrap; border-width: 0px;"[39m
        [33mtype[39m=[32m"button"[39m
      [36m/>[39m
    [36m</div>[39m
  [36m</div>[39m
[36m</body>[39m

Ignored nodes: comments, script, style
[36m<html[39m
  [33mstyle[39m=[32m"overflow: hidden; padding-right: 1024px;"[39m
[36m>[39m
  [36m<head />[39m
  [36m<body>[39m
    [36m<div[39m
      [33maria-hidden[39m=[32m"true"[39m
      [33minert[39m=[32m""[39m
    [36m>[39m
      [36m<div[39m
        [33mhidden[39m=[32m""[39m
        [33mstyle[39m=[32m"position: fixed; top: 1px; left: 1px; width: 1px; height: 0px; padding: 0px; margin: -1px; overflow: hidden; clip: rect(0, 0, 0, 0); white-space: nowrap; border-width: 0px; display: none;"[39m
      [36m/>[39m
    [36m</div>[39m
    [36m<div[39m
      [33mid[39m=[32m"headlessui-portal-root"[39m
    [36m>[39m
      [36m<div[39m
        [33mdata-headlessui-portal[39m=[32m""[39m
      [36m>[39m
        [36m<button[39m
          [33maria-hidden[39m=[32m"true"[39m
          [33mdata-headlessui-focus-guard[39m=[32m"true"[39m
          [33mstyle[39m=[32m"position: fixed; top: 1px; left: 1px; width: 1px; height: 0px; padding: 0px; margin: -1px; overflow: hidden; clip: rect(0, 0, 0, 0); white-space: nowrap; border-width: 0px;"[39m
          [33mtype[39m=[32m"button"[39m
        [36m/>[39m
        [36m<div>[39m
          [36m<div[39m
            [33maria-labelledby[39m=[32m"headlessui-dialog-title-:r4s:"[39m
            [33maria-modal[39m=[32m"true"[39m
            [33mclass[39m=[32m"relative z-50"[39m
            [33mdata-headlessui-state[39m=[32m"open"[39m
            [33mid[39m=[32m"headlessui-dialog-:r4q:"[39m
            [33mrole[39m=[32m"dialog"[39m
          [36m>[39m
            [36m<div[39m
              [33mclass[39m=[32m"fixed inset-0 bg-black bg-opacity-25 dark:bg-opacity-50"[39m
            [36m/>[39m
            [36m<div[39m
              [33mclass[39m=[32m"fixed inset-0 overflow-y-auto"[39m
            [36m>[39m
              [36m<div[39m
                [33mclass[39m=[32m"flex min-h-full items-center justify-center p-4"[39m
              [36m>[39m
                [36m<div[39m
                  [33mclass[39m=[32m"w-full max-w-6xl transform overflow-hidden rounded-2xl bg-card p-6 text-left align-middle shadow-xl transition-all"[39m
                  [33mdata-headlessui-state[39m=[32m"open"[39m
                  [33mid[39m=[32m"headlessui-dialog-panel-:r4r:"[39m
                [36m>[39m
                  [36m<div[39m
                    [33mclass[39m=[32m"flex items-start justify-between mb-6"[39m
                  [36m>[39m
                    [36m<div>[39m
                      [36m<h3[39m
                        [33mclass[39m=[32m"text-2xl font-bold text-fg"[39m
                        [33mdata-headlessui-state[39m=[32m"open"[39m
                        [33mid[39m=[32m"headlessui-dialog-title-:r4s:"[39m
                      [36m>[39m
                        [0mTest Component[0m
                      [36m</h3>[39m
                      [36m<p[39m
                        [33mclass[39m=[32m"mt-1 text-fg"[39m
                      [36m>[39m
                        [0mTest component description[0m
                      [36m</p>[39m
                    [36m</div>[39m
                    [36m<button[39m
                      [33mclass[39m=[32m"text-fg hover:text-accent"[39m
                    [36m>[39m
                      [36m<svg[39m
                        [33maria-hidden[39m=[32m"true"[39m
                        [33mclass[39m=[32m"w-6 h-6"[39m
                        [33mdata-slot[39m=[32m"icon"[39m
                        [33mfill[39m=[32m"none"[39m
                        [33mstroke[39m=[32m"currentColor"[39m
                        [33mstroke-width[39m=[32m"1.5"[39m
                        [33mviewBox[39m=[32m"0 0 24 24"[39m
                        [33mxmlns[39m=[32m"http://www.w3.org/2000/svg"[39m
                      [36m>[39m
                        [36m<path[39m
                          [33md[39m=[32m"M6 18 18 6M6 6l12 12"[39m
                          [33mstroke-linecap[39m=[32m"round"[39m
                          [33mstroke-linejoin[39m=[32m"round"[39m
                        [36m/>[39m
                      [36m</svg>[39m
                    [36m</button>[39m
                  [36m</div>[39m
                  [36m<div[39m
                    [33mclass[39m=[32m"flex flex-wrap gap-2 mb-6"[39m
                  [36m>[39m
                    [36m<span[39m
                      [33mclass[39m=[32m"px-3 py-1 text-sm font-medium rounded-full bg-green-100 dark:bg-green-900/20 text-green-800 dark:text-green-300"[39m
                    [36m>[39m
                      [0mActive[0m
                    [36m</span>[39m
                    [36m<span[39m
                      [33mclass[39m=[32m"px-3 py-1 text-sm bg-purple-100 dark:bg-purple-900/20 text-purple-800 dark:text-purple-300 rounded-full"[39m
                    [36m>[39m
                      [0mv1.0[0m
                    [36m</span>[39m
                    [36m<span[39m
                      [33mclass[39m=[32m"px-3 py-1 text-sm bg-blue-100 dark:bg-blue-900/20 text-blue-800 dark:text-blue-300 rounded-full"[39m
                    [36m>[39m
                      [0mtag1[0m
                    [36m</span>[39m
                    [36m<span[39m
                      [33mclass[39m=[32m"px-3 py-1 text-sm bg-blue-100 dark:bg-blue-900/20 text-blue-800 dark:text-blue-300 rounded-full"[39m
                    [36m>[39m
                      [0mtag2[0m
                    [36m</span>[39m
                  [36m</div>[39m
                  [36m<div[39m
                    [33maria-orientation[39m=[32m"horizontal"[39m
                    [33mclass[39m=[32m"flex space-x-1 rounded-xl bg-bg-secondary p-1 mb-6"[39m
                    [33mrole[39m=[32m"tablist"[39m
                  [36m>[39m
                    [36m<button[39m
                      [33maria-controls[39m=[32m"headlessui-tabs-panel-:r51:"[39m
                      [33maria-selected[39m=[32m"false"[39m
                      [33mclass[39m=[32m"w-full rounded-lg py-2.5 text-sm font-medium leading-5 focus:outline-none focus:ring-2 ring-offset-2 ring-offset-bg ring-accent text-fg hover:bg-bg-secondary/[0.6] hover:text-accent"[39m
                      [33mdata-headlessui-state[39m=[32m""[39m
                      [33mid[39m=[32m"headlessui-tabs-tab-:r4t:"[39m
                      [33mrole[39m=[32m"tab"[39m
                      [33mtabindex[39m=[32m"-1"[39m
                      [33mtype[39m=[32m"button"[39m
                    [36m>[39m
                      [0mOverview[0m
                    [36m</button>[39m
                    [36m<button[39m
                      [33maria-controls[39m=[32m"headlessui-tabs-panel-:r52:"[39m
                      [33maria-selected[39m=[32m"true"[39m
                      [33mclass[39m=[32m"w-full rounded-lg py-2.5 text-sm font-medium leading-5 focus:outline-none focus:ring-2 ring-offset-2 ring-offset-bg ring-accent bg-accent text-white shadow"[39m
                      [33mdata-headlessui-state[39m=[32m"selected"[39m
                      [33mid[39m=[32m"headlessui-tabs-tab-:r4u:"[39m
                      [33mrole[39m=[32m"tab"[39m
                      [33mtabindex[39m=[32m"0"[39m
                      [33mtype[39m=[32m"button"[39m
                    [36m>[39m
                      [0mVersion History[0m
                    [36m</button>[39m
                    [36m<button[39m
                      [33maria-controls[39m=[32m"headlessui-tabs-panel-:r53:"[39m
                      [33maria-selected[39m=[32m"false"[39m
                      [33mclass[39m=[32m"w-full rounded-lg py-2.5 text-sm font-medium leading-5 focus:outline-none focus:ring-2 ring-offset-2 ring-offset-bg ring-accent text-fg hover:bg-bg-secondary/[0.6] hover:text-accent"[39m
                      [33mdata-headlessui-state[39m=[32m""[39m
                      [33mid[39m=[32m"headlessui-tabs-tab-:r4v:"[39m
                      [33mrole[39m=[32m"tab"[39m
                      [33mtabindex[39m=[32m"-1"[39m
                      [33mtype[39m=[32m"button"[39m
                    [36m>[39m
                      [0mUsage Analytics[0m
                    [36m</button>[39m
                    [36m<button[39m
                      [33maria-controls[39m=[32m"headlessui-tabs-panel-:r54:"[39m
                      [33maria-selected[39m=[32m"false"[39m
                      [33mclass[39m=[32m"w-full rounded-lg py-2.5 text-sm font-medium leading-5 focus:outline-none focus:ring-2 ring-offset-2 ring-offset-bg ring-accent text-fg hover:bg-bg-secondary/[0.6] hover:text-accent"[39m
                      [33mdata-headlessui-state[39m=[32m""[39m
                      [33mid[39m=[32m"headlessui-tabs-tab-:r50:"[39m
                      [33mrole[39m=[32m"tab"[39m
                      [33mtabindex[39m=[32m"-1"[39m
                      [33mtype[39m=[32m"button"[39m
                    [36m>[39m
                      [0mChecksum[0m
                    [36m</button>[39m
                  [36m</div>[39m
                  [36m<div[39m
                    [33mclass[39m=[32m"mt-2"[39m
                  [36m>[39m
                    [36m<span[39m
                      [33maria-hidden[39m=[32m"true"[39m
                      [33maria-labelledby[39m=[32m"headlessui-tabs-tab-:r4t:"[39m
                      [33mid[39m=[32m"headlessui-tabs-panel-:r51:"[39m
                      [33mrole[39m=[32m"tabpanel"[39m
                      [33mstyle[39m=[32m"position: fixed; top: 1px; left: 1px; width: 1px; height: 0px; padding: 0px; margin: -1px; overflow: hidden; clip: rect(0, 0, 0, 0); white-space: nowrap; border-width: 0px;"[39m
                      [33mtabindex[39m=[32m"-1"[39m
                    [36m/>[39m
                    [36m<div[39m
                      [33maria-labelledby[39m=[32m"headlessui-tabs-tab-:r4u:"[39m
                      [33mclass[39m=[32m"rounded-xl bg-bg p-4 focus:outline-none max-h-[60vh] overflow-y-auto"[39m
                      [33mdata-headlessui-state[39m=[32m"selected"[39m
                      [33mid[39m=[32m"headlessui-tabs-panel-:r52:"[39m
                      [33mrole[39m=[32m"tabpanel"[39m
                      [33mtabindex[39m=[32m"0"[39m
                    [36m>[39m
                      [36m<div[39m
                        [33mclass[39m=[32m"space-y-6"[39m
                      [36m>[39m
                        [36m<div[39m
                          [33mclass[39m=[32m"text-center py-12"[39m
                        [36m>[39m
                          [36m<svg[39m
                            [33maria-hidden[39m=[32m"true"[39m
                            [33mclass[39m=[32m"w-12 h-12 text-fg mx-auto mb-3"[39m
                            [33mdata-slot[39m=[32m"icon"[39m
                            [33mfill[39m=[32m"none"[39m
                            [33mstroke[39m=[32m"currentColor"[39m
                            [33mstroke-width[39m=[32m"1.5"[39m
                            [33mviewBox[39m=[32m"0 0 24 24"[39m
                            [33mxmlns[39m=[32m"http://www.w3.org/2000/svg"[39m
                          [36m>[39m
                            [36m<path[39m
                              [33md[39m=[32m"M12 6v6h4.5m4.5 0a9 9 0 1 1-18 0 9 9 0 0 1 18 0Z"[39m
                              [33mstroke-linecap[39m=[32m"round"[39m
                              [33mstroke-linejoin[39m=[32m"round"[39m
                            [36m/>[39m
                          [36m</svg>[39m
                          [36m<p[39m
                            [33mclass[39m=[32m"text-fg mb-2"[39m
                          [36m>[39m
                            [0mNo version history[0m
                          [36m</p>[39m
                          [36m<p[39m
                            [33mclass[39m=[32m"text-sm text-fg"[39m
                          [36m>[39m
                            [0mThis component has no version history yet.[0m
                          [36m</p>[39m
                        [36m</div>[39m
                      [36m</div>[39m
                    [36m</div>[39m
                    [36m<span[39m
                      [33maria-hidden[39m=[32m"true"[39m
                      [33maria-labelledby[39m=[32m"headlessui-tabs-tab-:r4v:"[39m
                      [33mid[39m=[32m"headlessui-tabs-panel-:r53:"[39m
                      [33mrole[39m=[32m"tabpanel"[39m
                      [33mstyle[39m=[32m"position: fixed; top: 1px; left: 1px; width: 1px; height: 0px; padding: 0px; margin: -1px; overflow: hidden; clip: rect(0, 0, 0, 0); white-space: nowrap; border-width: 0px;"[39m
                      [33mtabindex[39m=[32m"-1"[39m
                    [36m/>[39m
                    [36m<span[39m
                      [33maria-hidden[39m=[32m"true"[39m
                      [33maria-labelledby[39m=[32m"headlessui-tabs-tab-:r50:"[39m
                      [33mid[39m=[32m"headlessui-tabs-panel-:r54:"[39m
                      [33mrole[39m=[32m"tabpanel"[39m
                      [33mstyle[39m=[32m"position: fixed; top: 1px; left: 1px; width: 1px; height: 0px; padding: 0px; margin: -1px; overflow: hidden; clip: rect(0, 0, 0, 0); white-space: nowrap; border-width: 0px;"[39m
                      [33mtabindex[39m=[32m"-1"[39m
                    [36m/>[39m
                  [36m</div>[39m
                  [36m<div[39m
                    [33mclass[39m=[32m"flex items-center justify-end gap-3 mt-6 pt-4 border-t border-border"[39m
                  [36m>[39m
                    [36m<button[39m
                      [33mclass[39m=[32m"px-4 py-2 text-fg hover:text-accent"[39m
                    [36m>[39m
                      [0mClose[0m
                    [36m</button>[39m
                    [36m<button[39m
                      [33mclass[39m=[32m"px-4 py-2 bg-accent text-white rounded-lg hover:bg-accent-dark"[39m
                    [36m>[39m
                      [0mEdit Component[0m
                    [36m</button>[39m
                  [36m</div>[39m
                [36m</div>[39m
              [36m</div>[39m
            [36m</div>[39m
          [36m</div>[39m
        [36m</div>[39m
        [36m<button[39m
          [33maria-hidden[39m=[32m"true"[39m
          [33mdata-headlessui-focus-guard[39m=[32m"true"[39m
          [33mstyle[39m=[32m"position: fixed; top: 1px; left: 1px; width: 1px; height: 0px; padding: 0px; margin: -1px; overflow: hidden; clip: rect(0, 0, 0, 0); white-space: nowrap; border-width: 0px;"[39m
          [33mtype[39m=[32m"button"[39m
        [36m/>[39m
      [36m</div>[39m
    [36m</div>[39m
  [36m</body>[39m
[36m</html>[39m
   ❯ src/components/__tests__/ComponentDetailModal.test.tsx > ComponentDetailModal > Usage Analytics Tab > should display loading state while fetching analytics
     → Unable to find an accessible element with the role "status"

Here are the accessible roles:

  dialog:

  Name "Test Component":
  [36m<div[39m
    [33maria-labelledby[39m=[32m"headlessui-dialog-title-:r8a:"[39m
    [33maria-modal[39m=[32m"true"[39m
    [33mclass[39m=[32m"relative z-50"[39m
    [33mdata-headlessui-state[39m=[32m"open"[39m
    [33mid[39m=[32m"headlessui-dialog-:r88:"[39m
    [33mrole[39m=[32m"dialog"[39m
  [36m/>[39m

  --------------------------------------------------
  heading:

  Name "Test Component":
  [36m<h3[39m
    [33mclass[39m=[32m"text-2xl font-bold text-fg"[39m
    [33mdata-headlessui-state[39m=[32m"open"[39m
    [33mid[39m=[32m"headlessui-dialog-title-:r8a:"[39m
  [36m/>[39m

  --------------------------------------------------
  paragraph:

  Name "":
  [36m<p[39m
    [33mclass[39m=[32m"mt-1 text-fg"[39m
  [36m/>[39m

  --------------------------------------------------
  button:

  Name "":
  [36m<button[39m
    [33mclass[39m=[32m"text-fg hover:text-accent"[39m
  [36m/>[39m

  Name "Close":
  [36m<button[39m
    [33mclass[39m=[32m"px-4 py-2 text-fg hover:text-accent"[39m
  [36m/>[39m

  Name "Edit Component":
  [36m<button[39m
    [33mclass[39m=[32m"px-4 py-2 bg-accent text-white rounded-lg hover:bg-accent-dark"[39m
  [36m/>[39m

  --------------------------------------------------
  tablist:

  Name "":
  [36m<div[39m
    [33maria-orientation[39m=[32m"horizontal"[39m
    [33mclass[39m=[32m"flex space-x-1 rounded-xl bg-bg-secondary p-1 mb-6"[39m
    [33mrole[39m=[32m"tablist"[39m
  [36m/>[39m

  --------------------------------------------------
  tab:

  Name "Overview":
  [36m<button[39m
    [33maria-controls[39m=[32m"headlessui-tabs-panel-:r8f:"[39m
    [33maria-selected[39m=[32m"false"[39m
    [33mclass[39m=[32m"w-full rounded-lg py-2.5 text-sm font-medium leading-5 focus:outline-none focus:ring-2 ring-offset-2 ring-offset-bg ring-accent text-fg hover:bg-bg-secondary/[0.6] hover:text-accent"[39m
    [33mdata-headlessui-state[39m=[32m""[39m
    [33mid[39m=[32m"headlessui-tabs-tab-:r8b:"[39m
    [33mrole[39m=[32m"tab"[39m
    [33mtabindex[39m=[32m"-1"[39m
    [33mtype[39m=[32m"button"[39m
  [36m/>[39m

  Name "Version History":
  [36m<button[39m
    [33maria-controls[39m=[32m"headlessui-tabs-panel-:r8g:"[39m
    [33maria-selected[39m=[32m"false"[39m
    [33mclass[39m=[32m"w-full rounded-lg py-2.5 text-sm font-medium leading-5 focus:outline-none focus:ring-2 ring-offset-2 ring-offset-bg ring-accent text-fg hover:bg-bg-secondary/[0.6] hover:text-accent"[39m
    [33mdata-headlessui-state[39m=[32m""[39m
    [33mid[39m=[32m"headlessui-tabs-tab-:r8c:"[39m
    [33mrole[39m=[32m"tab"[39m
    [33mtabindex[39m=[32m"-1"[39m
    [33mtype[39m=[32m"button"[39m
  [36m/>[39m

  Name "Usage Analytics":
  [36m<button[39m
    [33maria-controls[39m=[32m"headlessui-tabs-panel-:r8h:"[39m
    [33maria-selected[39m=[32m"true"[39m
    [33mclass[39m=[32m"w-full rounded-lg py-2.5 text-sm font-medium leading-5 focus:outline-none focus:ring-2 ring-offset-2 ring-offset-bg ring-accent bg-accent text-white shadow"[39m
    [33mdata-headlessui-state[39m=[32m"selected"[39m
    [33mid[39m=[32m"headlessui-tabs-tab-:r8d:"[39m
    [33mrole[39m=[32m"tab"[39m
    [33mtabindex[39m=[32m"0"[39m
    [33mtype[39m=[32m"button"[39m
  [36m/>[39m

  Name "Checksum":
  [36m<button[39m
    [33maria-controls[39m=[32m"headlessui-tabs-panel-:r8i:"[39m
    [33maria-selected[39m=[32m"false"[39m
    [33mclass[39m=[32m"w-full rounded-lg py-2.5 text-sm font-medium leading-5 focus:outline-none focus:ring-2 ring-offset-2 ring-offset-bg ring-accent text-fg hover:bg-bg-secondary/[0.6] hover:text-accent"[39m
    [33mdata-headlessui-state[39m=[32m""[39m
    [33mid[39m=[32m"headlessui-tabs-tab-:r8e:"[39m
    [33mrole[39m=[32m"tab"[39m
    [33mtabindex[39m=[32m"-1"[39m
    [33mtype[39m=[32m"button"[39m
  [36m/>[39m

  --------------------------------------------------
  tabpanel:

  Name "Usage Analytics":
  [36m<div[39m
    [33maria-labelledby[39m=[32m"headlessui-tabs-tab-:r8d:"[39m
    [33mclass[39m=[32m"rounded-xl bg-bg p-4 focus:outline-none max-h-[60vh] overflow-y-auto"[39m
    [33mdata-headlessui-state[39m=[32m"selected"[39m
    [33mid[39m=[32m"headlessui-tabs-panel-:r8h:"[39m
    [33mrole[39m=[32m"tabpanel"[39m
    [33mtabindex[39m=[32m"0"[39m
  [36m/>[39m

  --------------------------------------------------

Ignored nodes: comments, script, style
[36m<body>[39m
  [36m<div[39m
    [33maria-hidden[39m=[32m"true"[39m
    [33minert[39m=[32m""[39m
  [36m>[39m
    [36m<div[39m
      [33mhidden[39m=[32m""[39m
      [33mstyle[39m=[32m"position: fixed; top: 1px; left: 1px; width: 1px; height: 0px; padding: 0px; margin: -1px; overflow: hidden; clip: rect(0, 0, 0, 0); white-space: nowrap; border-width: 0px; display: none;"[39m
    [36m/>[39m
  [36m</div>[39m
  [36m<div[39m
    [33mid[39m=[32m"headlessui-portal-root"[39m
  [36m>[39m
    [36m<div[39m
      [33mdata-headlessui-portal[39m=[32m""[39m
    [36m>[39m
      [36m<button[39m
        [33maria-hidden[39m=[32m"true"[39m
        [33mdata-headlessui-focus-guard[39m=[32m"true"[39m
        [33mstyle[39m=[32m"position: fixed; top: 1px; left: 1px; width: 1px; height: 0px; padding: 0px; margin: -1px; overflow: hidden; clip: rect(0, 0, 0, 0); white-space: nowrap; border-width: 0px;"[39m
        [33mtype[39m=[32m"button"[39m
      [36m/>[39m
      [36m<div>[39m
        [36m<div[39m
          [33maria-labelledby[39m=[32m"headlessui-dialog-title-:r8a:"[39m
          [33maria-modal[39m=[32m"true"[39m
          [33mclass[39m=[32m"relative z-50"[39m
          [33mdata-headlessui-state[39m=[32m"open"[39m
          [33mid[39m=[32m"headlessui-dialog-:r88:"[39m
          [33mrole[39m=[32m"dialog"[39m
        [36m>[39m
          [36m<div[39m
            [33mclass[39m=[32m"fixed inset-0 bg-black bg-opacity-25 dark:bg-opacity-50"[39m
          [36m/>[39m
          [36m<div[39m
            [33mclass[39m=[32m"fixed inset-0 overflow-y-auto"[39m
          [36m>[39m
            [36m<div[39m
              [33mclass[39m=[32m"flex min-h-full items-center justify-center p-4"[39m
            [36m>[39m
              [36m<div[39m
                [33mclass[39m=[32m"w-full max-w-6xl transform overflow-hidden rounded-2xl bg-card p-6 text-left align-middle shadow-xl transition-all"[39m
                [33mdata-headlessui-state[39m=[32m"open"[39m
                [33mid[39m=[32m"headlessui-dialog-panel-:r89:"[39m
              [36m>[39m
                [36m<div[39m
                  [33mclass[39m=[32m"flex items-start justify-between mb-6"[39m
                [36m>[39m
                  [36m<div>[39m
                    [36m<h3[39m
                      [33mclass[39m=[32m"text-2xl font-bold text-fg"[39m
                      [33mdata-headlessui-state[39m=[32m"open"[39m
                      [33mid[39m=[32m"headlessui-dialog-title-:r8a:"[39m
                    [36m>[39m
                      [0mTest Component[0m
                    [36m</h3>[39m
                    [36m<p[39m
                      [33mclass[39m=[32m"mt-1 text-fg"[39m
                    [36m>[39m
                      [0mTest component description[0m
                    [36m</p>[39m
                  [36m</div>[39m
                  [36m<button[39m
                    [33mclass[39m=[32m"text-fg hover:text-accent"[39m
                  [36m>[39m
                    [36m<svg[39m
                      [33maria-hidden[39m=[32m"true"[39m
                      [33mclass[39m=[32m"w-6 h-6"[39m
                      [33mdata-slot[39m=[32m"icon"[39m
                      [33mfill[39m=[32m"none"[39m
                      [33mstroke[39m=[32m"currentColor"[39m
                      [33mstroke-width[39m=[32m"1.5"[39m
                      [33mviewBox[39m=[32m"0 0 24 24"[39m
                      [33mxmlns[39m=[32m"http://www.w3.org/2000/svg"[39m
                    [36m>[39m
                      [36m<path[39m
                        [33md[39m=[32m"M6 18 18 6M6 6l12 12"[39m
                        [33mstroke-linecap[39m=[32m"round"[39m
                        [33mstroke-linejoin[39m=[32m"round"[39m
                      [36m/>[39m
                    [36m</svg>[39m
                  [36m</button>[39m
                [36m</div>[39m
                [36m<div[39m
                  [33mclass[39m=[32m"flex flex-wrap gap-2 mb-6"[39m
                [36m>[39m
                  [36m<span[39m
                    [33mclass[39m=[32m"px-3 py-1 text-sm font-medium rounded-full bg-green-100 dark:bg-green-900/20 text-green-800 dark:text-green-300"[39m
                  [36m>[39m
                    [0mActive[0m
                  [36m</span>[39m
                  [36m<span[39m
                    [33mclass[39m=[32m"px-3 py-1 text-sm bg-purple-100 dark:bg-purple-900/20 text-purple-800 dark:text-purple-300 rounded-full"[39m
                  [36m>[39m
                    [0mv1.0[0m
                  [36m</span>[39m
                  [36m<span[39m
                    [33mclass[39m=[32m"px-3 py-1 text-sm bg-blue-100 dark:bg-blue-900/20 text-blue-800 dark:text-blue-300 rounded-full"[39m
                  [36m>[39m
                    [0mtag1[0m
                  [36m</span>[39m
                  [36m<span[39m
                    [33mclass[39m=[32m"px-3 py-1 text-sm bg-blue-100 dark:bg-blue-900/20 text-blue-800 dark:text-blue-300 rounded-full"[39m
                  [36m>[39m
                    [0mtag2[0m
                  [36m</span>[39m
                [36m</div>[39m
                [36m<div[39m
                  [33maria-orientation[39m=[32m"horizontal"[39m
                  [33mclass[39m=[32m"flex space-x-1 rounded-xl bg-bg-secondary p-1 mb-6"[39m
                  [33mrole[39m=[32m"tablist"[39m
                [36m>[39m
                  [36m<button[39m
                    [33maria-controls[39m=[32m"headlessui-tabs-panel-:r8f:"[39m
                    [33maria-selected[39m=[32m"false"[39m
                    [33mclass[39m=[32m"w-full rounded-lg py-2.5 text-sm font-medium leading-5 focus:outline-none focus:ring-2 ring-offset-2 ring-offset-bg ring-accent text-fg hover:bg-bg-secondary/[0.6] hover:text-accent"[39m
                    [33mdata-headlessui-state[39m=[32m""[39m
                    [33mid[39m=[32m"headlessui-tabs-tab-:r8b:"[39m
                    [33mrole[39m=[32m"tab"[39m
                    [33mtabindex[39m=[32m"-1"[39m
                    [33mtype[39m=[32m"button"[39m
                  [36m>[39m
                    [0mOverview[0m
                  [36m</button>[39m
                  [36m<button[39m
                    [33maria-controls[39m=[32m"headlessui-tabs-panel-:r8g:"[39m
                    [33maria-selected[39m=[32m"false"[39m
                    [33mclass[39m=[32m"w-full rounded-lg py-2.5 text-sm font-medium leading-5 focus:outline-none focus:ring-2 ring-offset-2 ring-offset-bg ring-accent text-fg hover:bg-bg-secondary/[0.6] hover:text-accent"[39m
                    [33mdata-headlessui-state[39m=[32m""[39m
                    [33mid[39m=[32m"headlessui-tabs-tab-:r8c:"[39m
                    [33mrole[39m=[32m"tab"[39m
                    [33mtabindex[39m=[32m"-1"[39m
                    [33mtype[39m=[32m"button"[39m
                  [36m>[39m
                    [0mVersion History[0m
                  [36m</button>[39m
                  [36m<button[39m
                    [33maria-controls[39m=[32m"headlessui-tabs-panel-:r8h:"[39m
                    [33maria-selected[39m=[32m"true"[39m
                    [33mclass[39m=[32m"w-full rounded-lg py-2.5 text-sm font-medium leading-5 focus:outline-none focus:ring-2 ring-offset-2 ring-offset-bg ring-accent bg-accent text-white shadow"[39m
                    [33mdata-headlessui-state[39m=[32m"selected"[39m
                    [33mid[39m=[32m"headlessui-tabs-tab-:r8d:"[39m
                    [33mrole[39m=[32m"tab"[39m
                    [33mtabindex[39m=[32m"0"[39m
                    [33mtype[39m=[32m"button"[39m
                  [36m>[39m
                    [0mUsage Analytics[0m
                  [36m</button>[39m
                  [36m<button[39m
                    [33maria-controls[39m=[32m"headlessui-tabs-panel-:r8i:"[39m
                    [33maria-selected[39m=[32m"false"[39m
                    [33mclass[39m=[32m"w-full rounded-lg py-2.5 text-sm font-medium leading-5 focus:outline-none focus:ring-2 ring-offset-2 ring-offset-bg ring-accent text-fg hover:bg-bg-secondary/[0.6] hover:text-accent"[39m
                    [33mdata-headlessui-state[39m=[32m""[39m
                    [33mid[39m=[32m"headlessui-tabs-tab-:r8e:"[39m
                    [33mrole[39m=[32m"tab"[39m
                    [33mtabindex[39m=[32m"-1"[39m
                    [33mtype[39m=[32m"button"[39m
                  [36m>[39m
                    [0mChecksum[0m
                  [36m</button>[39m
                [36m</div>[39m
                [36m<div[39m
                  [33mclass[39m=[32m"mt-2"[39m
                [36m>[39m
                  [36m<span[39m
                    [33maria-hidden[39m=[32m"true"[39m
                    [33maria-labelledby[39m=[32m"headlessui-tabs-tab-:r8b:"[39m
                    [33mid[39m=[32m"headlessui-tabs-panel-:r8f:"[39m
                    [33mrole[39m=[32m"tabpanel"[39m
                    [33mstyle[39m=[32m"position: fixed; top: 1px; left: 1px; width: 1px; height: 0px; padding: 0px; margin: -1px; overflow: hidden; clip: rect(0, 0, 0, 0); white-space: nowrap; border-width: 0px;"[39m
                    [33mtabindex[39m=[32m"-1"[39m
                  [36m/>[39m
                  [36m<span[39m
                    [33maria-hidden[39m=[32m"true"[39m
                    [33maria-labelledby[39m=[32m"headlessui-tabs-tab-:r8c:"[39m
                    [33mid[39m=[32m"headlessui-tabs-panel-:r8g:"[39m
                    [33mrole[39m=[32m"tabpanel"[39m
                    [33mstyle[39m=[32m"position: fixed; top: 1px; left: 1px; width: 1px; height: 0px; padding: 0px; margin: -1px; overflow: hidden; clip: rect(0, 0, 0, 0); white-space: nowrap; border-width: 0px;"[39m
                    [33mtabindex[39m=[32m"-1"[39m
                  [36m/>[39m
                  [36m<div[39m
                    [33maria-labelledby[39m=[32m"headlessui-tabs-tab-:r8d:"[39m
                    [33mclass[39m=[32m"rounded-xl bg-bg p-4 focus:outline-none max-h-[60vh] overflow-y-auto"[39m
                    [33mdata-headlessui-state[39m=[32m"selected"[39m
                    [33mid[39m=[32m"headlessui-tabs-panel-:r8h:"[39m
                    [33mrole[39m=[32m"tabpanel"[39m
                    [33mtabindex[39m=[32m"0"[39m
                  [36m>[39m
                    [36m<div[39m
                      [33mclass[39m=[32m"space-y-6"[39m
                    [36m>[39m
                      [36m<div[39m
                        [33mclass[39m=[32m"flex items-center justify-center py-12"[39m
                      [36m>[39m
                        [36m<div[39m
                          [33mclass[39m=[32m"animate-spin rounded-full h-8 w-8 border-b-2 border-accent"[39m
                        [36m/>[39m
                      [36m</div>[39m
                    [36m</div>[39m
                  [36m</div>[39m
                  [36m<span[39m
                    [33maria-hidden[39m=[32m"true"[39m
                    [33maria-labelledby[39m=[32m"headlessui-tabs-tab-:r8e:"[39m
                    [33mid[39m=[32m"headlessui-tabs-panel-:r8i:"[39m
                    [33mrole[39m=[32m"tabpanel"[39m
                    [33mstyle[39m=[32m"position: fixed; top: 1px; left: 1px; width: 1px; height: 0px; padding: 0px; margin: -1px; overflow: hidden; clip: rect(0, 0, 0, 0); white-space: nowrap; border-width: 0px;"[39m
                    [33mtabindex[39m=[32m"-1"[39m
                  [36m/>[39m
                [36m</div>[39m
                [36m<div[39m
                  [33mclass[39m=[32m"flex items-center justify-end gap-3 mt-6 pt-4 border-t border-border"[39m
                [36m>[39m
                  [36m<button[39m
                    [33mclass[39m=[32m"px-4 py-2 text-fg hover:text-accent"[39m
                  [36m>[39m
                    [0mClose[0m
                  [36m</button>[39m
                  [36m<button[39m
                    [33mclass[39m=[32m"px-4 py-2 bg-accent text-white rounded-lg hover:bg-accent-dark"[39m
                  [36m>[39m
                    [0mEdit Component[0m
                  [36m</button>[39m
                [36m</div>[39m
              [36m</div>[39m
            [36m</div>[39m
          [36m</div>[39m
        [36m</div>[39m
      [36m</div>[39m
      [36m<button[39m
        [33maria-hidden[39m=[32m"true"[39m
        [33mdata-headlessui-focus-guard[39m=[32m"true"[39m
        [33mstyle[39m=[32m"position: fixed; top: 1px; left: 1px; width: 1px; height: 0px; padding: 0px; margin: -1px; overflow: hidden; clip: rect(0, 0, 0, 0); white-space: nowrap; border-width: 0px;"[39m
        [33mtype[39m=[32m"button"[39m
      [36m/>[39m
    [36m</div>[39m
  [36m</div>[39m
[36m</body>[39m
   ❯ src/components/__tests__/ComponentDetailModal.test.tsx > ComponentDetailModal > Usage Analytics Tab > should display workflows using this component
     → Found multiple elements with the text: Test Workflow 1

Here are the matching elements:

Ignored nodes: comments, script, style
[36m<td[39m
  [33mclass[39m=[32m"px-3 py-2 text-sm text-fg"[39m
[36m>[39m
  [0mTest Workflow 1[0m
[36m</td>[39m

Ignored nodes: comments, script, style
[36m<td[39m
  [33mclass[39m=[32m"px-3 py-2 text-sm text-fg"[39m
[36m>[39m
  [0mTest Workflow 1[0m
[36m</td>[39m

(If this is intentional, then use the `*AllBy*` variant of the query (like `queryAllByText`, `getAllByText`, or `findAllByText`)).

Ignored nodes: comments, script, style
[36m<body>[39m
  [36m<div[39m
    [33maria-hidden[39m=[32m"true"[39m
    [33minert[39m=[32m""[39m
  [36m>[39m
    [36m<div[39m
      [33mhidden[39m=[32m""[39m
      [33mstyle[39m=[32m"position: fixed; top: 1px; left: 1px; width: 1px; height: 0px; padding: 0px; margin: -1px; overflow: hidden; clip: rect(0, 0, 0, 0); white-space: nowrap; border-width: 0px; display: none;"[39m
    [36m/>[39m
  [36m</div>[39m
  [36m<div[39m
    [33mid[39m=[32m"headlessui-portal-root"[39m
  [36m>[39m
    [36m<div[39m
      [33mdata-headlessui-portal[39m=[32m""[39m
    [36m>[39m
      [36m<button[39m
        [33maria-hidden[39m=[32m"true"[39m
        [33mdata-headlessui-focus-guard[39m=[32m"true"[39m
        [33mstyle[39m=[32m"position: fixed; top: 1px; left: 1px; width: 1px; height: 0px; padding: 0px; margin: -1px; overflow: hidden; clip: rect(0, 0, 0, 0); white-space: nowrap; border-width: 0px;"[39m
        [33mtype[39m=[32m"button"[39m
      [36m/>[39m
      [36m<div>[39m
        [36m<div[39m
          [33maria-labelledby[39m=[32m"headlessui-dialog-title-:ra1:"[39m
          [33maria-modal[39m=[32m"true"[39m
          [33mclass[39m=[32m"relative z-50"[39m
          [33mdata-headlessui-state[39m=[32m"open"[39m
          [33mid[39m=[32m"headlessui-dialog-:r9v:"[39m
          [33mrole[39m=[32m"dialog"[39m
        [36m>[39m
          [36m<div[39m
            [33mclass[39m=[32m"fixed inset-0 bg-black bg-opacity-25 dark:bg-opacity-50"[39m
          [36m/>[39m
          [36m<div[39m
            [33mclass[39m=[32m"fixed inset-0 overflow-y-auto"[39m
          [36m>[39m
            [36m<div[39m
              [33mclass[39m=[32m"flex min-h-full items-center justify-center p-4"[39m
            [36m>[39m
              [36m<div[39m
                [33mclass[39m=[32m"w-full max-w-6xl transform overflow-hidden rounded-2xl bg-card p-6 text-left align-middle shadow-xl transition-all"[39m
                [33mdata-headlessui-state[39m=[32m"open"[39m
                [33mid[39m=[32m"headlessui-dialog-panel-:ra0:"[39m
              [36m>[39m
                [36m<div[39m
                  [33mclass[39m=[32m"flex items-start justify-between mb-6"[39m
                [36m>[39m
                  [36m<div>[39m
                    [36m<h3[39m
                      [33mclass[39m=[32m"text-2xl font-bold text-fg"[39m
                      [33mdata-headlessui-state[39m=[32m"open"[39m
                      [33mid[39m=[32m"headlessui-dialog-title-:ra1:"[39m
                    [36m>[39m
                      [0mTest Component[0m
                    [36m</h3>[39m
                    [36m<p[39m
                      [33mclass[39m=[32m"mt-1 text-fg"[39m
                    [36m>[39m
                      [0mTest component description[0m
                    [36m</p>[39m
                  [36m</div>[39m
                  [36m<button[39m
                    [33mclass[39m=[32m"text-fg hover:text-accent"[39m
                  [36m>[39m
                    [36m<svg[39m
                      [33maria-hidden[39m=[32m"true"[39m
                      [33mclass[39m=[32m"w-6 h-6"[39m
                      [33mdata-slot[39m=[32m"icon"[39m
                      [33mfill[39m=[32m"none"[39m
                      [33mstroke[39m=[32m"currentColor"[39m
                      [33mstroke-width[39m=[32m"1.5"[39m
                      [33mviewBox[39m=[32m"0 0 24 24"[39m
                      [33mxmlns[39m=[32m"http://www.w3.org/2000/svg"[39m
                    [36m>[39m
                      [36m<path[39m
                        [33md[39m=[32m"M6 18 18 6M6 6l12 12"[39m
                        [33mstroke-linecap[39m=[32m"round"[39m
                        [33mstroke-linejoin[39m=[32m"round"[39m
                      [36m/>[39m
                    [36m</svg>[39m
                  [36m</button>[39m
                [36m</div>[39m
                [36m<div[39m
                  [33mclass[39m=[32m"flex flex-wrap gap-2 mb-6"[39m
                [36m>[39m
                  [36m<span[39m
                    [33mclass[39m=[32m"px-3 py-1 text-sm font-medium rounded-full bg-green-100 dark:bg-green-900/20 text-green-800 dark:text-green-300"[39m
                  [36m>[39m
                    [0mActive[0m
                  [36m</span>[39m
                  [36m<span[39m
                    [33mclass[39m=[32m"px-3 py-1 text-sm bg-purple-100 dark:bg-purple-900/20 text-purple-800 dark:text-purple-300 rounded-full"[39m
                  [36m>[39m
                    [0mv1.0[0m
                  [36m</span>[39m
                  [36m<span[39m
                    [33mclass[39m=[32m"px-3 py-1 text-sm bg-blue-100 dark:bg-blue-900/20 text-blue-800 dark:text-blue-300 rounded-full"[39m
                  [36m>[39m
                    [0mtag1[0m
                  [36m</span>[39m
                  [36m<span[39m
                    [33mclass[39m=[32m"px-3 py-1 text-sm bg-blue-100 dark:bg-blue-900/20 text-blue-800 dark:text-blue-300 rounded-full"[39m
                  [36m>[39m
                    [0mtag2[0m
                  [36m</span>[39m
                [36m</div>[39m
                [36m<div[39m
                  [33maria-orientation[39m=[32m"horizontal"[39m
                  [33mclass[39m=[32m"flex space-x-1 rounded-xl bg-bg-secondary p-1 mb-6"[39m
                  [33mrole[39m=[32m"tablist"[39m
                [36m>[39m
                  [36m<button[39m
                    [33maria-controls[39m=[32m"headlessui-tabs-panel-:ra6:"[39m
                    [33maria-selected[39m=[32m"false"[39m
                    [33mclass[39m=[32m"w-full rounded-lg py-2.5 text-sm font-medium leading-5 focus:outline-none focus:ring-2 ring-offset-2 ring-offset-bg ring-accent text-fg hover:bg-bg-secondary/[0.6] hover:text-accent"[39m
                    [33mdata-headlessui-state[39m=[32m""[39m
                    [33mid[39m=[32m"headlessui-tabs-tab-:ra2:"[39m
                    [33mrole[39m=[32m"tab"[39m
                    [33mtabindex[39m=[32m"-1"[39m
                    [33mtype[39m=[32m"button"[39m
                  [36m>[39m
                    [0mOverview[0m
                  [36m</button>[39m
                  [36m<button[39m
                    [33maria-controls[39m=[32m"headlessui-tabs-panel-:ra7:"[39m
                    [33maria-selected[39m=[32m"false"[39m
                    [33mclass[39m=[32m"w-full rounded-lg py-2.5 text-sm font-medium leading-5 focus:outline-none focus:ring-2 ring-offset-2 ring-offset-bg ring-accent text-fg hover:bg-bg-secondary/[0.6] hover:text-accent"[39m
                    [33mdata-headlessui-state[39m=[32m""[39m
                    [33mid[39m=[32m"headlessui-tabs-tab-:ra3:"[39m
     ...

Ignored nodes: comments, script, style
[36m<html[39m
  [33mstyle[39m=[32m"overflow: hidden; padding-right: 1024px;"[39m
[36m>[39m
  [36m<head />[39m
  [36m<body>[39m
    [36m<div[39m
      [33maria-hidden[39m=[32m"true"[39m
      [33minert[39m=[32m""[39m
    [36m>[39m
      [36m<div[39m
        [33mhidden[39m=[32m""[39m
        [33mstyle[39m=[32m"position: fixed; top: 1px; left: 1px; width: 1px; height: 0px; padding: 0px; margin: -1px; overflow: hidden; clip: rect(0, 0, 0, 0); white-space: nowrap; border-width: 0px; display: none;"[39m
      [36m/>[39m
    [36m</div>[39m
    [36m<div[39m
      [33mid[39m=[32m"headlessui-portal-root"[39m
    [36m>[39m
      [36m<div[39m
        [33mdata-headlessui-portal[39m=[32m""[39m
      [36m>[39m
        [36m<button[39m
          [33maria-hidden[39m=[32m"true"[39m
          [33mdata-headlessui-focus-guard[39m=[32m"true"[39m
          [33mstyle[39m=[32m"position: fixed; top: 1px; left: 1px; width: 1px; height: 0px; padding: 0px; margin: -1px; overflow: hidden; clip: rect(0, 0, 0, 0); white-space: nowrap; border-width: 0px;"[39m
          [33mtype[39m=[32m"button"[39m
        [36m/>[39m
        [36m<div>[39m
          [36m<div[39m
            [33maria-labelledby[39m=[32m"headlessui-dialog-title-:ra1:"[39m
            [33maria-modal[39m=[32m"true"[39m
            [33mclass[39m=[32m"relative z-50"[39m
            [33mdata-headlessui-state[39m=[32m"open"[39m
            [33mid[39m=[32m"headlessui-dialog-:r9v:"[39m
            [33mrole[39m=[32m"dialog"[39m
          [36m>[39m
            [36m<div[39m
              [33mclass[39m=[32m"fixed inset-0 bg-black bg-opacity-25 dark:bg-opacity-50"[39m
            [36m/>[39m
            [36m<div[39m
              [33mclass[39m=[32m"fixed inset-0 overflow-y-auto"[39m
            [36m>[39m
              [36m<div[39m
                [33mclass[39m=[32m"flex min-h-full items-center justify-center p-4"[39m
              [36m>[39m
                [36m<div[39m
                  [33mclass[39m=[32m"w-full max-w-6xl transform overflow-hidden rounded-2xl bg-card p-6 text-left align-middle shadow-xl transition-all"[39m
                  [33mdata-headlessui-state[39m=[32m"open"[39m
                  [33mid[39m=[32m"headlessui-dialog-panel-:ra0:"[39m
                [36m>[39m
                  [36m<div[39m
                    [33mclass[39m=[32m"flex items-start justify-between mb-6"[39m
                  [36m>[39m
                    [36m<div>[39m
                      [36m<h3[39m
                        [33mclass[39m=[32m"text-2xl font-bold text-fg"[39m
                        [33mdata-headlessui-state[39m=[32m"open"[39m
                        [33mid[39m=[32m"headlessui-dialog-title-:ra1:"[39m
                      [36m>[39m
                        [0mTest Component[0m
                      [36m</h3>[39m
                      [36m<p[39m
                        [33mclass[39m=[32m"mt-1 text-fg"[39m
                      [36m>[39m
                        [0mTest component description[0m
                      [36m</p>[39m
                    [36m</div>[39m
                    [36m<button[39m
                      [33mclass[39m=[32m"text-fg hover:text-accent"[39m
                    [36m>[39m
                      [36m<svg[39m
                        [33maria-hidden[39m=[32m"true"[39m
                        [33mclass[39m=[32m"w-6 h-6"[39m
                        [33mdata-slot[39m=[32m"icon"[39m
                        [33mfill[39m=[32m"none"[39m
                        [33mstroke[39m=[32m"currentColor"[39m
                        [33mstroke-width[39m=[32m"1.5"[39m
                        [33mviewBox[39m=[32m"0 0 24 24"[39m
                        [33mxmlns[39m=[32m"http://www.w3.org/2000/svg"[39m
                      [36m>[39m
                        [36m<path[39m
                          [33md[39m=[32m"M6 18 18 6M6 6l12 12"[39m
                          [33mstroke-linecap[39m=[32m"round"[39m
                          [33mstroke-linejoin[39m=[32m"round"[39m
                        [36m/>[39m
                      [36m</svg>[39m
                    [36m</button>[39m
                  [36m</div>[39m
                  [36m<div[39m
                    [33mclass[39m=[32m"flex flex-wrap gap-2 mb-6"[39m
                  [36m>[39m
                    [36m<span[39m
                      [33mclass[39m=[32m"px-3 py-1 text-sm font-medium rounded-full bg-green-100 dark:bg-green-900/20 text-green-800 dark:text-green-300"[39m
                    [36m>[39m
                      [0mActive[0m
                    [36m</span>[39m
                    [36m<span[39m
                      [33mclass[39m=[32m"px-3 py-1 text-sm bg-purple-100 dark:bg-purple-900/20 text-purple-800 dark:text-purple-300 rounded-full"[39m
                    [36m>[39m
                      [0mv1.0[0m
                    [36m</span>[39m
                    [36m<span[39m
                      [33mclass[39m=[32m"px-3 py-1 text-sm bg-blue-100 dark:bg-blue-900/20 text-blue-800 dark:text-blue-300 rounded-full"[39m
                    [36m>[39m
                      [0mtag1[0m
                    [36m</span>[39m
                    [36m<span[39m
                      [33mclass[39m=[32m"px-3 py-1 text-sm bg-blue-100 dark:bg-blue-900/20 text-blue-800 dark:text-blue-300 rounded-full"[39m
                    [36m>[39m
                      [0mtag2[0m
                    [36m</span>[39m
                  [36m</div>[39m
                  [36m<div[39m
                    [33maria-orientation[39m=[32m"horizontal"[39m
                    [33mclass[39m=[32m"flex space-x-1 rounded-xl bg-bg-secondary p-1 mb-6"[39m
                    [33mrole[39m=[32m"tablist"[39m
                  [36m>[39m
                    [36m<button[39m
                      [33maria-controls[39m=[32m"headlessui-tabs-panel-:ra6:"[39m
                      [33maria-selected[39m=[32m"false"[39m
                      [33mclass[39m=[32m"w-full rounded-lg py-2.5 text-sm font-medium leading-5 focus:outline-none focus:ring-2 ring-offset-2 ring-offset-bg ring-accent text-fg hover:bg-bg-secondary/[0.6] hover:text-accent"[39m
                      [33mdata-headlessui-state[39m=[32m""[39m
                      [33mid[39m=[32m"headlessui-tabs-tab-:ra2:"[39m
                      [33mrole[39m=[32m"tab"[39m
                      [33mtabindex[39m=[32m"-1"[39m
                      [33mtype[39m=[32m"button"[39m
                    [36m>[39m
                      [0mOverview[0m
                    [36m</button>[39m
                    [36m<button[39m
                      [33maria-controls[39m=[32m"headlessui-tabs-panel-:ra7:"[39m
                      [33maria-selected[39m=[32m"false"[3...
   ❯ src/components/__tests__/ComponentDetailModal.test.tsx > ComponentDetailModal > Usage Analytics Tab > should display execution history table
     → Found multiple elements with the text: Test Workflow 1

Here are the matching elements:

Ignored nodes: comments, script, style
[36m<td[39m
  [33mclass[39m=[32m"px-3 py-2 text-sm text-fg"[39m
[36m>[39m
  [0mTest Workflow 1[0m
[36m</td>[39m

Ignored nodes: comments, script, style
[36m<td[39m
  [33mclass[39m=[32m"px-3 py-2 text-sm text-fg"[39m
[36m>[39m
  [0mTest Workflow 1[0m
[36m</td>[39m

(If this is intentional, then use the `*AllBy*` variant of the query (like `queryAllByText`, `getAllByText`, or `findAllByText`)).

Ignored nodes: comments, script, style
[36m<body>[39m
  [36m<div[39m
    [33maria-hidden[39m=[32m"true"[39m
    [33minert[39m=[32m""[39m
  [36m>[39m
    [36m<div[39m
      [33mhidden[39m=[32m""[39m
      [33mstyle[39m=[32m"position: fixed; top: 1px; left: 1px; width: 1px; height: 0px; padding: 0px; margin: -1px; overflow: hidden; clip: rect(0, 0, 0, 0); white-space: nowrap; border-width: 0px; display: none;"[39m
    [36m/>[39m
  [36m</div>[39m
  [36m<div[39m
    [33mid[39m=[32m"headlessui-portal-root"[39m
  [36m>[39m
    [36m<div[39m
      [33mdata-headlessui-portal[39m=[32m""[39m
    [36m>[39m
      [36m<button[39m
        [33maria-hidden[39m=[32m"true"[39m
        [33mdata-headlessui-focus-guard[39m=[32m"true"[39m
        [33mstyle[39m=[32m"position: fixed; top: 1px; left: 1px; width: 1px; height: 0px; padding: 0px; margin: -1px; overflow: hidden; clip: rect(0, 0, 0, 0); white-space: nowrap; border-width: 0px;"[39m
        [33mtype[39m=[32m"button"[39m
      [36m/>[39m
      [36m<div>[39m
        [36m<div[39m
          [33maria-labelledby[39m=[32m"headlessui-dialog-title-:ran:"[39m
          [33maria-modal[39m=[32m"true"[39m
          [33mclass[39m=[32m"relative z-50"[39m
          [33mdata-headlessui-state[39m=[32m"open"[39m
          [33mid[39m=[32m"headlessui-dialog-:ral:"[39m
          [33mrole[39m=[32m"dialog"[39m
        [36m>[39m
          [36m<div[39m
            [33mclass[39m=[32m"fixed inset-0 bg-black bg-opacity-25 dark:bg-opacity-50"[39m
          [36m/>[39m
          [36m<div[39m
            [33mclass[39m=[32m"fixed inset-0 overflow-y-auto"[39m
          [36m>[39m
            [36m<div[39m
              [33mclass[39m=[32m"flex min-h-full items-center justify-center p-4"[39m
            [36m>[39m
              [36m<div[39m
                [33mclass[39m=[32m"w-full max-w-6xl transform overflow-hidden rounded-2xl bg-card p-6 text-left align-middle shadow-xl transition-all"[39m
                [33mdata-headlessui-state[39m=[32m"open"[39m
                [33mid[39m=[32m"headlessui-dialog-panel-:ram:"[39m
              [36m>[39m
                [36m<div[39m
                  [33mclass[39m=[32m"flex items-start justify-between mb-6"[39m
                [36m>[39m
                  [36m<div>[39m
                    [36m<h3[39m
                      [33mclass[39m=[32m"text-2xl font-bold text-fg"[39m
                      [33mdata-headlessui-state[39m=[32m"open"[39m
                      [33mid[39m=[32m"headlessui-dialog-title-:ran:"[39m
                    [36m>[39m
                      [0mTest Component[0m
                    [36m</h3>[39m
                    [36m<p[39m
                      [33mclass[39m=[32m"mt-1 text-fg"[39m
                    [36m>[39m
                      [0mTest component description[0m
                    [36m</p>[39m
                  [36m</div>[39m
                  [36m<button[39m
                    [33mclass[39m=[32m"text-fg hover:text-accent"[39m
                  [36m>[39m
                    [36m<svg[39m
                      [33maria-hidden[39m=[32m"true"[39m
                      [33mclass[39m=[32m"w-6 h-6"[39m
                      [33mdata-slot[39m=[32m"icon"[39m
                      [33mfill[39m=[32m"none"[39m
                      [33mstroke[39m=[32m"currentColor"[39m
                      [33mstroke-width[39m=[32m"1.5"[39m
                      [33mviewBox[39m=[32m"0 0 24 24"[39m
                      [33mxmlns[39m=[32m"http://www.w3.org/2000/svg"[39m
                    [36m>[39m
                      [36m<path[39m
                        [33md[39m=[32m"M6 18 18 6M6 6l12 12"[39m
                        [33mstroke-linecap[39m=[32m"round"[39m
                        [33mstroke-linejoin[39m=[32m"round"[39m
                      [36m/>[39m
                    [36m</svg>[39m
                  [36m</button>[39m
                [36m</div>[39m
                [36m<div[39m
                  [33mclass[39m=[32m"flex flex-wrap gap-2 mb-6"[39m
                [36m>[39m
                  [36m<span[39m
                    [33mclass[39m=[32m"px-3 py-1 text-sm font-medium rounded-full bg-green-100 dark:bg-green-900/20 text-green-800 dark:text-green-300"[39m
                  [36m>[39m
                    [0mActive[0m
                  [36m</span>[39m
                  [36m<span[39m
                    [33mclass[39m=[32m"px-3 py-1 text-sm bg-purple-100 dark:bg-purple-900/20 text-purple-800 dark:text-purple-300 rounded-full"[39m
                  [36m>[39m
                    [0mv1.0[0m
                  [36m</span>[39m
                  [36m<span[39m
                    [33mclass[39m=[32m"px-3 py-1 text-sm bg-blue-100 dark:bg-blue-900/20 text-blue-800 dark:text-blue-300 rounded-full"[39m
                  [36m>[39m
                    [0mtag1[0m
                  [36m</span>[39m
                  [36m<span[39m
                    [33mclass[39m=[32m"px-3 py-1 text-sm bg-blue-100 dark:bg-blue-900/20 text-blue-800 dark:text-blue-300 rounded-full"[39m
                  [36m>[39m
                    [0mtag2[0m
                  [36m</span>[39m
                [36m</div>[39m
                [36m<div[39m
                  [33maria-orientation[39m=[32m"horizontal"[39m
                  [33mclass[39m=[32m"flex space-x-1 rounded-xl bg-bg-secondary p-1 mb-6"[39m
                  [33mrole[39m=[32m"tablist"[39m
                [36m>[39m
                  [36m<button[39m
                    [33maria-controls[39m=[32m"headlessui-tabs-panel-:ras:"[39m
                    [33maria-selected[39m=[32m"false"[39m
                    [33mclass[39m=[32m"w-full rounded-lg py-2.5 text-sm font-medium leading-5 focus:outline-none focus:ring-2 ring-offset-2 ring-offset-bg ring-accent text-fg hover:bg-bg-secondary/[0.6] hover:text-accent"[39m
                    [33mdata-headlessui-state[39m=[32m""[39m
                    [33mid[39m=[32m"headlessui-tabs-tab-:rao:"[39m
                    [33mrole[39m=[32m"tab"[39m
                    [33mtabindex[39m=[32m"-1"[39m
                    [33mtype[39m=[32m"button"[39m
                  [36m>[39m
                    [0mOverview[0m
                  [36m</button>[39m
                  [36m<button[39m
                    [33maria-controls[39m=[32m"headlessui-tabs-panel-:rat:"[39m
                    [33maria-selected[39m=[32m"false"[39m
                    [33mclass[39m=[32m"w-full rounded-lg py-2.5 text-sm font-medium leading-5 focus:outline-none focus:ring-2 ring-offset-2 ring-offset-bg ring-accent text-fg hover:bg-bg-secondary/[0.6] hover:text-accent"[39m
                    [33mdata-headlessui-state[39m=[32m""[39m
                    [33mid[39m=[32m"headlessui-tabs-tab-:rap:"[39m
     ...

Ignored nodes: comments, script, style
[36m<html[39m
  [33mstyle[39m=[32m"overflow: hidden; padding-right: 1024px;"[39m
[36m>[39m
  [36m<head />[39m
  [36m<body>[39m
    [36m<div[39m
      [33maria-hidden[39m=[32m"true"[39m
      [33minert[39m=[32m""[39m
    [36m>[39m
      [36m<div[39m
        [33mhidden[39m=[32m""[39m
        [33mstyle[39m=[32m"position: fixed; top: 1px; left: 1px; width: 1px; height: 0px; padding: 0px; margin: -1px; overflow: hidden; clip: rect(0, 0, 0, 0); white-space: nowrap; border-width: 0px; display: none;"[39m
      [36m/>[39m
    [36m</div>[39m
    [36m<div[39m
      [33mid[39m=[32m"headlessui-portal-root"[39m
    [36m>[39m
      [36m<div[39m
        [33mdata-headlessui-portal[39m=[32m""[39m
      [36m>[39m
        [36m<button[39m
          [33maria-hidden[39m=[32m"true"[39m
          [33mdata-headlessui-focus-guard[39m=[32m"true"[39m
          [33mstyle[39m=[32m"position: fixed; top: 1px; left: 1px; width: 1px; height: 0px; padding: 0px; margin: -1px; overflow: hidden; clip: rect(0, 0, 0, 0); white-space: nowrap; border-width: 0px;"[39m
          [33mtype[39m=[32m"button"[39m
        [36m/>[39m
        [36m<div>[39m
          [36m<div[39m
            [33maria-labelledby[39m=[32m"headlessui-dialog-title-:ran:"[39m
            [33maria-modal[39m=[32m"true"[39m
            [33mclass[39m=[32m"relative z-50"[39m
            [33mdata-headlessui-state[39m=[32m"open"[39m
            [33mid[39m=[32m"headlessui-dialog-:ral:"[39m
            [33mrole[39m=[32m"dialog"[39m
          [36m>[39m
            [36m<div[39m
              [33mclass[39m=[32m"fixed inset-0 bg-black bg-opacity-25 dark:bg-opacity-50"[39m
            [36m/>[39m
            [36m<div[39m
              [33mclass[39m=[32m"fixed inset-0 overflow-y-auto"[39m
            [36m>[39m
              [36m<div[39m
                [33mclass[39m=[32m"flex min-h-full items-center justify-center p-4"[39m
              [36m>[39m
                [36m<div[39m
                  [33mclass[39m=[32m"w-full max-w-6xl transform overflow-hidden rounded-2xl bg-card p-6 text-left align-middle shadow-xl transition-all"[39m
                  [33mdata-headlessui-state[39m=[32m"open"[39m
                  [33mid[39m=[32m"headlessui-dialog-panel-:ram:"[39m
                [36m>[39m
                  [36m<div[39m
                    [33mclass[39m=[32m"flex items-start justify-between mb-6"[39m
                  [36m>[39m
                    [36m<div>[39m
                      [36m<h3[39m
                        [33mclass[39m=[32m"text-2xl font-bold text-fg"[39m
                        [33mdata-headlessui-state[39m=[32m"open"[39m
                        [33mid[39m=[32m"headlessui-dialog-title-:ran:"[39m
                      [36m>[39m
                        [0mTest Component[0m
                      [36m</h3>[39m
                      [36m<p[39m
                        [33mclass[39m=[32m"mt-1 text-fg"[39m
                      [36m>[39m
                        [0mTest component description[0m
                      [36m</p>[39m
                    [36m</div>[39m
                    [36m<button[39m
                      [33mclass[39m=[32m"text-fg hover:text-accent"[39m
                    [36m>[39m
                      [36m<svg[39m
                        [33maria-hidden[39m=[32m"true"[39m
                        [33mclass[39m=[32m"w-6 h-6"[39m
                        [33mdata-slot[39m=[32m"icon"[39m
                        [33mfill[39m=[32m"none"[39m
                        [33mstroke[39m=[32m"currentColor"[39m
                        [33mstroke-width[39m=[32m"1.5"[39m
                        [33mviewBox[39m=[32m"0 0 24 24"[39m
                        [33mxmlns[39m=[32m"http://www.w3.org/2000/svg"[39m
                      [36m>[39m
                        [36m<path[39m
                          [33md[39m=[32m"M6 18 18 6M6 6l12 12"[39m
                          [33mstroke-linecap[39m=[32m"round"[39m
                          [33mstroke-linejoin[39m=[32m"round"[39m
                        [36m/>[39m
                      [36m</svg>[39m
                    [36m</button>[39m
                  [36m</div>[39m
                  [36m<div[39m
                    [33mclass[39m=[32m"flex flex-wrap gap-2 mb-6"[39m
                  [36m>[39m
                    [36m<span[39m
                      [33mclass[39m=[32m"px-3 py-1 text-sm font-medium rounded-full bg-green-100 dark:bg-green-900/20 text-green-800 dark:text-green-300"[39m
                    [36m>[39m
                      [0mActive[0m
                    [36m</span>[39m
                    [36m<span[39m
                      [33mclass[39m=[32m"px-3 py-1 text-sm bg-purple-100 dark:bg-purple-900/20 text-purple-800 dark:text-purple-300 rounded-full"[39m
                    [36m>[39m
                      [0mv1.0[0m
                    [36m</span>[39m
                    [36m<span[39m
                      [33mclass[39m=[32m"px-3 py-1 text-sm bg-blue-100 dark:bg-blue-900/20 text-blue-800 dark:text-blue-300 rounded-full"[39m
                    [36m>[39m
                      [0mtag1[0m
                    [36m</span>[39m
                    [36m<span[39m
                      [33mclass[39m=[32m"px-3 py-1 text-sm bg-blue-100 dark:bg-blue-900/20 text-blue-800 dark:text-blue-300 rounded-full"[39m
                    [36m>[39m
                      [0mtag2[0m
                    [36m</span>[39m
                  [36m</div>[39m
                  [36m<div[39m
                    [33maria-orientation[39m=[32m"horizontal"[39m
                    [33mclass[39m=[32m"flex space-x-1 rounded-xl bg-bg-secondary p-1 mb-6"[39m
                    [33mrole[39m=[32m"tablist"[39m
                  [36m>[39m
                    [36m<button[39m
                      [33maria-controls[39m=[32m"headlessui-tabs-panel-:ras:"[39m
                      [33maria-selected[39m=[32m"false"[39m
                      [33mclass[39m=[32m"w-full rounded-lg py-2.5 text-sm font-medium leading-5 focus:outline-none focus:ring-2 ring-offset-2 ring-offset-bg ring-accent text-fg hover:bg-bg-secondary/[0.6] hover:text-accent"[39m
                      [33mdata-headlessui-state[39m=[32m""[39m
                      [33mid[39m=[32m"headlessui-tabs-tab-:rao:"[39m
                      [33mrole[39m=[32m"tab"[39m
                      [33mtabindex[39m=[32m"-1"[39m
                      [33mtype[39m=[32m"button"[39m
                    [36m>[39m
                      [0mOverview[0m
                    [36m</button>[39m
                    [36m<button[39m
                      [33maria-controls[39m=[32m"headlessui-tabs-panel-:rat:"[39m
                      [33maria-selected[39m=[32m"false"[3...
   ❯ src/components/__tests__/ComponentDetailModal.test.tsx > ComponentDetailModal > Loading and Error States > should show loading spinner in version history tab
     → Unable to find an accessible element with the role "status"

Here are the accessible roles:

  dialog:

  Name "Test Component":
  [36m<div[39m
    [33maria-labelledby[39m=[32m"headlessui-dialog-title-:rf6:"[39m
    [33maria-modal[39m=[32m"true"[39m
    [33mclass[39m=[32m"relative z-50"[39m
    [33mdata-headlessui-state[39m=[32m"open"[39m
    [33mid[39m=[32m"headlessui-dialog-:rf4:"[39m
    [33mrole[39m=[32m"dialog"[39m
  [36m/>[39m

  --------------------------------------------------
  heading:

  Name "Test Component":
  [36m<h3[39m
    [33mclass[39m=[32m"text-2xl font-bold text-fg"[39m
    [33mdata-headlessui-state[39m=[32m"open"[39m
    [33mid[39m=[32m"headlessui-dialog-title-:rf6:"[39m
  [36m/>[39m

  --------------------------------------------------
  paragraph:

  Name "":
  [36m<p[39m
    [33mclass[39m=[32m"mt-1 text-fg"[39m
  [36m/>[39m

  --------------------------------------------------
  button:

  Name "":
  [36m<button[39m
    [33mclass[39m=[32m"text-fg hover:text-accent"[39m
  [36m/>[39m

  Name "Close":
  [36m<button[39m
    [33mclass[39m=[32m"px-4 py-2 text-fg hover:text-accent"[39m
  [36m/>[39m

  Name "Edit Component":
  [36m<button[39m
    [33mclass[39m=[32m"px-4 py-2 bg-accent text-white rounded-lg hover:bg-accent-dark"[39m
  [36m/>[39m

  --------------------------------------------------
  tablist:

  Name "":
  [36m<div[39m
    [33maria-orientation[39m=[32m"horizontal"[39m
    [33mclass[39m=[32m"flex space-x-1 rounded-xl bg-bg-secondary p-1 mb-6"[39m
    [33mrole[39m=[32m"tablist"[39m
  [36m/>[39m

  --------------------------------------------------
  tab:

  Name "Overview":
  [36m<button[39m
    [33maria-controls[39m=[32m"headlessui-tabs-panel-:rfb:"[39m
    [33maria-selected[39m=[32m"false"[39m
    [33mclass[39m=[32m"w-full rounded-lg py-2.5 text-sm font-medium leading-5 focus:outline-none focus:ring-2 ring-offset-2 ring-offset-bg ring-accent text-fg hover:bg-bg-secondary/[0.6] hover:text-accent"[39m
    [33mdata-headlessui-state[39m=[32m""[39m
    [33mid[39m=[32m"headlessui-tabs-tab-:rf7:"[39m
    [33mrole[39m=[32m"tab"[39m
    [33mtabindex[39m=[32m"-1"[39m
    [33mtype[39m=[32m"button"[39m
  [36m/>[39m

  Name "Version History":
  [36m<button[39m
    [33maria-controls[39m=[32m"headlessui-tabs-panel-:rfc:"[39m
    [33maria-selected[39m=[32m"true"[39m
    [33mclass[39m=[32m"w-full rounded-lg py-2.5 text-sm font-medium leading-5 focus:outline-none focus:ring-2 ring-offset-2 ring-offset-bg ring-accent bg-accent text-white shadow"[39m
    [33mdata-headlessui-state[39m=[32m"selected"[39m
    [33mid[39m=[32m"headlessui-tabs-tab-:rf8:"[39m
    [33mrole[39m=[32m"tab"[39m
    [33mtabindex[39m=[32m"0"[39m
    [33mtype[39m=[32m"button"[39m
  [36m/>[39m

  Name "Usage Analytics":
  [36m<button[39m
    [33maria-controls[39m=[32m"headlessui-tabs-panel-:rfd:"[39m
    [33maria-selected[39m=[32m"false"[39m
    [33mclass[39m=[32m"w-full rounded-lg py-2.5 text-sm font-medium leading-5 focus:outline-none focus:ring-2 ring-offset-2 ring-offset-bg ring-accent text-fg hover:bg-bg-secondary/[0.6] hover:text-accent"[39m
    [33mdata-headlessui-state[39m=[32m""[39m
    [33mid[39m=[32m"headlessui-tabs-tab-:rf9:"[39m
    [33mrole[39m=[32m"tab"[39m
    [33mtabindex[39m=[32m"-1"[39m
    [33mtype[39m=[32m"button"[39m
  [36m/>[39m

  Name "Checksum":
  [36m<button[39m
    [33maria-controls[39m=[32m"headlessui-tabs-panel-:rfe:"[39m
    [33maria-selected[39m=[32m"false"[39m
    [33mclass[39m=[32m"w-full rounded-lg py-2.5 text-sm font-medium leading-5 focus:outline-none focus:ring-2 ring-offset-2 ring-offset-bg ring-accent text-fg hover:bg-bg-secondary/[0.6] hover:text-accent"[39m
    [33mdata-headlessui-state[39m=[32m""[39m
    [33mid[39m=[32m"headlessui-tabs-tab-:rfa:"[39m
    [33mrole[39m=[32m"tab"[39m
    [33mtabindex[39m=[32m"-1"[39m
    [33mtype[39m=[32m"button"[39m
  [36m/>[39m

  --------------------------------------------------
  tabpanel:

  Name "Version History":
  [36m<div[39m
    [33maria-labelledby[39m=[32m"headlessui-tabs-tab-:rf8:"[39m
    [33mclass[39m=[32m"rounded-xl bg-bg p-4 focus:outline-none max-h-[60vh] overflow-y-auto"[39m
    [33mdata-headlessui-state[39m=[32m"selected"[39m
    [33mid[39m=[32m"headlessui-tabs-panel-:rfc:"[39m
    [33mrole[39m=[32m"tabpanel"[39m
    [33mtabindex[39m=[32m"0"[39m
  [36m/>[39m

  --------------------------------------------------

Ignored nodes: comments, script, style
[36m<body>[39m
  [36m<div[39m
    [33maria-hidden[39m=[32m"true"[39m
    [33minert[39m=[32m""[39m
  [36m>[39m
    [36m<div[39m
      [33mhidden[39m=[32m""[39m
      [33mstyle[39m=[32m"position: fixed; top: 1px; left: 1px; width: 1px; height: 0px; padding: 0px; margin: -1px; overflow: hidden; clip: rect(0, 0, 0, 0); white-space: nowrap; border-width: 0px; display: none;"[39m
    [36m/>[39m
  [36m</div>[39m
  [36m<div[39m
    [33mid[39m=[32m"headlessui-portal-root"[39m
  [36m>[39m
    [36m<div[39m
      [33mdata-headlessui-portal[39m=[32m""[39m
    [36m>[39m
      [36m<button[39m
        [33maria-hidden[39m=[32m"true"[39m
        [33mdata-headlessui-focus-guard[39m=[32m"true"[39m
        [33mstyle[39m=[32m"position: fixed; top: 1px; left: 1px; width: 1px; height: 0px; padding: 0px; margin: -1px; overflow: hidden; clip: rect(0, 0, 0, 0); white-space: nowrap; border-width: 0px;"[39m
        [33mtype[39m=[32m"button"[39m
      [36m/>[39m
      [36m<div>[39m
        [36m<div[39m
          [33maria-labelledby[39m=[32m"headlessui-dialog-title-:rf6:"[39m
          [33maria-modal[39m=[32m"true"[39m
          [33mclass[39m=[32m"relative z-50"[39m
          [33mdata-headlessui-state[39m=[32m"open"[39m
          [33mid[39m=[32m"headlessui-dialog-:rf4:"[39m
          [33mrole[39m=[32m"dialog"[39m
        [36m>[39m
          [36m<div[39m
            [33mclass[39m=[32m"fixed inset-0 bg-black bg-opacity-25 dark:bg-opacity-50"[39m
          [36m/>[39m
          [36m<div[39m
            [33mclass[39m=[32m"fixed inset-0 overflow-y-auto"[39m
          [36m>[39m
            [36m<div[39m
              [33mclass[39m=[32m"flex min-h-full items-center justify-center p-4"[39m
            [36m>[39m
              [36m<div[39m
                [33mclass[39m=[32m"w-full max-w-6xl transform overflow-hidden rounded-2xl bg-card p-6 text-left align-middle shadow-xl transition-all"[39m
                [33mdata-headlessui-state[39m=[32m"open"[39m
                [33mid[39m=[32m"headlessui-dialog-panel-:rf5:"[39m
              [36m>[39m
                [36m<div[39m
                  [33mclass[39m=[32m"flex items-start justify-between mb-6"[39m
                [36m>[39m
                  [36m<div>[39m
                    [36m<h3[39m
                      [33mclass[39m=[32m"text-2xl font-bold text-fg"[39m
                      [33mdata-headlessui-state[39m=[32m"open"[39m
                      [33mid[39m=[32m"headlessui-dialog-title-:rf6:"[39m
                    [36m>[39m
                      [0mTest Component[0m
                    [36m</h3>[39m
                    [36m<p[39m
                      [33mclass[39m=[32m"mt-1 text-fg"[39m
                    [36m>[39m
                      [0mTest component description[0m
                    [36m</p>[39m
                  [36m</div>[39m
                  [36m<button[39m
                    [33mclass[39m=[32m"text-fg hover:text-accent"[39m
                  [36m>[39m
                    [36m<svg[39m
                      [33maria-hidden[39m=[32m"true"[39m
                      [33mclass[39m=[32m"w-6 h-6"[39m
                      [33mdata-slot[39m=[32m"icon"[39m
                      [33mfill[39m=[32m"none"[39m
                      [33mstroke[39m=[32m"currentColor"[39m
                      [33mstroke-width[39m=[32m"1.5"[39m
                      [33mviewBox[39m=[32m"0 0 24 24"[39m
                      [33mxmlns[39m=[32m"http://www.w3.org/2000/svg"[39m
                    [36m>[39m
                      [36m<path[39m
                        [33md[39m=[32m"M6 18 18 6M6 6l12 12"[39m
                        [33mstroke-linecap[39m=[32m"round"[39m
                        [33mstroke-linejoin[39m=[32m"round"[39m
                      [36m/>[39m
                    [36m</svg>[39m
                  [36m</button>[39m
                [36m</div>[39m
                [36m<div[39m
                  [33mclass[39m=[32m"flex flex-wrap gap-2 mb-6"[39m
                [36m>[39m
                  [36m<span[39m
                    [33mclass[39m=[32m"px-3 py-1 text-sm font-medium rounded-full bg-green-100 dark:bg-green-900/20 text-green-800 dark:text-green-300"[39m
                  [36m>[39m
                    [0mActive[0m
                  [36m</span>[39m
                  [36m<span[39m
                    [33mclass[39m=[32m"px-3 py-1 text-sm bg-purple-100 dark:bg-purple-900/20 text-purple-800 dark:text-purple-300 rounded-full"[39m
                  [36m>[39m
                    [0mv1.0[0m
                  [36m</span>[39m
                  [36m<span[39m
                    [33mclass[39m=[32m"px-3 py-1 text-sm bg-blue-100 dark:bg-blue-900/20 text-blue-800 dark:text-blue-300 rounded-full"[39m
                  [36m>[39m
                    [0mtag1[0m
                  [36m</span>[39m
                  [36m<span[39m
                    [33mclass[39m=[32m"px-3 py-1 text-sm bg-blue-100 dark:bg-blue-900/20 text-blue-800 dark:text-blue-300 rounded-full"[39m
                  [36m>[39m
                    [0mtag2[0m
                  [36m</span>[39m
                [36m</div>[39m
                [36m<div[39m
                  [33maria-orientation[39m=[32m"horizontal"[39m
                  [33mclass[39m=[32m"flex space-x-1 rounded-xl bg-bg-secondary p-1 mb-6"[39m
                  [33mrole[39m=[32m"tablist"[39m
                [36m>[39m
                  [36m<button[39m
                    [33maria-controls[39m=[32m"headlessui-tabs-panel-:rfb:"[39m
                    [33maria-selected[39m=[32m"false"[39m
                    [33mclass[39m=[32m"w-full rounded-lg py-2.5 text-sm font-medium leading-5 focus:outline-none focus:ring-2 ring-offset-2 ring-offset-bg ring-accent text-fg hover:bg-bg-secondary/[0.6] hover:text-accent"[39m
                    [33mdata-headlessui-state[39m=[32m""[39m
                    [33mid[39m=[32m"headlessui-tabs-tab-:rf7:"[39m
                    [33mrole[39m=[32m"tab"[39m
                    [33mtabindex[39m=[32m"-1"[39m
                    [33mtype[39m=[32m"button"[39m
                  [36m>[39m
                    [0mOverview[0m
                  [36m</button>[39m
                  [36m<button[39m
                    [33maria-controls[39m=[32m"headlessui-tabs-panel-:rfc:"[39m
                    [33maria-selected[39m=[32m"true"[39m
                    [33mclass[39m=[32m"w-full rounded-lg py-2.5 text-sm font-medium leading-5 focus:outline-none focus:ring-2 ring-offset-2 ring-offset-bg ring-accent bg-accent text-white shadow"[39m
                    [33mdata-headlessui-state[39m=[32m"selected"[39m
                    [33mid[39m=[32m"headlessui-tabs-tab-:rf8:"[39m
                    [33mrole[39m=[32m"tab"[39m
                    [33mtabindex[39m=[32m"0"[39m
                    [33mtype[39m=[32m"button"[39m
                  [36m>[39m
                    [0mVersion History[0m
                  [36m</button>[39m
                  [36m<button[39m
                    [33maria-controls[39m=[32m"headlessui-tabs-panel-:rfd:"[39m
                    [33maria-selected[39m=[32m"false"[39m
                    [33mclass[39m=[32m"w-full rounded-lg py-2.5 text-sm font-medium leading-5 focus:outline-none focus:ring-2 ring-offset-2 ring-offset-bg ring-accent text-fg hover:bg-bg-secondary/[0.6] hover:text-accent"[39m
                    [33mdata-headlessui-state[39m=[32m""[39m
                    [33mid[39m=[32m"headlessui-tabs-tab-:rf9:"[39m
                    [33mrole[39m=[32m"tab"[39m
                    [33mtabindex[39m=[32m"-1"[39m
                    [33mtype[39m=[32m"button"[39m
                  [36m>[39m
                    [0mUsage Analytics[0m
                  [36m</button>[39m
                  [36m<button[39m
                    [33maria-controls[39m=[32m"headlessui-tabs-panel-:rfe:"[39m
                    [33maria-selected[39m=[32m"false"[39m
                    [33mclass[39m=[32m"w-full rounded-lg py-2.5 text-sm font-medium leading-5 focus:outline-none focus:ring-2 ring-offset-2 ring-offset-bg ring-accent text-fg hover:bg-bg-secondary/[0.6] hover:text-accent"[39m
                    [33mdata-headlessui-state[39m=[32m""[39m
                    [33mid[39m=[32m"headlessui-tabs-tab-:rfa:"[39m
                    [33mrole[39m=[32m"tab"[39m
                    [33mtabindex[39m=[32m"-1"[39m
                    [33mtype[39m=[32m"button"[39m
                  [36m>[39m
                    [0mChecksum[0m
                  [36m</button>[39m
                [36m</div>[39m
                [36m<div[39m
                  [33mclass[39m=[32m"mt-2"[39m
                [36m>[39m
                  [36m<span[39m
                    [33maria-hidden[39m=[32m"true"[39m
                    [33maria-labelledby[39m=[32m"headlessui-tabs-tab-:rf7:"[39m
                    [33mid[39m=[32m"headlessui-tabs-panel-:rfb:"[39m
                    [33mrole[39m=[32m"tabpanel"[39m
                    [33mstyle[39m=[32m"position: fixed; top: 1px; left: 1px; width: 1px; height: 0px; padding: 0px; margin: -1px; overflow: hidden; clip: rect(0, 0, 0, 0); white-space: nowrap; border-width: 0px;"[39m
                    [33mtabindex[39m=[32m"-1"[39m
                  [36m/>[39m
                  [36m<div[39m
                    [33maria-labelledby[39m=[32m"headlessui-tabs-tab-:rf8:"[39m
                    [33mclass[39m=[32m"rounded-xl bg-bg p-4 focus:outline-none max-h-[60vh] overflow-y-auto"[39m
                    [33mdata-headlessui-state[39m=[32m"selected"[39m
                    [33mid[39m=[32m"headlessui-tabs-panel-:rfc:"[39m
                    [33mrole[39m=[32m"tabpanel"[39m
                    [33mtabindex[39m=[32m"0"[39m
                  [36m>[39m
                    [36m<div[39m
                      [33mclass[39m=[32m"space-y-6"[39m
                    [36m>[39m
                      [36m<div[39m
                        [33mclass[39m=[32m"flex items-center justify-center py-12"[39m
                      [36m>[39m
                        [36m<div[39m
                          [33mclass[39m=[32m"animate-spin rounded-full h-8 w-8 border-b-2 border-accent"[39m
                        [36m/>[39m
                      [36m</div>[39m
                    [36m</div>[39m
                  [36m</div>[39m
                  [36m<span[39m
                    [33maria-hidden[39m=[32m"true"[39m
                    [33maria-labelledby[39m=[32m"headlessui-tabs-tab-:rf9:"[39m
                    [33mid[39m=[32m"headlessui-tabs-panel-:rfd:"[39m
                    [33mrole[39m=[32m"tabpanel"[39m
                    [33mstyle[39m=[32m"position: fixed; top: 1px; left: 1px; width: 1px; height: 0px; padding: 0px; margin: -1px; overflow: hidden; clip: rect(0, 0, 0, 0); white-space: nowrap; border-width: 0px;"[39m
                    [33mtabindex[39m=[32m"-1"[39m
                  [36m/>[39m
                  [36m<span[39m
                    [33maria-hidden[39m=[32m"true"[39m
                    [33maria-labelledby[39m=[32m"headlessui-tabs-tab-:rfa:"[39m
                    [33mid[39m=[32m"headlessui-tabs-panel-:rfe:"[39m
                    [33mrole[39m=[32m"tabpanel"[39m
                    [33mstyle[39m=[32m"position: fixed; top: 1px; left: 1px; width: 1px; height: 0px; padding: 0px; margin: -1px; overflow: hidden; clip: rect(0, 0, 0, 0); white-space: nowrap; border-width: 0px;"[39m
                    [33mtabindex[39m=[32m"-1"[39m
                  [36m/>[39m
                [36m</div>[39m
                [36m<div[39m
                  [33mclass[39m=[32m"flex items-center justify-end gap-3 mt-6 pt-4 border-t border-border"[39m
                [36m>[39m
                  [36m<button[39m
                    [33mclass[39m=[32m"px-4 py-2 text-fg hover:text-accent"[39m
                  [36m>[39m
                    [0mClose[0m
                  [36m</button>[39m
                  [36m<button[39m
                    [33mclass[39m=[32m"px-4 py-2 bg-accent text-white rounded-lg hover:bg-accent-dark"[39m
                  [36m>[39m
                    [0mEdit Component[0m
                  [36m</button>[39m
                [36m</div>[39m
              [36m</div>[39m
            [36m</div>[39m
          [36m</div>[39m
        [36m</div>[39m
      [36m</div>[39m
      [36m<button[39m
        [33maria-hidden[39m=[32m"true"[39m
        [33mdata-headlessui-focus-guard[39m=[32m"true"[39m
        [33mstyle[39m=[32m"position: fixed; top: 1px; left: 1px; width: 1px; height: 0px; padding: 0px; margin: -1px; overflow: hidden; clip: rect(0, 0, 0, 0); white-space: nowrap; border-width: 0px;"[39m
        [33mtype[39m=[32m"button"[39m
      [36m/>[39m
    [36m</div>[39m
  [36m</div>[39m
[36m</body>[39m
   ❯ src/components/__tests__/ComponentDetailModal.test.tsx > ComponentDetailModal > Loading and Error States > should show loading spinner in analytics tab
     → Unable to find an accessible element with the role "status"

Here are the accessible roles:

  dialog:

  Name "Test Component":
  [36m<div[39m
    [33maria-labelledby[39m=[32m"headlessui-dialog-title-:rfh:"[39m
    [33maria-modal[39m=[32m"true"[39m
    [33mclass[39m=[32m"relative z-50"[39m
    [33mdata-headlessui-state[39m=[32m"open"[39m
    [33mid[39m=[32m"headlessui-dialog-:rff:"[39m
    [33mrole[39m=[32m"dialog"[39m
  [36m/>[39m

  --------------------------------------------------
  heading:

  Name "Test Component":
  [36m<h3[39m
    [33mclass[39m=[32m"text-2xl font-bold text-fg"[39m
    [33mdata-headlessui-state[39m=[32m"open"[39m
    [33mid[39m=[32m"headlessui-dialog-title-:rfh:"[39m
  [36m/>[39m

  --------------------------------------------------
  paragraph:

  Name "":
  [36m<p[39m
    [33mclass[39m=[32m"mt-1 text-fg"[39m
  [36m/>[39m

  --------------------------------------------------
  button:

  Name "":
  [36m<button[39m
    [33mclass[39m=[32m"text-fg hover:text-accent"[39m
  [36m/>[39m

  Name "Close":
  [36m<button[39m
    [33mclass[39m=[32m"px-4 py-2 text-fg hover:text-accent"[39m
  [36m/>[39m

  Name "Edit Component":
  [36m<button[39m
    [33mclass[39m=[32m"px-4 py-2 bg-accent text-white rounded-lg hover:bg-accent-dark"[39m
  [36m/>[39m

  --------------------------------------------------
  tablist:

  Name "":
  [36m<div[39m
    [33maria-orientation[39m=[32m"horizontal"[39m
    [33mclass[39m=[32m"flex space-x-1 rounded-xl bg-bg-secondary p-1 mb-6"[39m
    [33mrole[39m=[32m"tablist"[39m
  [36m/>[39m

  --------------------------------------------------
  tab:

  Name "Overview":
  [36m<button[39m
    [33maria-controls[39m=[32m"headlessui-tabs-panel-:rfm:"[39m
    [33maria-selected[39m=[32m"false"[39m
    [33mclass[39m=[32m"w-full rounded-lg py-2.5 text-sm font-medium leading-5 focus:outline-none focus:ring-2 ring-offset-2 ring-offset-bg ring-accent text-fg hover:bg-bg-secondary/[0.6] hover:text-accent"[39m
    [33mdata-headlessui-state[39m=[32m""[39m
    [33mid[39m=[32m"headlessui-tabs-tab-:rfi:"[39m
    [33mrole[39m=[32m"tab"[39m
    [33mtabindex[39m=[32m"-1"[39m
    [33mtype[39m=[32m"button"[39m
  [36m/>[39m

  Name "Version History":
  [36m<button[39m
    [33maria-controls[39m=[32m"headlessui-tabs-panel-:rfn:"[39m
    [33maria-selected[39m=[32m"false"[39m
    [33mclass[39m=[32m"w-full rounded-lg py-2.5 text-sm font-medium leading-5 focus:outline-none focus:ring-2 ring-offset-2 ring-offset-bg ring-accent text-fg hover:bg-bg-secondary/[0.6] hover:text-accent"[39m
    [33mdata-headlessui-state[39m=[32m""[39m
    [33mid[39m=[32m"headlessui-tabs-tab-:rfj:"[39m
    [33mrole[39m=[32m"tab"[39m
    [33mtabindex[39m=[32m"-1"[39m
    [33mtype[39m=[32m"button"[39m
  [36m/>[39m

  Name "Usage Analytics":
  [36m<button[39m
    [33maria-controls[39m=[32m"headlessui-tabs-panel-:rfo:"[39m
    [33maria-selected[39m=[32m"true"[39m
    [33mclass[39m=[32m"w-full rounded-lg py-2.5 text-sm font-medium leading-5 focus:outline-none focus:ring-2 ring-offset-2 ring-offset-bg ring-accent bg-accent text-white shadow"[39m
    [33mdata-headlessui-state[39m=[32m"selected"[39m
    [33mid[39m=[32m"headlessui-tabs-tab-:rfk:"[39m
    [33mrole[39m=[32m"tab"[39m
    [33mtabindex[39m=[32m"0"[39m
    [33mtype[39m=[32m"button"[39m
  [36m/>[39m

  Name "Checksum":
  [36m<button[39m
    [33maria-controls[39m=[32m"headlessui-tabs-panel-:rfp:"[39m
    [33maria-selected[39m=[32m"false"[39m
    [33mclass[39m=[32m"w-full rounded-lg py-2.5 text-sm font-medium leading-5 focus:outline-none focus:ring-2 ring-offset-2 ring-offset-bg ring-accent text-fg hover:bg-bg-secondary/[0.6] hover:text-accent"[39m
    [33mdata-headlessui-state[39m=[32m""[39m
    [33mid[39m=[32m"headlessui-tabs-tab-:rfl:"[39m
    [33mrole[39m=[32m"tab"[39m
    [33mtabindex[39m=[32m"-1"[39m
    [33mtype[39m=[32m"button"[39m
  [36m/>[39m

  --------------------------------------------------
  tabpanel:

  Name "Usage Analytics":
  [36m<div[39m
    [33maria-labelledby[39m=[32m"headlessui-tabs-tab-:rfk:"[39m
    [33mclass[39m=[32m"rounded-xl bg-bg p-4 focus:outline-none max-h-[60vh] overflow-y-auto"[39m
    [33mdata-headlessui-state[39m=[32m"selected"[39m
    [33mid[39m=[32m"headlessui-tabs-panel-:rfo:"[39m
    [33mrole[39m=[32m"tabpanel"[39m
    [33mtabindex[39m=[32m"0"[39m
  [36m/>[39m

  --------------------------------------------------

Ignored nodes: comments, script, style
[36m<body>[39m
  [36m<div[39m
    [33maria-hidden[39m=[32m"true"[39m
    [33minert[39m=[32m""[39m
  [36m>[39m
    [36m<div[39m
      [33mhidden[39m=[32m""[39m
      [33mstyle[39m=[32m"position: fixed; top: 1px; left: 1px; width: 1px; height: 0px; padding: 0px; margin: -1px; overflow: hidden; clip: rect(0, 0, 0, 0); white-space: nowrap; border-width: 0px; display: none;"[39m
    [36m/>[39m
  [36m</div>[39m
  [36m<div[39m
    [33mid[39m=[32m"headlessui-portal-root"[39m
  [36m>[39m
    [36m<div[39m
      [33mdata-headlessui-portal[39m=[32m""[39m
    [36m>[39m
      [36m<button[39m
        [33maria-hidden[39m=[32m"true"[39m
        [33mdata-headlessui-focus-guard[39m=[32m"true"[39m
        [33mstyle[39m=[32m"position: fixed; top: 1px; left: 1px; width: 1px; height: 0px; padding: 0px; margin: -1px; overflow: hidden; clip: rect(0, 0, 0, 0); white-space: nowrap; border-width: 0px;"[39m
        [33mtype[39m=[32m"button"[39m
      [36m/>[39m
      [36m<div>[39m
        [36m<div[39m
          [33maria-labelledby[39m=[32m"headlessui-dialog-title-:rfh:"[39m
          [33maria-modal[39m=[32m"true"[39m
          [33mclass[39m=[32m"relative z-50"[39m
          [33mdata-headlessui-state[39m=[32m"open"[39m
          [33mid[39m=[32m"headlessui-dialog-:rff:"[39m
          [33mrole[39m=[32m"dialog"[39m
        [36m>[39m
          [36m<div[39m
            [33mclass[39m=[32m"fixed inset-0 bg-black bg-opacity-25 dark:bg-opacity-50"[39m
          [36m/>[39m
          [36m<div[39m
            [33mclass[39m=[32m"fixed inset-0 overflow-y-auto"[39m
          [36m>[39m
            [36m<div[39m
              [33mclass[39m=[32m"flex min-h-full items-center justify-center p-4"[39m
            [36m>[39m
              [36m<div[39m
                [33mclass[39m=[32m"w-full max-w-6xl transform overflow-hidden rounded-2xl bg-card p-6 text-left align-middle shadow-xl transition-all"[39m
                [33mdata-headlessui-state[39m=[32m"open"[39m
                [33mid[39m=[32m"headlessui-dialog-panel-:rfg:"[39m
              [36m>[39m
                [36m<div[39m
                  [33mclass[39m=[32m"flex items-start justify-between mb-6"[39m
                [36m>[39m
                  [36m<div>[39m
                    [36m<h3[39m
                      [33mclass[39m=[32m"text-2xl font-bold text-fg"[39m
                      [33mdata-headlessui-state[39m=[32m"open"[39m
                      [33mid[39m=[32m"headlessui-dialog-title-:rfh:"[39m
                    [36m>[39m
                      [0mTest Component[0m
                    [36m</h3>[39m
                    [36m<p[39m
                      [33mclass[39m=[32m"mt-1 text-fg"[39m
                    [36m>[39m
                      [0mTest component description[0m
                    [36m</p>[39m
                  [36m</div>[39m
                  [36m<button[39m
                    [33mclass[39m=[32m"text-fg hover:text-accent"[39m
                  [36m>[39m
                    [36m<svg[39m
                      [33maria-hidden[39m=[32m"true"[39m
                      [33mclass[39m=[32m"w-6 h-6"[39m
                      [33mdata-slot[39m=[32m"icon"[39m
                      [33mfill[39m=[32m"none"[39m
                      [33mstroke[39m=[32m"currentColor"[39m
                      [33mstroke-width[39m=[32m"1.5"[39m
                      [33mviewBox[39m=[32m"0 0 24 24"[39m
                      [33mxmlns[39m=[32m"http://www.w3.org/2000/svg"[39m
                    [36m>[39m
                      [36m<path[39m
                        [33md[39m=[32m"M6 18 18 6M6 6l12 12"[39m
                        [33mstroke-linecap[39m=[32m"round"[39m
                        [33mstroke-linejoin[39m=[32m"round"[39m
                      [36m/>[39m
                    [36m</svg>[39m
                  [36m</button>[39m
                [36m</div>[39m
                [36m<div[39m
                  [33mclass[39m=[32m"flex flex-wrap gap-2 mb-6"[39m
                [36m>[39m
                  [36m<span[39m
                    [33mclass[39m=[32m"px-3 py-1 text-sm font-medium rounded-full bg-green-100 dark:bg-green-900/20 text-green-800 dark:text-green-300"[39m
                  [36m>[39m
                    [0mActive[0m
                  [36m</span>[39m
                  [36m<span[39m
                    [33mclass[39m=[32m"px-3 py-1 text-sm bg-purple-100 dark:bg-purple-900/20 text-purple-800 dark:text-purple-300 rounded-full"[39m
                  [36m>[39m
                    [0mv1.0[0m
                  [36m</span>[39m
                  [36m<span[39m
                    [33mclass[39m=[32m"px-3 py-1 text-sm bg-blue-100 dark:bg-blue-900/20 text-blue-800 dark:text-blue-300 rounded-full"[39m
                  [36m>[39m
                    [0mtag1[0m
                  [36m</span>[39m
                  [36m<span[39m
                    [33mclass[39m=[32m"px-3 py-1 text-sm bg-blue-100 dark:bg-blue-900/20 text-blue-800 dark:text-blue-300 rounded-full"[39m
                  [36m>[39m
                    [0mtag2[0m
                  [36m</span>[39m
                [36m</div>[39m
                [36m<div[39m
                  [33maria-orientation[39m=[32m"horizontal"[39m
                  [33mclass[39m=[32m"flex space-x-1 rounded-xl bg-bg-secondary p-1 mb-6"[39m
                  [33mrole[39m=[32m"tablist"[39m
                [36m>[39m
                  [36m<button[39m
                    [33maria-controls[39m=[32m"headlessui-tabs-panel-:rfm:"[39m
                    [33maria-selected[39m=[32m"false"[39m
                    [33mclass[39m=[32m"w-full rounded-lg py-2.5 text-sm font-medium leading-5 focus:outline-none focus:ring-2 ring-offset-2 ring-offset-bg ring-accent text-fg hover:bg-bg-secondary/[0.6] hover:text-accent"[39m
                    [33mdata-headlessui-state[39m=[32m""[39m
                    [33mid[39m=[32m"headlessui-tabs-tab-:rfi:"[39m
                    [33mrole[39m=[32m"tab"[39m
                    [33mtabindex[39m=[32m"-1"[39m
                    [33mtype[39m=[32m"button"[39m
                  [36m>[39m
                    [0mOverview[0m
                  [36m</button>[39m
                  [36m<button[39m
                    [33maria-controls[39m=[32m"headlessui-tabs-panel-:rfn:"[39m
                    [33maria-selected[39m=[32m"false"[39m
                    [33mclass[39m=[32m"w-full rounded-lg py-2.5 text-sm font-medium leading-5 focus:outline-none focus:ring-2 ring-offset-2 ring-offset-bg ring-accent text-fg hover:bg-bg-secondary/[0.6] hover:text-accent"[39m
                    [33mdata-headlessui-state[39m=[32m""[39m
                    [33mid[39m=[32m"headlessui-tabs-tab-:rfj:"[39m
                    [33mrole[39m=[32m"tab"[39m
                    [33mtabindex[39m=[32m"-1"[39m
                    [33mtype[39m=[32m"button"[39m
                  [36m>[39m
                    [0mVersion History[0m
                  [36m</button>[39m
                  [36m<button[39m
                    [33maria-controls[39m=[32m"headlessui-tabs-panel-:rfo:"[39m
                    [33maria-selected[39m=[32m"true"[39m
                    [33mclass[39m=[32m"w-full rounded-lg py-2.5 text-sm font-medium leading-5 focus:outline-none focus:ring-2 ring-offset-2 ring-offset-bg ring-accent bg-accent text-white shadow"[39m
                    [33mdata-headlessui-state[39m=[32m"selected"[39m
                    [33mid[39m=[32m"headlessui-tabs-tab-:rfk:"[39m
                    [33mrole[39m=[32m"tab"[39m
                    [33mtabindex[39m=[32m"0"[39m
                    [33mtype[39m=[32m"button"[39m
                  [36m>[39m
                    [0mUsage Analytics[0m
                  [36m</button>[39m
                  [36m<button[39m
                    [33maria-controls[39m=[32m"headlessui-tabs-panel-:rfp:"[39m
                    [33maria-selected[39m=[32m"false"[39m
                    [33mclass[39m=[32m"w-full rounded-lg py-2.5 text-sm font-medium leading-5 focus:outline-none focus:ring-2 ring-offset-2 ring-offset-bg ring-accent text-fg hover:bg-bg-secondary/[0.6] hover:text-accent"[39m
                    [33mdata-headlessui-state[39m=[32m""[39m
                    [33mid[39m=[32m"headlessui-tabs-tab-:rfl:"[39m
                    [33mrole[39m=[32m"tab"[39m
                    [33mtabindex[39m=[32m"-1"[39m
                    [33mtype[39m=[32m"button"[39m
                  [36m>[39m
                    [0mChecksum[0m
                  [36m</button>[39m
                [36m</div>[39m
                [36m<div[39m
                  [33mclass[39m=[32m"mt-2"[39m
                [36m>[39m
                  [36m<span[39m
                    [33maria-hidden[39m=[32m"true"[39m
                    [33maria-labelledby[39m=[32m"headlessui-tabs-tab-:rfi:"[39m
                    [33mid[39m=[32m"headlessui-tabs-panel-:rfm:"[39m
                    [33mrole[39m=[32m"tabpanel"[39m
                    [33mstyle[39m=[32m"position: fixed; top: 1px; left: 1px; width: 1px; height: 0px; padding: 0px; margin: -1px; overflow: hidden; clip: rect(0, 0, 0, 0); white-space: nowrap; border-width: 0px;"[39m
                    [33mtabindex[39m=[32m"-1"[39m
                  [36m/>[39m
                  [36m<span[39m
                    [33maria-hidden[39m=[32m"true"[39m
                    [33maria-labelledby[39m=[32m"headlessui-tabs-tab-:rfj:"[39m
                    [33mid[39m=[32m"headlessui-tabs-panel-:rfn:"[39m
                    [33mrole[39m=[32m"tabpanel"[39m
                    [33mstyle[39m=[32m"position: fixed; top: 1px; left: 1px; width: 1px; height: 0px; padding: 0px; margin: -1px; overflow: hidden; clip: rect(0, 0, 0, 0); white-space: nowrap; border-width: 0px;"[39m
                    [33mtabindex[39m=[32m"-1"[39m
                  [36m/>[39m
                  [36m<div[39m
                    [33maria-labelledby[39m=[32m"headlessui-tabs-tab-:rfk:"[39m
                    [33mclass[39m=[32m"rounded-xl bg-bg p-4 focus:outline-none max-h-[60vh] overflow-y-auto"[39m
                    [33mdata-headlessui-state[39m=[32m"selected"[39m
                    [33mid[39m=[32m"headlessui-tabs-panel-:rfo:"[39m
                    [33mrole[39m=[32m"tabpanel"[39m
                    [33mtabindex[39m=[32m"0"[39m
                  [36m>[39m
                    [36m<div[39m
                      [33mclass[39m=[32m"space-y-6"[39m
                    [36m>[39m
                      [36m<div[39m
                        [33mclass[39m=[32m"flex items-center justify-center py-12"[39m
                      [36m>[39m
                        [36m<div[39m
                          [33mclass[39m=[32m"animate-spin rounded-full h-8 w-8 border-b-2 border-accent"[39m
                        [36m/>[39m
                      [36m</div>[39m
                    [36m</div>[39m
                  [36m</div>[39m
                  [36m<span[39m
                    [33maria-hidden[39m=[32m"true"[39m
                    [33maria-labelledby[39m=[32m"headlessui-tabs-tab-:rfl:"[39m
                    [33mid[39m=[32m"headlessui-tabs-panel-:rfp:"[39m
                    [33mrole[39m=[32m"tabpanel"[39m
                    [33mstyle[39m=[32m"position: fixed; top: 1px; left: 1px; width: 1px; height: 0px; padding: 0px; margin: -1px; overflow: hidden; clip: rect(0, 0, 0, 0); white-space: nowrap; border-width: 0px;"[39m
                    [33mtabindex[39m=[32m"-1"[39m
                  [36m/>[39m
                [36m</div>[39m
                [36m<div[39m
                  [33mclass[39m=[32m"flex items-center justify-end gap-3 mt-6 pt-4 border-t border-border"[39m
                [36m>[39m
                  [36m<button[39m
                    [33mclass[39m=[32m"px-4 py-2 text-fg hover:text-accent"[39m
                  [36m>[39m
                    [0mClose[0m
                  [36m</button>[39m
                  [36m<button[39m
                    [33mclass[39m=[32m"px-4 py-2 bg-accent text-white rounded-lg hover:bg-accent-dark"[39m
                  [36m>[39m
                    [0mEdit Component[0m
                  [36m</button>[39m
                [36m</div>[39m
              [36m</div>[39m
            [36m</div>[39m
          [36m</div>[39m
        [36m</div>[39m
      [36m</div>[39m
      [36m<button[39m
        [33maria-hidden[39m=[32m"true"[39m
        [33mdata-headlessui-focus-guard[39m=[32m"true"[39m
        [33mstyle[39m=[32m"position: fixed; top: 1px; left: 1px; width: 1px; height: 0px; padding: 0px; margin: -1px; overflow: hidden; clip: rect(0, 0, 0, 0); white-space: nowrap; border-width: 0px;"[39m
        [33mtype[39m=[32m"button"[39m
      [36m/>[39m
    [36m</div>[39m
  [36m</div>[39m
[36m</body>[39m
 ❯ src/__tests__/workflow-detail-modal.e2e.test.tsx  (0 test)
stderr | src/components/CodeQuality/__tests__/HotspotDetailsPanel.test.tsx > HotspotDetailsPanel > Panel visibility and interactions > should not render when isOpen is false
⚠️ React Router Future Flag Warning: React Router will begin wrapping state updates in `React.startTransition` in v7. You can use the `v7_startTransition` future flag to opt-in early. For more information, see https://reactrouter.com/v6/upgrading/future#v7_starttransition.
⚠️ React Router Future Flag Warning: Relative route resolution within Splat routes is changing in v7. You can use the `v7_relativeSplatPath` future flag to opt-in early. For more information, see https://reactrouter.com/v6/upgrading/future#v7_relativesplatpath.

stderr | src/components/CodeQuality/__tests__/HotspotDetailsPanel.test.tsx > HotspotDetailsPanel > Panel visibility and interactions > should render and be visible when isOpen is true
Failed to fetch file details: TypeError: Cannot read properties of undefined (reading 'data')
    at fetchFileDetails (/opt/stack/worktrees/st-53-web-ui-multi-run-progress-tracker-in-status-bar/frontend/src/components/CodeQuality/HotspotDetailsPanel.tsx:36:33)
Warning: An update to HotspotDetailsPanel inside a test was not wrapped in act(...).

When testing, code that causes React state updates should be wrapped into act(...):

act(() => {
  /* fire events that update state */
});
/* assert on the output */

This ensures that you're testing the behavior the user would see in the browser. Learn more at https://reactjs.org/link/wrap-tests-with-act
    at HotspotDetailsPanel (/opt/stack/worktrees/st-53-web-ui-multi-run-progress-tracker-in-status-bar/frontend/src/components/CodeQuality/HotspotDetailsPanel.tsx:12:3)
    at RenderedRoute (/opt/stack/AIStudio/node_modules/react-router/dist/umd/react-router.development.js:539:7)
    at Routes (/opt/stack/AIStudio/node_modules/react-router/dist/umd/react-router.development.js:1273:7)
    at Router (/opt/stack/AIStudio/node_modules/react-router/dist/umd/react-router.development.js:1207:17)
    at MemoryRouter (/opt/stack/AIStudio/node_modules/react-router/dist/umd/react-router.development.js:1101:7)
Warning: An update to HotspotDetailsPanel inside a test was not wrapped in act(...).

When testing, code that causes React state updates should be wrapped into act(...):

act(() => {
  /* fire events that update state */
});
/* assert on the output */

This ensures that you're testing the behavior the user would see in the browser. Learn more at https://reactjs.org/link/wrap-tests-with-act
    at HotspotDetailsPanel (/opt/stack/worktrees/st-53-web-ui-multi-run-progress-tracker-in-status-bar/frontend/src/components/CodeQuality/HotspotDetailsPanel.tsx:12:3)
    at RenderedRoute (/opt/stack/AIStudio/node_modules/react-router/dist/umd/react-router.development.js:539:7)
    at Routes (/opt/stack/AIStudio/node_modules/react-router/dist/umd/react-router.development.js:1273:7)
    at Router (/opt/stack/AIStudio/node_modules/react-router/dist/umd/react-router.development.js:1207:17)
    at MemoryRouter (/opt/stack/AIStudio/node_modules/react-router/dist/umd/react-router.development.js:1101:7)

stderr | src/components/CodeQuality/__tests__/HotspotDetailsPanel.test.tsx > HotspotDetailsPanel > Panel visibility and interactions > should render backdrop when panel is open
Failed to fetch file details: TypeError: Cannot read properties of undefined (reading 'data')
    at fetchFileDetails (/opt/stack/worktrees/st-53-web-ui-multi-run-progress-tracker-in-status-bar/frontend/src/components/CodeQuality/HotspotDetailsPanel.tsx:36:33)
Warning: An update to HotspotDetailsPanel inside a test was not wrapped in act(...).

When testing, code that causes React state updates should be wrapped into act(...):

act(() => {
  /* fire events that update state */
});
/* assert on the output */

This ensures that you're testing the behavior the user would see in the browser. Learn more at https://reactjs.org/link/wrap-tests-with-act
    at HotspotDetailsPanel (/opt/stack/worktrees/st-53-web-ui-multi-run-progress-tracker-in-status-bar/frontend/src/components/CodeQuality/HotspotDetailsPanel.tsx:12:3)
    at RenderedRoute (/opt/stack/AIStudio/node_modules/react-router/dist/umd/react-router.development.js:539:7)
    at Routes (/opt/stack/AIStudio/node_modules/react-router/dist/umd/react-router.development.js:1273:7)
    at Router (/opt/stack/AIStudio/node_modules/react-router/dist/umd/react-router.development.js:1207:17)
    at MemoryRouter (/opt/stack/AIStudio/node_modules/react-router/dist/umd/react-router.development.js:1101:7)
Warning: An update to HotspotDetailsPanel inside a test was not wrapped in act(...).

When testing, code that causes React state updates should be wrapped into act(...):

act(() => {
  /* fire events that update state */
});
/* assert on the output */

This ensures that you're testing the behavior the user would see in the browser. Learn more at https://reactjs.org/link/wrap-tests-with-act
    at HotspotDetailsPanel (/opt/stack/worktrees/st-53-web-ui-multi-run-progress-tracker-in-status-bar/frontend/src/components/CodeQuality/HotspotDetailsPanel.tsx:12:3)
    at RenderedRoute (/opt/stack/AIStudio/node_modules/react-router/dist/umd/react-router.development.js:539:7)
    at Routes (/opt/stack/AIStudio/node_modules/react-router/dist/umd/react-router.development.js:1273:7)
    at Router (/opt/stack/AIStudio/node_modules/react-router/dist/umd/react-router.development.js:1207:17)
    at MemoryRouter (/opt/stack/AIStudio/node_modules/react-router/dist/umd/react-router.development.js:1101:7)

stderr | src/components/CodeQuality/__tests__/HotspotDetailsPanel.test.tsx > HotspotDetailsPanel > Panel visibility and interactions > should call onClose when backdrop is clicked
Failed to fetch file details: TypeError: Cannot read properties of undefined (reading 'data')
    at fetchFileDetails (/opt/stack/worktrees/st-53-web-ui-multi-run-progress-tracker-in-status-bar/frontend/src/components/CodeQuality/HotspotDetailsPanel.tsx:36:33)

stderr | src/components/CodeQuality/__tests__/HotspotDetailsPanel.test.tsx > HotspotDetailsPanel > Panel visibility and interactions > should call onClose when close button is clicked
Failed to fetch file details: TypeError: Cannot read properties of undefined (reading 'data')
    at fetchFileDetails (/opt/stack/worktrees/st-53-web-ui-multi-run-progress-tracker-in-status-bar/frontend/src/components/CodeQuality/HotspotDetailsPanel.tsx:36:33)

stderr | src/components/CodeQuality/__tests__/HotspotDetailsPanel.test.tsx > HotspotDetailsPanel > Header and basic info display > should display file path in header
Failed to fetch file details: TypeError: Cannot read properties of undefined (reading 'data')
    at fetchFileDetails (/opt/stack/worktrees/st-53-web-ui-multi-run-progress-tracker-in-status-bar/frontend/src/components/CodeQuality/HotspotDetailsPanel.tsx:36:33)
Warning: An update to HotspotDetailsPanel inside a test was not wrapped in act(...).

When testing, code that causes React state updates should be wrapped into act(...):

act(() => {
  /* fire events that update state */
});
/* assert on the output */

This ensures that you're testing the behavior the user would see in the browser. Learn more at https://reactjs.org/link/wrap-tests-with-act
    at HotspotDetailsPanel (/opt/stack/worktrees/st-53-web-ui-multi-run-progress-tracker-in-status-bar/frontend/src/components/CodeQuality/HotspotDetailsPanel.tsx:12:3)
    at RenderedRoute (/opt/stack/AIStudio/node_modules/react-router/dist/umd/react-router.development.js:539:7)
    at Routes (/opt/stack/AIStudio/node_modules/react-router/dist/umd/react-router.development.js:1273:7)
    at Router (/opt/stack/AIStudio/node_modules/react-router/dist/umd/react-router.development.js:1207:17)
    at MemoryRouter (/opt/stack/AIStudio/node_modules/react-router/dist/umd/react-router.development.js:1101:7)
Warning: An update to HotspotDetailsPanel inside a test was not wrapped in act(...).

When testing, code that causes React state updates should be wrapped into act(...):

act(() => {
  /* fire events that update state */
});
/* assert on the output */

This ensures that you're testing the behavior the user would see in the browser. Learn more at https://reactjs.org/link/wrap-tests-with-act
    at HotspotDetailsPanel (/opt/stack/worktrees/st-53-web-ui-multi-run-progress-tracker-in-status-bar/frontend/src/components/CodeQuality/HotspotDetailsPanel.tsx:12:3)
    at RenderedRoute (/opt/stack/AIStudio/node_modules/react-router/dist/umd/react-router.development.js:539:7)
    at Routes (/opt/stack/AIStudio/node_modules/react-router/dist/umd/react-router.development.js:1273:7)
    at Router (/opt/stack/AIStudio/node_modules/react-router/dist/umd/react-router.development.js:1207:17)
    at MemoryRouter (/opt/stack/AIStudio/node_modules/react-router/dist/umd/react-router.development.js:1101:7)

stderr | src/components/CodeQuality/__tests__/HotspotDetailsPanel.test.tsx > HotspotDetailsPanel > Header and basic info display > should display LOC in header
Failed to fetch file details: TypeError: Cannot read properties of undefined (reading 'data')
    at fetchFileDetails (/opt/stack/worktrees/st-53-web-ui-multi-run-progress-tracker-in-status-bar/frontend/src/components/CodeQuality/HotspotDetailsPanel.tsx:36:33)
Warning: An update to HotspotDetailsPanel inside a test was not wrapped in act(...).

When testing, code that causes React state updates should be wrapped into act(...):

act(() => {
  /* fire events that update state */
});
/* assert on the output */

This ensures that you're testing the behavior the user would see in the browser. Learn more at https://reactjs.org/link/wrap-tests-with-act
    at HotspotDetailsPanel (/opt/stack/worktrees/st-53-web-ui-multi-run-progress-tracker-in-status-bar/frontend/src/components/CodeQuality/HotspotDetailsPanel.tsx:12:3)
    at RenderedRoute (/opt/stack/AIStudio/node_modules/react-router/dist/umd/react-router.development.js:539:7)
    at Routes (/opt/stack/AIStudio/node_modules/react-router/dist/umd/react-router.development.js:1273:7)
    at Router (/opt/stack/AIStudio/node_modules/react-router/dist/umd/react-router.development.js:1207:17)
    at MemoryRouter (/opt/stack/AIStudio/node_modules/react-router/dist/umd/react-router.development.js:1101:7)
Warning: An update to HotspotDetailsPanel inside a test was not wrapped in act(...).

When testing, code that causes React state updates should be wrapped into act(...):

act(() => {
  /* fire events that update state */
});
/* assert on the output */

This ensures that you're testing the behavior the user would see in the browser. Learn more at https://reactjs.org/link/wrap-tests-with-act
    at HotspotDetailsPanel (/opt/stack/worktrees/st-53-web-ui-multi-run-progress-tracker-in-status-bar/frontend/src/components/CodeQuality/HotspotDetailsPanel.tsx:12:3)
    at RenderedRoute (/opt/stack/AIStudio/node_modules/react-router/dist/umd/react-router.development.js:539:7)
    at Routes (/opt/stack/AIStudio/node_modules/react-router/dist/umd/react-router.development.js:1273:7)
    at Router (/opt/stack/AIStudio/node_modules/react-router/dist/umd/react-router.development.js:1207:17)
    at MemoryRouter (/opt/stack/AIStudio/node_modules/react-router/dist/umd/react-router.development.js:1101:7)

stderr | src/components/CodeQuality/__tests__/HotspotDetailsPanel.test.tsx > HotspotDetailsPanel > Header and basic info display > should display last analyzed date in header
Failed to fetch file details: TypeError: Cannot read properties of undefined (reading 'data')
    at fetchFileDetails (/opt/stack/worktrees/st-53-web-ui-multi-run-progress-tracker-in-status-bar/frontend/src/components/CodeQuality/HotspotDetailsPanel.tsx:36:33)
Warning: An update to HotspotDetailsPanel inside a test was not wrapped in act(...).

When testing, code that causes React state updates should be wrapped into act(...):

act(() => {
  /* fire events that update state */
});
/* assert on the output */

This ensures that you're testing the behavior the user would see in the browser. Learn more at https://reactjs.org/link/wrap-tests-with-act
    at HotspotDetailsPanel (/opt/stack/worktrees/st-53-web-ui-multi-run-progress-tracker-in-status-bar/frontend/src/components/CodeQuality/HotspotDetailsPanel.tsx:12:3)
    at RenderedRoute (/opt/stack/AIStudio/node_modules/react-router/dist/umd/react-router.development.js:539:7)
    at Routes (/opt/stack/AIStudio/node_modules/react-router/dist/umd/react-router.development.js:1273:7)
    at Router (/opt/stack/AIStudio/node_modules/react-router/dist/umd/react-router.development.js:1207:17)
    at MemoryRouter (/opt/stack/AIStudio/node_modules/react-router/dist/umd/react-router.development.js:1101:7)
Warning: An update to HotspotDetailsPanel inside a test was not wrapped in act(...).

When testing, code that causes React state updates should be wrapped into act(...):

act(() => {
  /* fire events that update state */
});
/* assert on the output */

This ensures that you're testing the behavior the user would see in the browser. Learn more at https://reactjs.org/link/wrap-tests-with-act
    at HotspotDetailsPanel (/opt/stack/worktrees/st-53-web-ui-multi-run-progress-tracker-in-status-bar/frontend/src/components/CodeQuality/HotspotDetailsPanel.tsx:12:3)
    at RenderedRoute (/opt/stack/AIStudio/node_modules/react-router/dist/umd/react-router.development.js:539:7)
    at Routes (/opt/stack/AIStudio/node_modules/react-router/dist/umd/react-router.development.js:1273:7)
    at Router (/opt/stack/AIStudio/node_modules/react-router/dist/umd/react-router.development.js:1207:17)
    at MemoryRouter (/opt/stack/AIStudio/node_modules/react-router/dist/umd/react-router.development.js:1101:7)

stderr | src/components/CodeQuality/__tests__/HotspotDetailsPanel.test.tsx > HotspotDetailsPanel > Header and basic info display > should truncate long file paths with title attribute
Failed to fetch file details: TypeError: Cannot read properties of undefined (reading 'data')
    at fetchFileDetails (/opt/stack/worktrees/st-53-web-ui-multi-run-progress-tracker-in-status-bar/frontend/src/components/CodeQuality/HotspotDetailsPanel.tsx:36:33)
Warning: An update to HotspotDetailsPanel inside a test was not wrapped in act(...).

When testing, code that causes React state updates should be wrapped into act(...):

act(() => {
  /* fire events that update state */
});
/* assert on the output */

This ensures that you're testing the behavior the user would see in the browser. Learn more at https://reactjs.org/link/wrap-tests-with-act
    at HotspotDetailsPanel (/opt/stack/worktrees/st-53-web-ui-multi-run-progress-tracker-in-status-bar/frontend/src/components/CodeQuality/HotspotDetailsPanel.tsx:12:3)
    at RenderedRoute (/opt/stack/AIStudio/node_modules/react-router/dist/umd/react-router.development.js:539:7)
    at Routes (/opt/stack/AIStudio/node_modules/react-router/dist/umd/react-router.development.js:1273:7)
    at Router (/opt/stack/AIStudio/node_modules/react-router/dist/umd/react-router.development.js:1207:17)
    at MemoryRouter (/opt/stack/AIStudio/node_modules/react-router/dist/umd/react-router.development.js:1101:7)
Warning: An update to HotspotDetailsPanel inside a test was not wrapped in act(...).

When testing, code that causes React state updates should be wrapped into act(...):

act(() => {
  /* fire events that update state */
});
/* assert on the output */

This ensures that you're testing the behavior the user would see in the browser. Learn more at https://reactjs.org/link/wrap-tests-with-act
    at HotspotDetailsPanel (/opt/stack/worktrees/st-53-web-ui-multi-run-progress-tracker-in-status-bar/frontend/src/components/CodeQuality/HotspotDetailsPanel.tsx:12:3)
    at RenderedRoute (/opt/stack/AIStudio/node_modules/react-router/dist/umd/react-router.development.js:539:7)
    at Routes (/opt/stack/AIStudio/node_modules/react-router/dist/umd/react-router.development.js:1273:7)
    at Router (/opt/stack/AIStudio/node_modules/react-router/dist/umd/react-router.development.js:1207:17)
    at MemoryRouter (/opt/stack/AIStudio/node_modules/react-router/dist/umd/react-router.development.js:1101:7)

stderr | src/components/CodeQuality/__tests__/HotspotDetailsPanel.test.tsx > HotspotDetailsPanel > API data fetching > should display metrics even when API fails
Failed to fetch file details: Error: API error
    at /opt/stack/worktrees/st-53-web-ui-multi-run-progress-tracker-in-status-bar/frontend/src/components/CodeQuality/__tests__/HotspotDetailsPanel.test.tsx:270:46
    at file:///opt/stack/AIStudio/node_modules/@vitest/runner/dist/index.js:135:14
    at file:///opt/stack/AIStudio/node_modules/@vitest/runner/dist/index.js:60:26
    at runTest (file:///opt/stack/AIStudio/node_modules/@vitest/runner/dist/index.js:781:17)
    at runSuite (file:///opt/stack/AIStudio/node_modules/@vitest/runner/dist/index.js:909:15)
    at runSuite (file:///opt/stack/AIStudio/node_modules/@vitest/runner/dist/index.js:909:15)
    at runSuite (file:///opt/stack/AIStudio/node_modules/@vitest/runner/dist/index.js:909:15)
    at runFiles (file:///opt/stack/AIStudio/node_modules/@vitest/runner/dist/index.js:958:5)
    at startTests (file:///opt/stack/AIStudio/node_modules/@vitest/runner/dist/index.js:967:3)
    at file:///opt/stack/AIStudio/node_modules/vitest/dist/chunks/runtime-runBaseTests.oAvMKtQC.js:116:7

stderr | src/components/CodeQuality/__tests__/HotspotDetailsPanel.test.tsx > HotspotDetailsPanel > Metrics display > should display complexity
Warning: An update to HotspotDetailsPanel inside a test was not wrapped in act(...).

When testing, code that causes React state updates should be wrapped into act(...):

act(() => {
  /* fire events that update state */
});
/* assert on the output */

This ensures that you're testing the behavior the user would see in the browser. Learn more at https://reactjs.org/link/wrap-tests-with-act
    at HotspotDetailsPanel (/opt/stack/worktrees/st-53-web-ui-multi-run-progress-tracker-in-status-bar/frontend/src/components/CodeQuality/HotspotDetailsPanel.tsx:12:3)
    at RenderedRoute (/opt/stack/AIStudio/node_modules/react-router/dist/umd/react-router.development.js:539:7)
    at Routes (/opt/stack/AIStudio/node_modules/react-router/dist/umd/react-router.development.js:1273:7)
    at Router (/opt/stack/AIStudio/node_modules/react-router/dist/umd/react-router.development.js:1207:17)
    at MemoryRouter (/opt/stack/AIStudio/node_modules/react-router/dist/umd/react-router.development.js:1101:7)
Warning: An update to HotspotDetailsPanel inside a test was not wrapped in act(...).

When testing, code that causes React state updates should be wrapped into act(...):

act(() => {
  /* fire events that update state */
});
/* assert on the output */

This ensures that you're testing the behavior the user would see in the browser. Learn more at https://reactjs.org/link/wrap-tests-with-act
    at HotspotDetailsPanel (/opt/stack/worktrees/st-53-web-ui-multi-run-progress-tracker-in-status-bar/frontend/src/components/CodeQuality/HotspotDetailsPanel.tsx:12:3)
    at RenderedRoute (/opt/stack/AIStudio/node_modules/react-router/dist/umd/react-router.development.js:539:7)
    at Routes (/opt/stack/AIStudio/node_modules/react-router/dist/umd/react-router.development.js:1273:7)
    at Router (/opt/stack/AIStudio/node_modules/react-router/dist/umd/react-router.development.js:1207:17)
    at MemoryRouter (/opt/stack/AIStudio/node_modules/react-router/dist/umd/react-router.development.js:1101:7)

stderr | src/components/CodeQuality/__tests__/HotspotDetailsPanel.test.tsx > HotspotDetailsPanel > Metrics display > should display churn count
Warning: An update to HotspotDetailsPanel inside a test was not wrapped in act(...).

When testing, code that causes React state updates should be wrapped into act(...):

act(() => {
  /* fire events that update state */
});
/* assert on the output */

This ensures that you're testing the behavior the user would see in the browser. Learn more at https://reactjs.org/link/wrap-tests-with-act
    at HotspotDetailsPanel (/opt/stack/worktrees/st-53-web-ui-multi-run-progress-tracker-in-status-bar/frontend/src/components/CodeQuality/HotspotDetailsPanel.tsx:12:3)
    at RenderedRoute (/opt/stack/AIStudio/node_modules/react-router/dist/umd/react-router.development.js:539:7)
    at Routes (/opt/stack/AIStudio/node_modules/react-router/dist/umd/react-router.development.js:1273:7)
    at Router (/opt/stack/AIStudio/node_modules/react-router/dist/umd/react-router.development.js:1207:17)
    at MemoryRouter (/opt/stack/AIStudio/node_modules/react-router/dist/umd/react-router.development.js:1101:7)
Warning: An update to HotspotDetailsPanel inside a test was not wrapped in act(...).

When testing, code that causes React state updates should be wrapped into act(...):

act(() => {
  /* fire events that update state */
});
/* assert on the output */

This ensures that you're testing the behavior the user would see in the browser. Learn more at https://reactjs.org/link/wrap-tests-with-act
    at HotspotDetailsPanel (/opt/stack/worktrees/st-53-web-ui-multi-run-progress-tracker-in-status-bar/frontend/src/components/CodeQuality/HotspotDetailsPanel.tsx:12:3)
    at RenderedRoute (/opt/stack/AIStudio/node_modules/react-router/dist/umd/react-router.development.js:539:7)
    at Routes (/opt/stack/AIStudio/node_modules/react-router/dist/umd/react-router.development.js:1273:7)
    at Router (/opt/stack/AIStudio/node_modules/react-router/dist/umd/react-router.development.js:1207:17)
    at MemoryRouter (/opt/stack/AIStudio/node_modules/react-router/dist/umd/react-router.development.js:1101:7)

stderr | src/components/CodeQuality/__tests__/HotspotDetailsPanel.test.tsx > HotspotDetailsPanel > Metrics display > should show dash for maintainability when no file details
Failed to fetch file details: Error: No data
    at /opt/stack/worktrees/st-53-web-ui-multi-run-progress-tracker-in-status-bar/frontend/src/components/CodeQuality/__tests__/HotspotDetailsPanel.test.tsx:356:46
    at file:///opt/stack/AIStudio/node_modules/@vitest/runner/dist/index.js:135:14
    at file:///opt/stack/AIStudio/node_modules/@vitest/runner/dist/index.js:60:26
    at runTest (file:///opt/stack/AIStudio/node_modules/@vitest/runner/dist/index.js:781:17)
    at runSuite (file:///opt/stack/AIStudio/node_modules/@vitest/runner/dist/index.js:909:15)
    at runSuite (file:///opt/stack/AIStudio/node_modules/@vitest/runner/dist/index.js:909:15)
    at runSuite (file:///opt/stack/AIStudio/node_modules/@vitest/runner/dist/index.js:909:15)
    at runFiles (file:///opt/stack/AIStudio/node_modules/@vitest/runner/dist/index.js:958:5)
    at startTests (file:///opt/stack/AIStudio/node_modules/@vitest/runner/dist/index.js:967:3)
    at file:///opt/stack/AIStudio/node_modules/vitest/dist/chunks/runtime-runBaseTests.oAvMKtQC.js:116:7
Warning: An update to HotspotDetailsPanel inside a test was not wrapped in act(...).

When testing, code that causes React state updates should be wrapped into act(...):

act(() => {
  /* fire events that update state */
});
/* assert on the output */

This ensures that you're testing the behavior the user would see in the browser. Learn more at https://reactjs.org/link/wrap-tests-with-act
    at HotspotDetailsPanel (/opt/stack/worktrees/st-53-web-ui-multi-run-progress-tracker-in-status-bar/frontend/src/components/CodeQuality/HotspotDetailsPanel.tsx:12:3)
    at RenderedRoute (/opt/stack/AIStudio/node_modules/react-router/dist/umd/react-router.development.js:539:7)
    at Routes (/opt/stack/AIStudio/node_modules/react-router/dist/umd/react-router.development.js:1273:7)
    at Router (/opt/stack/AIStudio/node_modules/react-router/dist/umd/react-router.development.js:1207:17)
    at MemoryRouter (/opt/stack/AIStudio/node_modules/react-router/dist/umd/react-router.development.js:1101:7)
Warning: An update to HotspotDetailsPanel inside a test was not wrapped in act(...).

When testing, code that causes React state updates should be wrapped into act(...):

act(() => {
  /* fire events that update state */
});
/* assert on the output */

This ensures that you're testing the behavior the user would see in the browser. Learn more at https://reactjs.org/link/wrap-tests-with-act
    at HotspotDetailsPanel (/opt/stack/worktrees/st-53-web-ui-multi-run-progress-tracker-in-status-bar/frontend/src/components/CodeQuality/HotspotDetailsPanel.tsx:12:3)
    at RenderedRoute (/opt/stack/AIStudio/node_modules/react-router/dist/umd/react-router.development.js:539:7)
    at Routes (/opt/stack/AIStudio/node_modules/react-router/dist/umd/react-router.development.js:1273:7)
    at Router (/opt/stack/AIStudio/node_modules/react-router/dist/umd/react-router.development.js:1207:17)
    at MemoryRouter (/opt/stack/AIStudio/node_modules/react-router/dist/umd/react-router.development.js:1101:7)

stderr | src/components/CodeQuality/__tests__/HotspotDetailsPanel.test.tsx > HotspotDetailsPanel > Risk factor breakdown cards > should show high churn card when churn > 30
Warning: An update to HotspotDetailsPanel inside a test was not wrapped in act(...).

When testing, code that causes React state updates should be wrapped into act(...):

act(() => {
  /* fire events that update state */
});
/* assert on the output */

This ensures that you're testing the behavior the user would see in the browser. Learn more at https://reactjs.org/link/wrap-tests-with-act
    at HotspotDetailsPanel (/opt/stack/worktrees/st-53-web-ui-multi-run-progress-tracker-in-status-bar/frontend/src/components/CodeQuality/HotspotDetailsPanel.tsx:12:3)
    at RenderedRoute (/opt/stack/AIStudio/node_modules/react-router/dist/umd/react-router.development.js:539:7)
    at Routes (/opt/stack/AIStudio/node_modules/react-router/dist/umd/react-router.development.js:1273:7)
    at Router (/opt/stack/AIStudio/node_modules/react-router/dist/umd/react-router.development.js:1207:17)
    at MemoryRouter (/opt/stack/AIStudio/node_modules/react-router/dist/umd/react-router.development.js:1101:7)
Warning: An update to HotspotDetailsPanel inside a test was not wrapped in act(...).

When testing, code that causes React state updates should be wrapped into act(...):

act(() => {
  /* fire events that update state */
});
/* assert on the output */

This ensures that you're testing the behavior the user would see in the browser. Learn more at https://reactjs.org/link/wrap-tests-with-act
    at HotspotDetailsPanel (/opt/stack/worktrees/st-53-web-ui-multi-run-progress-tracker-in-status-bar/frontend/src/components/CodeQuality/HotspotDetailsPanel.tsx:12:3)
    at RenderedRoute (/opt/stack/AIStudio/node_modules/react-router/dist/umd/react-router.development.js:539:7)
    at Routes (/opt/stack/AIStudio/node_modules/react-router/dist/umd/react-router.development.js:1273:7)
    at Router (/opt/stack/AIStudio/node_modules/react-router/dist/umd/react-router.development.js:1207:17)
    at MemoryRouter (/opt/stack/AIStudio/node_modules/react-router/dist/umd/react-router.development.js:1101:7)

stderr | src/components/CodeQuality/__tests__/HotspotDetailsPanel.test.tsx > HotspotDetailsPanel > Risk factor breakdown cards > should not show high churn card when churn <= 30
Warning: An update to HotspotDetailsPanel inside a test was not wrapped in act(...).

When testing, code that causes React state updates should be wrapped into act(...):

act(() => {
  /* fire events that update state */
});
/* assert on the output */

This ensures that you're testing the behavior the user would see in the browser. Learn more at https://reactjs.org/link/wrap-tests-with-act
    at HotspotDetailsPanel (/opt/stack/worktrees/st-53-web-ui-multi-run-progress-tracker-in-status-bar/frontend/src/components/CodeQuality/HotspotDetailsPanel.tsx:12:3)
    at RenderedRoute (/opt/stack/AIStudio/node_modules/react-router/dist/umd/react-router.development.js:539:7)
    at Routes (/opt/stack/AIStudio/node_modules/react-router/dist/umd/react-router.development.js:1273:7)
    at Router (/opt/stack/AIStudio/node_modules/react-router/dist/umd/react-router.development.js:1207:17)
    at MemoryRouter (/opt/stack/AIStudio/node_modules/react-router/dist/umd/react-router.development.js:1101:7)
Warning: An update to HotspotDetailsPanel inside a test was not wrapped in act(...).

When testing, code that causes React state updates should be wrapped into act(...):

act(() => {
  /* fire events that update state */
});
/* assert on the output */

This ensures that you're testing the behavior the user would see in the browser. Learn more at https://reactjs.org/link/wrap-tests-with-act
    at HotspotDetailsPanel (/opt/stack/worktrees/st-53-web-ui-multi-run-progress-tracker-in-status-bar/frontend/src/components/CodeQuality/HotspotDetailsPanel.tsx:12:3)
    at RenderedRoute (/opt/stack/AIStudio/node_modules/react-router/dist/umd/react-router.development.js:539:7)
    at Routes (/opt/stack/AIStudio/node_modules/react-router/dist/umd/react-router.development.js:1273:7)
    at Router (/opt/stack/AIStudio/node_modules/react-router/dist/umd/react-router.development.js:1207:17)
    at MemoryRouter (/opt/stack/AIStudio/node_modules/react-router/dist/umd/react-router.development.js:1101:7)

stderr | src/components/CodeQuality/__tests__/HotspotDetailsPanel.test.tsx > HotspotDetailsPanel > Risk factor breakdown cards > should show high complexity card when complexity > 20
Warning: An update to HotspotDetailsPanel inside a test was not wrapped in act(...).

When testing, code that causes React state updates should be wrapped into act(...):

act(() => {
  /* fire events that update state */
});
/* assert on the output */

This ensures that you're testing the behavior the user would see in the browser. Learn more at https://reactjs.org/link/wrap-tests-with-act
    at HotspotDetailsPanel (/opt/stack/worktrees/st-53-web-ui-multi-run-progress-tracker-in-status-bar/frontend/src/components/CodeQuality/HotspotDetailsPanel.tsx:12:3)
    at RenderedRoute (/opt/stack/AIStudio/node_modules/react-router/dist/umd/react-router.development.js:539:7)
    at Routes (/opt/stack/AIStudio/node_modules/react-router/dist/umd/react-router.development.js:1273:7)
    at Router (/opt/stack/AIStudio/node_modules/react-router/dist/umd/react-router.development.js:1207:17)
    at MemoryRouter (/opt/stack/AIStudio/node_modules/react-router/dist/umd/react-router.development.js:1101:7)
Warning: An update to HotspotDetailsPanel inside a test was not wrapped in act(...).

When testing, code that causes React state updates should be wrapped into act(...):

act(() => {
  /* fire events that update state */
});
/* assert on the output */

This ensures that you're testing the behavior the user would see in the browser. Learn more at https://reactjs.org/link/wrap-tests-with-act
    at HotspotDetailsPanel (/opt/stack/worktrees/st-53-web-ui-multi-run-progress-tracker-in-status-bar/frontend/src/components/CodeQuality/HotspotDetailsPanel.tsx:12:3)
    at RenderedRoute (/opt/stack/AIStudio/node_modules/react-router/dist/umd/react-router.development.js:539:7)
    at Routes (/opt/stack/AIStudio/node_modules/react-router/dist/umd/react-router.development.js:1273:7)
    at Router (/opt/stack/AIStudio/node_modules/react-router/dist/umd/react-router.development.js:1207:17)
    at MemoryRouter (/opt/stack/AIStudio/node_modules/react-router/dist/umd/react-router.development.js:1101:7)

stderr | src/components/CodeQuality/__tests__/HotspotDetailsPanel.test.tsx > HotspotDetailsPanel > Risk factor breakdown cards > should not show high complexity card when complexity <= 20
Warning: An update to HotspotDetailsPanel inside a test was not wrapped in act(...).

When testing, code that causes React state updates should be wrapped into act(...):

act(() => {
  /* fire events that update state */
});
/* assert on the output */

This ensures that you're testing the behavior the user would see in the browser. Learn more at https://reactjs.org/link/wrap-tests-with-act
    at HotspotDetailsPanel (/opt/stack/worktrees/st-53-web-ui-multi-run-progress-tracker-in-status-bar/frontend/src/components/CodeQuality/HotspotDetailsPanel.tsx:12:3)
    at RenderedRoute (/opt/stack/AIStudio/node_modules/react-router/dist/umd/react-router.development.js:539:7)
    at Routes (/opt/stack/AIStudio/node_modules/react-router/dist/umd/react-router.development.js:1273:7)
    at Router (/opt/stack/AIStudio/node_modules/react-router/dist/umd/react-router.development.js:1207:17)
    at MemoryRouter (/opt/stack/AIStudio/node_modules/react-router/dist/umd/react-router.development.js:1101:7)
Warning: An update to HotspotDetailsPanel inside a test was not wrapped in act(...).

When testing, code that causes React state updates should be wrapped into act(...):

act(() => {
  /* fire events that update state */
});
/* assert on the output */

This ensures that you're testing the behavior the user would see in the browser. Learn more at https://reactjs.org/link/wrap-tests-with-act
    at HotspotDetailsPanel (/opt/stack/worktrees/st-53-web-ui-multi-run-progress-tracker-in-status-bar/frontend/src/components/CodeQuality/HotspotDetailsPanel.tsx:12:3)
    at RenderedRoute (/opt/stack/AIStudio/node_modules/react-router/dist/umd/react-router.development.js:539:7)
    at Routes (/opt/stack/AIStudio/node_modules/react-router/dist/umd/react-router.development.js:1273:7)
    at Router (/opt/stack/AIStudio/node_modules/react-router/dist/umd/react-router.development.js:1207:17)
    at MemoryRouter (/opt/stack/AIStudio/node_modules/react-router/dist/umd/react-router.development.js:1101:7)

stderr | src/components/CodeQuality/__tests__/HotspotDetailsPanel.test.tsx > HotspotDetailsPanel > AI recommendations > should always show base complexity recommendation
Warning: An update to HotspotDetailsPanel inside a test was not wrapped in act(...).

When testing, code that causes React state updates should be wrapped into act(...):

act(() => {
  /* fire events that update state */
});
/* assert on the output */

This ensures that you're testing the behavior the user would see in the browser. Learn more at https://reactjs.org/link/wrap-tests-with-act
    at HotspotDetailsPanel (/opt/stack/worktrees/st-53-web-ui-multi-run-progress-tracker-in-status-bar/frontend/src/components/CodeQuality/HotspotDetailsPanel.tsx:12:3)
    at RenderedRoute (/opt/stack/AIStudio/node_modules/react-router/dist/umd/react-router.development.js:539:7)
    at Routes (/opt/stack/AIStudio/node_modules/react-router/dist/umd/react-router.development.js:1273:7)
    at Router (/opt/stack/AIStudio/node_modules/react-router/dist/umd/react-router.development.js:1207:17)
    at MemoryRouter (/opt/stack/AIStudio/node_modules/react-router/dist/umd/react-router.development.js:1101:7)
Warning: An update to HotspotDetailsPanel inside a test was not wrapped in act(...).

When testing, code that causes React state updates should be wrapped into act(...):

act(() => {
  /* fire events that update state */
});
/* assert on the output */

This ensures that you're testing the behavior the user would see in the browser. Learn more at https://reactjs.org/link/wrap-tests-with-act
    at HotspotDetailsPanel (/opt/stack/worktrees/st-53-web-ui-multi-run-progress-tracker-in-status-bar/frontend/src/components/CodeQuality/HotspotDetailsPanel.tsx:12:3)
    at RenderedRoute (/opt/stack/AIStudio/node_modules/react-router/dist/umd/react-router.development.js:539:7)
    at Routes (/opt/stack/AIStudio/node_modules/react-router/dist/umd/react-router.development.js:1273:7)
    at Router (/opt/stack/AIStudio/node_modules/react-router/dist/umd/react-router.development.js:1207:17)
    at MemoryRouter (/opt/stack/AIStudio/node_modules/react-router/dist/umd/react-router.development.js:1101:7)

stderr | src/components/CodeQuality/__tests__/HotspotDetailsPanel.test.tsx > HotspotDetailsPanel > AI recommendations > should show high churn recommendation when churn > 30
Warning: An update to HotspotDetailsPanel inside a test was not wrapped in act(...).

When testing, code that causes React state updates should be wrapped into act(...):

act(() => {
  /* fire events that update state */
});
/* assert on the output */

This ensures that you're testing the behavior the user would see in the browser. Learn more at https://reactjs.org/link/wrap-tests-with-act
    at HotspotDetailsPanel (/opt/stack/worktrees/st-53-web-ui-multi-run-progress-tracker-in-status-bar/frontend/src/components/CodeQuality/HotspotDetailsPanel.tsx:12:3)
    at RenderedRoute (/opt/stack/AIStudio/node_modules/react-router/dist/umd/react-router.development.js:539:7)
    at Routes (/opt/stack/AIStudio/node_modules/react-router/dist/umd/react-router.development.js:1273:7)
    at Router (/opt/stack/AIStudio/node_modules/react-router/dist/umd/react-router.development.js:1207:17)
    at MemoryRouter (/opt/stack/AIStudio/node_modules/react-router/dist/umd/react-router.development.js:1101:7)
Warning: An update to HotspotDetailsPanel inside a test was not wrapped in act(...).

When testing, code that causes React state updates should be wrapped into act(...):

act(() => {
  /* fire events that update state */
});
/* assert on the output */

This ensures that you're testing the behavior the user would see in the browser. Learn more at https://reactjs.org/link/wrap-tests-with-act
    at HotspotDetailsPanel (/opt/stack/worktrees/st-53-web-ui-multi-run-progress-tracker-in-status-bar/frontend/src/components/CodeQuality/HotspotDetailsPanel.tsx:12:3)
    at RenderedRoute (/opt/stack/AIStudio/node_modules/react-router/dist/umd/react-router.development.js:539:7)
    at Routes (/opt/stack/AIStudio/node_modules/react-router/dist/umd/react-router.development.js:1273:7)
    at Router (/opt/stack/AIStudio/node_modules/react-router/dist/umd/react-router.development.js:1207:17)
    at MemoryRouter (/opt/stack/AIStudio/node_modules/react-router/dist/umd/react-router.development.js:1101:7)

stderr | src/components/CodeQuality/__tests__/HotspotDetailsPanel.test.tsx > HotspotDetailsPanel > AI recommendations > should not show high churn recommendation when churn <= 30
Warning: An update to HotspotDetailsPanel inside a test was not wrapped in act(...).

When testing, code that causes React state updates should be wrapped into act(...):

act(() => {
  /* fire events that update state */
});
/* assert on the output */

This ensures that you're testing the behavior the user would see in the browser. Learn more at https://reactjs.org/link/wrap-tests-with-act
    at HotspotDetailsPanel (/opt/stack/worktrees/st-53-web-ui-multi-run-progress-tracker-in-status-bar/frontend/src/components/CodeQuality/HotspotDetailsPanel.tsx:12:3)
    at RenderedRoute (/opt/stack/AIStudio/node_modules/react-router/dist/umd/react-router.development.js:539:7)
    at Routes (/opt/stack/AIStudio/node_modules/react-router/dist/umd/react-router.development.js:1273:7)
    at Router (/opt/stack/AIStudio/node_modules/react-router/dist/umd/react-router.development.js:1207:17)
    at MemoryRouter (/opt/stack/AIStudio/node_modules/react-router/dist/umd/react-router.development.js:1101:7)
Warning: An update to HotspotDetailsPanel inside a test was not wrapped in act(...).

When testing, code that causes React state updates should be wrapped into act(...):

act(() => {
  /* fire events that update state */
});
/* assert on the output */

This ensures that you're testing the behavior the user would see in the browser. Learn more at https://reactjs.org/link/wrap-tests-with-act
    at HotspotDetailsPanel (/opt/stack/worktrees/st-53-web-ui-multi-run-progress-tracker-in-status-bar/frontend/src/components/CodeQuality/HotspotDetailsPanel.tsx:12:3)
    at RenderedRoute (/opt/stack/AIStudio/node_modules/react-router/dist/umd/react-router.development.js:539:7)
    at Routes (/opt/stack/AIStudio/node_modules/react-router/dist/umd/react-router.development.js:1273:7)
    at Router (/opt/stack/AIStudio/node_modules/react-router/dist/umd/react-router.development.js:1207:17)
    at MemoryRouter (/opt/stack/AIStudio/node_modules/react-router/dist/umd/react-router.development.js:1101:7)

stderr | src/components/CodeQuality/__tests__/HotspotDetailsPanel.test.tsx > HotspotDetailsPanel > Edge cases > should handle zero values gracefully
Warning: An update to HotspotDetailsPanel inside a test was not wrapped in act(...).

When testing, code that causes React state updates should be wrapped into act(...):

act(() => {
  /* fire events that update state */
});
/* assert on the output */

This ensures that you're testing the behavior the user would see in the browser. Learn more at https://reactjs.org/link/wrap-tests-with-act
    at HotspotDetailsPanel (/opt/stack/worktrees/st-53-web-ui-multi-run-progress-tracker-in-status-bar/frontend/src/components/CodeQuality/HotspotDetailsPanel.tsx:12:3)
    at RenderedRoute (/opt/stack/AIStudio/node_modules/react-router/dist/umd/react-router.development.js:539:7)
    at Routes (/opt/stack/AIStudio/node_modules/react-router/dist/umd/react-router.development.js:1273:7)
    at Router (/opt/stack/AIStudio/node_modules/react-router/dist/umd/react-router.development.js:1207:17)
    at MemoryRouter (/opt/stack/AIStudio/node_modules/react-router/dist/umd/react-router.development.js:1101:7)
Warning: An update to HotspotDetailsPanel inside a test was not wrapped in act(...).

When testing, code that causes React state updates should be wrapped into act(...):

act(() => {
  /* fire events that update state */
});
/* assert on the output */

This ensures that you're testing the behavior the user would see in the browser. Learn more at https://reactjs.org/link/wrap-tests-with-act
    at HotspotDetailsPanel (/opt/stack/worktrees/st-53-web-ui-multi-run-progress-tracker-in-status-bar/frontend/src/components/CodeQuality/HotspotDetailsPanel.tsx:12:3)
    at RenderedRoute (/opt/stack/AIStudio/node_modules/react-router/dist/umd/react-router.development.js:539:7)
    at Routes (/opt/stack/AIStudio/node_modules/react-router/dist/umd/react-router.development.js:1273:7)
    at Router (/opt/stack/AIStudio/node_modules/react-router/dist/umd/react-router.development.js:1207:17)
    at MemoryRouter (/opt/stack/AIStudio/node_modules/react-router/dist/umd/react-router.development.js:1101:7)

stderr | src/components/CodeQuality/__tests__/HotspotDetailsPanel.test.tsx > HotspotDetailsPanel > Edge cases > should handle very long file names with truncation
Warning: An update to HotspotDetailsPanel inside a test was not wrapped in act(...).

When testing, code that causes React state updates should be wrapped into act(...):

act(() => {
  /* fire events that update state */
});
/* assert on the output */

This ensures that you're testing the behavior the user would see in the browser. Learn more at https://reactjs.org/link/wrap-tests-with-act
    at HotspotDetailsPanel (/opt/stack/worktrees/st-53-web-ui-multi-run-progress-tracker-in-status-bar/frontend/src/components/CodeQuality/HotspotDetailsPanel.tsx:12:3)
    at RenderedRoute (/opt/stack/AIStudio/node_modules/react-router/dist/umd/react-router.development.js:539:7)
    at Routes (/opt/stack/AIStudio/node_modules/react-router/dist/umd/react-router.development.js:1273:7)
    at Router (/opt/stack/AIStudio/node_modules/react-router/dist/umd/react-router.development.js:1207:17)
    at MemoryRouter (/opt/stack/AIStudio/node_modules/react-router/dist/umd/react-router.development.js:1101:7)
Warning: An update to HotspotDetailsPanel inside a test was not wrapped in act(...).

When testing, code that causes React state updates should be wrapped into act(...):

act(() => {
  /* fire events that update state */
});
/* assert on the output */

This ensures that you're testing the behavior the user would see in the browser. Learn more at https://reactjs.org/link/wrap-tests-with-act
    at HotspotDetailsPanel (/opt/stack/worktrees/st-53-web-ui-multi-run-progress-tracker-in-status-bar/frontend/src/components/CodeQuality/HotspotDetailsPanel.tsx:12:3)
    at RenderedRoute (/opt/stack/AIStudio/node_modules/react-router/dist/umd/react-router.development.js:539:7)
    at Routes (/opt/stack/AIStudio/node_modules/react-router/dist/umd/react-router.development.js:1273:7)
    at Router (/opt/stack/AIStudio/node_modules/react-router/dist/umd/react-router.development.js:1207:17)
    at MemoryRouter (/opt/stack/AIStudio/node_modules/react-router/dist/umd/react-router.development.js:1101:7)

 ❯ src/components/CodeQuality/__tests__/HotspotDetailsPanel.test.tsx  (52 tests | 3 failed) 3181ms
   ❯ src/components/CodeQuality/__tests__/HotspotDetailsPanel.test.tsx > HotspotDetailsPanel > API data fetching > should show loading state while fetching
     → Found multiple elements with the role "generic"

Here are the matching elements:

Ignored nodes: comments, script, style
[36m<div>[39m
  [36m<div[39m
    [33mclass[39m=[32m"fixed inset-0 bg-black bg-opacity-50 z-40 transition-opacity"[39m
  [36m/>[39m
  [36m<aside[39m
    [33mclass[39m=[32m"fixed top-0 right-0 h-full w-full max-w-2xl transform transition-transform duration-300 ease-in-out bg-gray-50 dark:bg-[#1A202C] shadow-lg border-l border-gray-200 dark:border-[#3b4354] flex flex-col z-50 translate-x-0"[39m
  [36m>[39m
    [36m<header[39m
      [33mclass[39m=[32m"sticky top-0 bg-gray-50 dark:bg-[#1A202C] px-6 pt-6 pb-4 border-b border-gray-200 dark:border-[#3b4354] z-10"[39m
    [36m>[39m
      [36m<div[39m
        [33mclass[39m=[32m"flex justify-between items-start gap-4"[39m
      [36m>[39m
        [36m<div[39m
          [33mclass[39m=[32m"flex-1 min-w-0"[39m
        [36m>[39m
          [36m<h2[39m
            [33mclass[39m=[32m"text-lg font-bold text-gray-900 dark:text-white truncate"[39m
            [33mtitle[39m=[32m"backend/src/auth/password-reset.ts"[39m
          [36m>[39m
            [0mbackend/src/auth/password-reset.ts[0m
          [36m</h2>[39m
          [36m<div[39m
            [33mclass[39m=[32m"flex items-center gap-4 text-sm text-gray-500 dark:text-gray-400 mt-1"[39m
          [36m>[39m
            [36m<span>[39m
              [0mLOC: [0m
              [0m500[0m
            [36m</span>[39m
            [36m<span[39m
              [33mclass[39m=[32m"text-gray-300 dark:text-gray-600"[39m
            [36m>[39m
              [0m|[0m
            [36m</span>[39m
            [36m<span>[39m
              [0mLast Analyzed:[0m
              [0m [0m
              [0m1/15/2025[0m
            [36m</span>[39m
          [36m</div>[39m
        [36m</div>[39m
        [36m<button[39m
          [33mclass[39m=[32m"text-gray-500 dark:text-gray-400 hover:text-gray-800 dark:hover:text-white flex-shrink-0"[39m
        [36m>[39m
          [36m<span[39m
            [33mclass[39m=[32m"material-symbols-outlined"[39m
          [36m>[39m
            [0mclose[0m
          [36m</span>[39m
        [36m</button>[39m
      [36m</div>[39m
    [36m</header>[39m
    [36m<div[39m
      [33mclass[39m=[32m"flex-1 overflow-y-auto p-6"[39m
    [36m>[39m
      [36m<section[39m
        [33mclass[39m=[32m"mb-8"[39m
      [36m>[39m
        [36m<h3[39m
          [33mclass[39m=[32m"text-lg font-semibold text-gray-800 dark:text-gray-200 mb-4"[39m
        [36m>[39m
          [0mRisk Factors Breakdown[0m
        [36m</h3>[39m
        [36m<div[39m
          [33mclass[39m=[32m"space-y-3"[39m
        [36m>[39m
          [36m<div[39m
            [33mclass[39m=[32m"flex items-start gap-3 p-4 bg-white dark:bg-[#282e39] rounded-lg border border-gray-200 dark:border-[#3b4354]"[39m
          [36m>[39m
            [36m<span[39m
              [33mclass[39m=[32m"material-symbols-outlined text-red-500 mt-1"[39m
            [36m>[39m
              [0mwhatshot[0m
            [36m</span>[39m
            [36m<div>[39m
              [36m<h4[39m
                [33mclass[39m=[32m"font-semibold text-gray-900 dark:text-white"[39m
              [36m>[39m
                [0mHigh Churn Rate[0m
              [36m</h4>[39m
              [36m<p[39m
                [33mclass[39m=[32m"text-sm text-gray-600 dark:text-gray-300"[39m
              [36m>[39m
                [0mThis file has been modified in [0m
                [0m45[0m
                [0m commits over the last 6 months, indicating it's a volatile part of the codebase.[0m
              [36m</p>[39m
            [36m</div>[39m
          [36m</div>[39m
          [36m<div[39m
            [33mclass[39m=[32m"flex items-start gap-3 p-4 bg-white dark:bg-[#282e39] rounded-lg border border-gray-200 dark:border-[#3b4354]"[39m
          [36m>[39m
            [36m<span[39m
              [33mclass[39m=[32m"material-symbols-outlined text-red-500 mt-1"[39m
            [36m>[39m
              [0mdevice_hub[0m
            [36m</span>[39m
            [36m<div>[39m
              [36m<h4[39m
                [33mclass[39m=[32m"font-semibold text-gray-900 dark:text-white"[39m
              [36m>[39m
                [0mHigh Complexity[0m
              [36m</h4>[39m
              [36m<p[39m
                [33mclass[39m=[32m"text-sm text-gray-600 dark:text-gray-300"[39m
              [36m>[39m
                [0mWith a cyclomatic complexity of [0m
                [0m25[0m
                [0m, this file is difficult to understand, test, and maintain.[0m
              [36m</p>[39m
            [36m</div>[39m
          [36m</div>[39m
        [36m</div>[39m
      [36m</section>[39m
      [36m<section[39m
        [33mclass[39m=[32m"mb-8"[39m
      [36m>[39m
        [36m<div[39m
          [33mclass[39m=[32m"grid grid-cols-2 md:grid-cols-4 gap-4"[39m
        [36m>[39m
          [36m<div[39m
            [33mclass[39m=[32m"bg-white dark:bg-[#282e39] p-4 rounded-lg border border-gray-200 dark:border-[#3b4354]"[39m
          [36m>[39m
            [36m<p[39m
              [33mclass[39m=[32m"text-sm text-gray-500 dark:text-gray-400"[39m
            [36m>[39m
              [0mRisk Score[0m
            [36m</p>[39m
            [36m<p[39m
              [33mclass[39m=[32m"text-2xl font-bold text-red-500 mt-1"[39m
            [36m>[39m
              [0m85.5[0m
            [36m</p>[39m
          [36m</div>[39m
          [36m<div[39m
            [33mclass[39m=[32m"bg-white dark:bg-[#282e39] p-4 rounded-lg border border-gray-200 dark:border-[#3b4354]"[39m
          [36m>[39m
            [36m<p[39m
              [33mclass[39m=[32m"text-sm text-gray-500 dark:text-gray-400"[39m
            [36m>[39m
              [0mComplexity[0m
            [36m</p>[39m
            [36m<p[39m
              [33mclass[39m=[32m"text-2xl font-bold text-gray-900 dark:text-white mt-1"[39m
            [36m>[39m
              [0m25[0m
            [36m</p>[39m
          [36m</div>[39m
          [36m<div[39m
            [33mclass[39m=[32m"bg-white dark:bg-[#282e39] p-4 rounded-lg border border-gray-200 dark:border-[#3b4354]"[39m
          [36m>[39m
            [36m<p[39m
              [33mclass[39m=[32m"text-sm text-gray-500 dark:text-gray-400"[39m
            [36m>[39m
              [0mChurn Rate[0m
            [36m</p>[39m
            [36m<p[39m
              [33mclass[39m=[32m"text-2xl font-bold text-gray-900 dark:text-white mt-1"[39m
            [36m>[39m
              [0m45[0m
            [36m</p>[39m
          [36m</div>[39m
          [36m<div[39m
            [33mclass[39m=[32m"bg-white dark:bg-[#282e39] p-4 rounded-lg border border-gray-200 dark:border-[#3b4354]"[39m
          [36m>[39m
            [36m<p[39m
              [33mclass[39m=[32m"text-sm text-gray-500 dark:text-gray-400"[39m
            [36m>[39m
              [0mMaintainability[0m
            [36m</p>[39m
            [36m<p[39m
              [33mclass[39m=[32m"text-2xl font-bold text-red-500 mt-1"[39m
            [36m>[39m
              [0m-[0m
            [36m</p>[39m
          [36m</div>[39m
        [36m</div>[39m
      [36m</section>[39m
      [36m<section[39m
        [33mclass[39m=[32m"mb-8"[39m
      [36m>[39m
        [36m<div[39m
          [33mclass[39m=[32m"flex items-center justify-center p-8"[39m
        [36m>[39m
          [36m<div[39m
            [33mclass[39m=[32m"flex items-center gap-2"[39m
          [36m>[39m
            [36m<div[39m
              [33mclass[39m=[32m"w-2 h-2 bg-primary rounded-full animate-pulse"[39m
            [36m/>[39m
            [36m<div[39m
              [33mclass[39m=[32m"w-2 h-2 bg-primary rounded-full animate-pulse"[39m
              [33mstyle[39m=[32m"animation-delay: 0.2s;"[39m
            [36m/>[39m
            [36m<div[39m
              [33mclass[39m=[32m"w-2 h-2 bg-primary rounded-full animate-pulse"[39m
              [33mstyle[39m=[32m"animation-delay: 0.4s;"[39m
            [36m/>[39m
          [36m</div>[39m
        [36m</div>[39m
      [36m</section>[39m
      [36m<section[39m
        [33mclass[39m=[32m"mb-8"[39m
      [36m>[39m
        [36m<h3[39m
          [33mclass[39m=[32m"text-lg font-semibold text-gray-800 dark:text-gray-200 mb-4"[39m
        [36m>[39m
          [0mAI-Generated Recommendations[0m
        [36m</h3>[39m
        [36m<div[39m
          [33mclass[39m=[32m"space-y-3"[39m
        [36m>[39m
          [36m<div[39m
            [33mclass[39m=[32m"flex items-start gap-3 p-4 bg-white dark:bg-[#282e39] rounded-lg border border-gray-200 dark:border-primary/50"[39m
          [36m>[39m
            [36m<span[39m
              [33mclass[39m=[32m"material-symbols-outlined text-primary mt-1"[39m
            [36m>[39m
              [0mauto_awesome[0m
            [36m</span>[39m
            [36m<p[39m
              [33mclass[39m=[32m"text-sm text-gray-600 dark:text-gray-300"[39m
            [36m>[39m
              [0mConsider breaking down large functions in this file. Extract validation, business logic, and side effects into separate modules to reduce complexity from [0m
              [0m25[0m
              [0m to a more manageable level.[0m
            [36m</p>[39m
          [36m</div>[39m
          [36m<div[39m
            [33mclass[39m=[32m"flex items-start gap-3 p-4 bg-white dark:bg-[#282e39] rounded-lg border border-gray-200 dark:border-primary/50"[39m
          [36m>[39m
            [36m<span[39m
              [33mclass[39m=[32m"material-symbols-outlined text-primary mt-1"[39m
            [36m>[39m
              [0mauto_awesome[0m
            [36m</span>[39m
            [36m<p[39m
              [33mclass[39m=[32m"text-sm text-gray-600 dark:text-gray-300"[39m
            [36m>[39m
              [0mHigh churn rate indicates this file is frequently modified. Consider introducing design patterns (Strategy, Factory) to decouple core logic from specific implementations, improving flexibility and maintainability.[0m
            [36m</p>[39m
          [36m</div>[39m
        [36m</div>[39m
      [36m</section>[39m
      [36m<section>[39m
        [36m<h3[39m
          [33mclass[39m=[32m"text-lg font-semibold text-gray-800 dark:text-gray-200 mb-4"[39m
        [36m>[39m
          [0mRelated Files & Dependencies[0m
        [36m</h3>[39m
        [36m<p[39m
          [33mclass[39m=[32m"text-sm text-gray-500 dark:text-gray-400 text-center py-4"[39m
        [36m>[39m
          [0mNo dependencies found[0m
        [36m</p>[39m
      [36m</section>[39m
    [36m</div>[39m
  [36m</aside>[39m
[36m</div>[39m

Ignored nodes: comments, script, style
[36m<div[39m
  [33mclass[39m=[32m"fixed inset-0 bg-black bg-opacity-50 z-40 transition-opacity"[39m
[36m/>[39m

Ignored nodes: comments, script, style
[36m<div[39m
  [33mclass[39m=[32m"flex justify-between items-start gap-4"[39m
[36m>[39m
  [36m<div[39m
    [33mclass[39m=[32m"flex-1 min-w-0"[39m
  [36m>[39m
    [36m<h2[39m
      [33mclass[39m=[32m"text-lg font-bold text-gray-900 dark:text-white truncate"[39m
      [33mtitle[39m=[32m"backend/src/auth/password-reset.ts"[39m
    [36m>[39m
      [0mbackend/src/auth/password-reset.ts[0m
    [36m</h2>[39m
    [36m<div[39m
      [33mclass[39m=[32m"flex items-center gap-4 text-sm text-gray-500 dark:text-gray-400 mt-1"[39m
    [36m>[39m
      [36m<span>[39m
        [0mLOC: [0m
        [0m500[0m
      [36m</span>[39m
      [36m<span[39m
        [33mclass[39m=[32m"text-gray-300 dark:text-gray-600"[39m
      [36m>[39m
        [0m|[0m
      [36m</span>[39m
      [36m<span>[39m
        [0mLast Analyzed:[0m
        [0m [0m
        [0m1/15/2025[0m
      [36m</span>[39m
    [36m</div>[39m
  [36m</div>[39m
  [36m<button[39m
    [33mclass[39m=[32m"text-gray-500 dark:text-gray-400 hover:text-gray-800 dark:hover:text-white flex-shrink-0"[39m
  [36m>[39m
    [36m<span[39m
      [33mclass[39m=[32m"material-symbols-outlined"[39m
    [36m>[39m
      [0mclose[0m
    [36m</span>[39m
  [36m</button>[39m
[36m</div>[39m

Ignored nodes: comments, script, style
[36m<div[39m
  [33mclass[39m=[32m"flex-1 min-w-0"[39m
[36m>[39m
  [36m<h2[39m
    [33mclass[39m=[32m"text-lg font-bold text-gray-900 dark:text-white truncate"[39m
    [33mtitle[39m=[32m"backend/src/auth/password-reset.ts"[39m
  [36m>[39m
    [0mbackend/src/auth/password-reset.ts[0m
  [36m</h2>[39m
  [36m<div[39m
    [33mclass[39m=[32m"flex items-center gap-4 text-sm text-gray-500 dark:text-gray-400 mt-1"[39m
  [36m>[39m
    [36m<span>[39m
      [0mLOC: [0m
      [0m500[0m
    [36m</span>[39m
    [36m<span[39m
      [33mclass[39m=[32m"text-gray-300 dark:text-gray-600"[39m
    [36m>[39m
      [0m|[0m
    [36m</span>[39m
    [36m<span>[39m
      [0mLast Analyzed:[0m
      [0m [0m
      [0m1/15/2025[0m
    [36m</span>[39m
  [36m</div>[39m
[36m</div>[39m

Ignored nodes: comments, script, style
[36m<div[39m
  [33mclass[39m=[32m"flex items-center gap-4 text-sm text-gray-500 dark:text-gray-400 mt-1"[39m
[36m>[39m
  [36m<span>[39m
    [0mLOC: [0m
    [0m500[0m
  [36m</span>[39m
  [36m<span[39m
    [33mclass[39m=[32m"text-gray-300 dark:text-gray-600"[39m
  [36m>[39m
    [0m|[0m
  [36m</span>[39m
  [36m<span>[39m
    [0mLast Analyzed:[0m
    [0m [0m
    [0m1/15/2025[0m
  [36m</span>[39m
[36m</div>[39m

Ignored nodes: comments, script, style
[36m<span>[39m
  [0mLOC: [0m
  [0m500[0m
[36m</span>[39m

Ignored nodes: comments, script, style
[36m<span[39m
  [33mclass[39m=[32m"text-gray-300 dark:text-gray-600"[39m
[36m>[39m
  [0m|[0m
[36m</span>[39m

Ignored nodes: comments, script, style
[36m<span>[39m
  [0mLast Analyzed:[0m
  [0m [0m
  [0m1/15/2025[0m
[36m</span>[39m

Ignored nodes: comments, script, style
[36m<span[39m
  [33mclass[39m=[32m"material-symbols-outlined"[39m
[36m>[39m
  [0mclose[0m
[36m</span>[39m

Ignored nodes: comments, script, style
[36m<div[39m
  [33mclass[39m=[32m"flex-1 overflow-y-auto p-6"[39m
[36m>[39m
  [36m<section[39m
    [33mclass[39m=[32m"mb-8"[39m
  [36m>[39m
    [36m<h3[39m
      [33mclass[39m=[32m"text-lg font-semibold text-gray-800 dark:text-gray-200 mb-4"[39m
    [36m>[39m
      [0mRisk Factors Breakdown[0m
    [36m</h3>[39m
    [36m<div[39m
      [33mclass[39m=[32m"space-y-3"[39m
    [36m>[39m
      [36m<div[39m
        [33mclass[39m=[32m"flex items-start gap-3 p-4 bg-white dark:bg-[#282e39] rounded-lg border border-gray-200 dark:border-[#3b4354]"[39m
      [36m>[39m
        [36m<span[39m
          [33mclass[39m=[32m"material-symbols-outlined text-red-500 mt-1"[39m
        [36m>[39m
          [0mwhatshot[0m
        [36m</span>[39m
        [36m<div>[39m
          [36m<h4[39m
            [33mclass[39m=[32m"font-semibold text-gray-900 dark:text-white"[39m
          [36m>[39m
            [0mHigh Churn Rate[0m
          [36m</h4>[39m
          [36m<p[39m
            [33mclass[39m=[32m"text-sm text-gray-600 dark:text-gray-300"[39m
          [36m>[39m
            [0mThis file has been modified in [0m
            [0m45[0m
            [0m commits over the last 6 months, indicating it's a volatile part of the codebase.[0m
          [36m</p>[39m
        [36m</div>[39m
      [36m</div>[39m
      [36m<div[39m
        [33mclass[39m=[32m"flex items-start gap-3 p-4 bg-white dark:bg-[#282e39] rounded-lg border border-gray-200 dark:border-[#3b4354]"[39m
      [36m>[39m
        [36m<span[39m
          [33mclass[39m=[32m"material-symbols-outlined text-red-500 mt-1"[39m
        [36m>[39m
          [0mdevice_hub[0m
        [36m</span>[39m
        [36m<div>[39m
          [36m<h4[39m
            [33mclass[39m=[32m"font-semibold text-gray-900 dark:text-white"[39m
          [36m>[39m
            [0mHigh Complexity[0m
          [36m</h4>[39m
          [36m<p[39m
            [33mclass[39m=[32m"text-sm text-gray-600 dark:text-gray-300"[39m
          [36m>[39m
            [0mWith a cyclomatic complexity of [0m
            [0m25[0m
            [0m, this file is difficult to understand, test, and maintain.[0m
          [36m</p>[39m
        [36m</div>[39m
      [36m</div>[39m
    [36m</div>[39m
  [36m</section>[39m
  [36m<section[39m
    [33mclass[39m=[32m"mb-8"[39m
  [36m>[39m
    [36m<div[39m
      [33mclass[39m=[32m"grid grid-cols-2 md:grid-cols-4 gap-4"[39m
    [36m>[39m
      [36m<div[39m
        [33mclass[39m=[32m"bg-white dark:bg-[#282e39] p-4 rounded-lg border border-gray-200 dark:border-[#3b4354]"[39m
      [36m>[39m
        [36m<p[39m
          [33mclass[39m=[32m"text-sm text-gray-500 dark:text-gray-400"[39m
        [36m>[39m
          [0mRisk Score[0m
        [36m</p>[39m
        [36m<p[39m
          [33mclass[39m=[32m"text-2xl font-bold text-red-500 mt-1"[39m
        [36m>[39m
          [0m85.5[0m
        [36m</p>[39m
      [36m</div>[39m
      [36m<div[39m
        [33mclass[39m=[32m"bg-white dark:bg-[#282e39] p-4 rounded-lg border border-gray-200 dark:border-[#3b4354]"[39m
      [36m>[39m
        [36m<p[39m
          [33mclass[39m=[32m"text-sm text-gray-500 dark:text-gray-400"[39m
        [36m>[39m
          [0mComplexity[0m
        [36m</p>[39m
        [36m<p[39m
          [33mclass[39m=[32m"text-2xl font-bold text-gray-900 dark:text-white mt-1"[39m
        [36m>[39m
          [0m25[0m
        [36m</p>[39m
      [36m</div>[39m
      [36m<div[39m
        [33mclass[39m=[32m"bg-white dark:bg-[#282e39] p-4 rounded-lg border border-gray-200 dark:border-[#3b4354]"[39m
      [36m>[39m
        [36m<p[39m
          [33mclass[39m=[32m"text-sm text-gray-500 dark:text-gray-400"[39m
        [36m>[39m
          [0mChurn Rate[0m
        [36m</p>[39m
        [36m<p[39m
          [33mclass[39m=[32m"text-2xl font-bold text-gray-900 dark:text-white mt-1"[39m
        [36m>[39m
          [0m45[0m
        [36m</p>[39m
      [36m</div>[39m
      [36m<div[39m
        [33mclass[39m=[32m"bg-white dark:bg-[#282e39] p-4 rounded-lg border border-gray-200 dark:border-[#3b4354]"[39m
      [36m>[39m
        [36m<p[39m
          [33mclass[39m=[32m"text-sm text-gray-500 dark:text-gray-400"[39m
        [36m>[39m
          [0mMaintainability[0m
        [36m</p>[39m
        [36m<p[39m
          [33mclass[39m=[32m"text-2xl font-bold text-red-500 mt-1"[39m
        [36m>[39m
          [0m-[0m
        [36m</p>[39m
      [36m</div>[39m
    [36m</div>[39m
  [36m</section>[39m
  [36m<section[39m
    [33mclass[39m=[32m"mb-8"[39m
  [36m>[39m
    [36m<div[39m
      [33mclass[39m=[32m"flex items-center justify-center p-8"[39m
    [36m>[39m
      [36m<div[39m
        [33mclass[39m=[32m"flex items-center gap-2"[39m
      [36m>[39m
        [36m<div[39m
          [33mclass[39m=[32m"w-2 h-2 bg-primary rounded-full animate-pulse"[39m
        [36m/>[39m
        [36m<div[39m
          [33mclass[39m=[32m"w-2 h-2 bg-primary rounded-full animate-pulse"[39m
          [33mstyle[39m=[32m"animation-delay: 0.2s;"[39m
        [36m/>[39m
        [36m<div[39m
          [33mclass[39m=[32m"w-2 h-2 bg-primary rounded-full animate-pulse"[39m
          [33mstyle[39m=[32m"animation-delay: 0.4s;"[39m
        [36m/>[39m
      [36m</div>[39m
    [36m</div>[39m
  [36m</section>[39m
  [36m<section[39m
    [33mclass[39m=[32m"mb-8"[39m
  [36m>[39m
    [36m<h3[39m
      [33mclass[39m=[32m"text-lg font-semibold text-gray-800 dark:text-gray-200 mb-4"[39m
    [36m>[39m
      [0mAI-Generated Recommendations[0m
    [36m</h3>[39m
    [36m<div[39m
      [33mclass[39m=[32m"space-y-3"[39m
    [36m>[39m
      [36m<div[39m
        [33mclass[39m=[32m"flex items-start gap-3 p-4 bg-white dark:bg-[#282e39] rounded-lg border border-gray-200 dark:border-primary/50"[39m
      [36m>[39m
        [36m<span[39m
          [33mclass[39m=[32m"material-symbols-outlined text-primary mt-1"[39m
        [36m>[39m
          [0mauto_awesome[0m
        [36m</span>[39m
        [36m<p[39m
          [33mclass[39m=[32m"text-sm text-gray-600 dark:text-gray-300"[39m
        [36m>[39m
          [0mConsider breaking down large functions in this file. Extract validation, business logic, and side effects into separate modules to reduce complexity from [0m
          [0m25[0m
          [0m to a more manageable level.[0m
        [36m</p>[39m
      [36m</div>[39m
      [36m<div[39m
        [33mclass[39m=[32m"flex items-start gap-3 p-4 bg-white dark:bg-[#282e39] rounded-lg border border-gray-200 dark:border-primary/50"[39m
      [36m>[39m
        [36m<span[39m
          [33mclass[39m=[32m"material-symbols-outlined text-primary mt-1"[39m
        [36m>[39m
          [0mauto_awesome[0m
        [36m</span>[39m
        [36m<p[39m
          [33mclass[39m=[32m"text-sm text-gray-600 dark:text-gray-300"[39m
        [36m>[39m
          [0mHigh churn rate indicates this file is frequently modified. Consider introducing design patterns (Strategy, Factory) to decouple core logic from specific implementations, improving flexibility and maintainability.[0m
        [36m</p>[39m
      [36m</div>[39m
    [36m</div>[39m
  [36m</section>[39m
  [36m<section>[39m
    [36m<h3[39m
      [33mclass[39m=[32m"text-lg font-semibold text-gray-800 dark:text-gray-200 mb-4"[39m
    [36m>[39m
      [0mRelated Files & Dependencies[0m
    [36m</h3>[39m
    [36m<p[39m
      [33mclass[39m=[32m"text-sm text-gray-500 dark:text-gray-400 text-center py-4"[39m
    [36m>[39m
      [0mNo dependencies found[0m
    [36m</p>[39m
  [36m</section>[39m
[36m</div>[39m

Ignored nodes: comments, script, style
[36m<section[39m
  [33mclass[39m=[32m"mb-8"[39m
[36m>[39m
  [36m<h3[39m
    [33mclass[39m=[32m"text-lg font-semibold text-gray-800 dark:text-gray-200 mb-4"[39m
  [36m>[39m
    [0mRisk Factors Breakdown[0m
  [36m</h3>[39m
  [36m<div[39m
    [33mclass[39m=[32m"space-y-3"[39m
  [36m>[39m
    [36m<div[39m
      [33mclass[39m=[32m"flex items-start gap-3 p-4 bg-white dark:bg-[#282e39] rounded-lg border border-gray-200 dark:border-[#3b4354]"[39m
    [36m>[39m
      [36m<span[39m
        [33mclass[39m=[32m"material-symbols-outlined text-red-500 mt-1"[39m
      [36m>[39m
        [0mwhatshot[0m
      [36m</span>[39m
      [36m<div>[39m
        [36m<h4[39m
          [33mclass[39m=[32m"font-semibold text-gray-900 dark:text-white"[39m
        [36m>[39m
          [0mHigh Churn Rate[0m
        [36m</h4>[39m
        [36m<p[39m
          [33mclass[39m=[32m"text-sm text-gray-600 dark:text-gray-300"[39m
        [36m>[39m
          [0mThis file has been modified in [0m
          [0m45[0m
          [0m commits over the last 6 months, indicating it's a volatile part of the codebase.[0m
        [36m</p>[39m
      [36m</div>[39m
    [36m</div>[39m
    [36m<div[39m
      [33mclass[39m=[32m"flex items-start gap-3 p-4 bg-white dark:bg-[#282e39] rounded-lg border border-gray-200 dark:border-[#3b4354]"[39m
    [36m>[39m
      [36m<span[39m
        [33mclass[39m=[32m"material-symbols-outlined text-red-500 mt-1"[39m
      [36m>[39m
        [0mdevice_hub[0m
      [36m</span>[39m
      [36m<div>[39m
        [36m<h4[39m
          [33mclass[39m=[32m"font-semibold text-gray-900 dark:text-white"[39m
        [36m>[39m
          [0mHigh Complexity[0m
        [36m</h4>[39m
        [36m<p[39m
          [33mclass[39m=[32m"text-sm text-gray-600 dark:text-gray-300"[39m
        [36m>[39m
          [0mWith a cyclomatic complexity of [0m
          [0m25[0m
          [0m, this file is difficult to understand, test, and maintain.[0m
        [36m</p>[39m
      [36m</div>[39m
    [36m</div>[39m
  [36m</div>[39m
[36m</section>[39m

Ignored nodes: comments, script, style
[36m<div[39m
  [33mclass[39m=[32m"space-y-3"[39m
[36m>[39m
  [36m<div[39m
    [33mclass[39m=[32m"flex items-start gap-3 p-4 bg-white dark:bg-[#282e39] rounded-lg border border-gray-200 dark:border-[#3b4354]"[39m
  [36m>[39m
    [36m<span[39m
      [33mclass[39m=[32m"material-symbols-outlined text-red-500 mt-1"[39m
    [36m>[39m
      [0mwhatshot[0m
    [36m</span>[39m
    [36m<div>[39m
      [36m<h4[39m
        [33mclass[39m=[32m"font-semibold text-gray-900 dark:text-white"[39m
      [36m>[39m
        [0mHigh Churn Rate[0m
      [36m</h4>[39m
      [36m<p[39m
        [33mclass[39m=[32m"text-sm text-gray-600 dark:text-gray-300"[39m
      [36m>[39m
        [0mThis file has been modified in [0m
        [0m45[0m
        [0m commits over the last 6 months, indicating it's a volatile part of the codebase.[0m
      [36m</p>[39m
    [36m</div>[39m
  [36m</div>[39m
  [36m<div[39m
    [33mclass[39m=[32m"flex items-start gap-3 p-4 bg-white dark:bg-[#282e39] rounded-lg border border-gray-200 dark:border-[#3b4354]"[39m
  [36m>[39m
    [36m<span[39m
      [33mclass[39m=[32m"material-symbols-outlined text-red-500 mt-1"[39m
    [36m>[39m
      [0mdevice_hub[0m
    [36m</span>[39m
    [36m<div>[39m
      [36m<h4[39m
        [33mclass[39m=[32m"font-semibold text-gray-900 dark:text-white"[39m
      [36m>[39m
        [0mHigh Complexity[0m
      [36m</h4>[39m
      [36m<p[39m
        [33mclass[39m=[32m"text-sm text-gray-600 dark:text-gray-300"[39m
      [36m>[39m
        [0mWith a cyclomatic complexity of [0m
        [0m25[0m
        [0m, this file is difficult to understand, test, and maintain.[0m
      [36m</p>[39m
    [36m</div>[39m
  [36m</div>[39m
[36m</div>[39m

Ignored nodes: comments, script, style
[36m<div[39m
  [33mclass[39m=[32m"flex items-start gap-3 p-4 bg-white dark:bg-[#282e39] rounded-lg border border-gray-200 dark:border-[#3b4354]"[39m
[36m>[39m
  [36m<span[39m
    [33mclass[39m=[32m"material-symbols-outlined text-red-500 mt-1"[39m
  [36m>[39m
    [0mwhatshot[0m
  [36m</span>[39m
  [36m<div>[39m
    [36m<h4[39m
      [33mclass[39m=[32m"font-semibold text-gray-900 dark:text-white"[39m
    [36m>[39m
      [0mHigh Churn Rate[0m
    [36m</h4>[39m
    [36m<p[39m
      [33mclass[39m=[32m"text-sm text-gray-600 dark:text-gray-300"[39m
    [36m>[39m
      [0mThis file has been modified in [0m
      [0m45[0m
      [0m commits over the last 6 months, indicating it's a volatile part of the codebase.[0m
    [36m</p>[39m
  [36m</div>[39m
[36m</div>[39m

Ignored nodes: comments, script, style
[36m<span[39m
  [33mclass[39m=[32m"material-symbols-outlined text-red-500 mt-1"[39m
[36m>[39m
  [0mwhatshot[0m
[36m</span>[39m

Ignored nodes: comments, script, style
[36m<div>[39m
  [36m<h4[39m
    [33mclass[39m=[32m"font-semibold text-gray-900 dark:text-white"[39m
  [36m>[39m
    [0mHigh Churn Rate[0m
  [36m</h4>[39m
  [36m<p[39m
    [33mclass[39m=[32m"text-sm text-gray-600 dark:text-gray-300"[39m
  [36m>[39m
    [0mThis file has been modified in [0m
    [0m45[0m
    [0m commits over the last 6 months, indicating it's a volatile part of the codebase.[0m
  [36m</p>[39m
[36m</div>[39m

Ignored nodes: comments, script, style
[36m<div[39m
  [33mclass[39m=[32m"flex items-start gap-3 p-4 bg-white dark:bg-[#282e39] rounded-lg border border-gray-200 dark:border-[#3b4354]"[39m
[36m>[39m
  [36m<span[39m
    [33mclass[39m=[32m"material-symbols-outlined text-red-500 mt-1"[39m
  [36m>[39m
    [0mdevice_hub[0m
  [36m</span>[39m
  [36m<div>[39m
    [36m<h4[39m
      [33mclass[39m=[32m"font-semibold text-gray-900 dark:text-white"[39m
    [36m>[39m
      [0mHigh Complexity[0m
    [36m</h4>[39m
    [36m<p[39m
      [33mclass[39m=[32m"text-sm text-gray-600 dark:text-gray-300"[39m
    [36m>[39m
      [0mWith a cyclomatic complexity of [0m
      [0m25[0m
      [0m, this file is difficult to understand, test, and maintain.[0m
    [36m</p>[39m
  [36m</div>[39m
[36m</div>[39m

Ignored nodes: comments, script, style
[36m<span[39m
  [33mclass[39m=[32m"material-symbols-outlined text-red-500 mt-1"[39m
[36m>[39m
  [0mdevice_hub[0m
[36m</span>[39m

Ignored nodes: comments, script, style
[36m<div>[39m
  [36m<h4[39m
    [33mclass[39m=[32m"font-semibold text-gray-900 dark:text-white"[39m
  [36m>[39m
    [0mHigh Complexity[0m
  [36m</h4>[39m
  [36m<p[39m
    [33mclass[39m=[32m"text-sm text-gray-600 dark:text-gray-300"[39m
  [36m>[39m
    [0mWith a cyclomatic complexity of [0m
    [0m25[0m
    [0m, this file is difficult to understand, test, and maintain.[0m
  [36m</p>[39m
[36m</div>[39m

Ignored nodes: comments, script, style
[36m<section[39m
  [33mclass[39m=[32m"mb-8"[39m
[36m>[39m
  [36m<div[39m
    [33mclass[39m=[32m"grid grid-cols-2 md:grid-cols-4 gap-4"[39m
  [36m>[39m
    [36m<div[39m
      [33mclass[39m=[32m"bg-white dark:bg-[#282e39] p-4 rounded-lg border border-gray-200 dark:border-[#3b4354]"[39m
    [36m>[39m
      [36m<p[39m
        [33mclass[39m=[32m"text-sm text-gray-500 dark:text-gray-400"[39m
      [36m>[39m
        [0mRisk Score[0m
      [36m</p>[39m
      [36m<p[39m
        [33mclass[39m=[32m"text-2xl font-bold text-red-500 mt-1"[39m
      [36m>[39m
        [0m85.5[0m
      [36m</p>[39m
    [36m</div>[39m
    [36m<div[39m
      [33mclass[39m=[32m"bg-white dark:bg-[#282e39] p-4 rounded-lg border border-gray-200 dark:border-[#3b4354]"[39m
    [36m>[39m
      [36m<p[39m
        [33mclass[39m=[32m"text-sm text-gray-500 dark:text-gray-400"[39m
      [36m>[39m
        [0mComplexity[0m
      [36m</p>[39m
      [36m<p[39m
        [33mclass[39m=[32m"text-2xl font-bold text-gray-900 dark:text-white mt-1"[39m
      [36m>[39m
        [0m25[0m
      [36m</p>[39m
    [36m</div>[39m
    [36m<div[39m
      [33mclass[39m=[32m"bg-white dark:bg-[#282e39] p-4 rounded-lg border border-gray-200 dark:border-[#3b4354]"[39m
    [36m>[39m
      [36m<p[39m
        [33mclass[39m=[32m"text-sm text-gray-500 dark:text-gray-400"[39m
      [36m>[39m
        [0mChurn Rate[0m
      [36m</p>[39m
      [36m<p[39m
        [33mclass[39m=[32m"text-2xl font-bold text-gray-900 dark:text-white mt-1"[39m
      [36m>[39m
        [0m45[0m
      [36m</p>[39m
    [36m</div>[39m
    [36m<div[39m
      [33mclass[39m=[32m"bg-white dark:bg-[#282e39] p-4 rounded-lg border border-gray-200 dark:border-[#3b4354]"[39m
    [36m>[39m
      [36m<p[39m
        [33mclass[39m=[32m"text-sm text-gray-500 dark:text-gray-400"[39m
      [36m>[39m
        [0mMaintainability[0m
      [36m</p>[39m
      [36m<p[39m
        [33mclass[39m=[32m"text-2xl font-bold text-red-500 mt-1"[39m
      [36m>[39m
        [0m-[0m
      [36m</p>[39m
    [36m</div>[39m
  [36m</div>[39m
[36m</section>[39m

Ignored nodes: comments, script, style
[36m<div[39m
  [33mclass[39m=[32m"grid grid-cols-2 md:grid-cols-4 gap-4"[39m
[36m>[39m
  [36m<div[39m
    [33mclass[39m=[32m"bg-white dark:bg-[#282e39] p-4 rounded-lg border border-gray-200 dark:border-[#3b4354]"[39m
  [36m>[39m
    [36m<p[39m
      [33mclass[39m=[32m"text-sm text-gray-500 dark:text-gray-400"[39m
    [36m>[39m
      [0mRisk Score[0m
    [36m</p>[39m
    [36m<p[39m
      [33mclass[39m=[32m"text-2xl font-bold text-red-500 mt-1"[39m
    [36m>[39m
      [0m85.5[0m
    [36m</p>[39m
  [36m</div>[39m
  [36m<div[39m
    [33mclass[39m=[32m"bg-white dark:bg-[#282e39] p-4 rounded-lg border border-gray-200 dark:border-[#3b4354]"[39m
  [36m>[39m
    [36m<p[39m
      [33mclass[39m=[32m"text-sm text-gray-500 dark:text-gray-400"[39m
    [36m>[39m
      [0mComplexity[0m
    [36m</p>[39m
    [36m<p[39m
      [33mclass[39m=[32m"text-2xl font-bold text-gray-900 dark:text-white mt-1"[39m
    [36m>[39m
      [0m25[0m
    [36m</p>[39m
  [36m</div>[39m
  [36m<div[39m
    [33mclass[39m=[32m"bg-white dark:bg-[#282e39] p-4 rounded-lg border border-gray-200 dark:border-[#3b4354]"[39m
  [36m>[39m
    [36m<p[39m
      [33mclass[39m=[32m"text-sm text-gray-500 dark:text-gray-400"[39m
    [36m>[39m
      [0mChurn Rate[0m
    [36m</p>[39m
    [36m<p[39m
      [33mclass[39m=[32m"text-2xl font-bold text-gray-900 dark:text-white mt-1"[39m
    [36m>[39m
      [0m45[0m
    [36m</p>[39m
  [36m</div>[39m
  [36m<div[39m
    [33mclass[39m=[32m"bg-white dark:bg-[#282e39] p-4 rounded-lg border border-gray-200 dark:border-[#3b4354]"[39m
  [36m>[39m
    [36m<p[39m
      [33mclass[39m=[32m"text-sm text-gray-500 dark:text-gray-400"[39m
    [36m>[39m
      [0mMaintainability[0m
    [36m</p>[39m
    [36m<p[39m
      [33mclass[39m=[32m"text-2xl font-bold text-red-500 mt-1"[39m
    [36m>[39m
      [0m-[0m
    [36m</p>[39m
  [36m</div>[39m
[36m</div>[39m

Ignored nodes: comments, script, style
[36m<div[39m
  [33mclass[39m=[32m"bg-white dark:bg-[#282e39] p-4 rounded-lg border border-gray-200 dark:border-[#3b4354]"[39m
[36m>[39m
  [36m<p[39m
    [33mclass[39m=[32m"text-sm text-gray-500 dark:text-gray-400"[39m
  [36m>[39m
    [0mRisk Score[0m
  [36m</p>[39m
  [36m<p[39m
    [33mclass[39m=[32m"text-2xl font-bold text-red-500 mt-1"[39m
  [36m>[39m
    [0m85.5[0m
  [36m</p>[39m
[36m</div>[39m

Ignored nodes: comments, script, style
[36m<div[39m
  [33mclass[39m=[32m"bg-white dark:bg-[#282e39] p-4 rounded-lg border border-gray-200 dark:border-[#3b4354]"[39m
[36m>[39m
  [36m<p[39m
    [33mclass[39m=[32m"text-sm text-gray-500 dark:text-gray-400"[39m
  [36m>[39m
    [0mComplexity[0m
  [36m</p>[39m
  [36m<p[39m
    [33mclass[39m=[32m"text-2xl font-bold text-gray-900 dark:text-white mt-1"[39m
  [36m>[39m
    [0m25[0m
  [36m</p>[39m
[36m</div>[39m

Ignored nodes: comments, script, style
[36m<div[39m
  [33mclass[39m=[32m"bg-white dark:bg-[#282e39] p-4 rounded-lg border border-gray-200 dark:border-[#3b4354]"[39m
[36m>[39m
  [36m<p[39m
    [33mclass[39m=[32m"text-sm text-gray-500 dark:text-gray-400"[39m
  [36m>[39m
    [0mChurn Rate[0m
  [36m</p>[39m
  [36m<p[39m
    [33mclass[39m=[32m"text-2xl font-bold text-gray-900 dark:text-white mt-1"[39m
  [36m>[39m
    [0m45[0m
  [36m</p>[39m
[36m</div>[39m

Ignored nodes: comments, script, style
[36m<div[39m
  [33mclass[39m=[32m"bg-white dark:bg-[#282e39] p-4 rounded-lg border border-gray-200 dark:border-[#3b4354]"[39m
[36m>[39m
  [36m<p[39m
    [33mclass[39m=[32m"text-sm text-gray-500 dark:text-gray-400"[39m
  [36m>[39m
    [0mMaintainability[0m
  [36m</p>[39m
  [36m<p[39m
    [33mclass[39m=[32m"text-2xl font-bold text-red-500 mt-1"[39m
  [36m>[39m
    [0m-[0m
  [36m</p>[39m
[36m</div>[39m

Ignored nodes: comments, script, style
[36m<section[39m
  [33mclass[39m=[32m"mb-8"[39m
[36m>[39m
  [36m<div[39m
    [33mclass[39m=[32m"flex items-center justify-center p-8"[39m
  [36m>[39m
    [36m<div[39m
      [33mclass[39m=[32m"flex items-center gap-2"[39m
    [36m>[39m
      [36m<div[39m
        [33mclass[39m=[32m"w-2 h-2 bg-primary rounded-full animate-pulse"[39m
      [36m/>[39m
      [36m<div[39m
        [33mclass[39m=[32m"w-2 h-2 bg-primary rounded-full animate-pulse"[39m
        [33mstyle[39m=[32m"animation-delay: 0.2s;"[39m
      [36m/>[39m
      [36m<div[39m
        [33mclass[39m=[32m"w-2 h-2 bg-primary rounded-full animate-pulse"[39m
        [33mstyle[39m=[32m"animation-delay: 0.4s;"[39m
      [36m/>[39m
    [36m</div>[39m
  [36m</div>[39m
[36m</section>[39m

Ignored nodes: comments, script, style
[36m<div[39m
  [33mclass[39m=[32m"flex items-center justify-center p-8"[39m
[36m>[39m
  [36m<div[39m
    [33mclass[39m=[32m"flex items-center gap-2"[39m
  [36m>[39m
    [36m<div[39m
      [33mclass[39m=[32m"w-2 h-2 bg-primary rounded-full animate-pulse"[39m
    [36m/>[39m
    [36m<div[39m
      [33mclass[39m=[32m"w-2 h-2 bg-primary rounded-full animate-pulse"[39m
      [33mstyle[39m=[32m"animation-delay: 0.2s;"[39m
    [36m/>[39m
    [36m<div[39m
      [33mclass[39m=[32m"w-2 h-2 bg-primary rounded-full animate-pulse"[39m
      [33mstyle[39m=[32m"animation-delay: 0.4s;"[39m
    [36m/>[39m
  [36m</div>[39m
[36m</div>[39m

Ignored nodes: comments, script, style
[36m<div[39m
  [33mclass[39m=[32m"flex items-center gap-2"[39m
[36m>[39m
  [36m<div[39m
    [33mclass[39m=[32m"w-2 h-2 bg-primary rounded-full animate-pulse"[39m
  [36m/>[39m
  [36m<div[39m
    [33mclass[39m=[32m"w-2 h-2 bg-primary rounded-full animate-pulse"[39m
    [33mstyle[39m=[32m"animation-delay: 0.2s;"[39m
  [36m/>[39m
  [36m<div[39m
    [33mclass[39m=[32m"w-2 h-2 bg-primary rounded-full animate-pulse"[39m
    [33mstyle[39m=[32m"animation-delay: 0.4s;"[39m
  [36m/>[39m
[36m</div>[39m

Ignored nodes: comments, script, style
[36m<div[39m
  [33mclass[39m=[32m"w-2 h-2 bg-primary rounded-full animate-pulse"[39m
[36m/>[39m

Ignored nodes: comments, script, style
[36m<div[39m
  [33mclass[39m=[32m"w-2 h-2 bg-primary rounded-full animate-pulse"[39m
  [33mstyle[39m=[32m"animation-delay: 0.2s;"[39m
[36m/>[39m

Ignored nodes: comments, script, style
[36m<div[39m
  [33mclass[39m=[32m"w-2 h-2 bg-primary rounded-full animate-pulse"[39m
  [33mstyle[39m=[32m"animation-delay: 0.4s;"[39m
[36m/>[39m

Ignored nodes: comments, script, style
[36m<section[39m
  [33mclass[39m=[32m"mb-8"[39m
[36m>[39m
  [36m<h3[39m
    [33mclass[39m=[32m"text-lg font-semibold text-gray-800 dark:text-gray-200 mb-4"[39m
  [36m>[39m
    [0mAI-Generated Recommendations[0m
  [36m</h3>[39m
  [36m<div[39m
    [33mclass[39m=[32m"space-y-3"[39m
  [36m>[39m
    [36m<div[39m
      [33mclass[39m=[32m"flex items-start gap-3 p-4 bg-white dark:bg-[#282e39] rounded-lg border border-gray-200 dark:border-primary/50"[39m
    [36m>[39m
      [36m<span[39m
        [33mclass[39m=[32m"material-symbols-outlined text-primary mt-1"[39m
      [36m>[39m
        [0mauto_awesome[0m
      [36m</span>[39m
      [36m<p[39m
        [33mclass[39m=[32m"text-sm text-gray-600 dark:text-gray-300"[39m
      [36m>[39m
        [0mConsider breaking down large functions in this file. Extract validation, business logic, and side effects into separate modules to reduce complexity from [0m
        [0m25[0m
        [0m to a more manageable level.[0m
      [36m</p>[39m
    [36m</div>[39m
    [36m<div[39m
      [33mclass[39m=[32m"flex items-start gap-3 p-4 bg-white dark:bg-[#282e39] rounded-lg border border-gray-200 dark:border-primary/50"[39m
    [36m>[39m
      [36m<span[39m
        [33mclass[39m=[32m"material-symbols-outlined text-primary mt-1"[39m
      [36m>[39m
        [0mauto_awesome[0m
      [36m</span>[39m
      [36m<p[39m
        [33mclass[39m=[32m"text-sm text-gray-600 dark:text-gray-300"[39m
      [36m>[39m
        [0mHigh churn rate indicates this file is frequently modified. Consider introducing design patterns (Strategy, Factory) to decouple core logic from specific implementations, improving flexibility and maintainability.[0m
      [36m</p>[39m
    [36m</div>[39m
  [36m</div>[39m
[36m</section>[39m

Ignored nodes: comments, script, style
[36m<div[39m
  [33mclass[39m=[32m"space-y-3"[39m
[36m>[39m
  [36m<div[39m
    [33mclass[39m=[32m"flex items-start gap-3 p-4 bg-white dark:bg-[#282e39] rounded-lg border border-gray-200 dark:border-primary/50"[39m
  [36m>[39m
    [36m<span[39m
      [33mclass[39m=[32m"material-symbols-outlined text-primary mt-1"[39m
    [36m>[39m
      [0mauto_awesome[0m
    [36m</span>[39m
    [36m<p[39m
      [33mclass[39m=[32m"text-sm text-gray-600 dark:text-gray-300"[39m
    [36m>[39m
      [0mConsider breaking down large functions in this file. Extract validation, business logic, and side effects into separate modules to reduce complexity from [0m
      [0m25[0m
      [0m to a more manageable level.[0m
    [36m</p>[39m
  [36m</div>[39m
  [36m<div[39m
    [33mclass[39m=[32m"flex items-start gap-3 p-4 bg-white dark:bg-[#282e39] rounded-lg border border-gray-200 dark:border-primary/50"[39m
  [36m>[39m
    [36m<span[39m
      [33mclass[39m=[32m"material-symbols-outlined text-primary mt-1"[39m
    [36m>[39m
      [0mauto_awesome[0m
    [36m</span>[39m
    [36m<p[39m
      [33mclass[39m=[32m"text-sm text-gray-600 dark:text-gray-300"[39m
    [36m>[39m
      [0mHigh churn rate indicates this file is frequently modified. Consider introducing design patterns (Strategy, Factory) to decouple core logic from specific implementations, improving flexibility and maintainability.[0m
    [36m</p>[39m
  [36m</div>[39m
[36m</div>[39m

Ignored nodes: comments, script, style
[36m<div[39m
  [33mclass[39m=[32m"flex items-start gap-3 p-4 bg-white dark:bg-[#282e39] rounded-lg border border-gray-200 dark:border-primary/50"[39m
[36m>[39m
  [36m<span[39m
    [33mclass[39m=[32m"material-symbols-outlined text-primary mt-1"[39m
  [36m>[39m
    [0mauto_awesome[0m
  [36m</span>[39m
  [36m<p[39m
    [33mclass[39m=[32m"text-sm text-gray-600 dark:text-gray-300"[39m
  [36m>[39m
    [0mConsider breaking down large functions in this file. Extract validation, business logic, and side effects into separate modules to reduce complexity from [0m
    [0m25[0m
    [0m to a more manageable level.[0m
  [36m</p>[39m
[36m</div>[39m

Ignored nodes: comments, script, style
[36m<span[39m
  [33mclass[39m=[32m"material-symbols-outlined text-primary mt-1"[39m
[36m>[39m
  [0mauto_awesome[0m
[36m</span>[39m

Ignored nodes: comments, script, style
[36m<div[39m
  [33mclass[39m=[32m"flex items-start gap-3 p-4 bg-white dark:bg-[#282e39] rounded-lg border border-gray-200 dark:border-primary/50"[39m
[36m>[39m
  [36m<span[39m
    [33mclass[39m=[32m"material-symbols-outlined text-primary mt-1"[39m
  [36m>[39m
    [0mauto_awesome[0m
  [36m</span>[39m
  [36m<p[39m
    [33mclass[39m=[32m"text-sm text-gray-600 dark:text-gray-300"[39m
  [36m>[39m
    [0mHigh churn rate indicates this file is frequently modified. Consider introducing design patterns (Strategy, Factory) to decouple core logic from specific implementations, improving flexibility and maintainability.[0m
  [36m</p>[39m
[36m</div>[39m

Ignored nodes: comments, script, style
[36m<span[39m
  [33mclass[39m=[32m"material-symbols-outlined text-primary mt-1"[39m
[36m>[39m
  [0mauto_awesome[0m
[36m</span>[39m

Ignored nodes: comments, script, style
[36m<section>[39m
  [36m<h3[39m
    [33mclass[39m=[32m"text-lg font-semibold text-gray-800 dark:text-gray-200 mb-4"[39m
  [36m>[39m
    [0mRelated Files & Dependencies[0m
  [36m</h3>[39m
  [36m<p[39m
    [33mclass[39m=[32m"text-sm text-gray-500 dark:text-gray-400 text-center py-4"[39m
  [36m>[39m
    [0mNo dependencies found[0m
  [36m</p>[39m
[36m</section>[39m

(If this is intentional, then use the `*AllBy*` variant of the query (like `queryAllByText`, `getAllByText`, or `findAllByText`)).

Ignored nodes: comments, script, style
[36m<body>[39m
  [36m<div>[39m
    [36m<div[39m
      [33mclass[39m=[32m"fixed inset-0 bg-black bg-opacity-50 z-40 transition-opacity"[39m
    [36m/>[39m
    [36m<aside[39m
      [33mclass[39m=[32m"fixed top-0 right-0 h-full w-full max-w-2xl transform transition-transform duration-300 ease-in-out bg-gray-50 dark:bg-[#1A202C] shadow-lg border-l border-gray-200 dark:border-[#3b4354] flex flex-col z-50 translate-x-0"[39m
    [36m>[39m
      [36m<header[39m
        [33mclass[39m=[32m"sticky top-0 bg-gray-50 dark:bg-[#1A202C] px-6 pt-6 pb-4 border-b border-gray-200 dark:border-[#3b4354] z-10"[39m
      [36m>[39m
        [36m<div[39m
          [33mclass[39m=[32m"flex justify-between items-start gap-4"[39m
        [36m>[39m
          [36m<div[39m
            [33mclass[39m=[32m"flex-1 min-w-0"[39m
          [36m>[39m
            [36m<h2[39m
              [33mclass[39m=[32m"text-lg font-bold text-gray-900 dark:text-white truncate"[39m
              [33mtitle[39m=[32m"backend/src/auth/password-reset.ts"[39m
            [36m>[39m
              [0mbackend/src/auth/password-reset.ts[0m
            [36m</h2>[39m
            [36m<div[39m
              [33mclass[39m=[32m"flex items-center gap-4 text-sm text-gray-500 dark:text-gray-400 mt-1"[39m
            [36m>[39m
              [36m<span>[39m
                [0mLOC: [0m
                [0m500[0m
              [36m</span>[39m
              [36m<span[39m
                [33mclass[39m=[32m"text-gray-300 dark:text-gray-600"[39m
              [36m>[39m
                [0m|[0m
              [36m</span>[39m
              [36m<span>[39m
                [0mLast Analyzed:[0m
                [0m [0m
                [0m1/15/2025[0m
              [36m</span>[39m
            [36m</div>[39m
          [36m</div>[39m
          [36m<button[39m
            [33mclass[39m=[32m"text-gray-500 dark:text-gray-400 hover:text-gray-800 dark:hover:text-white flex-shrink-0"[39m
          [36m>[39m
            [36m<span[39m
              [33mclass[39m=[32m"material-symbols-outlined"[39m
            [36m>[39m
              [0mclose[0m
            [36m</span>[39m
          [36m</button>[39m
        [36m</div>[39m
      [36m</header>[39m
      [36m<div[39m
        [33mclass[39m=[32m"flex-1 overflow-y-auto p-6"[39m
      [36m>[39m
        [36m<section[39m
          [33mclass[39m=[32m"mb-8"[39m
        [36m>[39m
          [36m<h3[39m
            [33mclass[39m=[32m"text-lg font-semibold text-gray-800 dark:text-gray-200 mb-4"[39m
          [36m>[39m
            [0mRisk Factors Breakdown[0m
          [36m</h3>[39m
          [36m<div[39m
            [33mclass[39m=[32m"space-y-3"[39m
          [36m>[39m
            [36m<div[39m
              [33mclass[39m=[32m"flex items-start gap-3 p-4 bg-white dark:bg-[#282e39] rounded-lg border border-gray-200 dark:border-[#3b4354]"[39m
            [36m>[39m
              [36m<span[39m
                [33mclass[39m=[32m"material-symbols-outlined text-red-500 mt-1"[39m
              [36m>[39m
                [0mwhatshot[0m
              [36m</span>[39m
              [36m<div>[39m
                [36m<h4[39m
                  [33mclass[39m=[32m"font-semibold text-gray-900 dark:text-white"[39m
                [36m>[39m
                  [0mHigh Churn Rate[0m
                [36m</h4>[39m
                [36m<p[39m
                  [33mclass[39m=[32m"text-sm text-gray-600 dark:text-gray-300"[39m
                [36m>[39m
                  [0mThis file has been modified in [0m
                  [0m45[0m
                  [0m commits over the last 6 months, indicating it's a volatile part of the codebase.[0m
                [36m</p>[39m
              [36m</div>[39m
            [36m</div>[39m
            [36m<div[39m
              [33mclass[39m=[32m"flex items-start gap-3 p-4 bg-white dark:bg-[#282e39] rounded-lg border border-gray-200 dark:border-[#3b4354]"[39m
            [36m>[39m
              [36m<span[39m
                [33mclass[39m=[32m"material-symbols-outlined text-red-500 mt-1"[39m
              [36m>[39m
                [0mdevice_hub[0m
              [36m</span>[39m
              [36m<div>[39m
                [36m<h4[39m
                  [33mclass[39m=[32m"font-semibold text-gray-900 dark:text-white"[39m
                [36m>[39m
                  [0mHigh Complexity[0m
                [36m</h4>[39m
                [36m<p[39m
                  [33mclass[39m=[32m"text-sm text-gray-600 dark:text-gray-300"[39m
                [36m>[39m
                  [0mWith a cyclomatic complexity of [0m
                  [0m25[0m
                  [0m, this file is difficult to understand, test, and maintain.[0m
                [36m</p>[39m
              [36m</div>[39m
            [36m</div>[39m
          [36m</div>[39m
        [36m</section>[39m
        [36m<section[39m
          [33mclass[39m=[32m"mb-8"[39m
        [36m>[39m
          [36m<div[39m
            [33mclass[39m=[32m"grid grid-cols-2 md:grid-cols-4 gap-4"[39m
          [36m>[39m
            [36m<div[39m
              [33mclass[39m=[32m"bg-white dark:bg-[#282e39] p-4 rounded-lg border border-gray-200 dark:border-[#3b4354]"[39m
            [36m>[39m
              [36m<p[39m
                [33mclass[39m=[32m"text-sm text-gray-500 dark:text-gray-400"[39m
              [36m>[39m
                [0mRisk Score[0m
              [36m</p>[39m
              [36m<p[39m
                [33mclass[39m=[32m"text-2xl font-bold text-red-500 mt-1"[39m
              [36m>[39m
                [0m85.5[0m
              [36m</p>[39m
            [36m</div>[39m
            [36m<div[39m
              [33mclass[39m=[32m"bg-white dark:bg-[#282e39] p-4 rounded-lg border border-gray-200 dark:border-[#3b4354]"[39m
            [36m>[39m
              [36m<p[39m
                [33mclass[39m=[32m"text-sm text-gray-500 dark:text-gray-400"[39m
              [36m>[39m
                [0mComplexity[0m
              [36m</p>[39m
              [36m<p[39m
                [33mclass[39m=[32m"text-2xl font-bold text-gray-900 dark:text-white mt-1"[39m
              [36m>[39m
                [0m25[0m
              [36m</p>[39m
            [36m</div>[39m
            [36m<div[39m
              [33mclass[39m=[32m"bg-white dark:bg-[#282e39] p-4 rounded-lg border border-gray-200 dark:border-[#3b4354]"[39m
            [36m>[39m
              [36m<p[39m
                [33mclass[39m=[32m"text-sm text-gray-500 dark:text-gray-400"[39m
              [36m>[39m
                [0mChurn Rate[0m
              [36m</p>[39m
              [36m<p[39m
                [33mclass[39m=[32m"text-2xl font-bold text-gray-900 dark:text-white mt-1"[39m
              [36m>[39m
                [0m45[0m
              [36m</p>[39m
            [36m</div>[39m
            [36m<div[39m
              [33mclass[39m=[32m"bg-white dark:bg-[#282e39] p-4 rounded-lg border border-gray-200 dark:border-[#3b4354]"[39m
            [36m>[39m
              [36m<p[39m
                [33mclass[39m=[32m"text-sm text-gray-500 dark:text-gray-400"[39m
              [36m>[39m
                [0mMaintainability[0m
              [36m</p>[39m
              [36m<p[39m
                [33mclass[39m=[32m"text-2xl font-bold text-red-500 mt-1"[39m
              [36m>[39m
                [0m-[0m
              [36m</p>[39m
            [36m</div>[39m
          [36m</div>[39m
        [36m</section>[39m
        [36m<section[39m
          [33mclass[39m=[32m"mb-8"[39m
        [36m>[39m
          [36m<div[39m
            [33mclass[39m=[32m"flex items-center justify-center p-8"[39m
          [36m>[39m
            [36m<div[39m
              [33mclass[39m=[32m"flex items-center gap-2"[39m
            [36m>[39m
              [36m<div[39m
                [33mclass[39m=[32m"w-2 h-2 bg-primary rounded-full animate-pulse"[39m
              [36m/>[39m
              [36m<div[39m
                [33mclass[39m=[32m"w-2 h-2 bg-primary rounded-full animate-pulse"[39m
                [33mstyle[39m=[32m"animation-delay: 0.2s;"[39m
              [36m/>[39m
              [36m<div[39m
                [33mclass[39m=[32m"w-2 h-2 bg-primary rounded-full animate-pulse"[39m
                [33mstyle[39m=[32m"animation-delay: 0.4s;"[39m
              [36m/>[39m
            [36m</div>[39m
          [36m</div>[39m
        [36m</section>[39m
        [36m<section[39m
          [33mclass[39m=[32m"mb-8"[39m
        [36m>[39m
          [36m<h3[39m
            [33mclass[39m=[32m"text-lg font-semibold text-gray-800 dark:text-gray-200 mb-4"[39m
          [36m>[39m
            [0mAI-Generated Recommendations[0m
          [36m</h3>[39m
          [36m<div[39m
            [33mclass[39m=[32m"space-y-3"[39m
          [36m>[39m
            [36m<div[39m
              [33mclass[39m=[32m"flex items-start gap-3 p-4 bg-white dark:bg-[#282e39] rounded-lg border border-gray-200 dark:border-primary/50"[39m
            [36m>[39m
              [36m<span[39m
                [33mclass[39m=[32m"material-symbols-outlined text-primary mt-1"[39m
              [36m>[39m
                [0mauto_awesome[0m
              [36m</span>[39m
              [36m<p[39m
                [33mclass[39m=[32m"text-sm text-gray-600 dark:text-gray-300"[39m
              [36m>[39m
                [0mConsider breaking down large functions in this file. Extract validation, business logic, and side effects into separate modules to reduce complexity from [0m
                [0m25[0m
                [0m to a more manageable level.[0m
              [36m</p>[39m
            [36m</div>[39m
            [36m<div[39m
              [33mclass[39m=[32m"flex items-start gap-3 p-4 bg-white dark:bg-[#282e39] rounded-lg border border-gray-200 dark:border-primary/50"[39m
            [36m>[39m
              [36m<span[39m
                [33mclass[39m=[32m"material-symbols-outlined text-primary mt-1"[39m
              [36m>[39m
                [0mauto_awesome[0m
              [36m</span>[39m
              [36m<p[39m
                [33mclass[39m=[32m"text-sm text-gray-600 dark:text-gray-300"[39m
              [36m>[39m
                [0mHigh churn rate indicates this file is frequently modified. Consider introducing design patterns (Strategy, Factory) to decouple core logic from specific implementations, improving flexibility and maintainability.[0m
              [36m</p>[39m
            [36m</div>[39m
          [36m</div>[39m
        [36m</section>[39m
        [36m<section>[39m
          [36m<h3[39m
            [33mclass[39m=[32m"text-lg font-semibold text-gray-800 dark:text-gray-200 mb-4"[39m
          [36m>[39m
            [0mRelated Files & Dependencies[0m
          [36m</h3>[39m
          [36m<p[39m
            [33mclass[39m=[32m"text-sm text-gray-500 dark:text-gray-400 text-center py-4"[39m
          [36m>[39m
            [0mNo dependencies found[0m
          [36m</p>[39m
        [36m</section>[39m
      [36m</div>[39m
    [36m</aside>[39m
  [36m</div>[39m
[36m</body>[39m
   ❯ src/components/CodeQuality/__tests__/HotspotDetailsPanel.test.tsx > HotspotDetailsPanel > Metrics display > should display maintainability grade when file details are loaded
     → Unable to find an element with the text: D. This could be because the text is broken up by multiple elements. In this case, you can provide a function for your text matcher to make your matcher more flexible.

Ignored nodes: comments, script, style
[36m<body>[39m
  [36m<div>[39m
    [36m<div[39m
      [33mclass[39m=[32m"fixed inset-0 bg-black bg-opacity-50 z-40 transition-opacity"[39m
    [36m/>[39m
    [36m<aside[39m
      [33mclass[39m=[32m"fixed top-0 right-0 h-full w-full max-w-2xl transform transition-transform duration-300 ease-in-out bg-gray-50 dark:bg-[#1A202C] shadow-lg border-l border-gray-200 dark:border-[#3b4354] flex flex-col z-50 translate-x-0"[39m
    [36m>[39m
      [36m<header[39m
        [33mclass[39m=[32m"sticky top-0 bg-gray-50 dark:bg-[#1A202C] px-6 pt-6 pb-4 border-b border-gray-200 dark:border-[#3b4354] z-10"[39m
      [36m>[39m
        [36m<div[39m
          [33mclass[39m=[32m"flex justify-between items-start gap-4"[39m
        [36m>[39m
          [36m<div[39m
            [33mclass[39m=[32m"flex-1 min-w-0"[39m
          [36m>[39m
            [36m<h2[39m
              [33mclass[39m=[32m"text-lg font-bold text-gray-900 dark:text-white truncate"[39m
              [33mtitle[39m=[32m"backend/src/auth/password-reset.ts"[39m
            [36m>[39m
              [0mbackend/src/auth/password-reset.ts[0m
            [36m</h2>[39m
            [36m<div[39m
              [33mclass[39m=[32m"flex items-center gap-4 text-sm text-gray-500 dark:text-gray-400 mt-1"[39m
            [36m>[39m
              [36m<span>[39m
                [0mLOC: [0m
                [0m500[0m
              [36m</span>[39m
              [36m<span[39m
                [33mclass[39m=[32m"text-gray-300 dark:text-gray-600"[39m
              [36m>[39m
                [0m|[0m
              [36m</span>[39m
              [36m<span>[39m
                [0mLast Analyzed:[0m
                [0m [0m
                [0m1/15/2025[0m
              [36m</span>[39m
            [36m</div>[39m
          [36m</div>[39m
          [36m<button[39m
            [33mclass[39m=[32m"text-gray-500 dark:text-gray-400 hover:text-gray-800 dark:hover:text-white flex-shrink-0"[39m
          [36m>[39m
            [36m<span[39m
              [33mclass[39m=[32m"material-symbols-outlined"[39m
            [36m>[39m
              [0mclose[0m
            [36m</span>[39m
          [36m</button>[39m
        [36m</div>[39m
      [36m</header>[39m
      [36m<div[39m
        [33mclass[39m=[32m"flex-1 overflow-y-auto p-6"[39m
      [36m>[39m
        [36m<section[39m
          [33mclass[39m=[32m"mb-8"[39m
        [36m>[39m
          [36m<h3[39m
            [33mclass[39m=[32m"text-lg font-semibold text-gray-800 dark:text-gray-200 mb-4"[39m
          [36m>[39m
            [0mRisk Factors Breakdown[0m
          [36m</h3>[39m
          [36m<div[39m
            [33mclass[39m=[32m"space-y-3"[39m
          [36m>[39m
            [36m<div[39m
              [33mclass[39m=[32m"flex items-start gap-3 p-4 bg-white dark:bg-[#282e39] rounded-lg border border-gray-200 dark:border-[#3b4354]"[39m
            [36m>[39m
              [36m<span[39m
                [33mclass[39m=[32m"material-symbols-outlined text-red-500 mt-1"[39m
              [36m>[39m
                [0mwhatshot[0m
              [36m</span>[39m
              [36m<div>[39m
                [36m<h4[39m
                  [33mclass[39m=[32m"font-semibold text-gray-900 dark:text-white"[39m
                [36m>[39m
                  [0mHigh Churn Rate[0m
                [36m</h4>[39m
                [36m<p[39m
                  [33mclass[39m=[32m"text-sm text-gray-600 dark:text-gray-300"[39m
                [36m>[39m
                  [0mThis file has been modified in [0m
                  [0m45[0m
                  [0m commits over the last 6 months, indicating it's a volatile part of the codebase.[0m
                [36m</p>[39m
              [36m</div>[39m
            [36m</div>[39m
            [36m<div[39m
              [33mclass[39m=[32m"flex items-start gap-3 p-4 bg-white dark:bg-[#282e39] rounded-lg border border-gray-200 dark:border-[#3b4354]"[39m
            [36m>[39m
              [36m<span[39m
                [33mclass[39m=[32m"material-symbols-outlined text-red-500 mt-1"[39m
              [36m>[39m
                [0mdevice_hub[0m
              [36m</span>[39m
              [36m<div>[39m
                [36m<h4[39m
                  [33mclass[39m=[32m"font-semibold text-gray-900 dark:text-white"[39m
                [36m>[39m
                  [0mHigh Complexity[0m
                [36m</h4>[39m
                [36m<p[39m
                  [33mclass[39m=[32m"text-sm text-gray-600 dark:text-gray-300"[39m
                [36m>[39m
                  [0mWith a cyclomatic complexity of [0m
                  [0m25[0m
                  [0m, this file is difficult to understand, test, and maintain.[0m
                [36m</p>[39m
              [36m</div>[39m
            [36m</div>[39m
            [36m<div[39m
              [33mclass[39m=[32m"flex items-start gap-3 p-4 bg-white dark:bg-[#282e39] rounded-lg border border-gray-200 dark:border-[#3b4354]"[39m
            [36m>[39m
              [36m<span[39m
                [33mclass[39m=[32m"material-symbols-outlined text-yellow-500 mt-1"[39m
              [36m>[39m
                [0mwarning[0m
              [36m</span>[39m
              [36m<div>[39m
                [36m<h4[39m
                  [33mclass[39m=[32m"font-semibold text-gray-900 dark:text-white"[39m
                [36m>[39m
                  [0mLow Maintainability[0m
                [36m</h4>[39m
                [36m<p[39m
                  [33mclass[39m=[32m"text-sm text-gray-600 dark:text-gray-300"[39m
                [36m>[39m
                  [0mA maintainability grade of '[0m
                  [0mC[0m
                  [0m' (index: [0m
                  [0m45[0m
                  [0m) suggests significant technical debt and refactoring challenges.[0m
                [36m</p>[39m
              [36m</div>[39m
            [36m</div>[39m
          [36m</div>[39m
        [36m</section>[39m
        [36m<section[39m
          [33mclass[39m=[32m"mb-8"[39m
        [36m>[39m
          [36m<div[39m
            [33mclass[39m=[32m"grid grid-cols-2 md:grid-cols-4 gap-4"[39m
          [36m>[39m
            [36m<div[39m
              [33mclass[39m=[32m"bg-white dark:bg-[#282e39] p-4 rounded-lg border border-gray-200 dark:border-[#3b4354]"[39m
            [36m>[39m
              [36m<p[39m
                [33mclass[39m=[32m"text-sm text-gray-500 dark:text-gray-400"[39m
              [36m>[39m
                [0mRisk Score[0m
              [36m</p>[39m
              [36m<p[39m
                [33mclass[39m=[32m"text-2xl font-bold text-red-500 mt-1"[39m
              [36m>[39m
                [0m85.5[0m
              [36m</p>[39m
            [36m</div>[39m
...

Ignored nodes: comments, script, style
[36m<html>[39m
  [36m<head />[39m
  [36m<body>[39m
    [36m<div>[39m
      [36m<div[39m
        [33mclass[39m=[32m"fixed inset-0 bg-black bg-opacity-50 z-40 transition-opacity"[39m
      [36m/>[39m
      [36m<aside[39m
        [33mclass[39m=[32m"fixed top-0 right-0 h-full w-full max-w-2xl transform transition-transform duration-300 ease-in-out bg-gray-50 dark:bg-[#1A202C] shadow-lg border-l border-gray-200 dark:border-[#3b4354] flex flex-col z-50 translate-x-0"[39m
      [36m>[39m
        [36m<header[39m
          [33mclass[39m=[32m"sticky top-0 bg-gray-50 dark:bg-[#1A202C] px-6 pt-6 pb-4 border-b border-gray-200 dark:border-[#3b4354] z-10"[39m
        [36m>[39m
          [36m<div[39m
            [33mclass[39m=[32m"flex justify-between items-start gap-4"[39m
          [36m>[39m
            [36m<div[39m
              [33mclass[39m=[32m"flex-1 min-w-0"[39m
            [36m>[39m
              [36m<h2[39m
                [33mclass[39m=[32m"text-lg font-bold text-gray-900 dark:text-white truncate"[39m
                [33mtitle[39m=[32m"backend/src/auth/password-reset.ts"[39m
              [36m>[39m
                [0mbackend/src/auth/password-reset.ts[0m
              [36m</h2>[39m
              [36m<div[39m
                [33mclass[39m=[32m"flex items-center gap-4 text-sm text-gray-500 dark:text-gray-400 mt-1"[39m
              [36m>[39m
                [36m<span>[39m
                  [0mLOC: [0m
                  [0m500[0m
                [36m</span>[39m
                [36m<span[39m
                  [33mclass[39m=[32m"text-gray-300 dark:text-gray-600"[39m
                [36m>[39m
                  [0m|[0m
                [36m</span>[39m
                [36m<span>[39m
                  [0mLast Analyzed:[0m
                  [0m [0m
                  [0m1/15/2025[0m
                [36m</span>[39m
              [36m</div>[39m
            [36m</div>[39m
            [36m<button[39m
              [33mclass[39m=[32m"text-gray-500 dark:text-gray-400 hover:text-gray-800 dark:hover:text-white flex-shrink-0"[39m
            [36m>[39m
              [36m<span[39m
                [33mclass[39m=[32m"material-symbols-outlined"[39m
              [36m>[39m
                [0mclose[0m
              [36m</span>[39m
            [36m</button>[39m
          [36m</div>[39m
        [36m</header>[39m
        [36m<div[39m
          [33mclass[39m=[32m"flex-1 overflow-y-auto p-6"[39m
        [36m>[39m
          [36m<section[39m
            [33mclass[39m=[32m"mb-8"[39m
          [36m>[39m
            [36m<h3[39m
              [33mclass[39m=[32m"text-lg font-semibold text-gray-800 dark:text-gray-200 mb-4"[39m
            [36m>[39m
              [0mRisk Factors Breakdown[0m
            [36m</h3>[39m
            [36m<div[39m
              [33mclass[39m=[32m"space-y-3"[39m
            [36m>[39m
              [36m<div[39m
                [33mclass[39m=[32m"flex items-start gap-3 p-4 bg-white dark:bg-[#282e39] rounded-lg border border-gray-200 dark:border-[#3b4354]"[39m
              [36m>[39m
                [36m<span[39m
                  [33mclass[39m=[32m"material-symbols-outlined text-red-500 mt-1"[39m
                [36m>[39m
                  [0mwhatshot[0m
                [36m</span>[39m
                [36m<div>[39m
                  [36m<h4[39m
                    [33mclass[39m=[32m"font-semibold text-gray-900 dark:text-white"[39m
                  [36m>[39m
                    [0mHigh Churn Rate[0m
                  [36m</h4>[39m
                  [36m<p[39m
                    [33mclass[39m=[32m"text-sm text-gray-600 dark:text-gray-300"[39m
                  [36m>[39m
                    [0mThis file has been modified in [0m
                    [0m45[0m
                    [0m commits over the last 6 months, indicating it's a volatile part of the codebase.[0m
                  [36m</p>[39m
                [36m</div>[39m
              [36m</div>[39m
              [36m<div[39m
                [33mclass[39m=[32m"flex items-start gap-3 p-4 bg-white dark:bg-[#282e39] rounded-lg border border-gray-200 dark:border-[#3b4354]"[39m
              [36m>[39m
                [36m<span[39m
                  [33mclass[39m=[32m"material-symbols-outlined text-red-500 mt-1"[39m
                [36m>[39m
                  [0mdevice_hub[0m
                [36m</span>[39m
                [36m<div>[39m
                  [36m<h4[39m
                    [33mclass[39m=[32m"font-semibold text-gray-900 dark:text-white"[39m
                  [36m>[39m
                    [0mHigh Complexity[0m
                  [36m</h4>[39m
                  [36m<p[39m
                    [33mclass[39m=[32m"text-sm text-gray-600 dark:text-gray-300"[39m
                  [36m>[39m
                    [0mWith a cyclomatic complexity of [0m
                    [0m25[0m
                    [0m, this file is difficult to understand, test, and maintain.[0m
                  [36m</p>[39m
                [36m</div>[39m
              [36m</div>[39m
              [36m<div[39m
                [33mclass[39m=[32m"flex items-start gap-3 p-4 bg-white dark:bg-[#282e39] rounded-lg border border-gray-200 dark:border-[#3b4354]"[39m
              [36m>[39m
                [36m<span[39m
                  [33mclass[39m=[32m"material-symbols-outlined text-yellow-500 mt-1"[39m
                [36m>[39m
                  [0mwarning[0m
                [36m</span>[39m
                [36m<div>[39m
                  [36m<h4[39m
                    [33mclass[39m=[32m"font-semibold text-gray-900 dark:text-white"[39m
                  [36m>[39m
                    [0mLow Maintainability[0m
                  [36m</h4>[39m
                  [36m<p[39m
                    [33mclass[39m=[32m"text-sm text-gray-600 dark:text-gray-300"[39m
                  [36m>[39m
                    [0mA maintainability grade of '[0m
                    [0mC[0m
                    [0m' (index: [0m
                    [0m45[0m
                    [0m) suggests significant technical debt and refactoring challenges.[0m
                  [36m</p>[39m
                [36m</div>[39m
              [36m</div>[39m
            [36m</div>[39m
          [36m</section>[39m
          [36m<section[39m
            [33mclass[39m=[32m"mb-8"[39m
          [36m>[39m
            [36m<div[39m
              [33mclass[39m=[32m"grid grid-cols-2 md:grid-cols-4 gap-4"[39m
            [36m>[39m
              [36m<div[39m
                [33mclass[39m=[32m"bg-white dark:bg-[#282e39] p-4 rounded-lg border border-gray-200 dark:border-[#3b4354]"[39m
              [36m>[39m
                [36m<p[39m
                  [33mclass[39m=[32m"text-sm text-gray-...
   ❯ src/components/CodeQuality/__tests__/HotspotDetailsPanel.test.tsx > HotspotDetailsPanel > Risk factor breakdown cards > should show low maintainability card when maintainability < 60
     → Unable to find an element with the text: /grade of 'D'/i. This could be because the text is broken up by multiple elements. In this case, you can provide a function for your text matcher to make your matcher more flexible.

Ignored nodes: comments, script, style
[36m<body>[39m
  [36m<div>[39m
    [36m<div[39m
      [33mclass[39m=[32m"fixed inset-0 bg-black bg-opacity-50 z-40 transition-opacity"[39m
    [36m/>[39m
    [36m<aside[39m
      [33mclass[39m=[32m"fixed top-0 right-0 h-full w-full max-w-2xl transform transition-transform duration-300 ease-in-out bg-gray-50 dark:bg-[#1A202C] shadow-lg border-l border-gray-200 dark:border-[#3b4354] flex flex-col z-50 translate-x-0"[39m
    [36m>[39m
      [36m<header[39m
        [33mclass[39m=[32m"sticky top-0 bg-gray-50 dark:bg-[#1A202C] px-6 pt-6 pb-4 border-b border-gray-200 dark:border-[#3b4354] z-10"[39m
      [36m>[39m
        [36m<div[39m
          [33mclass[39m=[32m"flex justify-between items-start gap-4"[39m
        [36m>[39m
          [36m<div[39m
            [33mclass[39m=[32m"flex-1 min-w-0"[39m
          [36m>[39m
            [36m<h2[39m
              [33mclass[39m=[32m"text-lg font-bold text-gray-900 dark:text-white truncate"[39m
              [33mtitle[39m=[32m"backend/src/auth/password-reset.ts"[39m
            [36m>[39m
              [0mbackend/src/auth/password-reset.ts[0m
            [36m</h2>[39m
            [36m<div[39m
              [33mclass[39m=[32m"flex items-center gap-4 text-sm text-gray-500 dark:text-gray-400 mt-1"[39m
            [36m>[39m
              [36m<span>[39m
                [0mLOC: [0m
                [0m500[0m
              [36m</span>[39m
              [36m<span[39m
                [33mclass[39m=[32m"text-gray-300 dark:text-gray-600"[39m
              [36m>[39m
                [0m|[0m
              [36m</span>[39m
              [36m<span>[39m
                [0mLast Analyzed:[0m
                [0m [0m
                [0m1/15/2025[0m
              [36m</span>[39m
            [36m</div>[39m
          [36m</div>[39m
          [36m<button[39m
            [33mclass[39m=[32m"text-gray-500 dark:text-gray-400 hover:text-gray-800 dark:hover:text-white flex-shrink-0"[39m
          [36m>[39m
            [36m<span[39m
              [33mclass[39m=[32m"material-symbols-outlined"[39m
            [36m>[39m
              [0mclose[0m
            [36m</span>[39m
          [36m</button>[39m
        [36m</div>[39m
      [36m</header>[39m
      [36m<div[39m
        [33mclass[39m=[32m"flex-1 overflow-y-auto p-6"[39m
      [36m>[39m
        [36m<section[39m
          [33mclass[39m=[32m"mb-8"[39m
        [36m>[39m
          [36m<h3[39m
            [33mclass[39m=[32m"text-lg font-semibold text-gray-800 dark:text-gray-200 mb-4"[39m
          [36m>[39m
            [0mRisk Factors Breakdown[0m
          [36m</h3>[39m
          [36m<div[39m
            [33mclass[39m=[32m"space-y-3"[39m
          [36m>[39m
            [36m<div[39m
              [33mclass[39m=[32m"flex items-start gap-3 p-4 bg-white dark:bg-[#282e39] rounded-lg border border-gray-200 dark:border-[#3b4354]"[39m
            [36m>[39m
              [36m<span[39m
                [33mclass[39m=[32m"material-symbols-outlined text-red-500 mt-1"[39m
              [36m>[39m
                [0mwhatshot[0m
              [36m</span>[39m
              [36m<div>[39m
                [36m<h4[39m
                  [33mclass[39m=[32m"font-semibold text-gray-900 dark:text-white"[39m
                [36m>[39m
                  [0mHigh Churn Rate[0m
                [36m</h4>[39m
                [36m<p[39m
                  [33mclass[39m=[32m"text-sm text-gray-600 dark:text-gray-300"[39m
                [36m>[39m
                  [0mThis file has been modified in [0m
                  [0m45[0m
                  [0m commits over the last 6 months, indicating it's a volatile part of the codebase.[0m
                [36m</p>[39m
              [36m</div>[39m
            [36m</div>[39m
            [36m<div[39m
              [33mclass[39m=[32m"flex items-start gap-3 p-4 bg-white dark:bg-[#282e39] rounded-lg border border-gray-200 dark:border-[#3b4354]"[39m
            [36m>[39m
              [36m<span[39m
                [33mclass[39m=[32m"material-symbols-outlined text-red-500 mt-1"[39m
              [36m>[39m
                [0mdevice_hub[0m
              [36m</span>[39m
              [36m<div>[39m
                [36m<h4[39m
                  [33mclass[39m=[32m"font-semibold text-gray-900 dark:text-white"[39m
                [36m>[39m
                  [0mHigh Complexity[0m
                [36m</h4>[39m
                [36m<p[39m
                  [33mclass[39m=[32m"text-sm text-gray-600 dark:text-gray-300"[39m
                [36m>[39m
                  [0mWith a cyclomatic complexity of [0m
                  [0m25[0m
                  [0m, this file is difficult to understand, test, and maintain.[0m
                [36m</p>[39m
              [36m</div>[39m
            [36m</div>[39m
            [36m<div[39m
              [33mclass[39m=[32m"flex items-start gap-3 p-4 bg-white dark:bg-[#282e39] rounded-lg border border-gray-200 dark:border-[#3b4354]"[39m
            [36m>[39m
              [36m<span[39m
                [33mclass[39m=[32m"material-symbols-outlined text-yellow-500 mt-1"[39m
              [36m>[39m
                [0mwarning[0m
              [36m</span>[39m
              [36m<div>[39m
                [36m<h4[39m
                  [33mclass[39m=[32m"font-semibold text-gray-900 dark:text-white"[39m
                [36m>[39m
                  [0mLow Maintainability[0m
                [36m</h4>[39m
                [36m<p[39m
                  [33mclass[39m=[32m"text-sm text-gray-600 dark:text-gray-300"[39m
                [36m>[39m
                  [0mA maintainability grade of '[0m
                  [0mC[0m
                  [0m' (index: [0m
                  [0m45[0m
                  [0m) suggests significant technical debt and refactoring challenges.[0m
                [36m</p>[39m
              [36m</div>[39m
            [36m</div>[39m
          [36m</div>[39m
        [36m</section>[39m
        [36m<section[39m
          [33mclass[39m=[32m"mb-8"[39m
        [36m>[39m
          [36m<div[39m
            [33mclass[39m=[32m"grid grid-cols-2 md:grid-cols-4 gap-4"[39m
          [36m>[39m
            [36m<div[39m
              [33mclass[39m=[32m"bg-white dark:bg-[#282e39] p-4 rounded-lg border border-gray-200 dark:border-[#3b4354]"[39m
            [36m>[39m
              [36m<p[39m
                [33mclass[39m=[32m"text-sm text-gray-500 dark:text-gray-400"[39m
              [36m>[39m
                [0mRisk Score[0m
              [36m</p>[39m
              [36m<p[39m
                [33mclass[39m=[32m"text-2xl font-bold text-red-500 mt-1"[39m
              [36m>[39m
                [0m85.5[0m
              [36m</p>[39m
            [36m</div>[39m
...

Ignored nodes: comments, script, style
[36m<html>[39m
  [36m<head />[39m
  [36m<body>[39m
    [36m<div>[39m
      [36m<div[39m
        [33mclass[39m=[32m"fixed inset-0 bg-black bg-opacity-50 z-40 transition-opacity"[39m
      [36m/>[39m
      [36m<aside[39m
        [33mclass[39m=[32m"fixed top-0 right-0 h-full w-full max-w-2xl transform transition-transform duration-300 ease-in-out bg-gray-50 dark:bg-[#1A202C] shadow-lg border-l border-gray-200 dark:border-[#3b4354] flex flex-col z-50 translate-x-0"[39m
      [36m>[39m
        [36m<header[39m
          [33mclass[39m=[32m"sticky top-0 bg-gray-50 dark:bg-[#1A202C] px-6 pt-6 pb-4 border-b border-gray-200 dark:border-[#3b4354] z-10"[39m
        [36m>[39m
          [36m<div[39m
            [33mclass[39m=[32m"flex justify-between items-start gap-4"[39m
          [36m>[39m
            [36m<div[39m
              [33mclass[39m=[32m"flex-1 min-w-0"[39m
            [36m>[39m
              [36m<h2[39m
                [33mclass[39m=[32m"text-lg font-bold text-gray-900 dark:text-white truncate"[39m
                [33mtitle[39m=[32m"backend/src/auth/password-reset.ts"[39m
              [36m>[39m
                [0mbackend/src/auth/password-reset.ts[0m
              [36m</h2>[39m
              [36m<div[39m
                [33mclass[39m=[32m"flex items-center gap-4 text-sm text-gray-500 dark:text-gray-400 mt-1"[39m
              [36m>[39m
                [36m<span>[39m
                  [0mLOC: [0m
                  [0m500[0m
                [36m</span>[39m
                [36m<span[39m
                  [33mclass[39m=[32m"text-gray-300 dark:text-gray-600"[39m
                [36m>[39m
                  [0m|[0m
                [36m</span>[39m
                [36m<span>[39m
                  [0mLast Analyzed:[0m
                  [0m [0m
                  [0m1/15/2025[0m
                [36m</span>[39m
              [36m</div>[39m
            [36m</div>[39m
            [36m<button[39m
              [33mclass[39m=[32m"text-gray-500 dark:text-gray-400 hover:text-gray-800 dark:hover:text-white flex-shrink-0"[39m
            [36m>[39m
              [36m<span[39m
                [33mclass[39m=[32m"material-symbols-outlined"[39m
              [36m>[39m
                [0mclose[0m
              [36m</span>[39m
            [36m</button>[39m
          [36m</div>[39m
        [36m</header>[39m
        [36m<div[39m
          [33mclass[39m=[32m"flex-1 overflow-y-auto p-6"[39m
        [36m>[39m
          [36m<section[39m
            [33mclass[39m=[32m"mb-8"[39m
          [36m>[39m
            [36m<h3[39m
              [33mclass[39m=[32m"text-lg font-semibold text-gray-800 dark:text-gray-200 mb-4"[39m
            [36m>[39m
              [0mRisk Factors Breakdown[0m
            [36m</h3>[39m
            [36m<div[39m
              [33mclass[39m=[32m"space-y-3"[39m
            [36m>[39m
              [36m<div[39m
                [33mclass[39m=[32m"flex items-start gap-3 p-4 bg-white dark:bg-[#282e39] rounded-lg border border-gray-200 dark:border-[#3b4354]"[39m
              [36m>[39m
                [36m<span[39m
                  [33mclass[39m=[32m"material-symbols-outlined text-red-500 mt-1"[39m
                [36m>[39m
                  [0mwhatshot[0m
                [36m</span>[39m
                [36m<div>[39m
                  [36m<h4[39m
                    [33mclass[39m=[32m"font-semibold text-gray-900 dark:text-white"[39m
                  [36m>[39m
                    [0mHigh Churn Rate[0m
                  [36m</h4>[39m
                  [36m<p[39m
                    [33mclass[39m=[32m"text-sm text-gray-600 dark:text-gray-300"[39m
                  [36m>[39m
                    [0mThis file has been modified in [0m
                    [0m45[0m
                    [0m commits over the last 6 months, indicating it's a volatile part of the codebase.[0m
                  [36m</p>[39m
                [36m</div>[39m
              [36m</div>[39m
              [36m<div[39m
                [33mclass[39m=[32m"flex items-start gap-3 p-4 bg-white dark:bg-[#282e39] rounded-lg border border-gray-200 dark:border-[#3b4354]"[39m
              [36m>[39m
                [36m<span[39m
                  [33mclass[39m=[32m"material-symbols-outlined text-red-500 mt-1"[39m
                [36m>[39m
                  [0mdevice_hub[0m
                [36m</span>[39m
                [36m<div>[39m
                  [36m<h4[39m
                    [33mclass[39m=[32m"font-semibold text-gray-900 dark:text-white"[39m
                  [36m>[39m
                    [0mHigh Complexity[0m
                  [36m</h4>[39m
                  [36m<p[39m
                    [33mclass[39m=[32m"text-sm text-gray-600 dark:text-gray-300"[39m
                  [36m>[39m
                    [0mWith a cyclomatic complexity of [0m
                    [0m25[0m
                    [0m, this file is difficult to understand, test, and maintain.[0m
                  [36m</p>[39m
                [36m</div>[39m
              [36m</div>[39m
              [36m<div[39m
                [33mclass[39m=[32m"flex items-start gap-3 p-4 bg-white dark:bg-[#282e39] rounded-lg border border-gray-200 dark:border-[#3b4354]"[39m
              [36m>[39m
                [36m<span[39m
                  [33mclass[39m=[32m"material-symbols-outlined text-yellow-500 mt-1"[39m
                [36m>[39m
                  [0mwarning[0m
                [36m</span>[39m
                [36m<div>[39m
                  [36m<h4[39m
                    [33mclass[39m=[32m"font-semibold text-gray-900 dark:text-white"[39m
                  [36m>[39m
                    [0mLow Maintainability[0m
                  [36m</h4>[39m
                  [36m<p[39m
                    [33mclass[39m=[32m"text-sm text-gray-600 dark:text-gray-300"[39m
                  [36m>[39m
                    [0mA maintainability grade of '[0m
                    [0mC[0m
                    [0m' (index: [0m
                    [0m45[0m
                    [0m) suggests significant technical debt and refactoring challenges.[0m
                  [36m</p>[39m
                [36m</div>[39m
              [36m</div>[39m
            [36m</div>[39m
          [36m</section>[39m
          [36m<section[39m
            [33mclass[39m=[32m"mb-8"[39m
          [36m>[39m
            [36m<div[39m
              [33mclass[39m=[32m"grid grid-cols-2 md:grid-cols-4 gap-4"[39m
            [36m>[39m
              [36m<div[39m
                [33mclass[39m=[32m"bg-white dark:bg-[#282e39] p-4 rounded-lg border border-gray-200 dark:border-[#3b4354]"[39m
              [36m>[39m
                [36m<p[39m
                  [33mclass[39m=[32m"text-sm text-gray-...
 ❯ src/context/__tests__/AuthContext.test.tsx  (23 tests | 22 failed) 51ms
   ❯ src/context/__tests__/AuthContext.test.tsx > AuthContext - ST-11 Session Management > Initialization > should initialize with loading state
     → default.getCurrentUser.mockReturnValue is not a function
   ❯ src/context/__tests__/AuthContext.test.tsx > AuthContext - ST-11 Session Management > Initialization > should load user from localStorage on mount
     → default.getCurrentUser.mockReturnValue is not a function
   ❯ src/context/__tests__/AuthContext.test.tsx > AuthContext - ST-11 Session Management > ST-11: Session Expiration and Redirect > should save redirect path when session expires
     → onSessionExpired.mockImplementation is not a function
   ❯ src/context/__tests__/AuthContext.test.tsx > AuthContext - ST-11 Session Management > ST-11: Session Expiration and Redirect > should not save login/register paths as redirect paths
     → onSessionExpired.mockImplementation is not a function
   ❯ src/context/__tests__/AuthContext.test.tsx > AuthContext - ST-11 Session Management > ST-11: Post-Login Redirect > should redirect to saved path after login
     → default.login.mockImplementation is not a function
   ❯ src/context/__tests__/AuthContext.test.tsx > AuthContext - ST-11 Session Management > ST-11: Multi-Tab Sync > should handle token update from other tabs
     → default.getCurrentUser.mockReturnValue is not a function
   ❯ src/context/__tests__/AuthContext.test.tsx > AuthContext - ST-11 Session Management > ST-11: Multi-Tab Sync > should handle logout from other tabs
     → default.getCurrentUser.mockReturnValue is not a function
   ❯ src/context/__tests__/AuthContext.test.tsx > AuthContext - ST-11 Session Management > ST-11: Session Duration - 24 Hours > should maintain session for 24 hours according to backend config
     → default.getCurrentUser.mockReturnValue is not a function
   ❯ src/context/__tests__/AuthContext.test.tsx > AuthContext - ST-11 Session Management > Clear Visual Feedback > should show redirect path in context
     → onSessionExpired.mockImplementation is not a function
   ❯ src/context/__tests__/AuthContext.test.tsx > AuthContext - ST-11 Session Management > ST-11: Security Tests > should prevent session hijacking by clearing tokens on expiration
     → onSessionExpired.mockImplementation is not a function
   ❯ src/context/__tests__/AuthContext.test.tsx > AuthContext - ST-11 Session Management > ST-11: Security Tests > should handle XSS by not executing scripts in redirect paths
     → onSessionExpired.mockImplementation is not a function
   ❯ src/context/__tests__/AuthContext.test.tsx > AuthContext - ST-11 Session Management > ST-11: Security Tests > should rotate tokens on refresh (handled by backend)
     → default.login.mockImplementation is not a function
   ❯ src/context/__tests__/AuthContext.test.tsx > AuthContext - ST-11 Session Management > ST-11: Edge Cases > should handle BroadcastChannel not supported gracefully
     → default.getCurrentUser.mockReturnValue is not a function
   ❯ src/context/__tests__/AuthContext.test.tsx > AuthContext - ST-11 Session Management > ST-11: Edge Cases > should handle storage events when BroadcastChannel fails
     → default.getCurrentUser.mockReturnValue is not a function
   ❯ src/context/__tests__/AuthContext.test.tsx > AuthContext - ST-11 Session Management > ST-11: Edge Cases > should handle concurrent login and logout events
     → default.getCurrentUser.mockReturnValue is not a function
   ❯ src/context/__tests__/AuthContext.test.tsx > AuthContext - ST-11 Session Management > ST-11: Edge Cases > should handle query parameters in redirect paths
     → onSessionExpired.mockImplementation is not a function
   ❯ src/context/__tests__/AuthContext.test.tsx > AuthContext - ST-11 Session Management > ST-11: Edge Cases > should handle empty redirect path
     → onSessionExpired.mockImplementation is not a function
   ❯ src/context/__tests__/AuthContext.test.tsx > AuthContext - ST-11 Session Management > ST-11: Edge Cases > should handle session expiration while on protected deep link
     → Cannot redefine property: useLocation
   ❯ src/context/__tests__/AuthContext.test.tsx > AuthContext - ST-11 Session Management > ST-11: Performance Tests > should handle rapid token updates without lag
     → default.getCurrentUser.mockReturnValue is not a function
   ❯ src/context/__tests__/AuthContext.test.tsx > AuthContext - ST-11 Session Management > ST-11: Performance Tests > should efficiently handle multiple subscriber updates
     → onSessionExpired.mockImplementation is not a function
   ❯ src/context/__tests__/AuthContext.test.tsx > AuthContext - ST-11 Session Management > ST-11: Multi-Tab Race Conditions > should handle Tab A logout while Tab B is refreshing token
     → default.getCurrentUser.mockReturnValue is not a function
   ❯ src/context/__tests__/AuthContext.test.tsx > AuthContext - ST-11 Session Management > ST-11: Multi-Tab Race Conditions > should handle simultaneous login in multiple tabs
     → default.getCurrentUser.mockReturnValue is not a function
 ❯ src/components/__tests__/SessionExpiredModal.test.tsx  (19 tests | 19 failed) 30ms
   ❯ src/components/__tests__/SessionExpiredModal.test.tsx > SessionExpiredModal - ST-11 > Modal Visibility > should not show modal when redirectPath is null
     → default.getCurrentUser.mockReturnValue is not a function
   ❯ src/components/__tests__/SessionExpiredModal.test.tsx > SessionExpiredModal - ST-11 > Modal Visibility > should show modal when session expires (redirectPath is set)
     → default.getCurrentUser.mockReturnValue is not a function
   ❯ src/components/__tests__/SessionExpiredModal.test.tsx > SessionExpiredModal - ST-11 > ST-11: Countdown Timer > should display initial countdown of 10 seconds
     → default.getCurrentUser.mockReturnValue is not a function
   ❯ src/components/__tests__/SessionExpiredModal.test.tsx > SessionExpiredModal - ST-11 > ST-11: Countdown Timer > should decrement countdown every second
     → default.getCurrentUser.mockReturnValue is not a function
   ❯ src/components/__tests__/SessionExpiredModal.test.tsx > SessionExpiredModal - ST-11 > ST-11: Countdown Timer > should use singular "second" when countdown is 1
     → default.getCurrentUser.mockReturnValue is not a function
   ❯ src/components/__tests__/SessionExpiredModal.test.tsx > SessionExpiredModal - ST-11 > ST-11: Countdown Timer > should close modal when countdown reaches 0
     → default.getCurrentUser.mockReturnValue is not a function
   ❯ src/components/__tests__/SessionExpiredModal.test.tsx > SessionExpiredModal - ST-11 > ST-11: Countdown Timer > should reset countdown to 10 when modal reopens
     → default.getCurrentUser.mockReturnValue is not a function
   ❯ src/components/__tests__/SessionExpiredModal.test.tsx > SessionExpiredModal - ST-11 > ST-11: Visual Feedback > should display session expired message
     → default.getCurrentUser.mockReturnValue is not a function
   ❯ src/components/__tests__/SessionExpiredModal.test.tsx > SessionExpiredModal - ST-11 > ST-11: Visual Feedback > should display redirect destination when available
     → default.getCurrentUser.mockReturnValue is not a function
   ❯ src/components/__tests__/SessionExpiredModal.test.tsx > SessionExpiredModal - ST-11 > ST-11: Visual Feedback > should show warning icon
     → default.getCurrentUser.mockReturnValue is not a function
   ❯ src/components/__tests__/SessionExpiredModal.test.tsx > SessionExpiredModal - ST-11 > ST-11: User Interaction > should allow manual close via "Go to Login Now" button
     → default.getCurrentUser.mockReturnValue is not a function
   ❯ src/components/__tests__/SessionExpiredModal.test.tsx > SessionExpiredModal - ST-11 > ST-11: User Interaction > should be accessible with keyboard navigation
     → default.getCurrentUser.mockReturnValue is not a function
   ❯ src/components/__tests__/SessionExpiredModal.test.tsx > SessionExpiredModal - ST-11 > ST-11: Edge Cases > should stop countdown when modal is closed manually
     → default.getCurrentUser.mockReturnValue is not a function
   ❯ src/components/__tests__/SessionExpiredModal.test.tsx > SessionExpiredModal - ST-11 > ST-11: Edge Cases > should handle multiple rapid session expirations
     → default.getCurrentUser.mockReturnValue is not a function
   ❯ src/components/__tests__/SessionExpiredModal.test.tsx > SessionExpiredModal - ST-11 > ST-11: Edge Cases > should handle countdown at boundary (0 seconds)
     → default.getCurrentUser.mockReturnValue is not a function
   ❯ src/components/__tests__/SessionExpiredModal.test.tsx > SessionExpiredModal - ST-11 > ST-11: Performance > should not cause memory leaks with countdown timers
     → default.getCurrentUser.mockReturnValue is not a function
   ❯ src/components/__tests__/SessionExpiredModal.test.tsx > SessionExpiredModal - ST-11 > ST-11: Performance > should handle rapid open/close cycles efficiently
     → default.getCurrentUser.mockReturnValue is not a function
   ❯ src/components/__tests__/SessionExpiredModal.test.tsx > SessionExpiredModal - ST-11 > ST-11: Accessibility > should have proper ARIA attributes
     → default.getCurrentUser.mockReturnValue is not a function
   ❯ src/components/__tests__/SessionExpiredModal.test.tsx > SessionExpiredModal - ST-11 > ST-11: Accessibility > should trap focus within modal
     → default.getCurrentUser.mockReturnValue is not a function
 ❯ src/__tests__/integration/authentication-flow.integration.test.tsx  (0 test)
 ❯ src/components/__tests__/Layout.test.tsx  (0 test)
 ✓ src/components/CodeQuality/__tests__/Icons.test.tsx  (60 tests) 131ms
 ❯ src/components/CodeQuality/__tests__/ChurnVsComplexityChart.test.tsx  (42 tests | 7 failed) 145ms
   ❯ src/components/CodeQuality/__tests__/ChurnVsComplexityChart.test.tsx > ChurnVsComplexityChart > Color coding by risk score > should use red for critical risk (score > 7)
     → expected 0 to be greater than 0
   ❯ src/components/CodeQuality/__tests__/ChurnVsComplexityChart.test.tsx > ChurnVsComplexityChart > Color coding by risk score > should use orange for high risk (score > 5 and <= 7)
     → Cannot read properties of undefined (reading 'style')
   ❯ src/components/CodeQuality/__tests__/ChurnVsComplexityChart.test.tsx > ChurnVsComplexityChart > Color coding by risk score > should use yellow for medium risk (score > 3 and <= 5)
     → Cannot read properties of undefined (reading 'style')
   ❯ src/components/CodeQuality/__tests__/ChurnVsComplexityChart.test.tsx > ChurnVsComplexityChart > Color coding by risk score > should use green for low risk (score <= 3)
     → Cannot read properties of undefined (reading 'style')
   ❯ src/components/CodeQuality/__tests__/ChurnVsComplexityChart.test.tsx > ChurnVsComplexityChart > Color coding by risk score > should handle risk score exactly at boundary (7.0)
     → Cannot read properties of undefined (reading 'style')
   ❯ src/components/CodeQuality/__tests__/ChurnVsComplexityChart.test.tsx > ChurnVsComplexityChart > Color coding by risk score > should handle risk score exactly at boundary (5.0)
     → Cannot read properties of undefined (reading 'style')
   ❯ src/components/CodeQuality/__tests__/ChurnVsComplexityChart.test.tsx > ChurnVsComplexityChart > Color coding by risk score > should handle risk score exactly at boundary (3.0)
     → Cannot read properties of undefined (reading 'style')
stderr | src/components/story/__tests__/TokenMetricsPanel.st68.test.tsx > TokenMetricsPanel - User Interactions (ST-68) > should handle API errors gracefully
Failed to load token metrics: { response: { data: { message: 'Story not found' } } }

 ✓ src/components/story/__tests__/TokenMetricsPanel.st68.test.tsx  (14 tests) 192ms
stderr | src/components/workflow/__tests__/GlobalWorkflowTrackingBar.test.tsx > GlobalWorkflowTrackingBar > TC-WORKFLOW-BAR-001: Visibility based on active workflow > should not render when no active workflow exists
⚠️ React Router Future Flag Warning: React Router will begin wrapping state updates in `React.startTransition` in v7. You can use the `v7_startTransition` future flag to opt-in early. For more information, see https://reactrouter.com/v6/upgrading/future#v7_starttransition.
⚠️ React Router Future Flag Warning: Relative route resolution within Splat routes is changing in v7. You can use the `v7_relativeSplatPath` future flag to opt-in early. For more information, see https://reactrouter.com/v6/upgrading/future#v7_relativesplatpath.

 ❯ src/components/workflow/__tests__/GlobalWorkflowTrackingBar.test.tsx  (18 tests | 9 failed) 5185ms
   ❯ src/components/workflow/__tests__/GlobalWorkflowTrackingBar.test.tsx > GlobalWorkflowTrackingBar > TC-WORKFLOW-BAR-004: Display progress indicator > should display progress as "X/Y components completed"
     → Unable to find an element with the text: /3\/6 components completed/. This could be because the text is broken up by multiple elements. In this case, you can provide a function for your text matcher to make your matcher more flexible.

Ignored nodes: comments, script, style
[36m<body>[39m
  [36m<div>[39m
    [36m<div[39m
      [33mclass[39m=[32m"bg-card shadow-sm border-b border-border"[39m
      [33mdata-testid[39m=[32m"workflow-tracking-bar"[39m
    [36m>[39m
      [36m<div[39m
        [33mclass[39m=[32m"max-w-7xl mx-auto px-4 sm:px-6 lg:px-8"[39m
      [36m>[39m
        [36m<div[39m
          [33mclass[39m=[32m"flex items-center justify-between h-12 gap-4"[39m
        [36m>[39m
          [36m<div[39m
            [33mclass[39m=[32m"flex items-center gap-3 flex-1 min-w-0"[39m
          [36m>[39m
            [36m<svg[39m
              [33maria-hidden[39m=[32m"true"[39m
              [33mclass[39m=[32m"h-5 w-5 text-accent animate-spin"[39m
              [33mdata-slot[39m=[32m"icon"[39m
              [33mdata-testid[39m=[32m"workflow-spinner"[39m
              [33mfill[39m=[32m"none"[39m
              [33mstroke[39m=[32m"currentColor"[39m
              [33mstroke-width[39m=[32m"1.5"[39m
              [33mviewBox[39m=[32m"0 0 24 24"[39m
              [33mxmlns[39m=[32m"http://www.w3.org/2000/svg"[39m
            [36m>[39m
              [36m<path[39m
                [33md[39m=[32m"M16.023 9.348h4.992v-.001M2.985 19.644v-4.992m0 0h4.992m-4.993 0 3.181 3.183a8.25 8.25 0 0 0 13.803-3.7M4.031 9.865a8.25 8.25 0 0 1 13.803-3.7l3.181 3.182m0-4.991v4.99"[39m
                [33mstroke-linecap[39m=[32m"round"[39m
                [33mstroke-linejoin[39m=[32m"round"[39m
              [36m/>[39m
            [36m</svg>[39m
            [36m<a[39m
              [33mclass[39m=[32m"flex items-center gap-2 hover:opacity-80 transition-opacity min-w-0"[39m
              [33mhref[39m=[32m"/stories/ST-28"[39m
            [36m>[39m
              [36m<span[39m
                [33mclass[39m=[32m"inline-flex items-center px-2 py-1 rounded text-xs font-semibold bg-accent/10 text-accent border border-accent/20"[39m
              [36m>[39m
                [0mST-28[0m
              [36m</span>[39m
              [36m<span[39m
                [33mclass[39m=[32m"text-sm text-fg truncate"[39m
              [36m>[39m
                [0mTest Story[0m
              [36m</span>[39m
            [36m</a>[39m
            [36m<div[39m
              [33mclass[39m=[32m"hidden md:flex items-center gap-2 text-sm text-muted"[39m
            [36m>[39m
              [36m<span>[39m
                [0m•[0m
              [36m</span>[39m
              [36m<span[39m
                [33mclass[39m=[32m"font-medium text-fg"[39m
              [36m>[39m
                [0mArchitect[0m
              [36m</span>[39m
            [36m</div>[39m
          [36m</div>[39m
          [36m<div[39m
            [33mclass[39m=[32m"flex items-center gap-3"[39m
          [36m>[39m
            [36m<span[39m
              [33mclass[39m=[32m"text-sm text-muted whitespace-nowrap"[39m
            [36m>[39m
              [0m3[0m
              [0m/[0m
              [0m6[0m
              [0m components[0m
            [36m</span>[39m
            [36m<div[39m
              [33mclass[39m=[32m"flex items-center gap-2"[39m
            [36m>[39m
              [36m<div[39m
                [33mclass[39m=[32m"w-32 h-2 bg-border rounded-full overflow-hidden"[39m
              [36m>[39m
                [36m<div[39m
                  [33maria-valuemax[39m=[32m"100"[39m
                  [33maria-valuemin[39m=[32m"0"[39m
                  [33maria-valuenow[39m=[32m"50"[39m
                  [33mclass[39m=[32m"h-full bg-accent transition-all duration-300 rounded-full"[39m
                  [33mrole[39m=[32m"progressbar"[39m
                  [33mstyle[39m=[32m"width: 50%;"[39m
                [36m/>[39m
              [36m</div>[39m
              [36m<span[39m
                [33mclass[39m=[32m"text-xs font-semibold text-accent min-w-[35px] text-right"[39m
              [36m>[39m
                [0m50[0m
                [0m%[0m
              [36m</span>[39m
            [36m</div>[39m
            [36m<a[39m
              [33mclass[39m=[32m"text-sm text-accent hover:text-accent-dark font-medium transition-colors whitespace-nowrap"[39m
              [33mhref[39m=[32m"/workflow-runs/run-1/monitor"[39m
            [36m>[39m
              [0mMonitor →[0m
            [36m</a>[39m
          [36m</div>[39m
        [36m</div>[39m
      [36m</div>[39m
    [36m</div>[39m
  [36m</div>[39m
[36m</body>[39m

Ignored nodes: comments, script, style
[36m<html>[39m
  [36m<head />[39m
  [36m<body>[39m
    [36m<div>[39m
      [36m<div[39m
        [33mclass[39m=[32m"bg-card shadow-sm border-b border-border"[39m
        [33mdata-testid[39m=[32m"workflow-tracking-bar"[39m
      [36m>[39m
        [36m<div[39m
          [33mclass[39m=[32m"max-w-7xl mx-auto px-4 sm:px-6 lg:px-8"[39m
        [36m>[39m
          [36m<div[39m
            [33mclass[39m=[32m"flex items-center justify-between h-12 gap-4"[39m
          [36m>[39m
            [36m<div[39m
              [33mclass[39m=[32m"flex items-center gap-3 flex-1 min-w-0"[39m
            [36m>[39m
              [36m<svg[39m
                [33maria-hidden[39m=[32m"true"[39m
                [33mclass[39m=[32m"h-5 w-5 text-accent animate-spin"[39m
                [33mdata-slot[39m=[32m"icon"[39m
                [33mdata-testid[39m=[32m"workflow-spinner"[39m
                [33mfill[39m=[32m"none"[39m
                [33mstroke[39m=[32m"currentColor"[39m
                [33mstroke-width[39m=[32m"1.5"[39m
                [33mviewBox[39m=[32m"0 0 24 24"[39m
                [33mxmlns[39m=[32m"http://www.w3.org/2000/svg"[39m
              [36m>[39m
                [36m<path[39m
                  [33md[39m=[32m"M16.023 9.348h4.992v-.001M2.985 19.644v-4.992m0 0h4.992m-4.993 0 3.181 3.183a8.25 8.25 0 0 0 13.803-3.7M4.031 9.865a8.25 8.25 0 0 1 13.803-3.7l3.181 3.182m0-4.991v4.99"[39m
                  [33mstroke-linecap[39m=[32m"round"[39m
                  [33mstroke-linejoin[39m=[32m"round"[39m
                [36m/>[39m
              [36m</svg>[39m
              [36m<a[39m
                [33mclass[39m=[32m"flex items-center gap-2 hover:opacity-80 transition-opacity min-w-0"[39m
                [33mhref[39m=[32m"/stories/ST-28"[39m
              [36m>[39m
                [36m<span[39m
                  [33mclass[39m=[32m"inline-flex items-center px-2 py-1 rounded text-xs font-semibold bg-accent/10 text-accent border border-accent/20"[39m
                [36m>[39m
                  [0mST-28[0m
                [36m</span>[39m
                [36m<span[39m
                  [33mclass[39m=[32m"text-sm text-fg truncate"[39m
                [36m>[39m
                  [0mTest Story[0m
                [36m</span>[39m
              [36m</a>[39m
              [36m<div[39m
                [33mclass[39m=[32m"hidden md:flex items-center gap-2 text-sm text-muted"[39m
              [36m>[39m
                [36m<span>[39m
                  [0m•[0m
                [36m</span>[39m
                [36m<span[39m
                  [33mclass[39m=[32m"font-medium text-fg"[39m
                [36m>[39m
                  [0mArchitect[0m
                [36m</span>[39m
              [36m</div>[39m
            [36m</div>[39m
            [36m<div[39m
              [33mclass[39m=[32m"flex items-center gap-3"[39m
            [36m>[39m
              [36m<span[39m
                [33mclass[39m=[32m"text-sm text-muted whitespace-nowrap"[39m
              [36m>[39m
                [0m3[0m
                [0m/[0m
                [0m6[0m
                [0m components[0m
              [36m</span>[39m
              [36m<div[39m
                [33mclass[39m=[32m"flex items-center gap-2"[39m
              [36m>[39m
                [36m<div[39m
                  [33mclass[39m=[32m"w-32 h-2 bg-border rounded-full overflow-hidden"[39m
                [36m>[39m
                  [36m<div[39m
                    [33maria-valuemax[39m=[32m"100"[39m
                    [33maria-valuemin[39m=[32m"0"[39m
                    [33maria-valuenow[39m=[32m"50"[39m
                    [33mclass[39m=[32m"h-full bg-accent transition-all duration-300 rounded-full"[39m
                    [33mrole[39m=[32m"progressbar"[39m
                    [33mstyle[39m=[32m"width: 50%;"[39m
                  [36m/>[39m
                [36m</div>[39m
                [36m<span[39m
                  [33mclass[39m=[32m"text-xs font-semibold text-accent min-w-[35px] text-right"[39m
                [36m>[39m
                  [0m50[0m
                  [0m%[0m
                [36m</span>[39m
              [36m</div>[39m
              [36m<a[39m
                [33mclass[39m=[32m"text-sm text-accent hover:text-accent-dark font-medium transition-colors whitespace-nowrap"[39m
                [33mhref[39m=[32m"/workflow-runs/run-1/monitor"[39m
              [36m>[39m
                [0mMonitor →[0m
              [36m</a>[39m
            [36m</div>[39m
          [36m</div>[39m
        [36m</div>[39m
      [36m</div>[39m
    [36m</div>[39m
  [36m</body>[39m
[36m</html>[39m
   ❯ src/components/workflow/__tests__/GlobalWorkflowTrackingBar.test.tsx > GlobalWorkflowTrackingBar > TC-WORKFLOW-BAR-005: Spinning animation indicator > should display spinning icon when workflow is running
     → expect(element).toHaveClass("spinning")

Expected the element to have class:
  spinning
Received:
  h-5 w-5 text-accent animate-spin

Ignored nodes: comments, script, style
[36m<html>[39m
  [36m<head />[39m
  [36m<body>[39m
    [36m<div>[39m
      [36m<div[39m
        [33mclass[39m=[32m"bg-card shadow-sm border-b border-border"[39m
        [33mdata-testid[39m=[32m"workflow-tracking-bar"[39m
      [36m>[39m
        [36m<div[39m
          [33mclass[39m=[32m"max-w-7xl mx-auto px-4 sm:px-6 lg:px-8"[39m
        [36m>[39m
          [36m<div[39m
            [33mclass[39m=[32m"flex items-center justify-between h-12 gap-4"[39m
          [36m>[39m
            [36m<div[39m
              [33mclass[39m=[32m"flex items-center gap-3 flex-1 min-w-0"[39m
            [36m>[39m
              [36m<svg[39m
                [33maria-hidden[39m=[32m"true"[39m
                [33mclass[39m=[32m"h-5 w-5 text-accent animate-spin"[39m
                [33mdata-slot[39m=[32m"icon"[39m
                [33mdata-testid[39m=[32m"workflow-spinner"[39m
                [33mfill[39m=[32m"none"[39m
                [33mstroke[39m=[32m"currentColor"[39m
                [33mstroke-width[39m=[32m"1.5"[39m
                [33mviewBox[39m=[32m"0 0 24 24"[39m
                [33mxmlns[39m=[32m"http://www.w3.org/2000/svg"[39m
              [36m>[39m
                [36m<path[39m
                  [33md[39m=[32m"M16.023 9.348h4.992v-.001M2.985 19.644v-4.992m0 0h4.992m-4.993 0 3.181 3.183a8.25 8.25 0 0 0 13.803-3.7M4.031 9.865a8.25 8.25 0 0 1 13.803-3.7l3.181 3.182m0-4.991v4.99"[39m
                  [33mstroke-linecap[39m=[32m"round"[39m
                  [33mstroke-linejoin[39m=[32m"round"[39m
                [36m/>[39m
              [36m</svg>[39m
              [36m<a[39m
                [33mclass[39m=[32m"flex items-center gap-2 hover:opacity-80 transition-opacity min-w-0"[39m
                [33mhref[39m=[32m"/stories/ST-28"[39m
              [36m>[39m
                [36m<span[39m
                  [33mclass[39m=[32m"inline-flex items-center px-2 py-1 rounded text-xs font-semibold bg-accent/10 text-accent border border-accent/20"[39m
                [36m>[39m
                  [0mST-28[0m
                [36m</span>[39m
                [36m<span[39m
                  [33mclass[39m=[32m"text-sm text-fg truncate"[39m
                [36m>[39m
                  [0mTest Story[0m
                [36m</span>[39m
              [36m</a>[39m
              [36m<div[39m
                [33mclass[39m=[32m"hidden md:flex items-center gap-2 text-sm text-muted"[39m
              [36m>[39m
                [36m<span>[39m
                  [0m•[0m
                [36m</span>[39m
                [36m<span[39m
                  [33mclass[39m=[32m"font-medium text-fg"[39m
                [36m>[39m
                  [0mBusiness Analyst[0m
                [36m</span>[39m
              [36m</div>[39m
            [36m</div>[39m
            [36m<div[39m
              [33mclass[39m=[32m"flex items-center gap-3"[39m
            [36m>[39m
              [36m<span[39m
                [33mclass[39m=[32m"text-sm text-muted whitespace-nowrap"[39m
              [36m>[39m
                [0m2[0m
                [0m/[0m
                [0m6[0m
                [0m components[0m
              [36m</span>[39m
              [36m<div[39m
                [33mclass[39m=[32m"flex items-center gap-2"[39m
              [36m>[39m
                [36m<div[39m
                  [33mclass[39m=[32m"w-32 h-2 bg-border rounded-full overflow-hidden"[39m
                [36m>[39m
                  [36m<div[39m
                    [33maria-valuemax[39m=[32m"100"[39m
                    [33maria-valuemin[39m=[32m"0"[39m
                    [33maria-valuenow[39m=[32m"33"[39m
                    [33mclass[39m=[32m"h-full bg-accent transition-all duration-300 rounded-full"[39m
                    [33mrole[39m=[32m"progressbar"[39m
                    [33mstyle[39m=[32m"width: 33%;"[39m
                  [36m/>[39m
                [36m</div>[39m
                [36m<span[39m
                  [33mclass[39m=[32m"text-xs font-semibold text-accent min-w-[35px] text-right"[39m
                [36m>[39m
                  [0m33[0m
                  [0m%[0m
                [36m</span>[39m
              [36m</div>[39m
              [36m<a[39m
                [33mclass[39m=[32m"text-sm text-accent hover:text-accent-dark font-medium transition-colors whitespace-nowrap"[39m
                [33mhref[39m=[32m"/workflow-runs/run-1/monitor"[39m
              [36m>[39m
                [0mMonitor →[0m
              [36m</a>[39m
            [36m</div>[39m
          [36m</div>[39m
        [36m</div>[39m
      [36m</div>[39m
    [36m</div>[39m
  [36m</body>[39m
[36m</html>[39m
   ❯ src/components/workflow/__tests__/GlobalWorkflowTrackingBar.test.tsx > GlobalWorkflowTrackingBar > TC-WORKFLOW-BAR-006: Styling and positioning > should have fixed positioning under menu
     → expected '' to be 'fixed' // Object.is equality

Ignored nodes: comments, script, style
[36m<html>[39m
  [36m<head />[39m
  [36m<body>[39m
    [36m<div>[39m
      [36m<div[39m
        [33mclass[39m=[32m"bg-card shadow-sm border-b border-border"[39m
        [33mdata-testid[39m=[32m"workflow-tracking-bar"[39m
      [36m>[39m
        [36m<div[39m
          [33mclass[39m=[32m"max-w-7xl mx-auto px-4 sm:px-6 lg:px-8"[39m
        [36m>[39m
          [36m<div[39m
            [33mclass[39m=[32m"flex items-center justify-between h-12 gap-4"[39m
          [36m>[39m
            [36m<div[39m
              [33mclass[39m=[32m"flex items-center gap-3 flex-1 min-w-0"[39m
            [36m>[39m
              [36m<svg[39m
                [33maria-hidden[39m=[32m"true"[39m
                [33mclass[39m=[32m"h-5 w-5 text-accent animate-spin"[39m
                [33mdata-slot[39m=[32m"icon"[39m
                [33mdata-testid[39m=[32m"workflow-spinner"[39m
                [33mfill[39m=[32m"none"[39m
                [33mstroke[39m=[32m"currentColor"[39m
                [33mstroke-width[39m=[32m"1.5"[39m
                [33mviewBox[39m=[32m"0 0 24 24"[39m
                [33mxmlns[39m=[32m"http://www.w3.org/2000/svg"[39m
              [36m>[39m
                [36m<path[39m
                  [33md[39m=[32m"M16.023 9.348h4.992v-.001M2.985 19.644v-4.992m0 0h4.992m-4.993 0 3.181 3.183a8.25 8.25 0 0 0 13.803-3.7M4.031 9.865a8.25 8.25 0 0 1 13.803-3.7l3.181 3.182m0-4.991v4.99"[39m
                  [33mstroke-linecap[39m=[32m"round"[39m
                  [33mstroke-linejoin[39m=[32m"round"[39m
                [36m/>[39m
              [36m</svg>[39m
              [36m<a[39m
                [33mclass[39m=[32m"flex items-center gap-2 hover:opacity-80 transition-opacity min-w-0"[39m
                [33mhref[39m=[32m"/stories/ST-28"[39m
              [36m>[39m
                [36m<span[39m
                  [33mclass[39m=[32m"inline-flex items-center px-2 py-1 rounded text-xs font-semibold bg-accent/10 text-accent border border-accent/20"[39m
                [36m>[39m
                  [0mST-28[0m
                [36m</span>[39m
                [36m<span[39m
                  [33mclass[39m=[32m"text-sm text-fg truncate"[39m
                [36m>[39m
                  [0mTest Story[0m
                [36m</span>[39m
              [36m</a>[39m
              [36m<div[39m
                [33mclass[39m=[32m"hidden md:flex items-center gap-2 text-sm text-muted"[39m
              [36m>[39m
                [36m<span>[39m
                  [0m•[0m
                [36m</span>[39m
                [36m<span[39m
                  [33mclass[39m=[32m"font-medium text-fg"[39m
                [36m>[39m
                  [0mBusiness Analyst[0m
                [36m</span>[39m
              [36m</div>[39m
            [36m</div>[39m
            [36m<div[39m
              [33mclass[39m=[32m"flex items-center gap-3"[39m
            [36m>[39m
              [36m<span[39m
                [33mclass[39m=[32m"text-sm text-muted whitespace-nowrap"[39m
              [36m>[39m
                [0m2[0m
                [0m/[0m
                [0m6[0m
                [0m components[0m
              [36m</span>[39m
              [36m<div[39m
                [33mclass[39m=[32m"flex items-center gap-2"[39m
              [36m>[39m
                [36m<div[39m
                  [33mclass[39m=[32m"w-32 h-2 bg-border rounded-full overflow-hidden"[39m
                [36m>[39m
                  [36m<div[39m
                    [33maria-valuemax[39m=[32m"100"[39m
                    [33maria-valuemin[39m=[32m"0"[39m
                    [33maria-valuenow[39m=[32m"33"[39m
                    [33mclass[39m=[32m"h-full bg-accent transition-all duration-300 rounded-full"[39m
                    [33mrole[39m=[32m"progressbar"[39m
                    [33mstyle[39m=[32m"width: 33%;"[39m
                  [36m/>[39m
                [36m</div>[39m
                [36m<span[39m
                  [33mclass[39m=[32m"text-xs font-semibold text-accent min-w-[35px] text-right"[39m
                [36m>[39m
                  [0m33[0m
                  [0m%[0m
                [36m</span>[39m
              [36m</div>[39m
              [36m<a[39m
                [33mclass[39m=[32m"text-sm text-accent hover:text-accent-dark font-medium transition-colors whitespace-nowrap"[39m
                [33mhref[39m=[32m"/workflow-runs/run-1/monitor"[39m
              [36m>[39m
                [0mMonitor →[0m
              [36m</a>[39m
            [36m</div>[39m
          [36m</div>[39m
        [36m</div>[39m
      [36m</div>[39m
    [36m</div>[39m
  [36m</body>[39m
[36m</html>[39m
   ❯ src/components/workflow/__tests__/GlobalWorkflowTrackingBar.test.tsx > GlobalWorkflowTrackingBar > TC-WORKFLOW-BAR-006: Styling and positioning > should span full page width
     → expected '' to be '100%' // Object.is equality

Ignored nodes: comments, script, style
[36m<html>[39m
  [36m<head />[39m
  [36m<body>[39m
    [36m<div>[39m
      [36m<div[39m
        [33mclass[39m=[32m"bg-card shadow-sm border-b border-border"[39m
        [33mdata-testid[39m=[32m"workflow-tracking-bar"[39m
      [36m>[39m
        [36m<div[39m
          [33mclass[39m=[32m"max-w-7xl mx-auto px-4 sm:px-6 lg:px-8"[39m
        [36m>[39m
          [36m<div[39m
            [33mclass[39m=[32m"flex items-center justify-between h-12 gap-4"[39m
          [36m>[39m
            [36m<div[39m
              [33mclass[39m=[32m"flex items-center gap-3 flex-1 min-w-0"[39m
            [36m>[39m
              [36m<svg[39m
                [33maria-hidden[39m=[32m"true"[39m
                [33mclass[39m=[32m"h-5 w-5 text-accent animate-spin"[39m
                [33mdata-slot[39m=[32m"icon"[39m
                [33mdata-testid[39m=[32m"workflow-spinner"[39m
                [33mfill[39m=[32m"none"[39m
                [33mstroke[39m=[32m"currentColor"[39m
                [33mstroke-width[39m=[32m"1.5"[39m
                [33mviewBox[39m=[32m"0 0 24 24"[39m
                [33mxmlns[39m=[32m"http://www.w3.org/2000/svg"[39m
              [36m>[39m
                [36m<path[39m
                  [33md[39m=[32m"M16.023 9.348h4.992v-.001M2.985 19.644v-4.992m0 0h4.992m-4.993 0 3.181 3.183a8.25 8.25 0 0 0 13.803-3.7M4.031 9.865a8.25 8.25 0 0 1 13.803-3.7l3.181 3.182m0-4.991v4.99"[39m
                  [33mstroke-linecap[39m=[32m"round"[39m
                  [33mstroke-linejoin[39m=[32m"round"[39m
                [36m/>[39m
              [36m</svg>[39m
              [36m<a[39m
                [33mclass[39m=[32m"flex items-center gap-2 hover:opacity-80 transition-opacity min-w-0"[39m
                [33mhref[39m=[32m"/stories/ST-28"[39m
              [36m>[39m
                [36m<span[39m
                  [33mclass[39m=[32m"inline-flex items-center px-2 py-1 rounded text-xs font-semibold bg-accent/10 text-accent border border-accent/20"[39m
                [36m>[39m
                  [0mST-28[0m
                [36m</span>[39m
                [36m<span[39m
                  [33mclass[39m=[32m"text-sm text-fg truncate"[39m
                [36m>[39m
                  [0mTest Story[0m
                [36m</span>[39m
              [36m</a>[39m
              [36m<div[39m
                [33mclass[39m=[32m"hidden md:flex items-center gap-2 text-sm text-muted"[39m
              [36m>[39m
                [36m<span>[39m
                  [0m•[0m
                [36m</span>[39m
                [36m<span[39m
                  [33mclass[39m=[32m"font-medium text-fg"[39m
                [36m>[39m
                  [0mBusiness Analyst[0m
                [36m</span>[39m
              [36m</div>[39m
            [36m</div>[39m
            [36m<div[39m
              [33mclass[39m=[32m"flex items-center gap-3"[39m
            [36m>[39m
              [36m<span[39m
                [33mclass[39m=[32m"text-sm text-muted whitespace-nowrap"[39m
              [36m>[39m
                [0m2[0m
                [0m/[0m
                [0m6[0m
                [0m components[0m
              [36m</span>[39m
              [36m<div[39m
                [33mclass[39m=[32m"flex items-center gap-2"[39m
              [36m>[39m
                [36m<div[39m
                  [33mclass[39m=[32m"w-32 h-2 bg-border rounded-full overflow-hidden"[39m
                [36m>[39m
                  [36m<div[39m
                    [33maria-valuemax[39m=[32m"100"[39m
                    [33maria-valuemin[39m=[32m"0"[39m
                    [33maria-valuenow[39m=[32m"33"[39m
                    [33mclass[39m=[32m"h-full bg-accent transition-all duration-300 rounded-full"[39m
                    [33mrole[39m=[32m"progressbar"[39m
                    [33mstyle[39m=[32m"width: 33%;"[39m
                  [36m/>[39m
                [36m</div>[39m
                [36m<span[39m
                  [33mclass[39m=[32m"text-xs font-semibold text-accent min-w-[35px] text-right"[39m
                [36m>[39m
                  [0m33[0m
                  [0m%[0m
                [36m</span>[39m
              [36m</div>[39m
              [36m<a[39m
                [33mclass[39m=[32m"text-sm text-accent hover:text-accent-dark font-medium transition-colors whitespace-nowrap"[39m
                [33mhref[39m=[32m"/workflow-runs/run-1/monitor"[39m
              [36m>[39m
                [0mMonitor →[0m
              [36m</a>[39m
            [36m</div>[39m
          [36m</div>[39m
        [36m</div>[39m
      [36m</div>[39m
    [36m</div>[39m
  [36m</body>[39m
[36m</html>[39m
   ❯ src/components/workflow/__tests__/GlobalWorkflowTrackingBar.test.tsx > GlobalWorkflowTrackingBar > TC-WORKFLOW-BAR-006: Styling and positioning > should have thin height (40-50px)
     → expected NaN to be greater than or equal to 40

Ignored nodes: comments, script, style
[36m<html>[39m
  [36m<head />[39m
  [36m<body>[39m
    [36m<div>[39m
      [36m<div[39m
        [33mclass[39m=[32m"bg-card shadow-sm border-b border-border"[39m
        [33mdata-testid[39m=[32m"workflow-tracking-bar"[39m
      [36m>[39m
        [36m<div[39m
          [33mclass[39m=[32m"max-w-7xl mx-auto px-4 sm:px-6 lg:px-8"[39m
        [36m>[39m
          [36m<div[39m
            [33mclass[39m=[32m"flex items-center justify-between h-12 gap-4"[39m
          [36m>[39m
            [36m<div[39m
              [33mclass[39m=[32m"flex items-center gap-3 flex-1 min-w-0"[39m
            [36m>[39m
              [36m<svg[39m
                [33maria-hidden[39m=[32m"true"[39m
                [33mclass[39m=[32m"h-5 w-5 text-accent animate-spin"[39m
                [33mdata-slot[39m=[32m"icon"[39m
                [33mdata-testid[39m=[32m"workflow-spinner"[39m
                [33mfill[39m=[32m"none"[39m
                [33mstroke[39m=[32m"currentColor"[39m
                [33mstroke-width[39m=[32m"1.5"[39m
                [33mviewBox[39m=[32m"0 0 24 24"[39m
                [33mxmlns[39m=[32m"http://www.w3.org/2000/svg"[39m
              [36m>[39m
                [36m<path[39m
                  [33md[39m=[32m"M16.023 9.348h4.992v-.001M2.985 19.644v-4.992m0 0h4.992m-4.993 0 3.181 3.183a8.25 8.25 0 0 0 13.803-3.7M4.031 9.865a8.25 8.25 0 0 1 13.803-3.7l3.181 3.182m0-4.991v4.99"[39m
                  [33mstroke-linecap[39m=[32m"round"[39m
                  [33mstroke-linejoin[39m=[32m"round"[39m
                [36m/>[39m
              [36m</svg>[39m
              [36m<a[39m
                [33mclass[39m=[32m"flex items-center gap-2 hover:opacity-80 transition-opacity min-w-0"[39m
                [33mhref[39m=[32m"/stories/ST-28"[39m
              [36m>[39m
                [36m<span[39m
                  [33mclass[39m=[32m"inline-flex items-center px-2 py-1 rounded text-xs font-semibold bg-accent/10 text-accent border border-accent/20"[39m
                [36m>[39m
                  [0mST-28[0m
                [36m</span>[39m
                [36m<span[39m
                  [33mclass[39m=[32m"text-sm text-fg truncate"[39m
                [36m>[39m
                  [0mTest Story[0m
                [36m</span>[39m
              [36m</a>[39m
              [36m<div[39m
                [33mclass[39m=[32m"hidden md:flex items-center gap-2 text-sm text-muted"[39m
              [36m>[39m
                [36m<span>[39m
                  [0m•[0m
                [36m</span>[39m
                [36m<span[39m
                  [33mclass[39m=[32m"font-medium text-fg"[39m
                [36m>[39m
                  [0mBusiness Analyst[0m
                [36m</span>[39m
              [36m</div>[39m
            [36m</div>[39m
            [36m<div[39m
              [33mclass[39m=[32m"flex items-center gap-3"[39m
            [36m>[39m
              [36m<span[39m
                [33mclass[39m=[32m"text-sm text-muted whitespace-nowrap"[39m
              [36m>[39m
                [0m2[0m
                [0m/[0m
                [0m6[0m
                [0m components[0m
              [36m</span>[39m
              [36m<div[39m
                [33mclass[39m=[32m"flex items-center gap-2"[39m
              [36m>[39m
                [36m<div[39m
                  [33mclass[39m=[32m"w-32 h-2 bg-border rounded-full overflow-hidden"[39m
                [36m>[39m
                  [36m<div[39m
                    [33maria-valuemax[39m=[32m"100"[39m
                    [33maria-valuemin[39m=[32m"0"[39m
                    [33maria-valuenow[39m=[32m"33"[39m
                    [33mclass[39m=[32m"h-full bg-accent transition-all duration-300 rounded-full"[39m
                    [33mrole[39m=[32m"progressbar"[39m
                    [33mstyle[39m=[32m"width: 33%;"[39m
                  [36m/>[39m
                [36m</div>[39m
                [36m<span[39m
                  [33mclass[39m=[32m"text-xs font-semibold text-accent min-w-[35px] text-right"[39m
                [36m>[39m
                  [0m33[0m
                  [0m%[0m
                [36m</span>[39m
              [36m</div>[39m
              [36m<a[39m
                [33mclass[39m=[32m"text-sm text-accent hover:text-accent-dark font-medium transition-colors whitespace-nowrap"[39m
                [33mhref[39m=[32m"/workflow-runs/run-1/monitor"[39m
              [36m>[39m
                [0mMonitor →[0m
              [36m</a>[39m
            [36m</div>[39m
          [36m</div>[39m
        [36m</div>[39m
      [36m</div>[39m
    [36m</div>[39m
  [36m</body>[39m
[36m</html>[39m
   ❯ src/components/workflow/__tests__/GlobalWorkflowTrackingBar.test.tsx > GlobalWorkflowTrackingBar > TC-WORKFLOW-BAR-007: Real-time updates > should poll for updates every 3 seconds
     → expected "spy" to be called 2 times, but got 1 times

Ignored nodes: comments, script, style
[36m<html>[39m
  [36m<head />[39m
  [36m<body>[39m
    [36m<div>[39m
      [36m<div[39m
        [33mclass[39m=[32m"bg-card shadow-sm border-b border-border"[39m
        [33mdata-testid[39m=[32m"workflow-tracking-bar"[39m
      [36m>[39m
        [36m<div[39m
          [33mclass[39m=[32m"max-w-7xl mx-auto px-4 sm:px-6 lg:px-8"[39m
        [36m>[39m
          [36m<div[39m
            [33mclass[39m=[32m"flex items-center justify-between h-12 gap-4"[39m
          [36m>[39m
            [36m<div[39m
              [33mclass[39m=[32m"flex items-center gap-3 flex-1 min-w-0"[39m
            [36m>[39m
              [36m<svg[39m
                [33maria-hidden[39m=[32m"true"[39m
                [33mclass[39m=[32m"h-5 w-5 text-accent animate-spin"[39m
                [33mdata-slot[39m=[32m"icon"[39m
                [33mdata-testid[39m=[32m"workflow-spinner"[39m
                [33mfill[39m=[32m"none"[39m
                [33mstroke[39m=[32m"currentColor"[39m
                [33mstroke-width[39m=[32m"1.5"[39m
                [33mviewBox[39m=[32m"0 0 24 24"[39m
                [33mxmlns[39m=[32m"http://www.w3.org/2000/svg"[39m
              [36m>[39m
                [36m<path[39m
                  [33md[39m=[32m"M16.023 9.348h4.992v-.001M2.985 19.644v-4.992m0 0h4.992m-4.993 0 3.181 3.183a8.25 8.25 0 0 0 13.803-3.7M4.031 9.865a8.25 8.25 0 0 1 13.803-3.7l3.181 3.182m0-4.991v4.99"[39m
                  [33mstroke-linecap[39m=[32m"round"[39m
                  [33mstroke-linejoin[39m=[32m"round"[39m
                [36m/>[39m
              [36m</svg>[39m
              [36m<a[39m
                [33mclass[39m=[32m"flex items-center gap-2 hover:opacity-80 transition-opacity min-w-0"[39m
                [33mhref[39m=[32m"/stories/ST-28"[39m
              [36m>[39m
                [36m<span[39m
                  [33mclass[39m=[32m"inline-flex items-center px-2 py-1 rounded text-xs font-semibold bg-accent/10 text-accent border border-accent/20"[39m
                [36m>[39m
                  [0mST-28[0m
                [36m</span>[39m
                [36m<span[39m
                  [33mclass[39m=[32m"text-sm text-fg truncate"[39m
                [36m>[39m
                  [0mTest Story[0m
                [36m</span>[39m
              [36m</a>[39m
              [36m<div[39m
                [33mclass[39m=[32m"hidden md:flex items-center gap-2 text-sm text-muted"[39m
              [36m>[39m
                [36m<span>[39m
                  [0m•[0m
                [36m</span>[39m
                [36m<span[39m
                  [33mclass[39m=[32m"font-medium text-fg"[39m
                [36m>[39m
                  [0mBusiness Analyst[0m
                [36m</span>[39m
              [36m</div>[39m
            [36m</div>[39m
            [36m<div[39m
              [33mclass[39m=[32m"flex items-center gap-3"[39m
            [36m>[39m
              [36m<span[39m
                [33mclass[39m=[32m"text-sm text-muted whitespace-nowrap"[39m
              [36m>[39m
                [0m2[0m
                [0m/[0m
                [0m6[0m
                [0m components[0m
              [36m</span>[39m
              [36m<div[39m
                [33mclass[39m=[32m"flex items-center gap-2"[39m
              [36m>[39m
                [36m<div[39m
                  [33mclass[39m=[32m"w-32 h-2 bg-border rounded-full overflow-hidden"[39m
                [36m>[39m
                  [36m<div[39m
                    [33maria-valuemax[39m=[32m"100"[39m
                    [33maria-valuemin[39m=[32m"0"[39m
                    [33maria-valuenow[39m=[32m"33"[39m
                    [33mclass[39m=[32m"h-full bg-accent transition-all duration-300 rounded-full"[39m
                    [33mrole[39m=[32m"progressbar"[39m
                    [33mstyle[39m=[32m"width: 33%;"[39m
                  [36m/>[39m
                [36m</div>[39m
                [36m<span[39m
                  [33mclass[39m=[32m"text-xs font-semibold text-accent min-w-[35px] text-right"[39m
                [36m>[39m
                  [0m33[0m
                  [0m%[0m
                [36m</span>[39m
              [36m</div>[39m
              [36m<a[39m
                [33mclass[39m=[32m"text-sm text-accent hover:text-accent-dark font-medium transition-colors whitespace-nowrap"[39m
                [33mhref[39m=[32m"/workflow-runs/run-1/monitor"[39m
              [36m>[39m
                [0mMonitor →[0m
              [36m</a>[39m
            [36m</div>[39m
          [36m</div>[39m
        [36m</div>[39m
      [36m</div>[39m
    [36m</div>[39m
  [36m</body>[39m
[36m</html>[39m
   ❯ src/components/workflow/__tests__/GlobalWorkflowTrackingBar.test.tsx > GlobalWorkflowTrackingBar > TC-WORKFLOW-BAR-007: Real-time updates > should update display when workflow progresses
     → Unable to find an element with the text: /Designer/. This could be because the text is broken up by multiple elements. In this case, you can provide a function for your text matcher to make your matcher more flexible.

Ignored nodes: comments, script, style
[36m<body>[39m
  [36m<div>[39m
    [36m<div[39m
      [33mclass[39m=[32m"bg-card shadow-sm border-b border-border"[39m
      [33mdata-testid[39m=[32m"workflow-tracking-bar"[39m
    [36m>[39m
      [36m<div[39m
        [33mclass[39m=[32m"max-w-7xl mx-auto px-4 sm:px-6 lg:px-8"[39m
      [36m>[39m
        [36m<div[39m
          [33mclass[39m=[32m"flex items-center justify-between h-12 gap-4"[39m
        [36m>[39m
          [36m<div[39m
            [33mclass[39m=[32m"flex items-center gap-3 flex-1 min-w-0"[39m
          [36m>[39m
            [36m<svg[39m
              [33maria-hidden[39m=[32m"true"[39m
              [33mclass[39m=[32m"h-5 w-5 text-accent animate-spin"[39m
              [33mdata-slot[39m=[32m"icon"[39m
              [33mdata-testid[39m=[32m"workflow-spinner"[39m
              [33mfill[39m=[32m"none"[39m
              [33mstroke[39m=[32m"currentColor"[39m
              [33mstroke-width[39m=[32m"1.5"[39m
              [33mviewBox[39m=[32m"0 0 24 24"[39m
              [33mxmlns[39m=[32m"http://www.w3.org/2000/svg"[39m
            [36m>[39m
              [36m<path[39m
                [33md[39m=[32m"M16.023 9.348h4.992v-.001M2.985 19.644v-4.992m0 0h4.992m-4.993 0 3.181 3.183a8.25 8.25 0 0 0 13.803-3.7M4.031 9.865a8.25 8.25 0 0 1 13.803-3.7l3.181 3.182m0-4.991v4.99"[39m
                [33mstroke-linecap[39m=[32m"round"[39m
                [33mstroke-linejoin[39m=[32m"round"[39m
              [36m/>[39m
            [36m</svg>[39m
            [36m<a[39m
              [33mclass[39m=[32m"flex items-center gap-2 hover:opacity-80 transition-opacity min-w-0"[39m
              [33mhref[39m=[32m"/stories/ST-28"[39m
            [36m>[39m
              [36m<span[39m
                [33mclass[39m=[32m"inline-flex items-center px-2 py-1 rounded text-xs font-semibold bg-accent/10 text-accent border border-accent/20"[39m
              [36m>[39m
                [0mST-28[0m
              [36m</span>[39m
              [36m<span[39m
                [33mclass[39m=[32m"text-sm text-fg truncate"[39m
              [36m>[39m
                [0mTest Story[0m
              [36m</span>[39m
            [36m</a>[39m
            [36m<div[39m
              [33mclass[39m=[32m"hidden md:flex items-center gap-2 text-sm text-muted"[39m
            [36m>[39m
              [36m<span>[39m
                [0m•[0m
              [36m</span>[39m
              [36m<span[39m
                [33mclass[39m=[32m"font-medium text-fg"[39m
              [36m>[39m
                [0mBusiness Analyst[0m
              [36m</span>[39m
            [36m</div>[39m
          [36m</div>[39m
          [36m<div[39m
            [33mclass[39m=[32m"flex items-center gap-3"[39m
          [36m>[39m
            [36m<span[39m
              [33mclass[39m=[32m"text-sm text-muted whitespace-nowrap"[39m
            [36m>[39m
              [0m2[0m
              [0m/[0m
              [0m6[0m
              [0m components[0m
            [36m</span>[39m
            [36m<div[39m
              [33mclass[39m=[32m"flex items-center gap-2"[39m
            [36m>[39m
              [36m<div[39m
                [33mclass[39m=[32m"w-32 h-2 bg-border rounded-full overflow-hidden"[39m
              [36m>[39m
                [36m<div[39m
                  [33maria-valuemax[39m=[32m"100"[39m
                  [33maria-valuemin[39m=[32m"0"[39m
                  [33maria-valuenow[39m=[32m"33"[39m
                  [33mclass[39m=[32m"h-full bg-accent transition-all duration-300 rounded-full"[39m
                  [33mrole[39m=[32m"progressbar"[39m
                  [33mstyle[39m=[32m"width: 33%;"[39m
                [36m/>[39m
              [36m</div>[39m
              [36m<span[39m
                [33mclass[39m=[32m"text-xs font-semibold text-accent min-w-[35px] text-right"[39m
              [36m>[39m
                [0m33[0m
                [0m%[0m
              [36m</span>[39m
            [36m</div>[39m
            [36m<a[39m
              [33mclass[39m=[32m"text-sm text-accent hover:text-accent-dark font-medium transition-colors whitespace-nowrap"[39m
              [33mhref[39m=[32m"/workflow-runs/run-1/monitor"[39m
            [36m>[39m
              [0mMonitor →[0m
            [36m</a>[39m
          [36m</div>[39m
        [36m</div>[39m
      [36m</div>[39m
    [36m</div>[39m
  [36m</div>[39m
[36m</body>[39m

Ignored nodes: comments, script, style
[36m<html>[39m
  [36m<head />[39m
  [36m<body>[39m
    [36m<div>[39m
      [36m<div[39m
        [33mclass[39m=[32m"bg-card shadow-sm border-b border-border"[39m
        [33mdata-testid[39m=[32m"workflow-tracking-bar"[39m
      [36m>[39m
        [36m<div[39m
          [33mclass[39m=[32m"max-w-7xl mx-auto px-4 sm:px-6 lg:px-8"[39m
        [36m>[39m
          [36m<div[39m
            [33mclass[39m=[32m"flex items-center justify-between h-12 gap-4"[39m
          [36m>[39m
            [36m<div[39m
              [33mclass[39m=[32m"flex items-center gap-3 flex-1 min-w-0"[39m
            [36m>[39m
              [36m<svg[39m
                [33maria-hidden[39m=[32m"true"[39m
                [33mclass[39m=[32m"h-5 w-5 text-accent animate-spin"[39m
                [33mdata-slot[39m=[32m"icon"[39m
                [33mdata-testid[39m=[32m"workflow-spinner"[39m
                [33mfill[39m=[32m"none"[39m
                [33mstroke[39m=[32m"currentColor"[39m
                [33mstroke-width[39m=[32m"1.5"[39m
                [33mviewBox[39m=[32m"0 0 24 24"[39m
                [33mxmlns[39m=[32m"http://www.w3.org/2000/svg"[39m
              [36m>[39m
                [36m<path[39m
                  [33md[39m=[32m"M16.023 9.348h4.992v-.001M2.985 19.644v-4.992m0 0h4.992m-4.993 0 3.181 3.183a8.25 8.25 0 0 0 13.803-3.7M4.031 9.865a8.25 8.25 0 0 1 13.803-3.7l3.181 3.182m0-4.991v4.99"[39m
                  [33mstroke-linecap[39m=[32m"round"[39m
                  [33mstroke-linejoin[39m=[32m"round"[39m
                [36m/>[39m
              [36m</svg>[39m
              [36m<a[39m
                [33mclass[39m=[32m"flex items-center gap-2 hover:opacity-80 transition-opacity min-w-0"[39m
                [33mhref[39m=[32m"/stories/ST-28"[39m
              [36m>[39m
                [36m<span[39m
                  [33mclass[39m=[32m"inline-flex items-center px-2 py-1 rounded text-xs font-semibold bg-accent/10 text-accent border border-accent/20"[39m
                [36m>[39m
                  [0mST-28[0m
                [36m</span>[39m
                [36m<span[39m
                  [33mclass[39m=[32m"text-sm text-fg truncate"[39m
                [36m>[39m
                  [0mTest Story[0m
                [36m</span>[39m
              [36m</a>[39m
              [36m<div[39m
                [33mclass[39m=[32m"hidden md:flex items-center gap-2 text-sm text-muted"[39m
              [36m>[39m
                [36m<span>[39m
                  [0m•[0m
                [36m</span>[39m
                [36m<span[39m
                  [33mclass[39m=[32m"font-medium text-fg"[39m
                [36m>[39m
                  [0mBusiness Analyst[0m
                [36m</span>[39m
              [36m</div>[39m
            [36m</div>[39m
            [36m<div[39m
              [33mclass[39m=[32m"flex items-center gap-3"[39m
            [36m>[39m
              [36m<span[39m
                [33mclass[39m=[32m"text-sm text-muted whitespace-nowrap"[39m
              [36m>[39m
                [0m2[0m
                [0m/[0m
                [0m6[0m
                [0m components[0m
              [36m</span>[39m
              [36m<div[39m
                [33mclass[39m=[32m"flex items-center gap-2"[39m
              [36m>[39m
                [36m<div[39m
                  [33mclass[39m=[32m"w-32 h-2 bg-border rounded-full overflow-hidden"[39m
                [36m>[39m
                  [36m<div[39m
                    [33maria-valuemax[39m=[32m"100"[39m
                    [33maria-valuemin[39m=[32m"0"[39m
                    [33maria-valuenow[39m=[32m"33"[39m
                    [33mclass[39m=[32m"h-full bg-accent transition-all duration-300 rounded-full"[39m
                    [33mrole[39m=[32m"progressbar"[39m
                    [33mstyle[39m=[32m"width: 33%;"[39m
                  [36m/>[39m
                [36m</div>[39m
                [36m<span[39m
                  [33mclass[39m=[32m"text-xs font-semibold text-accent min-w-[35px] text-right"[39m
                [36m>[39m
                  [0m33[0m
                  [0m%[0m
                [36m</span>[39m
              [36m</div>[39m
              [36m<a[39m
                [33mclass[39m=[32m"text-sm text-accent hover:text-accent-dark font-medium transition-colors whitespace-nowrap"[39m
                [33mhref[39m=[32m"/workflow-runs/run-1/monitor"[39m
              [36m>[39m
                [0mMonitor →[0m
              [36m</a>[39m
            [36m</div>[39m
          [36m</div>[39m
        [36m</div>[39m
      [36m</div>[39m
    [36m</div>[39m
  [36m</body>[39m
[36m</html>[39m
   ❯ src/components/workflow/__tests__/GlobalWorkflowTrackingBar.test.tsx > GlobalWorkflowTrackingBar > TC-WORKFLOW-BAR-007: Real-time updates > should hide bar when workflow completes
     → expected <div …(2)>…(1)</div> to be null

Ignored nodes: comments, script, style
[36m<html>[39m
  [36m<head />[39m
  [36m<body>[39m
    [36m<div>[39m
      [36m<div[39m
        [33mclass[39m=[32m"bg-card shadow-sm border-b border-border"[39m
        [33mdata-testid[39m=[32m"workflow-tracking-bar"[39m
      [36m>[39m
        [36m<div[39m
          [33mclass[39m=[32m"max-w-7xl mx-auto px-4 sm:px-6 lg:px-8"[39m
        [36m>[39m
          [36m<div[39m
            [33mclass[39m=[32m"flex items-center justify-between h-12 gap-4"[39m
          [36m>[39m
            [36m<div[39m
              [33mclass[39m=[32m"flex items-center gap-3 flex-1 min-w-0"[39m
            [36m>[39m
              [36m<svg[39m
                [33maria-hidden[39m=[32m"true"[39m
                [33mclass[39m=[32m"h-5 w-5 text-accent animate-spin"[39m
                [33mdata-slot[39m=[32m"icon"[39m
                [33mdata-testid[39m=[32m"workflow-spinner"[39m
                [33mfill[39m=[32m"none"[39m
                [33mstroke[39m=[32m"currentColor"[39m
                [33mstroke-width[39m=[32m"1.5"[39m
                [33mviewBox[39m=[32m"0 0 24 24"[39m
                [33mxmlns[39m=[32m"http://www.w3.org/2000/svg"[39m
              [36m>[39m
                [36m<path[39m
                  [33md[39m=[32m"M16.023 9.348h4.992v-.001M2.985 19.644v-4.992m0 0h4.992m-4.993 0 3.181 3.183a8.25 8.25 0 0 0 13.803-3.7M4.031 9.865a8.25 8.25 0 0 1 13.803-3.7l3.181 3.182m0-4.991v4.99"[39m
                  [33mstroke-linecap[39m=[32m"round"[39m
                  [33mstroke-linejoin[39m=[32m"round"[39m
                [36m/>[39m
              [36m</svg>[39m
              [36m<a[39m
                [33mclass[39m=[32m"flex items-center gap-2 hover:opacity-80 transition-opacity min-w-0"[39m
                [33mhref[39m=[32m"/stories/ST-28"[39m
              [36m>[39m
                [36m<span[39m
                  [33mclass[39m=[32m"inline-flex items-center px-2 py-1 rounded text-xs font-semibold bg-accent/10 text-accent border border-accent/20"[39m
                [36m>[39m
                  [0mST-28[0m
                [36m</span>[39m
                [36m<span[39m
                  [33mclass[39m=[32m"text-sm text-fg truncate"[39m
                [36m>[39m
                  [0mTest Story[0m
                [36m</span>[39m
              [36m</a>[39m
              [36m<div[39m
                [33mclass[39m=[32m"hidden md:flex items-center gap-2 text-sm text-muted"[39m
              [36m>[39m
                [36m<span>[39m
                  [0m•[0m
                [36m</span>[39m
                [36m<span[39m
                  [33mclass[39m=[32m"font-medium text-fg"[39m
                [36m>[39m
                  [0mQA Engineer[0m
                [36m</span>[39m
              [36m</div>[39m
            [36m</div>[39m
            [36m<div[39m
              [33mclass[39m=[32m"flex items-center gap-3"[39m
            [36m>[39m
              [36m<span[39m
                [33mclass[39m=[32m"text-sm text-muted whitespace-nowrap"[39m
              [36m>[39m
                [0m5[0m
                [0m/[0m
                [0m6[0m
                [0m components[0m
              [36m</span>[39m
              [36m<div[39m
                [33mclass[39m=[32m"flex items-center gap-2"[39m
              [36m>[39m
                [36m<div[39m
                  [33mclass[39m=[32m"w-32 h-2 bg-border rounded-full overflow-hidden"[39m
                [36m>[39m
                  [36m<div[39m
                    [33maria-valuemax[39m=[32m"100"[39m
                    [33maria-valuemin[39m=[32m"0"[39m
                    [33maria-valuenow[39m=[32m"83"[39m
                    [33mclass[39m=[32m"h-full bg-accent transition-all duration-300 rounded-full"[39m
                    [33mrole[39m=[32m"progressbar"[39m
                    [33mstyle[39m=[32m"width: 83%;"[39m
                  [36m/>[39m
                [36m</div>[39m
                [36m<span[39m
                  [33mclass[39m=[32m"text-xs font-semibold text-accent min-w-[35px] text-right"[39m
                [36m>[39m
                  [0m83[0m
                  [0m%[0m
                [36m</span>[39m
              [36m</div>[39m
              [36m<a[39m
                [33mclass[39m=[32m"text-sm text-accent hover:text-accent-dark font-medium transition-colors whitespace-nowrap"[39m
                [33mhref[39m=[32m"/workflow-runs/run-1/monitor"[39m
              [36m>[39m
                [0mMonitor →[0m
              [36m</a>[39m
            [36m</div>[39m
          [36m</div>[39m
        [36m</div>[39m
      [36m</div>[39m
    [36m</div>[39m
  [36m</body>[39m
[36m</html>[39m
   ❯ src/components/workflow/__tests__/GlobalWorkflowTrackingBar.test.tsx > GlobalWorkflowTrackingBar > TC-WORKFLOW-BAR-008: Responsive design > should be responsive on mobile devices (truncate long titles)
     → expected '' to be 'ellipsis' // Object.is equality

Ignored nodes: comments, script, style
[36m<html>[39m
  [36m<head />[39m
  [36m<body>[39m
    [36m<div>[39m
      [36m<div[39m
        [33mclass[39m=[32m"bg-card shadow-sm border-b border-border"[39m
        [33mdata-testid[39m=[32m"workflow-tracking-bar"[39m
      [36m>[39m
        [36m<div[39m
          [33mclass[39m=[32m"max-w-7xl mx-auto px-4 sm:px-6 lg:px-8"[39m
        [36m>[39m
          [36m<div[39m
            [33mclass[39m=[32m"flex items-center justify-between h-12 gap-4"[39m
          [36m>[39m
            [36m<div[39m
              [33mclass[39m=[32m"flex items-center gap-3 flex-1 min-w-0"[39m
            [36m>[39m
              [36m<svg[39m
                [33maria-hidden[39m=[32m"true"[39m
                [33mclass[39m=[32m"h-5 w-5 text-accent animate-spin"[39m
                [33mdata-slot[39m=[32m"icon"[39m
                [33mdata-testid[39m=[32m"workflow-spinner"[39m
                [33mfill[39m=[32m"none"[39m
                [33mstroke[39m=[32m"currentColor"[39m
                [33mstroke-width[39m=[32m"1.5"[39m
                [33mviewBox[39m=[32m"0 0 24 24"[39m
                [33mxmlns[39m=[32m"http://www.w3.org/2000/svg"[39m
              [36m>[39m
                [36m<path[39m
                  [33md[39m=[32m"M16.023 9.348h4.992v-.001M2.985 19.644v-4.992m0 0h4.992m-4.993 0 3.181 3.183a8.25 8.25 0 0 0 13.803-3.7M4.031 9.865a8.25 8.25 0 0 1 13.803-3.7l3.181 3.182m0-4.991v4.99"[39m
                  [33mstroke-linecap[39m=[32m"round"[39m
                  [33mstroke-linejoin[39m=[32m"round"[39m
                [36m/>[39m
              [36m</svg>[39m
              [36m<a[39m
                [33mclass[39m=[32m"flex items-center gap-2 hover:opacity-80 transition-opacity min-w-0"[39m
                [33mhref[39m=[32m"/stories/ST-28"[39m
              [36m>[39m
                [36m<span[39m
                  [33mclass[39m=[32m"inline-flex items-center px-2 py-1 rounded text-xs font-semibold bg-accent/10 text-accent border border-accent/20"[39m
                [36m>[39m
                  [0mST-28[0m
                [36m</span>[39m
                [36m<span[39m
                  [33mclass[39m=[32m"text-sm text-fg truncate"[39m
                [36m>[39m
                  [0mThis is a very long story title that should be truncated on mobile devices to prevent layout issues and ensure proper display[0m
                [36m</span>[39m
              [36m</a>[39m
              [36m<div[39m
                [33mclass[39m=[32m"hidden md:flex items-center gap-2 text-sm text-muted"[39m
              [36m>[39m
                [36m<span>[39m
                  [0m•[0m
                [36m</span>[39m
                [36m<span[39m
                  [33mclass[39m=[32m"font-medium text-fg"[39m
                [36m>[39m
                  [0mBusiness Analyst[0m
                [36m</span>[39m
              [36m</div>[39m
            [36m</div>[39m
            [36m<div[39m
              [33mclass[39m=[32m"flex items-center gap-3"[39m
            [36m>[39m
              [36m<span[39m
                [33mclass[39m=[32m"text-sm text-muted whitespace-nowrap"[39m
              [36m>[39m
                [0m2[0m
                [0m/[0m
                [0m6[0m
                [0m components[0m
              [36m</span>[39m
              [36m<div[39m
                [33mclass[39m=[32m"flex items-center gap-2"[39m
              [36m>[39m
                [36m<div[39m
                  [33mclass[39m=[32m"w-32 h-2 bg-border rounded-full overflow-hidden"[39m
                [36m>[39m
                  [36m<div[39m
                    [33maria-valuemax[39m=[32m"100"[39m
                    [33maria-valuemin[39m=[32m"0"[39m
                    [33maria-valuenow[39m=[32m"33"[39m
                    [33mclass[39m=[32m"h-full bg-accent transition-all duration-300 rounded-full"[39m
                    [33mrole[39m=[32m"progressbar"[39m
                    [33mstyle[39m=[32m"width: 33%;"[39m
                  [36m/>[39m
                [36m</div>[39m
                [36m<span[39m
                  [33mclass[39m=[32m"text-xs font-semibold text-accent min-w-[35px] text-right"[39m
                [36m>[39m
                  [0m33[0m
                  [0m%[0m
                [36m</span>[39m
              [36m</div>[39m
              [36m<a[39m
                [33mclass[39m=[32m"text-sm text-accent hover:text-accent-dark font-medium transition-colors whitespace-nowrap"[39m
                [33mhref[39m=[32m"/workflow-runs/run-1/monitor"[39m
              [36m>[39m
                [0mMonitor →[0m
              [36m</a>[39m
            [36m</div>[39m
          [36m</div>[39m
        [36m</div>[39m
      [36m</div>[39m
    [36m</div>[39m
  [36m</body>[39m
[36m</html>[39m
stderr | src/__tests__/integration/user-prompts-display.st68.integration.test.tsx > User Prompts KPI - End-to-End Integration (ST-68) > should display user prompts from API through to frontend KPI card
The above error occurred in the <ProjectProvider> component:

    at ProjectProvider (/opt/stack/worktrees/st-53-web-ui-multi-run-progress-tracker-in-status-bar/frontend/src/context/ProjectContext.tsx:10:28)
    at QueryClientProvider (file:///opt/stack/AIStudio/node_modules/@tanstack/react-query/build/modern/QueryClientProvider.js:20:3)
    at Router (/opt/stack/AIStudio/node_modules/react-router/dist/umd/react-router.development.js:1207:17)
    at MemoryRouter (/opt/stack/AIStudio/node_modules/react-router/dist/umd/react-router.development.js:1101:7)
    at /opt/stack/worktrees/st-53-web-ui-multi-run-progress-tracker-in-status-bar/frontend/src/__tests__/integration/user-prompts-display.st68.integration.test.tsx:49:13

Consider adding an error boundary to your tree to customize error handling behavior.
Visit https://reactjs.org/link/error-boundaries to learn more about error boundaries.

stderr | src/__tests__/integration/user-prompts-display.st68.integration.test.tsx > User Prompts KPI - End-to-End Integration (ST-68) > should show automation improvement when prompts decrease over time
The above error occurred in the <ProjectProvider> component:

    at ProjectProvider (/opt/stack/worktrees/st-53-web-ui-multi-run-progress-tracker-in-status-bar/frontend/src/context/ProjectContext.tsx:10:28)
    at QueryClientProvider (file:///opt/stack/AIStudio/node_modules/@tanstack/react-query/build/modern/QueryClientProvider.js:20:3)
    at Router (/opt/stack/AIStudio/node_modules/react-router/dist/umd/react-router.development.js:1207:17)
    at MemoryRouter (/opt/stack/AIStudio/node_modules/react-router/dist/umd/react-router.development.js:1101:7)
    at /opt/stack/worktrees/st-53-web-ui-multi-run-progress-tracker-in-status-bar/frontend/src/__tests__/integration/user-prompts-display.st68.integration.test.tsx:49:13

Consider adding an error boundary to your tree to customize error handling behavior.
Visit https://reactjs.org/link/error-boundaries to learn more about error boundaries.

stderr | src/__tests__/integration/user-prompts-display.st68.integration.test.tsx > User Prompts KPI - End-to-End Integration (ST-68) > should show warning when prompts increase (more intervention needed)
The above error occurred in the <ProjectProvider> component:

    at ProjectProvider (/opt/stack/worktrees/st-53-web-ui-multi-run-progress-tracker-in-status-bar/frontend/src/context/ProjectContext.tsx:10:28)
    at QueryClientProvider (file:///opt/stack/AIStudio/node_modules/@tanstack/react-query/build/modern/QueryClientProvider.js:20:3)
    at Router (/opt/stack/AIStudio/node_modules/react-router/dist/umd/react-router.development.js:1207:17)
    at MemoryRouter (/opt/stack/AIStudio/node_modules/react-router/dist/umd/react-router.development.js:1101:7)
    at /opt/stack/worktrees/st-53-web-ui-multi-run-progress-tracker-in-status-bar/frontend/src/__tests__/integration/user-prompts-display.st68.integration.test.tsx:49:13

Consider adding an error boundary to your tree to customize error handling behavior.
Visit https://reactjs.org/link/error-boundaries to learn more about error boundaries.

stderr | src/__tests__/integration/user-prompts-display.st68.integration.test.tsx > User Prompts KPI - End-to-End Integration (ST-68) > should celebrate fully automated workflows (zero prompts)
The above error occurred in the <ProjectProvider> component:

    at ProjectProvider (/opt/stack/worktrees/st-53-web-ui-multi-run-progress-tracker-in-status-bar/frontend/src/context/ProjectContext.tsx:10:28)
    at QueryClientProvider (file:///opt/stack/AIStudio/node_modules/@tanstack/react-query/build/modern/QueryClientProvider.js:20:3)
    at Router (/opt/stack/AIStudio/node_modules/react-router/dist/umd/react-router.development.js:1207:17)
    at MemoryRouter (/opt/stack/AIStudio/node_modules/react-router/dist/umd/react-router.development.js:1101:7)
    at /opt/stack/worktrees/st-53-web-ui-multi-run-progress-tracker-in-status-bar/frontend/src/__tests__/integration/user-prompts-display.st68.integration.test.tsx:49:13

Consider adding an error boundary to your tree to customize error handling behavior.
Visit https://reactjs.org/link/error-boundaries to learn more about error boundaries.

stderr | src/__tests__/integration/user-prompts-display.st68.integration.test.tsx > User Prompts KPI - End-to-End Integration (ST-68) > should handle workflow filtering and update prompts count
The above error occurred in the <ProjectProvider> component:

    at ProjectProvider (/opt/stack/worktrees/st-53-web-ui-multi-run-progress-tracker-in-status-bar/frontend/src/context/ProjectContext.tsx:10:28)
    at QueryClientProvider (file:///opt/stack/AIStudio/node_modules/@tanstack/react-query/build/modern/QueryClientProvider.js:20:3)
    at Router (/opt/stack/AIStudio/node_modules/react-router/dist/umd/react-router.development.js:1207:17)
    at MemoryRouter (/opt/stack/AIStudio/node_modules/react-router/dist/umd/react-router.development.js:1101:7)
    at /opt/stack/worktrees/st-53-web-ui-multi-run-progress-tracker-in-status-bar/frontend/src/__tests__/integration/user-prompts-display.st68.integration.test.tsx:49:13

Consider adding an error boundary to your tree to customize error handling behavior.
Visit https://reactjs.org/link/error-boundaries to learn more about error boundaries.

stderr | src/__tests__/integration/user-prompts-display.st68.integration.test.tsx > User Prompts KPI - End-to-End Integration (ST-68) > should handle date range changes and recalculate metrics
The above error occurred in the <ProjectProvider> component:

    at ProjectProvider (/opt/stack/worktrees/st-53-web-ui-multi-run-progress-tracker-in-status-bar/frontend/src/context/ProjectContext.tsx:10:28)
    at QueryClientProvider (file:///opt/stack/AIStudio/node_modules/@tanstack/react-query/build/modern/QueryClientProvider.js:20:3)
    at Router (/opt/stack/AIStudio/node_modules/react-router/dist/umd/react-router.development.js:1207:17)
    at MemoryRouter (/opt/stack/AIStudio/node_modules/react-router/dist/umd/react-router.development.js:1101:7)
    at /opt/stack/worktrees/st-53-web-ui-multi-run-progress-tracker-in-status-bar/frontend/src/__tests__/integration/user-prompts-display.st68.integration.test.tsx:49:13

Consider adding an error boundary to your tree to customize error handling behavior.
Visit https://reactjs.org/link/error-boundaries to learn more about error boundaries.

stderr | src/__tests__/integration/user-prompts-display.st68.integration.test.tsx > User Prompts KPI - End-to-End Integration (ST-68) > should gracefully handle backend errors
The above error occurred in the <ProjectProvider> component:

    at ProjectProvider (/opt/stack/worktrees/st-53-web-ui-multi-run-progress-tracker-in-status-bar/frontend/src/context/ProjectContext.tsx:10:28)
    at QueryClientProvider (file:///opt/stack/AIStudio/node_modules/@tanstack/react-query/build/modern/QueryClientProvider.js:20:3)
    at Router (/opt/stack/AIStudio/node_modules/react-router/dist/umd/react-router.development.js:1207:17)
    at MemoryRouter (/opt/stack/AIStudio/node_modules/react-router/dist/umd/react-router.development.js:1101:7)
    at /opt/stack/worktrees/st-53-web-ui-multi-run-progress-tracker-in-status-bar/frontend/src/__tests__/integration/user-prompts-display.st68.integration.test.tsx:49:13

Consider adding an error boundary to your tree to customize error handling behavior.
Visit https://reactjs.org/link/error-boundaries to learn more about error boundaries.

stderr | src/__tests__/integration/user-prompts-display.st68.integration.test.tsx > User Prompts KPI - End-to-End Integration (ST-68) > should handle slow API responses with loading state
The above error occurred in the <ProjectProvider> component:

    at ProjectProvider (/opt/stack/worktrees/st-53-web-ui-multi-run-progress-tracker-in-status-bar/frontend/src/context/ProjectContext.tsx:10:28)
    at QueryClientProvider (file:///opt/stack/AIStudio/node_modules/@tanstack/react-query/build/modern/QueryClientProvider.js:20:3)
    at Router (/opt/stack/AIStudio/node_modules/react-router/dist/umd/react-router.development.js:1207:17)
    at MemoryRouter (/opt/stack/AIStudio/node_modules/react-router/dist/umd/react-router.development.js:1101:7)
    at /opt/stack/worktrees/st-53-web-ui-multi-run-progress-tracker-in-status-bar/frontend/src/__tests__/integration/user-prompts-display.st68.integration.test.tsx:49:13

Consider adding an error boundary to your tree to customize error handling behavior.
Visit https://reactjs.org/link/error-boundaries to learn more about error boundaries.

stderr | src/__tests__/integration/user-prompts-display.st68.integration.test.tsx > User Prompts KPI - End-to-End Integration (ST-68) > should maintain accessibility with proper ARIA labels
The above error occurred in the <ProjectProvider> component:

    at ProjectProvider (/opt/stack/worktrees/st-53-web-ui-multi-run-progress-tracker-in-status-bar/frontend/src/context/ProjectContext.tsx:10:28)
    at QueryClientProvider (file:///opt/stack/AIStudio/node_modules/@tanstack/react-query/build/modern/QueryClientProvider.js:20:3)
    at Router (/opt/stack/AIStudio/node_modules/react-router/dist/umd/react-router.development.js:1207:17)
    at MemoryRouter (/opt/stack/AIStudio/node_modules/react-router/dist/umd/react-router.development.js:1101:7)
    at /opt/stack/worktrees/st-53-web-ui-multi-run-progress-tracker-in-status-bar/frontend/src/__tests__/integration/user-prompts-display.st68.integration.test.tsx:49:13

Consider adding an error boundary to your tree to customize error handling behavior.
Visit https://reactjs.org/link/error-boundaries to learn more about error boundaries.

stderr | src/__tests__/integration/user-prompts-display.st68.integration.test.tsx > User Prompts KPI - End-to-End Integration (ST-68) > should format numbers correctly with locale formatting
The above error occurred in the <ProjectProvider> component:

    at ProjectProvider (/opt/stack/worktrees/st-53-web-ui-multi-run-progress-tracker-in-status-bar/frontend/src/context/ProjectContext.tsx:10:28)
    at QueryClientProvider (file:///opt/stack/AIStudio/node_modules/@tanstack/react-query/build/modern/QueryClientProvider.js:20:3)
    at Router (/opt/stack/AIStudio/node_modules/react-router/dist/umd/react-router.development.js:1207:17)
    at MemoryRouter (/opt/stack/AIStudio/node_modules/react-router/dist/umd/react-router.development.js:1101:7)
    at /opt/stack/worktrees/st-53-web-ui-multi-run-progress-tracker-in-status-bar/frontend/src/__tests__/integration/user-prompts-display.st68.integration.test.tsx:49:13

Consider adding an error boundary to your tree to customize error handling behavior.
Visit https://reactjs.org/link/error-boundaries to learn more about error boundaries.

 ❯ src/__tests__/integration/user-prompts-display.st68.integration.test.tsx  (10 tests | 10 failed) 42ms
   ❯ src/__tests__/integration/user-prompts-display.st68.integration.test.tsx > User Prompts KPI - End-to-End Integration (ST-68) > should display user prompts from API through to frontend KPI card
     → useAuth must be used within an AuthProvider
   ❯ src/__tests__/integration/user-prompts-display.st68.integration.test.tsx > User Prompts KPI - End-to-End Integration (ST-68) > should show automation improvement when prompts decrease over time
     → useAuth must be used within an AuthProvider
   ❯ src/__tests__/integration/user-prompts-display.st68.integration.test.tsx > User Prompts KPI - End-to-End Integration (ST-68) > should show warning when prompts increase (more intervention needed)
     → useAuth must be used within an AuthProvider
   ❯ src/__tests__/integration/user-prompts-display.st68.integration.test.tsx > User Prompts KPI - End-to-End Integration (ST-68) > should celebrate fully automated workflows (zero prompts)
     → useAuth must be used within an AuthProvider
   ❯ src/__tests__/integration/user-prompts-display.st68.integration.test.tsx > User Prompts KPI - End-to-End Integration (ST-68) > should handle workflow filtering and update prompts count
     → useAuth must be used within an AuthProvider
   ❯ src/__tests__/integration/user-prompts-display.st68.integration.test.tsx > User Prompts KPI - End-to-End Integration (ST-68) > should handle date range changes and recalculate metrics
     → useAuth must be used within an AuthProvider
   ❯ src/__tests__/integration/user-prompts-display.st68.integration.test.tsx > User Prompts KPI - End-to-End Integration (ST-68) > should gracefully handle backend errors
     → useAuth must be used within an AuthProvider
   ❯ src/__tests__/integration/user-prompts-display.st68.integration.test.tsx > User Prompts KPI - End-to-End Integration (ST-68) > should handle slow API responses with loading state
     → useAuth must be used within an AuthProvider
   ❯ src/__tests__/integration/user-prompts-display.st68.integration.test.tsx > User Prompts KPI - End-to-End Integration (ST-68) > should maintain accessibility with proper ARIA labels
     → useAuth must be used within an AuthProvider
   ❯ src/__tests__/integration/user-prompts-display.st68.integration.test.tsx > User Prompts KPI - End-to-End Integration (ST-68) > should format numbers correctly with locale formatting
     → useAuth must be used within an AuthProvider
stderr | src/pages/__tests__/CodeQualityDashboard.st16.integration.test.tsx > CodeQualityDashboard - ST-16 Integration Tests > TC-ST16-I1: Complete refresh flow with stale to fresh data > should show initial stale data, then update after analysis completes
⚠️ React Router Future Flag Warning: React Router will begin wrapping state updates in `React.startTransition` in v7. You can use the `v7_startTransition` future flag to opt-in early. For more information, see https://reactrouter.com/v6/upgrading/future#v7_starttransition.
⚠️ React Router Future Flag Warning: Relative route resolution within Splat routes is changing in v7. You can use the `v7_relativeSplatPath` future flag to opt-in early. For more information, see https://reactrouter.com/v6/upgrading/future#v7_relativesplatpath.
The above error occurred in the <CodeQualityDashboard> component:

    at CodeQualityDashboard (/opt/stack/worktrees/st-53-web-ui-multi-run-progress-tracker-in-status-bar/frontend/src/pages/CodeQualityDashboard.tsx:82:47)
    at RenderedRoute (/opt/stack/AIStudio/node_modules/react-router/dist/umd/react-router.development.js:539:7)
    at Routes (/opt/stack/AIStudio/node_modules/react-router/dist/umd/react-router.development.js:1273:7)
    at Router (/opt/stack/AIStudio/node_modules/react-router/dist/umd/react-router.development.js:1207:17)
    at MemoryRouter (/opt/stack/AIStudio/node_modules/react-router/dist/umd/react-router.development.js:1101:7)

Consider adding an error boundary to your tree to customize error handling behavior.
Visit https://reactjs.org/link/error-boundaries to learn more about error boundaries.

stderr | src/pages/__tests__/CodeQualityDashboard.st16.integration.test.tsx > CodeQualityDashboard - ST-16 Integration Tests > TC-ST16-I3: Test coverage update verification > should show 0% coverage initially, then >0% after analysis with test correlation
The above error occurred in the <CodeQualityDashboard> component:

    at CodeQualityDashboard (/opt/stack/worktrees/st-53-web-ui-multi-run-progress-tracker-in-status-bar/frontend/src/pages/CodeQualityDashboard.tsx:82:47)
    at RenderedRoute (/opt/stack/AIStudio/node_modules/react-router/dist/umd/react-router.development.js:539:7)
    at Routes (/opt/stack/AIStudio/node_modules/react-router/dist/umd/react-router.development.js:1273:7)
    at Router (/opt/stack/AIStudio/node_modules/react-router/dist/umd/react-router.development.js:1207:17)
    at MemoryRouter (/opt/stack/AIStudio/node_modules/react-router/dist/umd/react-router.development.js:1101:7)

Consider adding an error boundary to your tree to customize error handling behavior.
Visit https://reactjs.org/link/error-boundaries to learn more about error boundaries.

stderr | src/pages/__tests__/CodeQualityDashboard.st16.integration.test.tsx > CodeQualityDashboard - ST-16 Integration Tests > TC-ST16-I4: Trend graph latest date update > should show 11/16 as latest date initially, then 11/18 after refresh
The above error occurred in the <CodeQualityDashboard> component:

    at CodeQualityDashboard (/opt/stack/worktrees/st-53-web-ui-multi-run-progress-tracker-in-status-bar/frontend/src/pages/CodeQualityDashboard.tsx:82:47)
    at RenderedRoute (/opt/stack/AIStudio/node_modules/react-router/dist/umd/react-router.development.js:539:7)
    at Routes (/opt/stack/AIStudio/node_modules/react-router/dist/umd/react-router.development.js:1273:7)
    at Router (/opt/stack/AIStudio/node_modules/react-router/dist/umd/react-router.development.js:1207:17)
    at MemoryRouter (/opt/stack/AIStudio/node_modules/react-router/dist/umd/react-router.development.js:1101:7)

Consider adding an error boundary to your tree to customize error handling behavior.
Visit https://reactjs.org/link/error-boundaries to learn more about error boundaries.

 ❯ src/pages/__tests__/CodeQualityDashboard.st16.integration.test.tsx  (6 tests | 6 failed) 15130ms
   ❯ src/pages/__tests__/CodeQualityDashboard.st16.integration.test.tsx > CodeQualityDashboard - ST-16 Integration Tests > TC-ST16-I1: Complete refresh flow with stale to fresh data > should show initial stale data, then update after analysis completes
     → Test timed out in 5000ms.
If this is a long-running test, pass a timeout value as the last argument or configure it globally with "testTimeout".
   ❯ src/pages/__tests__/CodeQualityDashboard.st16.integration.test.tsx > CodeQualityDashboard - ST-16 Integration Tests > TC-ST16-I2: Cache-busting verification across all endpoints > should add unique _t timestamp to all 9 API calls on refresh
     → Unable to find an accessible element with the role "button" and name `/refresh analysis/i`

Here are the accessible roles:

  paragraph:

  Name "":
  [36m<p[39m
    [33mclass[39m=[32m"text-gray-600 dark:text-gray-400"[39m
  [36m/>[39m

  --------------------------------------------------

Ignored nodes: comments, script, style
[36m<body>[39m
  [36m<div>[39m
    [36m<div[39m
      [33mclass[39m=[32m"flex items-center justify-center min-h-screen bg-gray-50 dark:bg-gray-900"[39m
    [36m>[39m
      [36m<div[39m
        [33mclass[39m=[32m"text-center"[39m
      [36m>[39m
        [36m<div[39m
          [33mclass[39m=[32m"flex items-center justify-center gap-2 mb-4"[39m
        [36m>[39m
          [36m<div[39m
            [33mclass[39m=[32m"w-2 h-2 bg-primary rounded-full animate-pulse"[39m
          [36m/>[39m
          [36m<div[39m
            [33mclass[39m=[32m"w-2 h-2 bg-primary rounded-full animate-pulse"[39m
            [33mstyle[39m=[32m"animation-delay: 0.2s;"[39m
          [36m/>[39m
          [36m<div[39m
            [33mclass[39m=[32m"w-2 h-2 bg-primary rounded-full animate-pulse"[39m
            [33mstyle[39m=[32m"animation-delay: 0.4s;"[39m
          [36m/>[39m
        [36m</div>[39m
        [36m<p[39m
          [33mclass[39m=[32m"text-gray-600 dark:text-gray-400"[39m
        [36m>[39m
          [0mLoading code quality metrics...[0m
        [36m</p>[39m
      [36m</div>[39m
    [36m</div>[39m
  [36m</div>[39m
[36m</body>[39m
   ❯ src/pages/__tests__/CodeQualityDashboard.st16.integration.test.tsx > CodeQualityDashboard - ST-16 Integration Tests > TC-ST16-I3: Test coverage update verification > should show 0% coverage initially, then >0% after analysis with test correlation
     → Test timed out in 5000ms.
If this is a long-running test, pass a timeout value as the last argument or configure it globally with "testTimeout".
   ❯ src/pages/__tests__/CodeQualityDashboard.st16.integration.test.tsx > CodeQualityDashboard - ST-16 Integration Tests > TC-ST16-I4: Trend graph latest date update > should show 11/16 as latest date initially, then 11/18 after refresh
     → Test timed out in 5000ms.
If this is a long-running test, pass a timeout value as the last argument or configure it globally with "testTimeout".
   ❯ src/pages/__tests__/CodeQualityDashboard.st16.integration.test.tsx > CodeQualityDashboard - ST-16 Integration Tests > TC-ST16-I5: Multiple refresh cycles > should work consistently across 3 sequential refresh cycles
     → Unable to find an accessible element with the role "button" and name `/refresh analysis/i`

Here are the accessible roles:

  paragraph:

  Name "":
  [36m<p[39m
    [33mclass[39m=[32m"text-gray-600 dark:text-gray-400"[39m
  [36m/>[39m

  --------------------------------------------------

Ignored nodes: comments, script, style
[36m<body>[39m
  [36m<div>[39m
    [36m<div[39m
      [33mclass[39m=[32m"flex items-center justify-center min-h-screen bg-gray-50 dark:bg-gray-900"[39m
    [36m>[39m
      [36m<div[39m
        [33mclass[39m=[32m"text-center"[39m
      [36m>[39m
        [36m<div[39m
          [33mclass[39m=[32m"flex items-center justify-center gap-2 mb-4"[39m
        [36m>[39m
          [36m<div[39m
            [33mclass[39m=[32m"w-2 h-2 bg-primary rounded-full animate-pulse"[39m
          [36m/>[39m
          [36m<div[39m
            [33mclass[39m=[32m"w-2 h-2 bg-primary rounded-full animate-pulse"[39m
            [33mstyle[39m=[32m"animation-delay: 0.2s;"[39m
          [36m/>[39m
          [36m<div[39m
            [33mclass[39m=[32m"w-2 h-2 bg-primary rounded-full animate-pulse"[39m
            [33mstyle[39m=[32m"animation-delay: 0.4s;"[39m
          [36m/>[39m
        [36m</div>[39m
        [36m<p[39m
          [33mclass[39m=[32m"text-gray-600 dark:text-gray-400"[39m
        [36m>[39m
          [0mLoading code quality metrics...[0m
        [36m</p>[39m
      [36m</div>[39m
    [36m</div>[39m
  [36m</div>[39m
[36m</body>[39m
   ❯ src/pages/__tests__/CodeQualityDashboard.st16.integration.test.tsx > CodeQualityDashboard - ST-16 Integration Tests > TC-ST16-I6: Error handling with notifications > should show error toast when analysis fails
     → Unable to find an accessible element with the role "button" and name `/refresh analysis/i`

Here are the accessible roles:

  paragraph:

  Name "":
  [36m<p[39m
    [33mclass[39m=[32m"text-gray-600 dark:text-gray-400"[39m
  [36m/>[39m

  --------------------------------------------------

Ignored nodes: comments, script, style
[36m<body>[39m
  [36m<div>[39m
    [36m<div[39m
      [33mclass[39m=[32m"flex items-center justify-center min-h-screen bg-gray-50 dark:bg-gray-900"[39m
    [36m>[39m
      [36m<div[39m
        [33mclass[39m=[32m"text-center"[39m
      [36m>[39m
        [36m<div[39m
          [33mclass[39m=[32m"flex items-center justify-center gap-2 mb-4"[39m
        [36m>[39m
          [36m<div[39m
            [33mclass[39m=[32m"w-2 h-2 bg-primary rounded-full animate-pulse"[39m
          [36m/>[39m
          [36m<div[39m
            [33mclass[39m=[32m"w-2 h-2 bg-primary rounded-full animate-pulse"[39m
            [33mstyle[39m=[32m"animation-delay: 0.2s;"[39m
          [36m/>[39m
          [36m<div[39m
            [33mclass[39m=[32m"w-2 h-2 bg-primary rounded-full animate-pulse"[39m
            [33mstyle[39m=[32m"animation-delay: 0.4s;"[39m
          [36m/>[39m
        [36m</div>[39m
        [36m<p[39m
          [33mclass[39m=[32m"text-gray-600 dark:text-gray-400"[39m
        [36m>[39m
          [0mLoading code quality metrics...[0m
        [36m</p>[39m
      [36m</div>[39m
    [36m</div>[39m
  [36m</div>[39m
[36m</body>[39m
 ❯ src/components/CodeQuality/__tests__/TrendChart.test.tsx  (0 test)
 ✓ src/contexts/__tests__/WorkflowWizardContext.test.tsx  (25 tests) 49ms
stderr | src/components/workflow/__tests__/AnalysisSection.test.tsx > AnalysisSection > Expand/Collapse functionality > toggles content visibility when button is clicked
Warning: An update to He inside a test was not wrapped in act(...).

When testing, code that causes React state updates should be wrapped into act(...):

act(() => {
  /* fire events that update state */
});
/* assert on the output */

This ensures that you're testing the behavior the user would see in the browser. Learn more at https://reactjs.org/link/wrap-tests-with-act
    at He (file:///opt/stack/AIStudio/node_modules/@headlessui/react/dist/components/transitions/transition.js:1:3125)
    at Fe (file:///opt/stack/AIStudio/node_modules/@headlessui/react/dist/components/transitions/transition.js:1:4958)
    at div
    at s (file:///opt/stack/AIStudio/node_modules/@headlessui/react/dist/internal/open-closed.js:1:263)
    at ne (file:///opt/stack/AIStudio/node_modules/@headlessui/react/dist/components/disclosure/disclosure.js:1:2144)
    at AnalysisSection (/opt/stack/worktrees/st-53-web-ui-multi-run-progress-tracker-in-status-bar/frontend/src/components/workflow/AnalysisSection.tsx:12:3)

stderr | src/components/workflow/__tests__/AnalysisSection.test.tsx > AnalysisSection > Expand/Collapse functionality > updates chevron icon rotation on expand/collapse
Warning: An update to He inside a test was not wrapped in act(...).

When testing, code that causes React state updates should be wrapped into act(...):

act(() => {
  /* fire events that update state */
});
/* assert on the output */

This ensures that you're testing the behavior the user would see in the browser. Learn more at https://reactjs.org/link/wrap-tests-with-act
    at He (file:///opt/stack/AIStudio/node_modules/@headlessui/react/dist/components/transitions/transition.js:1:3125)
    at Fe (file:///opt/stack/AIStudio/node_modules/@headlessui/react/dist/components/transitions/transition.js:1:4958)
    at div
    at s (file:///opt/stack/AIStudio/node_modules/@headlessui/react/dist/internal/open-closed.js:1:263)
    at ne (file:///opt/stack/AIStudio/node_modules/@headlessui/react/dist/components/disclosure/disclosure.js:1:2144)
    at AnalysisSection (/opt/stack/worktrees/st-53-web-ui-multi-run-progress-tracker-in-status-bar/frontend/src/components/workflow/AnalysisSection.tsx:12:3)

stderr | src/components/workflow/__tests__/AnalysisSection.test.tsx > AnalysisSection > Expand/Collapse functionality > updates aria-label based on expand/collapse state
Warning: An update to He inside a test was not wrapped in act(...).

When testing, code that causes React state updates should be wrapped into act(...):

act(() => {
  /* fire events that update state */
});
/* assert on the output */

This ensures that you're testing the behavior the user would see in the browser. Learn more at https://reactjs.org/link/wrap-tests-with-act
    at He (file:///opt/stack/AIStudio/node_modules/@headlessui/react/dist/components/transitions/transition.js:1:3125)
    at Fe (file:///opt/stack/AIStudio/node_modules/@headlessui/react/dist/components/transitions/transition.js:1:4958)
    at div
    at s (file:///opt/stack/AIStudio/node_modules/@headlessui/react/dist/internal/open-closed.js:1:263)
    at ne (file:///opt/stack/AIStudio/node_modules/@headlessui/react/dist/components/disclosure/disclosure.js:1:2144)
    at AnalysisSection (/opt/stack/worktrees/st-53-web-ui-multi-run-progress-tracker-in-status-bar/frontend/src/components/workflow/AnalysisSection.tsx:12:3)

stderr | src/components/workflow/__tests__/AnalysisSection.test.tsx > AnalysisSection > TC-UI-013-007: Keyboard accessibility > can be activated with Enter key
Warning: An update to He inside a test was not wrapped in act(...).

When testing, code that causes React state updates should be wrapped into act(...):

act(() => {
  /* fire events that update state */
});
/* assert on the output */

This ensures that you're testing the behavior the user would see in the browser. Learn more at https://reactjs.org/link/wrap-tests-with-act
    at He (file:///opt/stack/AIStudio/node_modules/@headlessui/react/dist/components/transitions/transition.js:1:3125)
    at Fe (file:///opt/stack/AIStudio/node_modules/@headlessui/react/dist/components/transitions/transition.js:1:4958)
    at div
    at s (file:///opt/stack/AIStudio/node_modules/@headlessui/react/dist/internal/open-closed.js:1:263)
    at ne (file:///opt/stack/AIStudio/node_modules/@headlessui/react/dist/components/disclosure/disclosure.js:1:2144)
    at AnalysisSection (/opt/stack/worktrees/st-53-web-ui-multi-run-progress-tracker-in-status-bar/frontend/src/components/workflow/AnalysisSection.tsx:12:3)

stderr | src/components/workflow/__tests__/AnalysisSection.test.tsx > AnalysisSection > TC-UI-013-007: Keyboard accessibility > can be activated with Space key
Warning: An update to He inside a test was not wrapped in act(...).

When testing, code that causes React state updates should be wrapped into act(...):

act(() => {
  /* fire events that update state */
});
/* assert on the output */

This ensures that you're testing the behavior the user would see in the browser. Learn more at https://reactjs.org/link/wrap-tests-with-act
    at He (file:///opt/stack/AIStudio/node_modules/@headlessui/react/dist/components/transitions/transition.js:1:3125)
    at Fe (file:///opt/stack/AIStudio/node_modules/@headlessui/react/dist/components/transitions/transition.js:1:4958)
    at div
    at s (file:///opt/stack/AIStudio/node_modules/@headlessui/react/dist/internal/open-closed.js:1:263)
    at ne (file:///opt/stack/AIStudio/node_modules/@headlessui/react/dist/components/disclosure/disclosure.js:1:2144)
    at AnalysisSection (/opt/stack/worktrees/st-53-web-ui-multi-run-progress-tracker-in-status-bar/frontend/src/components/workflow/AnalysisSection.tsx:12:3)

 ✓ src/components/workflow/__tests__/AnalysisSection.test.tsx  (25 tests | 1 skipped) 405ms
 ❯ src/components/CodeQuality/__tests__/RiskDistributionChart.test.tsx  (31 tests | 1 failed) 100ms
   ❯ src/components/CodeQuality/__tests__/RiskDistributionChart.test.tsx > RiskDistributionChart > Color coding > should use correct colors for each risk level
     → expected +0 to be 4 // Object.is equality
stderr | src/pages/__tests__/PerformanceDashboard.st68.test.tsx > PerformanceDashboard - User Interactions KPI (ST-68) > should display totalUserPrompts KPI card with correct value
The above error occurred in the <ProjectProvider> component:

    at ProjectProvider (/opt/stack/worktrees/st-53-web-ui-multi-run-progress-tracker-in-status-bar/frontend/src/context/ProjectContext.tsx:10:28)
    at QueryClientProvider (file:///opt/stack/AIStudio/node_modules/@tanstack/react-query/build/modern/QueryClientProvider.js:20:3)
    at /opt/stack/worktrees/st-53-web-ui-multi-run-progress-tracker-in-status-bar/frontend/src/pages/__tests__/PerformanceDashboard.st68.test.tsx:47:13

Consider adding an error boundary to your tree to customize error handling behavior.
Visit https://reactjs.org/link/error-boundaries to learn more about error boundaries.

stderr | src/pages/__tests__/PerformanceDashboard.st68.test.tsx > PerformanceDashboard - User Interactions KPI (ST-68) > should display negative trend indicator (green) when prompts decrease
The above error occurred in the <ProjectProvider> component:

    at ProjectProvider (/opt/stack/worktrees/st-53-web-ui-multi-run-progress-tracker-in-status-bar/frontend/src/context/ProjectContext.tsx:10:28)
    at QueryClientProvider (file:///opt/stack/AIStudio/node_modules/@tanstack/react-query/build/modern/QueryClientProvider.js:20:3)
    at /opt/stack/worktrees/st-53-web-ui-multi-run-progress-tracker-in-status-bar/frontend/src/pages/__tests__/PerformanceDashboard.st68.test.tsx:47:13

Consider adding an error boundary to your tree to customize error handling behavior.
Visit https://reactjs.org/link/error-boundaries to learn more about error boundaries.

stderr | src/pages/__tests__/PerformanceDashboard.st68.test.tsx > PerformanceDashboard - User Interactions KPI (ST-68) > should display positive trend indicator (red) when prompts increase
The above error occurred in the <ProjectProvider> component:

    at ProjectProvider (/opt/stack/worktrees/st-53-web-ui-multi-run-progress-tracker-in-status-bar/frontend/src/context/ProjectContext.tsx:10:28)
    at QueryClientProvider (file:///opt/stack/AIStudio/node_modules/@tanstack/react-query/build/modern/QueryClientProvider.js:20:3)
    at /opt/stack/worktrees/st-53-web-ui-multi-run-progress-tracker-in-status-bar/frontend/src/pages/__tests__/PerformanceDashboard.st68.test.tsx:47:13

Consider adding an error boundary to your tree to customize error handling behavior.
Visit https://reactjs.org/link/error-boundaries to learn more about error boundaries.

stderr | src/pages/__tests__/PerformanceDashboard.st68.test.tsx > PerformanceDashboard - User Interactions KPI (ST-68) > should display zero prompts (fully automated workflows)
The above error occurred in the <ProjectProvider> component:

    at ProjectProvider (/opt/stack/worktrees/st-53-web-ui-multi-run-progress-tracker-in-status-bar/frontend/src/context/ProjectContext.tsx:10:28)
    at QueryClientProvider (file:///opt/stack/AIStudio/node_modules/@tanstack/react-query/build/modern/QueryClientProvider.js:20:3)
    at /opt/stack/worktrees/st-53-web-ui-multi-run-progress-tracker-in-status-bar/frontend/src/pages/__tests__/PerformanceDashboard.st68.test.tsx:47:13

Consider adding an error boundary to your tree to customize error handling behavior.
Visit https://reactjs.org/link/error-boundaries to learn more about error boundaries.

stderr | src/pages/__tests__/PerformanceDashboard.st68.test.tsx > PerformanceDashboard - User Interactions KPI (ST-68) > should format large numbers with thousand separators
The above error occurred in the <ProjectProvider> component:

    at ProjectProvider (/opt/stack/worktrees/st-53-web-ui-multi-run-progress-tracker-in-status-bar/frontend/src/context/ProjectContext.tsx:10:28)
    at QueryClientProvider (file:///opt/stack/AIStudio/node_modules/@tanstack/react-query/build/modern/QueryClientProvider.js:20:3)
    at /opt/stack/worktrees/st-53-web-ui-multi-run-progress-tracker-in-status-bar/frontend/src/pages/__tests__/PerformanceDashboard.st68.test.tsx:47:13

Consider adding an error boundary to your tree to customize error handling behavior.
Visit https://reactjs.org/link/error-boundaries to learn more about error boundaries.

stderr | src/pages/__tests__/PerformanceDashboard.st68.test.tsx > PerformanceDashboard - User Interactions KPI (ST-68) > should display info tooltip with explanation
The above error occurred in the <ProjectProvider> component:

    at ProjectProvider (/opt/stack/worktrees/st-53-web-ui-multi-run-progress-tracker-in-status-bar/frontend/src/context/ProjectContext.tsx:10:28)
    at QueryClientProvider (file:///opt/stack/AIStudio/node_modules/@tanstack/react-query/build/modern/QueryClientProvider.js:20:3)
    at /opt/stack/worktrees/st-53-web-ui-multi-run-progress-tracker-in-status-bar/frontend/src/pages/__tests__/PerformanceDashboard.st68.test.tsx:47:13

Consider adding an error boundary to your tree to customize error handling behavior.
Visit https://reactjs.org/link/error-boundaries to learn more about error boundaries.

stderr | src/pages/__tests__/PerformanceDashboard.st68.test.tsx > PerformanceDashboard - User Interactions KPI (ST-68) > should handle missing totalUserPrompts field gracefully (backward compatibility)
The above error occurred in the <ProjectProvider> component:

    at ProjectProvider (/opt/stack/worktrees/st-53-web-ui-multi-run-progress-tracker-in-status-bar/frontend/src/context/ProjectContext.tsx:10:28)
    at QueryClientProvider (file:///opt/stack/AIStudio/node_modules/@tanstack/react-query/build/modern/QueryClientProvider.js:20:3)
    at /opt/stack/worktrees/st-53-web-ui-multi-run-progress-tracker-in-status-bar/frontend/src/pages/__tests__/PerformanceDashboard.st68.test.tsx:47:13

Consider adding an error boundary to your tree to customize error handling behavior.
Visit https://reactjs.org/link/error-boundaries to learn more about error boundaries.

stderr | src/pages/__tests__/PerformanceDashboard.st68.test.tsx > PerformanceDashboard - User Interactions KPI (ST-68) > should be positioned in 5-column grid layout on desktop
The above error occurred in the <ProjectProvider> component:

    at ProjectProvider (/opt/stack/worktrees/st-53-web-ui-multi-run-progress-tracker-in-status-bar/frontend/src/context/ProjectContext.tsx:10:28)
    at QueryClientProvider (file:///opt/stack/AIStudio/node_modules/@tanstack/react-query/build/modern/QueryClientProvider.js:20:3)
    at /opt/stack/worktrees/st-53-web-ui-multi-run-progress-tracker-in-status-bar/frontend/src/pages/__tests__/PerformanceDashboard.st68.test.tsx:47:13

Consider adding an error boundary to your tree to customize error handling behavior.
Visit https://reactjs.org/link/error-boundaries to learn more about error boundaries.

stderr | src/pages/__tests__/PerformanceDashboard.st68.test.tsx > PerformanceDashboard - User Interactions KPI (ST-68) > should handle API errors gracefully
The above error occurred in the <ProjectProvider> component:

    at ProjectProvider (/opt/stack/worktrees/st-53-web-ui-multi-run-progress-tracker-in-status-bar/frontend/src/context/ProjectContext.tsx:10:28)
    at QueryClientProvider (file:///opt/stack/AIStudio/node_modules/@tanstack/react-query/build/modern/QueryClientProvider.js:20:3)
    at /opt/stack/worktrees/st-53-web-ui-multi-run-progress-tracker-in-status-bar/frontend/src/pages/__tests__/PerformanceDashboard.st68.test.tsx:47:13

Consider adding an error boundary to your tree to customize error handling behavior.
Visit https://reactjs.org/link/error-boundaries to learn more about error boundaries.

stderr | src/pages/__tests__/PerformanceDashboard.st68.test.tsx > PerformanceDashboard - User Interactions KPI (ST-68) > should update when filters change (workflow selection)
The above error occurred in the <ProjectProvider> component:

    at ProjectProvider (/opt/stack/worktrees/st-53-web-ui-multi-run-progress-tracker-in-status-bar/frontend/src/context/ProjectContext.tsx:10:28)
    at QueryClientProvider (file:///opt/stack/AIStudio/node_modules/@tanstack/react-query/build/modern/QueryClientProvider.js:20:3)
    at /opt/stack/worktrees/st-53-web-ui-multi-run-progress-tracker-in-status-bar/frontend/src/pages/__tests__/PerformanceDashboard.st68.test.tsx:47:13

Consider adding an error boundary to your tree to customize error handling behavior.
Visit https://reactjs.org/link/error-boundaries to learn more about error boundaries.

 ❯ src/pages/__tests__/PerformanceDashboard.st68.test.tsx  (10 tests | 10 failed) 45ms
   ❯ src/pages/__tests__/PerformanceDashboard.st68.test.tsx > PerformanceDashboard - User Interactions KPI (ST-68) > should display totalUserPrompts KPI card with correct value
     → useAuth must be used within an AuthProvider
   ❯ src/pages/__tests__/PerformanceDashboard.st68.test.tsx > PerformanceDashboard - User Interactions KPI (ST-68) > should display negative trend indicator (green) when prompts decrease
     → useAuth must be used within an AuthProvider
   ❯ src/pages/__tests__/PerformanceDashboard.st68.test.tsx > PerformanceDashboard - User Interactions KPI (ST-68) > should display positive trend indicator (red) when prompts increase
     → useAuth must be used within an AuthProvider
   ❯ src/pages/__tests__/PerformanceDashboard.st68.test.tsx > PerformanceDashboard - User Interactions KPI (ST-68) > should display zero prompts (fully automated workflows)
     → useAuth must be used within an AuthProvider
   ❯ src/pages/__tests__/PerformanceDashboard.st68.test.tsx > PerformanceDashboard - User Interactions KPI (ST-68) > should format large numbers with thousand separators
     → useAuth must be used within an AuthProvider
   ❯ src/pages/__tests__/PerformanceDashboard.st68.test.tsx > PerformanceDashboard - User Interactions KPI (ST-68) > should display info tooltip with explanation
     → useAuth must be used within an AuthProvider
   ❯ src/pages/__tests__/PerformanceDashboard.st68.test.tsx > PerformanceDashboard - User Interactions KPI (ST-68) > should handle missing totalUserPrompts field gracefully (backward compatibility)
     → useAuth must be used within an AuthProvider
   ❯ src/pages/__tests__/PerformanceDashboard.st68.test.tsx > PerformanceDashboard - User Interactions KPI (ST-68) > should be positioned in 5-column grid layout on desktop
     → useAuth must be used within an AuthProvider
   ❯ src/pages/__tests__/PerformanceDashboard.st68.test.tsx > PerformanceDashboard - User Interactions KPI (ST-68) > should handle API errors gracefully
     → useAuth must be used within an AuthProvider
   ❯ src/pages/__tests__/PerformanceDashboard.st68.test.tsx > PerformanceDashboard - User Interactions KPI (ST-68) > should update when filters change (workflow selection)
     → useAuth must be used within an AuthProvider
 ✓ src/components/workflow/__tests__/WorkflowAnalysisDisplay.test.tsx  (23 tests) 134ms
 ❯ src/components/story/__tests__/ReviewDashboard.test.tsx  (26 tests | 2 failed) 341ms
   ❯ src/components/story/__tests__/ReviewDashboard.test.tsx > QAStatusSection > shows signed off status with timestamp
     → Found multiple elements with the text: Signed Off

Here are the matching elements:

Ignored nodes: comments, script, style
[36m<span[39m
  [33mclass[39m=[32m"inline-flex items-center gap-1 px-3 py-1 rounded-full text-sm font-medium border bg-green-500/10 text-green-600 border-green-500/20"[39m
[36m>[39m
  [36m<svg[39m
    [33maria-hidden[39m=[32m"true"[39m
    [33mclass[39m=[32m"h-4 w-4"[39m
    [33mdata-slot[39m=[32m"icon"[39m
    [33mfill[39m=[32m"none"[39m
    [33mstroke[39m=[32m"currentColor"[39m
    [33mstroke-width[39m=[32m"1.5"[39m
    [33mviewBox[39m=[32m"0 0 24 24"[39m
    [33mxmlns[39m=[32m"http://www.w3.org/2000/svg"[39m
  [36m>[39m
    [36m<path[39m
      [33md[39m=[32m"M9 12.75 11.25 15 15 9.75M21 12a9 9 0 1 1-18 0 9 9 0 0 1 18 0Z"[39m
      [33mstroke-linecap[39m=[32m"round"[39m
      [33mstroke-linejoin[39m=[32m"round"[39m
    [36m/>[39m
  [36m</svg>[39m
  [0mSigned Off[0m
[36m</span>[39m

Ignored nodes: comments, script, style
[36m<p[39m
  [33mclass[39m=[32m"text-sm text-muted"[39m
[36m>[39m
  [0mSigned Off[0m
[36m</p>[39m

(If this is intentional, then use the `*AllBy*` variant of the query (like `queryAllByText`, `getAllByText`, or `findAllByText`)).

Ignored nodes: comments, script, style
[36m<body>[39m
  [36m<div>[39m
    [36m<div[39m
      [33mclass[39m=[32m"bg-card border border-border rounded-lg shadow-md"[39m
    [36m>[39m
      [36m<button[39m
        [33maria-controls[39m=[32m"headlessui-disclosure-panel-:rb:"[39m
        [33maria-expanded[39m=[32m"true"[39m
        [33mclass[39m=[32m"flex justify-between items-center w-full p-6 text-left"[39m
        [33mdata-headlessui-state[39m=[32m"open"[39m
        [33mid[39m=[32m"headlessui-disclosure-button-:ra:"[39m
        [33mtype[39m=[32m"button"[39m
      [36m>[39m
        [36m<div[39m
          [33mclass[39m=[32m"flex items-center gap-3"[39m
        [36m>[39m
          [36m<h2[39m
            [33mclass[39m=[32m"text-lg font-bold text-fg"[39m
          [36m>[39m
            [0mQA Status & Sign-Off[0m
          [36m</h2>[39m
          [36m<span[39m
            [33mclass[39m=[32m"inline-flex items-center gap-1 px-3 py-1 rounded-full text-sm font-medium border bg-green-500/10 text-green-600 border-green-500/20"[39m
          [36m>[39m
            [36m<svg[39m
              [33maria-hidden[39m=[32m"true"[39m
              [33mclass[39m=[32m"h-4 w-4"[39m
              [33mdata-slot[39m=[32m"icon"[39m
              [33mfill[39m=[32m"none"[39m
              [33mstroke[39m=[32m"currentColor"[39m
              [33mstroke-width[39m=[32m"1.5"[39m
              [33mviewBox[39m=[32m"0 0 24 24"[39m
              [33mxmlns[39m=[32m"http://www.w3.org/2000/svg"[39m
            [36m>[39m
              [36m<path[39m
                [33md[39m=[32m"M9 12.75 11.25 15 15 9.75M21 12a9 9 0 1 1-18 0 9 9 0 0 1 18 0Z"[39m
                [33mstroke-linecap[39m=[32m"round"[39m
                [33mstroke-linejoin[39m=[32m"round"[39m
              [36m/>[39m
            [36m</svg>[39m
            [0mSigned Off[0m
          [36m</span>[39m
        [36m</div>[39m
        [36m<svg[39m
          [33maria-hidden[39m=[32m"true"[39m
          [33mclass[39m=[32m"h-5 w-5 text-muted transition-transform rotate-180"[39m
          [33mdata-slot[39m=[32m"icon"[39m
          [33mfill[39m=[32m"none"[39m
          [33mstroke[39m=[32m"currentColor"[39m
          [33mstroke-width[39m=[32m"1.5"[39m
          [33mviewBox[39m=[32m"0 0 24 24"[39m
          [33mxmlns[39m=[32m"http://www.w3.org/2000/svg"[39m
        [36m>[39m
          [36m<path[39m
            [33md[39m=[32m"m19.5 8.25-7.5 7.5-7.5-7.5"[39m
            [33mstroke-linecap[39m=[32m"round"[39m
            [33mstroke-linejoin[39m=[32m"round"[39m
          [36m/>[39m
        [36m</svg>[39m
      [36m</button>[39m
      [36m<div>[39m
        [36m<div[39m
          [33mclass[39m=[32m"px-6 pb-6 space-y-6"[39m
          [33mdata-headlessui-state[39m=[32m"open"[39m
          [33mid[39m=[32m"headlessui-disclosure-panel-:rb:"[39m
        [36m>[39m
          [36m<div[39m
            [33mclass[39m=[32m"flex items-center justify-between p-4 bg-bg-secondary rounded-lg"[39m
          [36m>[39m
            [36m<div>[39m
              [36m<p[39m
                [33mclass[39m=[32m"text-sm text-muted"[39m
              [36m>[39m
                [0mAssigned To[0m
              [36m</p>[39m
              [36m<p[39m
                [33mclass[39m=[32m"text-fg font-medium"[39m
              [36m>[39m
                [0mQA Engineer[0m
              [36m</p>[39m
            [36m</div>[39m
            [36m<div[39m
              [33mclass[39m=[32m"text-right"[39m
            [36m>[39m
              [36m<p[39m
                [33mclass[39m=[32m"text-sm text-muted"[39m
              [36m>[39m
                [0mSigned Off[0m
              [36m</p>[39m
              [36m<p[39m
                [33mclass[39m=[32m"text-fg font-medium"[39m
              [36m>[39m
                [0m11/21/2025, 1:00:00 PM[0m
              [36m</p>[39m
            [36m</div>[39m
          [36m</div>[39m
          [36m<div>[39m
            [36m<div[39m
              [33mclass[39m=[32m"flex items-center justify-between mb-2"[39m
            [36m>[39m
              [36m<h3[39m
                [33mclass[39m=[32m"text-sm font-semibold text-fg"[39m
              [36m>[39m
                [0mQA Notes[0m
              [36m</h3>[39m
            [36m</div>[39m
            [36m<div[39m
              [33mclass[39m=[32m"p-4 bg-bg-secondary rounded-lg min-h-[80px]"[39m
            [36m>[39m
              [36m<p[39m
                [33mclass[39m=[32m"text-sm text-muted italic"[39m
              [36m>[39m
                [0mNo QA notes added yet[0m
              [36m</p>[39m
            [36m</div>[39m
          [36m</div>[39m
        [36m</div>[39m
      [36m</div>[39m
    [36m</div>[39m
  [36m</div>[39m
[36m</body>[39m
   ❯ src/components/story/__tests__/ReviewDashboard.test.tsx > ScreenshotGallery > filters by category
     → Found multiple elements with the text: /Before/

Here are the matching elements:

Ignored nodes: comments, script, style
[36m<button[39m
  [33mclass[39m=[32m"px-3 py-1 rounded-full text-xs font-medium border transition-colors bg-gray-500/10 text-gray-600 border-gray-500/20 hover:opacity-80"[39m
[36m>[39m
  [0m📸 Before[0m
[36m</button>[39m

Ignored nodes: comments, script, style
[36m<p[39m
  [33mclass[39m=[32m"text-white text-xs truncate"[39m
[36m>[39m
  [0mBefore state[0m
[36m</p>[39m

(If this is intentional, then use the `*AllBy*` variant of the query (like `queryAllByText`, `getAllByText`, or `findAllByText`)).

Ignored nodes: comments, script, style
[36m<body>[39m
  [36m<div>[39m
    [36m<div[39m
      [33mclass[39m=[32m"bg-card border border-border rounded-lg shadow-md p-6"[39m
    [36m>[39m
      [36m<div[39m
        [33mclass[39m=[32m"flex items-center justify-between mb-4"[39m
      [36m>[39m
        [36m<h2[39m
          [33mclass[39m=[32m"text-lg font-bold text-fg"[39m
        [36m>[39m
          [0mScreenshots ([0m
          [0m2[0m
          [0m)[0m
        [36m</h2>[39m
      [36m</div>[39m
      [36m<div[39m
        [33mclass[39m=[32m"flex flex-wrap gap-2 mb-4"[39m
      [36m>[39m
        [36m<button[39m
          [33mclass[39m=[32m"px-3 py-1 rounded-full text-xs font-medium border transition-colors bg-accent text-accent-fg border-accent"[39m
        [36m>[39m
          [0mAll[0m
        [36m</button>[39m
        [36m<button[39m
          [33mclass[39m=[32m"px-3 py-1 rounded-full text-xs font-medium border transition-colors bg-gray-500/10 text-gray-600 border-gray-500/20 hover:opacity-80"[39m
        [36m>[39m
          [0m📸 Before[0m
        [36m</button>[39m
        [36m<button[39m
          [33mclass[39m=[32m"px-3 py-1 rounded-full text-xs font-medium border transition-colors bg-blue-500/10 text-blue-600 border-blue-500/20 hover:opacity-80"[39m
        [36m>[39m
          [0m✨ After[0m
        [36m</button>[39m
        [36m<button[39m
          [33mclass[39m=[32m"px-3 py-1 rounded-full text-xs font-medium border transition-colors bg-green-500/10 text-green-600 border-green-500/20 hover:opacity-80"[39m
        [36m>[39m
          [0m✨ Feature[0m
        [36m</button>[39m
        [36m<button[39m
          [33mclass[39m=[32m"px-3 py-1 rounded-full text-xs font-medium border transition-colors bg-red-500/10 text-red-600 border-red-500/20 hover:opacity-80"[39m
        [36m>[39m
          [0m🐛 Bug Fix[0m
        [36m</button>[39m
        [36m<button[39m
          [33mclass[39m=[32m"px-3 py-1 rounded-full text-xs font-medium border transition-colors bg-purple-500/10 text-purple-600 border-purple-500/20 hover:opacity-80"[39m
        [36m>[39m
          [0m🎨 UI[0m
        [36m</button>[39m
        [36m<button[39m
          [33mclass[39m=[32m"px-3 py-1 rounded-full text-xs font-medium border transition-colors bg-orange-500/10 text-orange-600 border-orange-500/20 hover:opacity-80"[39m
        [36m>[39m
          [0m📊 Database[0m
        [36m</button>[39m
      [36m</div>[39m
      [36m<div[39m
        [33mclass[39m=[32m"grid grid-cols-2 sm:grid-cols-3 md:grid-cols-4 gap-4"[39m
      [36m>[39m
        [36m<div[39m
          [33mclass[39m=[32m"group relative aspect-video bg-bg-secondary rounded-lg overflow-hidden cursor-pointer border border-border hover:border-accent transition-colors"[39m
        [36m>[39m
          [36m<img[39m
            [33malt[39m=[32m"Before state"[39m
            [33mclass[39m=[32m"w-full h-full object-cover"[39m
            [33mloading[39m=[32m"lazy"[39m
            [33msrc[39m=[32m"https://example.com/before.png"[39m
          [36m/>[39m
          [36m<div[39m
            [33mclass[39m=[32m"absolute inset-0 bg-black/0 group-hover:bg-black/40 transition-colors flex items-center justify-center"[39m
          [36m>[39m
            [36m<svg[39m
              [33maria-hidden[39m=[32m"true"[39m
              [33mclass[39m=[32m"h-8 w-8 text-white opacity-0 group-hover:opacity-100 transition-opacity"[39m
              [33mdata-slot[39m=[32m"icon"[39m
              [33mfill[39m=[32m"none"[39m
              [33mstroke[39m=[32m"currentColor"[39m
              [33mstroke-width[39m=[32m"1.5"[39m
              [33mviewBox[39m=[32m"0 0 24 24"[39m
              [33mxmlns[39m=[32m"http://www.w3.org/2000/svg"[39m
            [36m>[39m
              [36m<path[39m
                [33md[39m=[32m"M3.75 3.75v4.5m0-4.5h4.5m-4.5 0L9 9M3.75 20.25v-4.5m0 4.5h4.5m-4.5 0L9 15M20.25 3.75h-4.5m4.5 0v4.5m0-4.5L15 9m5.25 11.25h-4.5m4.5 0v-4.5m0 4.5L15 15"[39m
                [33mstroke-linecap[39m=[32m"round"[39m
                [33mstroke-linejoin[39m=[32m"round"[39m
              [36m/>[39m
            [36m</svg>[39m
          [36m</div>[39m
          [36m<span[39m
            [33mclass[39m=[32m"absolute top-2 left-2 px-2 py-0.5 rounded text-xs font-medium bg-gray-500/10 text-gray-600 border-gray-500/20"[39m
          [36m>[39m
            [0m📸[0m
          [36m</span>[39m
          [36m<div[39m
            [33mclass[39m=[32m"absolute bottom-0 left-0 right-0 p-2 bg-gradient-to-t from-black/60 to-transparent"[39m
          [36m>[39m
            [36m<p[39m
              [33mclass[39m=[32m"text-white text-xs truncate"[39m
            [36m>[39m
              [0mBefore state[0m
            [36m</p>[39m
          [36m</div>[39m
        [36m</div>[39m
        [36m<div[39m
          [33mclass[39m=[32m"group relative aspect-video bg-bg-secondary rounded-lg overflow-hidden cursor-pointer border border-border hover:border-accent transition-colors"[39m
        [36m>[39m
          [36m<img[39m
            [33malt[39m=[32m"Feature implementation"[39m
            [33mclass[39m=[32m"w-full h-full object-cover"[39m
            [33mloading[39m=[32m"lazy"[39m
            [33msrc[39m=[32m"https://example.com/feature.png"[39m
          [36m/>[39m
          [36m<div[39m
            [33mclass[39m=[32m"absolute inset-0 bg-black/0 group-hover:bg-black/40 transition-colors flex items-center justify-center"[39m
          [36m>[39m
            [36m<svg[39m
              [33maria-hidden[39m=[32m"true"[39m
              [33mclass[39m=[32m"h-8 w-8 text-white opacity-0 group-hover:opacity-100 transition-opacity"[39m
              [33mdata-slot[39m=[32m"icon"[39m
              [33mfill[39m=[32m"none"[39m
              [33mstroke[39m=[32m"currentColor"[39m
              [33mstroke-width[39m=[32m"1.5"[39m
              [33mviewBox[39m=[32m"0 0 24 24"[39m
              [33mxmlns[39m=[32m"http://www.w3.org/2000/svg"[39m
            [36m>[39m
              [36m<path[39m
                [33md[39m=[32m"M3.75 3.75v4.5m0-4.5h4.5m-4.5 0L9 9M3.75 20.25v-4.5m0 4.5h4.5m-4.5 0L9 15M20.25 3.75h-4.5m4.5 0v4.5m0-4.5L15 9m5.25 11.25h-4.5m4.5 0v-4.5m0 4.5L15 15"[39m
                [33mstroke-linecap[39m=[32m"round"[39m
                [33mstroke-linejoin[39m=[32m"round"[39m
              [36m/>[39m
            [36m</svg>[39m
          [36m</div>[39m
          [36m<span[39m
            [33mclass[39m=[32m"absolute top-2 left-2 px-2 py-0.5 rounded text-xs font-medium bg-green-500/10 text-green-600 border-green-500/20"[39m
          [36m>[39m
            [0m✨[0m
          [36m</span>[39m
          [36m<div[39m
            [33mclass[39m=[32m"absolute bottom-0 left-0 right-0 p-2 bg-gradient-to-t from-black/60 to-transparent"[39m
          [36m>[39m
            [36m<p[39m
              [33mclass[39m=[32m"text-white text-xs truncate"[39m
            [36m>[39m
              [0mFeature implementation[0m
            [36m</p>[39m
          [36m</div>[39m
        [36m</div>[39m
      [36m</div>[39m
    [36m</div>[39m
  [36m</div>[39m
[36m</body>[39m
stderr | src/pages/EpicPlanningView.test.tsx > EpicPlanningView > renders without crashing
⚠️ React Router Future Flag Warning: React Router will begin wrapping state updates in `React.startTransition` in v7. You can use the `v7_startTransition` future flag to opt-in early. For more information, see https://reactrouter.com/v6/upgrading/future#v7_starttransition.
⚠️ React Router Future Flag Warning: Relative route resolution within Splat routes is changing in v7. You can use the `v7_relativeSplatPath` future flag to opt-in early. For more information, see https://reactrouter.com/v6/upgrading/future#v7_relativesplatpath.

 ❯ src/pages/EpicPlanningView.test.tsx  (18 tests | 8 failed) 531ms
   ❯ src/pages/EpicPlanningView.test.tsx > EpicPlanningView > shows message when no project is selected
     → Unable to find an element with the text: No Project Selected. This could be because the text is broken up by multiple elements. In this case, you can provide a function for your text matcher to make your matcher more flexible.

Ignored nodes: comments, script, style
[36m<body>[39m
  [36m<div>[39m
    [36m<div[39m
      [33mclass[39m=[32m"flex flex-col h-full"[39m
    [36m>[39m
      [36m<div[39m
        [33mclass[39m=[32m"bg-card shadow-sm px-6 py-4 border-b border-border"[39m
      [36m>[39m
        [36m<div[39m
          [33mclass[39m=[32m"flex items-center justify-between mb-4"[39m
        [36m>[39m
          [36m<h1[39m
            [33mclass[39m=[32m"text-2xl font-bold text-fg"[39m
          [36m>[39m
            [0mEpic Planning[0m
          [36m</h1>[39m
          [36m<div[39m
            [33mclass[39m=[32m"flex items-center gap-3"[39m
          [36m>[39m
            [36m<div[39m
              [33mclass[39m=[32m"flex items-center bg-bg-secondary rounded-lg p-1"[39m
            [36m>[39m
              [36m<button[39m
                [33mclass[39m=[32m"px-4 py-2 rounded-md text-sm font-medium transition-colors bg-primary-600 dark:bg-primary-700 text-white"[39m
              [36m>[39m
                [0mGrouped by Epics[0m
              [36m</button>[39m
              [36m<button[39m
                [33mclass[39m=[32m"px-4 py-2 rounded-md text-sm font-medium transition-colors text-muted hover:text-fg hover:bg-card"[39m
              [36m>[39m
                [0mFlat View[0m
              [36m</button>[39m
            [36m</div>[39m
            [36m<select[39m
              [33mclass[39m=[32m"px-4 py-2 bg-card border border-border rounded-lg text-sm text-fg focus:outline-none focus:ring-2 focus:ring-primary"[39m
            [36m>[39m
              [36m<option[39m
                [33mvalue[39m=[32m"priority-high"[39m
              [36m>[39m
                [0mPriority: High to Low[0m
              [36m</option>[39m
              [36m<option[39m
                [33mvalue[39m=[32m"priority-low"[39m
              [36m>[39m
                [0mPriority: Low to High[0m
              [36m</option>[39m
              [36m<option[39m
                [33mvalue[39m=[32m"created-new"[39m
              [36m>[39m
                [0mCreated: Newest First[0m
              [36m</option>[39m
              [36m<option[39m
                [33mvalue[39m=[32m"created-old"[39m
              [36m>[39m
                [0mCreated: Oldest First[0m
              [36m</option>[39m
              [36m<option[39m
                [33mvalue[39m=[32m"updated"[39m
              [36m>[39m
                [0mRecently Updated[0m
              [36m</option>[39m
              [36m<option[39m
                [33mvalue[39m=[32m"title-az"[39m
              [36m>[39m
                [0mTitle: A-Z[0m
              [36m</option>[39m
              [36m<option[39m
                [33mvalue[39m=[32m"title-za"[39m
              [36m>[39m
                [0mTitle: Z-A[0m
              [36m</option>[39m
            [36m</select>[39m
            [36m<button[39m
              [33mclass[39m=[32m"px-4 py-2 bg-card border border-border rounded-lg text-sm text-fg font-medium hover:bg-bg-secondary transition-colors"[39m
            [36m>[39m
              [0mShow Completed[0m
            [36m</button>[39m
            [36m<div[39m
              [33mdata-testid[39m=[32m"planning-filters"[39m
            [36m>[39m
              [0mFilters[0m
            [36m</div>[39m
          [36m</div>[39m
        [36m</div>[39m
      [36m</div>[39m
      [36m<div[39m
        [33mclass[39m=[32m"flex-1 overflow-y-auto p-6"[39m
      [36m>[39m
        [36m<div[39m
          [33mclass[39m=[32m"flex items-center justify-center h-full"[39m
        [36m>[39m
          [36m<div[39m
            [33mclass[39m=[32m"text-center"[39m
          [36m>[39m
            [36m<div[39m
              [33mclass[39m=[32m"inline-block w-8 h-8 border-4 border-primary-600 dark:border-primary-500 border-t-transparent rounded-full animate-spin"[39m
            [36m/>[39m
            [36m<p[39m
              [33mclass[39m=[32m"mt-2 text-muted"[39m
            [36m>[39m
              [0mLoading planning data...[0m
            [36m</p>[39m
          [36m</div>[39m
        [36m</div>[39m
      [36m</div>[39m
    [36m</div>[39m
    [36m<div[39m
      [33mid[39m=[32m"DndDescribedBy-5"[39m
      [33mstyle[39m=[32m"display: none;"[39m
    [36m>[39m
      [0m
    To pick up a draggable item, press the space bar.
    While dragging, use the arrow keys to move the item.
    Press space again to drop the item in its new position, or press escape to cancel.
  [0m
    [36m</div>[39m
    [36m<div[39m
      [33maria-atomic[39m=[32m"true"[39m
      [33maria-live[39m=[32m"assertive"[39m
      [33mid[39m=[32m"DndLiveRegion-5"[39m
      [33mrole[39m=[32m"status"[39m
      [33mstyle[39m=[32m"position: fixed; top: 0px; left: 0px; width: 1px; height: 1px; margin: -1px; border: 0px; padding: 0px; overflow: hidden; clip-path: inset(100%); white-space: nowrap;"[39m
    [36m/>[39m
  [36m</div>[39m
[36m</body>[39m
   ❯ src/pages/EpicPlanningView.test.tsx > EpicPlanningView - Show/Hide Completed Items > displays a global toggle button to show/hide completed items
     → Unable to find an accessible element with the role "button" and name `/hide completed/i`

Here are the accessible roles:

  heading:

  Name "Epic Planning":
  [36m<h1[39m
    [33mclass[39m=[32m"text-2xl font-bold text-fg"[39m
  [36m/>[39m

  --------------------------------------------------
  button:

  Name "Grouped by Epics":
  [36m<button[39m
    [33mclass[39m=[32m"px-4 py-2 rounded-md text-sm font-medium transition-colors bg-primary-600 dark:bg-primary-700 text-white"[39m
  [36m/>[39m

  Name "Flat View":
  [36m<button[39m
    [33mclass[39m=[32m"px-4 py-2 rounded-md text-sm font-medium transition-colors text-muted hover:text-fg hover:bg-card"[39m
  [36m/>[39m

  Name "Show Completed":
  [36m<button[39m
    [33mclass[39m=[32m"px-4 py-2 bg-card border border-border rounded-lg text-sm text-fg font-medium hover:bg-bg-secondary transition-colors"[39m
  [36m/>[39m

  --------------------------------------------------
  combobox:

  Name "":
  [36m<select[39m
    [33mclass[39m=[32m"px-4 py-2 bg-card border border-border rounded-lg text-sm text-fg focus:outline-none focus:ring-2 focus:ring-primary"[39m
  [36m/>[39m

  --------------------------------------------------
  option:

  Name "Priority: High to Low":
  [36m<option[39m
    [33mvalue[39m=[32m"priority-high"[39m
  [36m/>[39m

  Name "Priority: Low to High":
  [36m<option[39m
    [33mvalue[39m=[32m"priority-low"[39m
  [36m/>[39m

  Name "Created: Newest First":
  [36m<option[39m
    [33mvalue[39m=[32m"created-new"[39m
  [36m/>[39m

  Name "Created: Oldest First":
  [36m<option[39m
    [33mvalue[39m=[32m"created-old"[39m
  [36m/>[39m

  Name "Recently Updated":
  [36m<option[39m
    [33mvalue[39m=[32m"updated"[39m
  [36m/>[39m

  Name "Title: A-Z":
  [36m<option[39m
    [33mvalue[39m=[32m"title-az"[39m
  [36m/>[39m

  Name "Title: Z-A":
  [36m<option[39m
    [33mvalue[39m=[32m"title-za"[39m
  [36m/>[39m

  --------------------------------------------------
  status:

  Name "":
  [36m<div[39m
    [33maria-atomic[39m=[32m"true"[39m
    [33maria-live[39m=[32m"assertive"[39m
    [33mid[39m=[32m"DndLiveRegion-6"[39m
    [33mrole[39m=[32m"status"[39m
    [33mstyle[39m=[32m"position: fixed; top: 0px; left: 0px; width: 1px; height: 1px; margin: -1px; border: 0px; padding: 0px; overflow: hidden; clip-path: inset(100%); white-space: nowrap;"[39m
  [36m/>[39m

  --------------------------------------------------

Ignored nodes: comments, script, style
[36m<body>[39m
  [36m<div>[39m
    [36m<div[39m
      [33mclass[39m=[32m"flex flex-col h-full"[39m
    [36m>[39m
      [36m<div[39m
        [33mclass[39m=[32m"bg-card shadow-sm px-6 py-4 border-b border-border"[39m
      [36m>[39m
        [36m<div[39m
          [33mclass[39m=[32m"flex items-center justify-between mb-4"[39m
        [36m>[39m
          [36m<h1[39m
            [33mclass[39m=[32m"text-2xl font-bold text-fg"[39m
          [36m>[39m
            [0mEpic Planning[0m
          [36m</h1>[39m
          [36m<div[39m
            [33mclass[39m=[32m"flex items-center gap-3"[39m
          [36m>[39m
            [36m<div[39m
              [33mclass[39m=[32m"flex items-center bg-bg-secondary rounded-lg p-1"[39m
            [36m>[39m
              [36m<button[39m
                [33mclass[39m=[32m"px-4 py-2 rounded-md text-sm font-medium transition-colors bg-primary-600 dark:bg-primary-700 text-white"[39m
              [36m>[39m
                [0mGrouped by Epics[0m
              [36m</button>[39m
              [36m<button[39m
                [33mclass[39m=[32m"px-4 py-2 rounded-md text-sm font-medium transition-colors text-muted hover:text-fg hover:bg-card"[39m
              [36m>[39m
                [0mFlat View[0m
              [36m</button>[39m
            [36m</div>[39m
            [36m<select[39m
              [33mclass[39m=[32m"px-4 py-2 bg-card border border-border rounded-lg text-sm text-fg focus:outline-none focus:ring-2 focus:ring-primary"[39m
            [36m>[39m
              [36m<option[39m
                [33mvalue[39m=[32m"priority-high"[39m
              [36m>[39m
                [0mPriority: High to Low[0m
              [36m</option>[39m
              [36m<option[39m
                [33mvalue[39m=[32m"priority-low"[39m
              [36m>[39m
                [0mPriority: Low to High[0m
              [36m</option>[39m
              [36m<option[39m
                [33mvalue[39m=[32m"created-new"[39m
              [36m>[39m
                [0mCreated: Newest First[0m
              [36m</option>[39m
              [36m<option[39m
                [33mvalue[39m=[32m"created-old"[39m
              [36m>[39m
                [0mCreated: Oldest First[0m
              [36m</option>[39m
              [36m<option[39m
                [33mvalue[39m=[32m"updated"[39m
              [36m>[39m
                [0mRecently Updated[0m
              [36m</option>[39m
              [36m<option[39m
                [33mvalue[39m=[32m"title-az"[39m
              [36m>[39m
                [0mTitle: A-Z[0m
              [36m</option>[39m
              [36m<option[39m
                [33mvalue[39m=[32m"title-za"[39m
              [36m>[39m
                [0mTitle: Z-A[0m
              [36m</option>[39m
            [36m</select>[39m
            [36m<button[39m
              [33mclass[39m=[32m"px-4 py-2 bg-card border border-border rounded-lg text-sm text-fg font-medium hover:bg-bg-secondary transition-colors"[39m
            [36m>[39m
              [0mShow Completed[0m
            [36m</button>[39m
            [36m<div[39m
              [33mdata-testid[39m=[32m"planning-filters"[39m
            [36m>[39m
              [0mFilters[0m
            [36m</div>[39m
          [36m</div>[39m
        [36m</div>[39m
      [36m</div>[39m
      [36m<div[39m
        [33mclass[39m=[32m"flex-1 overflow-y-auto p-6"[39m
      [36m>[39m
        [36m<div[39m
          [33mclass[39m=[32m"space-y-6"[39m
        [36m>[39m
          [36m<div[39m
            [33mdata-testid[39m=[32m"epic-group"[39m
          [36m>[39m
            [0mEpic 1[0m
          [36m</div>[39m
          [36m<div[39m
            [33mdata-testid[39m=[32m"epic-group"[39m
          [36m>[39m
            [0mEpic 2[0m
          [36m</div>[39m
        [36m</div>[39m
      [36m</div>[39m
    [36m</div>[39m
    [36m<div[39m
      [33mid[39m=[32m"DndDescribedBy-6"[39m
      [33mstyle[39m=[32m"display: none;"[39m
    [36m>[39m
      [0m
    To pick up a draggable item, press the space bar.
    While dragging, use the arrow keys to move the item.
    Press space again to drop the item in its new position, or press escape to cancel.
  [0m
    [36m</div>[39m
    [36m<div[39m
      [33maria-atomic[39m=[32m"true"[39m
      [33maria-live[39m=[32m"assertive"[39m
      [33mid[39m=[32m"DndLiveRegion-6"[39m
      [33mrole[39m=[32m"status"[39m
      [33mstyle[39m=[32m"position: fixed; top: 0px; left: 0px; width: 1px; height: 1px; margin: -1px; border: 0px; padding: 0px; overflow: hidden; clip-path: inset(100%); white-space: nowrap;"[39m
    [36m/>[39m
  [36m</div>[39m
[36m</body>[39m
   ❯ src/pages/EpicPlanningView.test.tsx > EpicPlanningView - Show/Hide Completed Items > hides completed items by default
     → Unable to find an element with the text: Story 2. This could be because the text is broken up by multiple elements. In this case, you can provide a function for your text matcher to make your matcher more flexible.

Ignored nodes: comments, script, style
[36m<body>[39m
  [36m<div>[39m
    [36m<div[39m
      [33mclass[39m=[32m"flex flex-col h-full"[39m
    [36m>[39m
      [36m<div[39m
        [33mclass[39m=[32m"bg-card shadow-sm px-6 py-4 border-b border-border"[39m
      [36m>[39m
        [36m<div[39m
          [33mclass[39m=[32m"flex items-center justify-between mb-4"[39m
        [36m>[39m
          [36m<h1[39m
            [33mclass[39m=[32m"text-2xl font-bold text-fg"[39m
          [36m>[39m
            [0mEpic Planning[0m
          [36m</h1>[39m
          [36m<div[39m
            [33mclass[39m=[32m"flex items-center gap-3"[39m
          [36m>[39m
            [36m<div[39m
              [33mclass[39m=[32m"flex items-center bg-bg-secondary rounded-lg p-1"[39m
            [36m>[39m
              [36m<button[39m
                [33mclass[39m=[32m"px-4 py-2 rounded-md text-sm font-medium transition-colors bg-primary-600 dark:bg-primary-700 text-white"[39m
              [36m>[39m
                [0mGrouped by Epics[0m
              [36m</button>[39m
              [36m<button[39m
                [33mclass[39m=[32m"px-4 py-2 rounded-md text-sm font-medium transition-colors text-muted hover:text-fg hover:bg-card"[39m
              [36m>[39m
                [0mFlat View[0m
              [36m</button>[39m
            [36m</div>[39m
            [36m<select[39m
              [33mclass[39m=[32m"px-4 py-2 bg-card border border-border rounded-lg text-sm text-fg focus:outline-none focus:ring-2 focus:ring-primary"[39m
            [36m>[39m
              [36m<option[39m
                [33mvalue[39m=[32m"priority-high"[39m
              [36m>[39m
                [0mPriority: High to Low[0m
              [36m</option>[39m
              [36m<option[39m
                [33mvalue[39m=[32m"priority-low"[39m
              [36m>[39m
                [0mPriority: Low to High[0m
              [36m</option>[39m
              [36m<option[39m
                [33mvalue[39m=[32m"created-new"[39m
              [36m>[39m
                [0mCreated: Newest First[0m
              [36m</option>[39m
              [36m<option[39m
                [33mvalue[39m=[32m"created-old"[39m
              [36m>[39m
                [0mCreated: Oldest First[0m
              [36m</option>[39m
              [36m<option[39m
                [33mvalue[39m=[32m"updated"[39m
              [36m>[39m
                [0mRecently Updated[0m
              [36m</option>[39m
              [36m<option[39m
                [33mvalue[39m=[32m"title-az"[39m
              [36m>[39m
                [0mTitle: A-Z[0m
              [36m</option>[39m
              [36m<option[39m
                [33mvalue[39m=[32m"title-za"[39m
              [36m>[39m
                [0mTitle: Z-A[0m
              [36m</option>[39m
            [36m</select>[39m
            [36m<button[39m
              [33mclass[39m=[32m"px-4 py-2 bg-card border border-border rounded-lg text-sm text-fg font-medium hover:bg-bg-secondary transition-colors"[39m
            [36m>[39m
              [0mShow Completed[0m
            [36m</button>[39m
            [36m<div[39m
              [33mdata-testid[39m=[32m"planning-filters"[39m
            [36m>[39m
              [0mFilters[0m
            [36m</div>[39m
          [36m</div>[39m
        [36m</div>[39m
      [36m</div>[39m
      [36m<div[39m
        [33mclass[39m=[32m"flex-1 overflow-y-auto p-6"[39m
      [36m>[39m
        [36m<div[39m
          [33mclass[39m=[32m"space-y-6"[39m
        [36m>[39m
          [36m<div[39m
            [33mdata-testid[39m=[32m"epic-group"[39m
          [36m>[39m
            [0mEpic 1[0m
          [36m</div>[39m
          [36m<div[39m
            [33mdata-testid[39m=[32m"epic-group"[39m
          [36m>[39m
            [0mEpic 2[0m
          [36m</div>[39m
        [36m</div>[39m
      [36m</div>[39m
    [36m</div>[39m
    [36m<div[39m
      [33mid[39m=[32m"DndDescribedBy-7"[39m
      [33mstyle[39m=[32m"display: none;"[39m
    [36m>[39m
      [0m
    To pick up a draggable item, press the space bar.
    While dragging, use the arrow keys to move the item.
    Press space again to drop the item in its new position, or press escape to cancel.
  [0m
    [36m</div>[39m
    [36m<div[39m
      [33maria-atomic[39m=[32m"true"[39m
      [33maria-live[39m=[32m"assertive"[39m
      [33mid[39m=[32m"DndLiveRegion-7"[39m
      [33mrole[39m=[32m"status"[39m
      [33mstyle[39m=[32m"position: fixed; top: 0px; left: 0px; width: 1px; height: 1px; margin: -1px; border: 0px; padding: 0px; overflow: hidden; clip-path: inset(100%); white-space: nowrap;"[39m
    [36m/>[39m
  [36m</div>[39m
[36m</body>[39m
   ❯ src/pages/EpicPlanningView.test.tsx > EpicPlanningView - Show/Hide Completed Items > shows completed items when toggle is clicked
     → Unable to find an accessible element with the role "button" and name `/hide completed/i`

Here are the accessible roles:

  heading:

  Name "Epic Planning":
  [36m<h1[39m
    [33mclass[39m=[32m"text-2xl font-bold text-fg"[39m
  [36m/>[39m

  --------------------------------------------------
  button:

  Name "Grouped by Epics":
  [36m<button[39m
    [33mclass[39m=[32m"px-4 py-2 rounded-md text-sm font-medium transition-colors bg-primary-600 dark:bg-primary-700 text-white"[39m
  [36m/>[39m

  Name "Flat View":
  [36m<button[39m
    [33mclass[39m=[32m"px-4 py-2 rounded-md text-sm font-medium transition-colors text-muted hover:text-fg hover:bg-card"[39m
  [36m/>[39m

  Name "Show Completed":
  [36m<button[39m
    [33mclass[39m=[32m"px-4 py-2 bg-card border border-border rounded-lg text-sm text-fg font-medium hover:bg-bg-secondary transition-colors"[39m
  [36m/>[39m

  --------------------------------------------------
  combobox:

  Name "":
  [36m<select[39m
    [33mclass[39m=[32m"px-4 py-2 bg-card border border-border rounded-lg text-sm text-fg focus:outline-none focus:ring-2 focus:ring-primary"[39m
  [36m/>[39m

  --------------------------------------------------
  option:

  Name "Priority: High to Low":
  [36m<option[39m
    [33mvalue[39m=[32m"priority-high"[39m
  [36m/>[39m

  Name "Priority: Low to High":
  [36m<option[39m
    [33mvalue[39m=[32m"priority-low"[39m
  [36m/>[39m

  Name "Created: Newest First":
  [36m<option[39m
    [33mvalue[39m=[32m"created-new"[39m
  [36m/>[39m

  Name "Created: Oldest First":
  [36m<option[39m
    [33mvalue[39m=[32m"created-old"[39m
  [36m/>[39m

  Name "Recently Updated":
  [36m<option[39m
    [33mvalue[39m=[32m"updated"[39m
  [36m/>[39m

  Name "Title: A-Z":
  [36m<option[39m
    [33mvalue[39m=[32m"title-az"[39m
  [36m/>[39m

  Name "Title: Z-A":
  [36m<option[39m
    [33mvalue[39m=[32m"title-za"[39m
  [36m/>[39m

  --------------------------------------------------
  status:

  Name "":
  [36m<div[39m
    [33maria-atomic[39m=[32m"true"[39m
    [33maria-live[39m=[32m"assertive"[39m
    [33mid[39m=[32m"DndLiveRegion-8"[39m
    [33mrole[39m=[32m"status"[39m
    [33mstyle[39m=[32m"position: fixed; top: 0px; left: 0px; width: 1px; height: 1px; margin: -1px; border: 0px; padding: 0px; overflow: hidden; clip-path: inset(100%); white-space: nowrap;"[39m
  [36m/>[39m

  --------------------------------------------------

Ignored nodes: comments, script, style
[36m<body>[39m
  [36m<div>[39m
    [36m<div[39m
      [33mclass[39m=[32m"flex flex-col h-full"[39m
    [36m>[39m
      [36m<div[39m
        [33mclass[39m=[32m"bg-card shadow-sm px-6 py-4 border-b border-border"[39m
      [36m>[39m
        [36m<div[39m
          [33mclass[39m=[32m"flex items-center justify-between mb-4"[39m
        [36m>[39m
          [36m<h1[39m
            [33mclass[39m=[32m"text-2xl font-bold text-fg"[39m
          [36m>[39m
            [0mEpic Planning[0m
          [36m</h1>[39m
          [36m<div[39m
            [33mclass[39m=[32m"flex items-center gap-3"[39m
          [36m>[39m
            [36m<div[39m
              [33mclass[39m=[32m"flex items-center bg-bg-secondary rounded-lg p-1"[39m
            [36m>[39m
              [36m<button[39m
                [33mclass[39m=[32m"px-4 py-2 rounded-md text-sm font-medium transition-colors bg-primary-600 dark:bg-primary-700 text-white"[39m
              [36m>[39m
                [0mGrouped by Epics[0m
              [36m</button>[39m
              [36m<button[39m
                [33mclass[39m=[32m"px-4 py-2 rounded-md text-sm font-medium transition-colors text-muted hover:text-fg hover:bg-card"[39m
              [36m>[39m
                [0mFlat View[0m
              [36m</button>[39m
            [36m</div>[39m
            [36m<select[39m
              [33mclass[39m=[32m"px-4 py-2 bg-card border border-border rounded-lg text-sm text-fg focus:outline-none focus:ring-2 focus:ring-primary"[39m
            [36m>[39m
              [36m<option[39m
                [33mvalue[39m=[32m"priority-high"[39m
              [36m>[39m
                [0mPriority: High to Low[0m
              [36m</option>[39m
              [36m<option[39m
                [33mvalue[39m=[32m"priority-low"[39m
              [36m>[39m
                [0mPriority: Low to High[0m
              [36m</option>[39m
              [36m<option[39m
                [33mvalue[39m=[32m"created-new"[39m
              [36m>[39m
                [0mCreated: Newest First[0m
              [36m</option>[39m
              [36m<option[39m
                [33mvalue[39m=[32m"created-old"[39m
              [36m>[39m
                [0mCreated: Oldest First[0m
              [36m</option>[39m
              [36m<option[39m
                [33mvalue[39m=[32m"updated"[39m
              [36m>[39m
                [0mRecently Updated[0m
              [36m</option>[39m
              [36m<option[39m
                [33mvalue[39m=[32m"title-az"[39m
              [36m>[39m
                [0mTitle: A-Z[0m
              [36m</option>[39m
              [36m<option[39m
                [33mvalue[39m=[32m"title-za"[39m
              [36m>[39m
                [0mTitle: Z-A[0m
              [36m</option>[39m
            [36m</select>[39m
            [36m<button[39m
              [33mclass[39m=[32m"px-4 py-2 bg-card border border-border rounded-lg text-sm text-fg font-medium hover:bg-bg-secondary transition-colors"[39m
            [36m>[39m
              [0mShow Completed[0m
            [36m</button>[39m
            [36m<div[39m
              [33mdata-testid[39m=[32m"planning-filters"[39m
            [36m>[39m
              [0mFilters[0m
            [36m</div>[39m
          [36m</div>[39m
        [36m</div>[39m
      [36m</div>[39m
      [36m<div[39m
        [33mclass[39m=[32m"flex-1 overflow-y-auto p-6"[39m
      [36m>[39m
        [36m<div[39m
          [33mclass[39m=[32m"space-y-6"[39m
        [36m>[39m
          [36m<div[39m
            [33mdata-testid[39m=[32m"epic-group"[39m
          [36m>[39m
            [0mEpic 1[0m
          [36m</div>[39m
          [36m<div[39m
            [33mdata-testid[39m=[32m"epic-group"[39m
          [36m>[39m
            [0mEpic 2[0m
          [36m</div>[39m
        [36m</div>[39m
      [36m</div>[39m
    [36m</div>[39m
    [36m<div[39m
      [33mid[39m=[32m"DndDescribedBy-8"[39m
      [33mstyle[39m=[32m"display: none;"[39m
    [36m>[39m
      [0m
    To pick up a draggable item, press the space bar.
    While dragging, use the arrow keys to move the item.
    Press space again to drop the item in its new position, or press escape to cancel.
  [0m
    [36m</div>[39m
    [36m<div[39m
      [33maria-atomic[39m=[32m"true"[39m
      [33maria-live[39m=[32m"assertive"[39m
      [33mid[39m=[32m"DndLiveRegion-8"[39m
      [33mrole[39m=[32m"status"[39m
      [33mstyle[39m=[32m"position: fixed; top: 0px; left: 0px; width: 1px; height: 1px; margin: -1px; border: 0px; padding: 0px; overflow: hidden; clip-path: inset(100%); white-space: nowrap;"[39m
    [36m/>[39m
  [36m</div>[39m
[36m</body>[39m
   ❯ src/pages/EpicPlanningView.test.tsx > EpicPlanningView - Show/Hide Completed Items > persists toggle state in sessionStorage
     → Unable to find an accessible element with the role "button" and name `/hide completed/i`

Here are the accessible roles:

  heading:

  Name "Epic Planning":
  [36m<h1[39m
    [33mclass[39m=[32m"text-2xl font-bold text-fg"[39m
  [36m/>[39m

  --------------------------------------------------
  button:

  Name "Grouped by Epics":
  [36m<button[39m
    [33mclass[39m=[32m"px-4 py-2 rounded-md text-sm font-medium transition-colors bg-primary-600 dark:bg-primary-700 text-white"[39m
  [36m/>[39m

  Name "Flat View":
  [36m<button[39m
    [33mclass[39m=[32m"px-4 py-2 rounded-md text-sm font-medium transition-colors text-muted hover:text-fg hover:bg-card"[39m
  [36m/>[39m

  Name "Show Completed":
  [36m<button[39m
    [33mclass[39m=[32m"px-4 py-2 bg-card border border-border rounded-lg text-sm text-fg font-medium hover:bg-bg-secondary transition-colors"[39m
  [36m/>[39m

  --------------------------------------------------
  combobox:

  Name "":
  [36m<select[39m
    [33mclass[39m=[32m"px-4 py-2 bg-card border border-border rounded-lg text-sm text-fg focus:outline-none focus:ring-2 focus:ring-primary"[39m
  [36m/>[39m

  --------------------------------------------------
  option:

  Name "Priority: High to Low":
  [36m<option[39m
    [33mvalue[39m=[32m"priority-high"[39m
  [36m/>[39m

  Name "Priority: Low to High":
  [36m<option[39m
    [33mvalue[39m=[32m"priority-low"[39m
  [36m/>[39m

  Name "Created: Newest First":
  [36m<option[39m
    [33mvalue[39m=[32m"created-new"[39m
  [36m/>[39m

  Name "Created: Oldest First":
  [36m<option[39m
    [33mvalue[39m=[32m"created-old"[39m
  [36m/>[39m

  Name "Recently Updated":
  [36m<option[39m
    [33mvalue[39m=[32m"updated"[39m
  [36m/>[39m

  Name "Title: A-Z":
  [36m<option[39m
    [33mvalue[39m=[32m"title-az"[39m
  [36m/>[39m

  Name "Title: Z-A":
  [36m<option[39m
    [33mvalue[39m=[32m"title-za"[39m
  [36m/>[39m

  --------------------------------------------------
  status:

  Name "":
  [36m<div[39m
    [33maria-atomic[39m=[32m"true"[39m
    [33maria-live[39m=[32m"assertive"[39m
    [33mid[39m=[32m"DndLiveRegion-9"[39m
    [33mrole[39m=[32m"status"[39m
    [33mstyle[39m=[32m"position: fixed; top: 0px; left: 0px; width: 1px; height: 1px; margin: -1px; border: 0px; padding: 0px; overflow: hidden; clip-path: inset(100%); white-space: nowrap;"[39m
  [36m/>[39m

  --------------------------------------------------

Ignored nodes: comments, script, style
[36m<body>[39m
  [36m<div>[39m
    [36m<div[39m
      [33mclass[39m=[32m"flex flex-col h-full"[39m
    [36m>[39m
      [36m<div[39m
        [33mclass[39m=[32m"bg-card shadow-sm px-6 py-4 border-b border-border"[39m
      [36m>[39m
        [36m<div[39m
          [33mclass[39m=[32m"flex items-center justify-between mb-4"[39m
        [36m>[39m
          [36m<h1[39m
            [33mclass[39m=[32m"text-2xl font-bold text-fg"[39m
          [36m>[39m
            [0mEpic Planning[0m
          [36m</h1>[39m
          [36m<div[39m
            [33mclass[39m=[32m"flex items-center gap-3"[39m
          [36m>[39m
            [36m<div[39m
              [33mclass[39m=[32m"flex items-center bg-bg-secondary rounded-lg p-1"[39m
            [36m>[39m
              [36m<button[39m
                [33mclass[39m=[32m"px-4 py-2 rounded-md text-sm font-medium transition-colors bg-primary-600 dark:bg-primary-700 text-white"[39m
              [36m>[39m
                [0mGrouped by Epics[0m
              [36m</button>[39m
              [36m<button[39m
                [33mclass[39m=[32m"px-4 py-2 rounded-md text-sm font-medium transition-colors text-muted hover:text-fg hover:bg-card"[39m
              [36m>[39m
                [0mFlat View[0m
              [36m</button>[39m
            [36m</div>[39m
            [36m<select[39m
              [33mclass[39m=[32m"px-4 py-2 bg-card border border-border rounded-lg text-sm text-fg focus:outline-none focus:ring-2 focus:ring-primary"[39m
            [36m>[39m
              [36m<option[39m
                [33mvalue[39m=[32m"priority-high"[39m
              [36m>[39m
                [0mPriority: High to Low[0m
              [36m</option>[39m
              [36m<option[39m
                [33mvalue[39m=[32m"priority-low"[39m
              [36m>[39m
                [0mPriority: Low to High[0m
              [36m</option>[39m
              [36m<option[39m
                [33mvalue[39m=[32m"created-new"[39m
              [36m>[39m
                [0mCreated: Newest First[0m
              [36m</option>[39m
              [36m<option[39m
                [33mvalue[39m=[32m"created-old"[39m
              [36m>[39m
                [0mCreated: Oldest First[0m
              [36m</option>[39m
              [36m<option[39m
                [33mvalue[39m=[32m"updated"[39m
              [36m>[39m
                [0mRecently Updated[0m
              [36m</option>[39m
              [36m<option[39m
                [33mvalue[39m=[32m"title-az"[39m
              [36m>[39m
                [0mTitle: A-Z[0m
              [36m</option>[39m
              [36m<option[39m
                [33mvalue[39m=[32m"title-za"[39m
              [36m>[39m
                [0mTitle: Z-A[0m
              [36m</option>[39m
            [36m</select>[39m
            [36m<button[39m
              [33mclass[39m=[32m"px-4 py-2 bg-card border border-border rounded-lg text-sm text-fg font-medium hover:bg-bg-secondary transition-colors"[39m
            [36m>[39m
              [0mShow Completed[0m
            [36m</button>[39m
            [36m<div[39m
              [33mdata-testid[39m=[32m"planning-filters"[39m
            [36m>[39m
              [0mFilters[0m
            [36m</div>[39m
          [36m</div>[39m
        [36m</div>[39m
      [36m</div>[39m
      [36m<div[39m
        [33mclass[39m=[32m"flex-1 overflow-y-auto p-6"[39m
      [36m>[39m
        [36m<div[39m
          [33mclass[39m=[32m"space-y-6"[39m
        [36m>[39m
          [36m<div[39m
            [33mdata-testid[39m=[32m"epic-group"[39m
          [36m>[39m
            [0mEpic 1[0m
          [36m</div>[39m
          [36m<div[39m
            [33mdata-testid[39m=[32m"epic-group"[39m
          [36m>[39m
            [0mEpic 2[0m
          [36m</div>[39m
        [36m</div>[39m
      [36m</div>[39m
    [36m</div>[39m
    [36m<div[39m
      [33mid[39m=[32m"DndDescribedBy-9"[39m
      [33mstyle[39m=[32m"display: none;"[39m
    [36m>[39m
      [0m
    To pick up a draggable item, press the space bar.
    While dragging, use the arrow keys to move the item.
    Press space again to drop the item in its new position, or press escape to cancel.
  [0m
    [36m</div>[39m
    [36m<div[39m
      [33maria-atomic[39m=[32m"true"[39m
      [33maria-live[39m=[32m"assertive"[39m
      [33mid[39m=[32m"DndLiveRegion-9"[39m
      [33mrole[39m=[32m"status"[39m
      [33mstyle[39m=[32m"position: fixed; top: 0px; left: 0px; width: 1px; height: 1px; margin: -1px; border: 0px; padding: 0px; overflow: hidden; clip-path: inset(100%); white-space: nowrap;"[39m
    [36m/>[39m
  [36m</div>[39m
[36m</body>[39m
   ❯ src/pages/EpicPlanningView.test.tsx > EpicPlanningView - Show/Hide Completed Items > marks completed items with "Done" badge when visible
     → Unable to find an accessible element with the role "button" and name `/hide completed/i`

Here are the accessible roles:

  heading:

  Name "Epic Planning":
  [36m<h1[39m
    [33mclass[39m=[32m"text-2xl font-bold text-fg"[39m
  [36m/>[39m

  --------------------------------------------------
  button:

  Name "Grouped by Epics":
  [36m<button[39m
    [33mclass[39m=[32m"px-4 py-2 rounded-md text-sm font-medium transition-colors bg-primary-600 dark:bg-primary-700 text-white"[39m
  [36m/>[39m

  Name "Flat View":
  [36m<button[39m
    [33mclass[39m=[32m"px-4 py-2 rounded-md text-sm font-medium transition-colors text-muted hover:text-fg hover:bg-card"[39m
  [36m/>[39m

  Name "Show Completed":
  [36m<button[39m
    [33mclass[39m=[32m"px-4 py-2 bg-card border border-border rounded-lg text-sm text-fg font-medium hover:bg-bg-secondary transition-colors"[39m
  [36m/>[39m

  --------------------------------------------------
  combobox:

  Name "":
  [36m<select[39m
    [33mclass[39m=[32m"px-4 py-2 bg-card border border-border rounded-lg text-sm text-fg focus:outline-none focus:ring-2 focus:ring-primary"[39m
  [36m/>[39m

  --------------------------------------------------
  option:

  Name "Priority: High to Low":
  [36m<option[39m
    [33mvalue[39m=[32m"priority-high"[39m
  [36m/>[39m

  Name "Priority: Low to High":
  [36m<option[39m
    [33mvalue[39m=[32m"priority-low"[39m
  [36m/>[39m

  Name "Created: Newest First":
  [36m<option[39m
    [33mvalue[39m=[32m"created-new"[39m
  [36m/>[39m

  Name "Created: Oldest First":
  [36m<option[39m
    [33mvalue[39m=[32m"created-old"[39m
  [36m/>[39m

  Name "Recently Updated":
  [36m<option[39m
    [33mvalue[39m=[32m"updated"[39m
  [36m/>[39m

  Name "Title: A-Z":
  [36m<option[39m
    [33mvalue[39m=[32m"title-az"[39m
  [36m/>[39m

  Name "Title: Z-A":
  [36m<option[39m
    [33mvalue[39m=[32m"title-za"[39m
  [36m/>[39m

  --------------------------------------------------
  status:

  Name "":
  [36m<div[39m
    [33maria-atomic[39m=[32m"true"[39m
    [33maria-live[39m=[32m"assertive"[39m
    [33mid[39m=[32m"DndLiveRegion-10"[39m
    [33mrole[39m=[32m"status"[39m
    [33mstyle[39m=[32m"position: fixed; top: 0px; left: 0px; width: 1px; height: 1px; margin: -1px; border: 0px; padding: 0px; overflow: hidden; clip-path: inset(100%); white-space: nowrap;"[39m
  [36m/>[39m

  --------------------------------------------------

Ignored nodes: comments, script, style
[36m<body>[39m
  [36m<div>[39m
    [36m<div[39m
      [33mclass[39m=[32m"flex flex-col h-full"[39m
    [36m>[39m
      [36m<div[39m
        [33mclass[39m=[32m"bg-card shadow-sm px-6 py-4 border-b border-border"[39m
      [36m>[39m
        [36m<div[39m
          [33mclass[39m=[32m"flex items-center justify-between mb-4"[39m
        [36m>[39m
          [36m<h1[39m
            [33mclass[39m=[32m"text-2xl font-bold text-fg"[39m
          [36m>[39m
            [0mEpic Planning[0m
          [36m</h1>[39m
          [36m<div[39m
            [33mclass[39m=[32m"flex items-center gap-3"[39m
          [36m>[39m
            [36m<div[39m
              [33mclass[39m=[32m"flex items-center bg-bg-secondary rounded-lg p-1"[39m
            [36m>[39m
              [36m<button[39m
                [33mclass[39m=[32m"px-4 py-2 rounded-md text-sm font-medium transition-colors bg-primary-600 dark:bg-primary-700 text-white"[39m
              [36m>[39m
                [0mGrouped by Epics[0m
              [36m</button>[39m
              [36m<button[39m
                [33mclass[39m=[32m"px-4 py-2 rounded-md text-sm font-medium transition-colors text-muted hover:text-fg hover:bg-card"[39m
              [36m>[39m
                [0mFlat View[0m
              [36m</button>[39m
            [36m</div>[39m
            [36m<select[39m
              [33mclass[39m=[32m"px-4 py-2 bg-card border border-border rounded-lg text-sm text-fg focus:outline-none focus:ring-2 focus:ring-primary"[39m
            [36m>[39m
              [36m<option[39m
                [33mvalue[39m=[32m"priority-high"[39m
              [36m>[39m
                [0mPriority: High to Low[0m
              [36m</option>[39m
              [36m<option[39m
                [33mvalue[39m=[32m"priority-low"[39m
              [36m>[39m
                [0mPriority: Low to High[0m
              [36m</option>[39m
              [36m<option[39m
                [33mvalue[39m=[32m"created-new"[39m
              [36m>[39m
                [0mCreated: Newest First[0m
              [36m</option>[39m
              [36m<option[39m
                [33mvalue[39m=[32m"created-old"[39m
              [36m>[39m
                [0mCreated: Oldest First[0m
              [36m</option>[39m
              [36m<option[39m
                [33mvalue[39m=[32m"updated"[39m
              [36m>[39m
                [0mRecently Updated[0m
              [36m</option>[39m
              [36m<option[39m
                [33mvalue[39m=[32m"title-az"[39m
              [36m>[39m
                [0mTitle: A-Z[0m
              [36m</option>[39m
              [36m<option[39m
                [33mvalue[39m=[32m"title-za"[39m
              [36m>[39m
                [0mTitle: Z-A[0m
              [36m</option>[39m
            [36m</select>[39m
            [36m<button[39m
              [33mclass[39m=[32m"px-4 py-2 bg-card border border-border rounded-lg text-sm text-fg font-medium hover:bg-bg-secondary transition-colors"[39m
            [36m>[39m
              [0mShow Completed[0m
            [36m</button>[39m
            [36m<div[39m
              [33mdata-testid[39m=[32m"planning-filters"[39m
            [36m>[39m
              [0mFilters[0m
            [36m</div>[39m
          [36m</div>[39m
        [36m</div>[39m
      [36m</div>[39m
      [36m<div[39m
        [33mclass[39m=[32m"flex-1 overflow-y-auto p-6"[39m
      [36m>[39m
        [36m<div[39m
          [33mclass[39m=[32m"space-y-6"[39m
        [36m>[39m
          [36m<div[39m
            [33mdata-testid[39m=[32m"epic-group"[39m
          [36m>[39m
            [0mEpic 1[0m
          [36m</div>[39m
          [36m<div[39m
            [33mdata-testid[39m=[32m"epic-group"[39m
          [36m>[39m
            [0mEpic 2[0m
          [36m</div>[39m
        [36m</div>[39m
      [36m</div>[39m
    [36m</div>[39m
    [36m<div[39m
      [33mid[39m=[32m"DndDescribedBy-10"[39m
      [33mstyle[39m=[32m"display: none;"[39m
    [36m>[39m
      [0m
    To pick up a draggable item, press the space bar.
    While dragging, use the arrow keys to move the item.
    Press space again to drop the item in its new position, or press escape to cancel.
  [0m
    [36m</div>[39m
    [36m<div[39m
      [33maria-atomic[39m=[32m"true"[39m
      [33maria-live[39m=[32m"assertive"[39m
      [33mid[39m=[32m"DndLiveRegion-10"[39m
      [33mrole[39m=[32m"status"[39m
      [33mstyle[39m=[32m"position: fixed; top: 0px; left: 0px; width: 1px; height: 1px; margin: -1px; border: 0px; padding: 0px; overflow: hidden; clip-path: inset(100%); white-space: nowrap;"[39m
    [36m/>[39m
  [36m</div>[39m
[36m</body>[39m
   ❯ src/pages/EpicPlanningView.test.tsx > EpicPlanningView - Show/Hide Completed Items > restores toggle state from sessionStorage on mount
     → Unable to find an element with the text: Story 1. This could be because the text is broken up by multiple elements. In this case, you can provide a function for your text matcher to make your matcher more flexible.

Ignored nodes: comments, script, style
[36m<body>[39m
  [36m<div>[39m
    [36m<div[39m
      [33mclass[39m=[32m"flex flex-col h-full"[39m
    [36m>[39m
      [36m<div[39m
        [33mclass[39m=[32m"bg-card shadow-sm px-6 py-4 border-b border-border"[39m
      [36m>[39m
        [36m<div[39m
          [33mclass[39m=[32m"flex items-center justify-between mb-4"[39m
        [36m>[39m
          [36m<h1[39m
            [33mclass[39m=[32m"text-2xl font-bold text-fg"[39m
          [36m>[39m
            [0mEpic Planning[0m
          [36m</h1>[39m
          [36m<div[39m
            [33mclass[39m=[32m"flex items-center gap-3"[39m
          [36m>[39m
            [36m<div[39m
              [33mclass[39m=[32m"flex items-center bg-bg-secondary rounded-lg p-1"[39m
            [36m>[39m
              [36m<button[39m
                [33mclass[39m=[32m"px-4 py-2 rounded-md text-sm font-medium transition-colors bg-primary-600 dark:bg-primary-700 text-white"[39m
              [36m>[39m
                [0mGrouped by Epics[0m
              [36m</button>[39m
              [36m<button[39m
                [33mclass[39m=[32m"px-4 py-2 rounded-md text-sm font-medium transition-colors text-muted hover:text-fg hover:bg-card"[39m
              [36m>[39m
                [0mFlat View[0m
              [36m</button>[39m
            [36m</div>[39m
            [36m<select[39m
              [33mclass[39m=[32m"px-4 py-2 bg-card border border-border rounded-lg text-sm text-fg focus:outline-none focus:ring-2 focus:ring-primary"[39m
            [36m>[39m
              [36m<option[39m
                [33mvalue[39m=[32m"priority-high"[39m
              [36m>[39m
                [0mPriority: High to Low[0m
              [36m</option>[39m
              [36m<option[39m
                [33mvalue[39m=[32m"priority-low"[39m
              [36m>[39m
                [0mPriority: Low to High[0m
              [36m</option>[39m
              [36m<option[39m
                [33mvalue[39m=[32m"created-new"[39m
              [36m>[39m
                [0mCreated: Newest First[0m
              [36m</option>[39m
              [36m<option[39m
                [33mvalue[39m=[32m"created-old"[39m
              [36m>[39m
                [0mCreated: Oldest First[0m
              [36m</option>[39m
              [36m<option[39m
                [33mvalue[39m=[32m"updated"[39m
              [36m>[39m
                [0mRecently Updated[0m
              [36m</option>[39m
              [36m<option[39m
                [33mvalue[39m=[32m"title-az"[39m
              [36m>[39m
                [0mTitle: A-Z[0m
              [36m</option>[39m
              [36m<option[39m
                [33mvalue[39m=[32m"title-za"[39m
              [36m>[39m
                [0mTitle: Z-A[0m
              [36m</option>[39m
            [36m</select>[39m
            [36m<button[39m
              [33mclass[39m=[32m"px-4 py-2 bg-card border border-border rounded-lg text-sm text-fg font-medium hover:bg-bg-secondary transition-colors"[39m
            [36m>[39m
              [0mHide Completed[0m
            [36m</button>[39m
            [36m<div[39m
              [33mdata-testid[39m=[32m"planning-filters"[39m
            [36m>[39m
              [0mFilters[0m
            [36m</div>[39m
          [36m</div>[39m
        [36m</div>[39m
      [36m</div>[39m
      [36m<div[39m
        [33mclass[39m=[32m"flex-1 overflow-y-auto p-6"[39m
      [36m>[39m
        [36m<div[39m
          [33mclass[39m=[32m"space-y-6"[39m
        [36m>[39m
          [36m<div[39m
            [33mdata-testid[39m=[32m"epic-group"[39m
          [36m>[39m
            [0mEpic 1[0m
          [36m</div>[39m
          [36m<div[39m
            [33mdata-testid[39m=[32m"epic-group"[39m
          [36m>[39m
            [0mEpic 2[0m
          [36m</div>[39m
          [36m<div[39m
            [33mdata-testid[39m=[32m"epic-group"[39m
          [36m>[39m
            [0mUnassigned[0m
            [36m<div>[39m
              [0mUnassigned Story[0m
            [36m</div>[39m
          [36m</div>[39m
        [36m</div>[39m
      [36m</div>[39m
    [36m</div>[39m
    [36m<div[39m
      [33mid[39m=[32m"DndDescribedBy-11"[39m
      [33mstyle[39m=[32m"display: none;"[39m
    [36m>[39m
      [0m
    To pick up a draggable item, press the space bar.
    While dragging, use the arrow keys to move the item.
    Press space again to drop the item in its new position, or press escape to cancel.
  [0m
    [36m</div>[39m
    [36m<div[39m
      [33maria-atomic[39m=[32m"true"[39m
      [33maria-live[39m=[32m"assertive"[39m
      [33mid[39m=[32m"DndLiveRegion-11"[39m
      [33mrole[39m=[32m"status"[39m
      [33mstyle[39m=[32m"position: fixed; top: 0px; left: 0px; width: 1px; height: 1px; margin: -1px; border: 0px; padding: 0px; overflow: hidden; clip-path: inset(100%); white-space: nowrap;"[39m
    [36m/>[39m
  [36m</div>[39m
[36m</body>[39m
   ❯ src/pages/EpicPlanningView.test.tsx > EpicPlanningView - Theme Support > uses theme-aware background for view mode toggles
     → expected null to be truthy
 ❯ src/hooks/__tests__/useStoryCreation.test.ts  (0 test)
 ✓ src/components/story/__tests__/StoryTraceabilityTabs.test.tsx  (16 tests) 628ms
 ✓ src/hooks/__tests__/useAnalysisPolling.st16.test.ts  (9 tests) 61ms
 ❯ src/hooks/__tests__/useCodeQualityMetrics.st16.test.ts  (15 tests | 1 failed) 1086ms
   ❯ src/hooks/__tests__/useCodeQualityMetrics.st16.test.ts > useCodeQualityMetrics - ST-16 Cache-Busting Tests > TC-ST16-F9: All 9 endpoints coverage > should call all 9 code-metrics endpoints with cache-busting
     → expected "wrap" to be called 9 times, but got 10 times

Ignored nodes: comments, script, style
[36m<html>[39m
  [36m<head />[39m
  [36m<body>[39m
    [36m<div />[39m
  [36m</body>[39m
[36m</html>[39m
 ❯ src/components/workflow/__tests__/WorkflowRunItem.test.tsx  (0 test)
stderr | src/hooks/__tests__/useAnalysisPolling.test.ts > useAnalysisPolling > should start analysis and set analyzing state
Warning: An update to TestComponent inside a test was not wrapped in act(...).

When testing, code that causes React state updates should be wrapped into act(...):

act(() => {
  /* fire events that update state */
});
/* assert on the output */

This ensures that you're testing the behavior the user would see in the browser. Learn more at https://reactjs.org/link/wrap-tests-with-act
    at TestComponent (/opt/stack/AIStudio/node_modules/@testing-library/react/dist/pure.js:329:5)
Warning: An update to TestComponent inside a test was not wrapped in act(...).

When testing, code that causes React state updates should be wrapped into act(...):

act(() => {
  /* fire events that update state */
});
/* assert on the output */

This ensures that you're testing the behavior the user would see in the browser. Learn more at https://reactjs.org/link/wrap-tests-with-act
    at TestComponent (/opt/stack/AIStudio/node_modules/@testing-library/react/dist/pure.js:329:5)
Warning: An update to TestComponent inside a test was not wrapped in act(...).

When testing, code that causes React state updates should be wrapped into act(...):

act(() => {
  /* fire events that update state */
});
/* assert on the output */

This ensures that you're testing the behavior the user would see in the browser. Learn more at https://reactjs.org/link/wrap-tests-with-act
    at TestComponent (/opt/stack/AIStudio/node_modules/@testing-library/react/dist/pure.js:329:5)
Warning: An update to TestComponent inside a test was not wrapped in act(...).

When testing, code that causes React state updates should be wrapped into act(...):

act(() => {
  /* fire events that update state */
});
/* assert on the output */

This ensures that you're testing the behavior the user would see in the browser. Learn more at https://reactjs.org/link/wrap-tests-with-act
    at TestComponent (/opt/stack/AIStudio/node_modules/@testing-library/react/dist/pure.js:329:5)
Warning: An update to TestComponent inside a test was not wrapped in act(...).

When testing, code that causes React state updates should be wrapped into act(...):

act(() => {
  /* fire events that update state */
});
/* assert on the output */

This ensures that you're testing the behavior the user would see in the browser. Learn more at https://reactjs.org/link/wrap-tests-with-act
    at TestComponent (/opt/stack/AIStudio/node_modules/@testing-library/react/dist/pure.js:329:5)
Warning: An update to TestComponent inside a test was not wrapped in act(...).

When testing, code that causes React state updates should be wrapped into act(...):

act(() => {
  /* fire events that update state */
});
/* assert on the output */

This ensures that you're testing the behavior the user would see in the browser. Learn more at https://reactjs.org/link/wrap-tests-with-act
    at TestComponent (/opt/stack/AIStudio/node_modules/@testing-library/react/dist/pure.js:329:5)
Warning: An update to TestComponent inside a test was not wrapped in act(...).

When testing, code that causes React state updates should be wrapped into act(...):

act(() => {
  /* fire events that update state */
});
/* assert on the output */

This ensures that you're testing the behavior the user would see in the browser. Learn more at https://reactjs.org/link/wrap-tests-with-act
    at TestComponent (/opt/stack/AIStudio/node_modules/@testing-library/react/dist/pure.js:329:5)
Warning: An update to TestComponent inside a test was not wrapped in act(...).

When testing, code that causes React state updates should be wrapped into act(...):

act(() => {
  /* fire events that update state */
});
/* assert on the output */

This ensures that you're testing the behavior the user would see in the browser. Learn more at https://reactjs.org/link/wrap-tests-with-act
    at TestComponent (/opt/stack/AIStudio/node_modules/@testing-library/react/dist/pure.js:329:5)
Warning: An update to TestComponent inside a test was not wrapped in act(...).

When testing, code that causes React state updates should be wrapped into act(...):

act(() => {
  /* fire events that update state */
});
/* assert on the output */

This ensures that you're testing the behavior the user would see in the browser. Learn more at https://reactjs.org/link/wrap-tests-with-act
    at TestComponent (/opt/stack/AIStudio/node_modules/@testing-library/react/dist/pure.js:329:5)
Warning: An update to TestComponent inside a test was not wrapped in act(...).

When testing, code that causes React state updates should be wrapped into act(...):

act(() => {
  /* fire events that update state */
});
/* assert on the output */

This ensures that you're testing the behavior the user would see in the browser. Learn more at https://reactjs.org/link/wrap-tests-with-act
    at TestComponent (/opt/stack/AIStudio/node_modules/@testing-library/react/dist/pure.js:329:5)
Warning: An update to TestComponent inside a test was not wrapped in act(...).

When testing, code that causes React state updates should be wrapped into act(...):

act(() => {
  /* fire events that update state */
});
/* assert on the output */

This ensures that you're testing the behavior the user would see in the browser. Learn more at https://reactjs.org/link/wrap-tests-with-act
    at TestComponent (/opt/stack/AIStudio/node_modules/@testing-library/react/dist/pure.js:329:5)
Warning: An update to TestComponent inside a test was not wrapped in act(...).

When testing, code that causes React state updates should be wrapped into act(...):

act(() => {
  /* fire events that update state */
});
/* assert on the output */

This ensures that you're testing the behavior the user would see in the browser. Learn more at https://reactjs.org/link/wrap-tests-with-act
    at TestComponent (/opt/stack/AIStudio/node_modules/@testing-library/react/dist/pure.js:329:5)
Warning: An update to TestComponent inside a test was not wrapped in act(...).

When testing, code that causes React state updates should be wrapped into act(...):

act(() => {
  /* fire events that update state */
});
/* assert on the output */

This ensures that you're testing the behavior the user would see in the browser. Learn more at https://reactjs.org/link/wrap-tests-with-act
    at TestComponent (/opt/stack/AIStudio/node_modules/@testing-library/react/dist/pure.js:329:5)
Warning: An update to TestComponent inside a test was not wrapped in act(...).

When testing, code that causes React state updates should be wrapped into act(...):

act(() => {
  /* fire events that update state */
});
/* assert on the output */

This ensures that you're testing the behavior the user would see in the browser. Learn more at https://reactjs.org/link/wrap-tests-with-act
    at TestComponent (/opt/stack/AIStudio/node_modules/@testing-library/react/dist/pure.js:329:5)
Warning: An update to TestComponent inside a test was not wrapped in act(...).

When testing, code that causes React state updates should be wrapped into act(...):

act(() => {
  /* fire events that update state */
});
/* assert on the output */

This ensures that you're testing the behavior the user would see in the browser. Learn more at https://reactjs.org/link/wrap-tests-with-act
    at TestComponent (/opt/stack/AIStudio/node_modules/@testing-library/react/dist/pure.js:329:5)
Warning: An update to TestComponent inside a test was not wrapped in act(...).

When testing, code that causes React state updates should be wrapped into act(...):

act(() => {
  /* fire events that update state */
});
/* assert on the output */

This ensures that you're testing the behavior the user would see in the browser. Learn more at https://reactjs.org/link/wrap-tests-with-act
    at TestComponent (/opt/stack/AIStudio/node_modules/@testing-library/react/dist/pure.js:329:5)
Warning: An update to TestComponent inside a test was not wrapped in act(...).

When testing, code that causes React state updates should be wrapped into act(...):

act(() => {
  /* fire events that update state */
});
/* assert on the output */

This ensures that you're testing the behavior the user would see in the browser. Learn more at https://reactjs.org/link/wrap-tests-with-act
    at TestComponent (/opt/stack/AIStudio/node_modules/@testing-library/react/dist/pure.js:329:5)
Warning: An update to TestComponent inside a test was not wrapped in act(...).

When testing, code that causes React state updates should be wrapped into act(...):

act(() => {
  /* fire events that update state */
});
/* assert on the output */

This ensures that you're testing the behavior the user would see in the browser. Learn more at https://reactjs.org/link/wrap-tests-with-act
    at TestComponent (/opt/stack/AIStudio/node_modules/@testing-library/react/dist/pure.js:329:5)
Warning: An update to TestComponent inside a test was not wrapped in act(...).

When testing, code that causes React state updates should be wrapped into act(...):

act(() => {
  /* fire events that update state */
});
/* assert on the output */

This ensures that you're testing the behavior the user would see in the browser. Learn more at https://reactjs.org/link/wrap-tests-with-act
    at TestComponent (/opt/stack/AIStudio/node_modules/@testing-library/react/dist/pure.js:329:5)
Warning: An update to TestComponent inside a test was not wrapped in act(...).

When testing, code that causes React state updates should be wrapped into act(...):

act(() => {
  /* fire events that update state */
});
/* assert on the output */

This ensures that you're testing the behavior the user would see in the browser. Learn more at https://reactjs.org/link/wrap-tests-with-act
    at TestComponent (/opt/stack/AIStudio/node_modules/@testing-library/react/dist/pure.js:329:5)
Warning: An update to TestComponent inside a test was not wrapped in act(...).

When testing, code that causes React state updates should be wrapped into act(...):

act(() => {
  /* fire events that update state */
});
/* assert on the output */

This ensures that you're testing the behavior the user would see in the browser. Learn more at https://reactjs.org/link/wrap-tests-with-act
    at TestComponent (/opt/stack/AIStudio/node_modules/@testing-library/react/dist/pure.js:329:5)
Warning: An update to TestComponent inside a test was not wrapped in act(...).

When testing, code that causes React state updates should be wrapped into act(...):

act(() => {
  /* fire events that update state */
});
/* assert on the output */

This ensures that you're testing the behavior the user would see in the browser. Learn more at https://reactjs.org/link/wrap-tests-with-act
    at TestComponent (/opt/stack/AIStudio/node_modules/@testing-library/react/dist/pure.js:329:5)
Warning: An update to TestComponent inside a test was not wrapped in act(...).

When testing, code that causes React state updates should be wrapped into act(...):

act(() => {
  /* fire events that update state */
});
/* assert on the output */

This ensures that you're testing the behavior the user would see in the browser. Learn more at https://reactjs.org/link/wrap-tests-with-act
    at TestComponent (/opt/stack/AIStudio/node_modules/@testing-library/react/dist/pure.js:329:5)
Warning: An update to TestComponent inside a test was not wrapped in act(...).

When testing, code that causes React state updates should be wrapped into act(...):

act(() => {
  /* fire events that update state */
});
/* assert on the output */

This ensures that you're testing the behavior the user would see in the browser. Learn more at https://reactjs.org/link/wrap-tests-with-act
    at TestComponent (/opt/stack/AIStudio/node_modules/@testing-library/react/dist/pure.js:329:5)
Warning: An update to TestComponent inside a test was not wrapped in act(...).

When testing, code that causes React state updates should be wrapped into act(...):

act(() => {
  /* fire events that update state */
});
/* assert on the output */

This ensures that you're testing the behavior the user would see in the browser. Learn more at https://reactjs.org/link/wrap-tests-with-act
    at TestComponent (/opt/stack/AIStudio/node_modules/@testing-library/react/dist/pure.js:329:5)
Warning: An update to TestComponent inside a test was not wrapped in act(...).

When testing, code that causes React state updates should be wrapped into act(...):

act(() => {
  /* fire events that update state */
});
/* assert on the output */

This ensures that you're testing the behavior the user would see in the browser. Learn more at https://reactjs.org/link/wrap-tests-with-act
    at TestComponent (/opt/stack/AIStudio/node_modules/@testing-library/react/dist/pure.js:329:5)
Warning: An update to TestComponent inside a test was not wrapped in act(...).

When testing, code that causes React state updates should be wrapped into act(...):

act(() => {
  /* fire events that update state */
});
/* assert on the output */

This ensures that you're testing the behavior the user would see in the browser. Learn more at https://reactjs.org/link/wrap-tests-with-act
    at TestComponent (/opt/stack/AIStudio/node_modules/@testing-library/react/dist/pure.js:329:5)
Warning: An update to TestComponent inside a test was not wrapped in act(...).

When testing, code that causes React state updates should be wrapped into act(...):

act(() => {
  /* fire events that update state */
});
/* assert on the output */

This ensures that you're testing the behavior the user would see in the browser. Learn more at https://reactjs.org/link/wrap-tests-with-act
    at TestComponent (/opt/stack/AIStudio/node_modules/@testing-library/react/dist/pure.js:329:5)
Warning: An update to TestComponent inside a test was not wrapped in act(...).

When testing, code that causes React state updates should be wrapped into act(...):

act(() => {
  /* fire events that update state */
});
/* assert on the output */

This ensures that you're testing the behavior the user would see in the browser. Learn more at https://reactjs.org/link/wrap-tests-with-act
    at TestComponent (/opt/stack/AIStudio/node_modules/@testing-library/react/dist/pure.js:329:5)
Warning: An update to TestComponent inside a test was not wrapped in act(...).

When testing, code that causes React state updates should be wrapped into act(...):

act(() => {
  /* fire events that update state */
});
/* assert on the output */

This ensures that you're testing the behavior the user would see in the browser. Learn more at https://reactjs.org/link/wrap-tests-with-act
    at TestComponent (/opt/stack/AIStudio/node_modules/@testing-library/react/dist/pure.js:329:5)
Warning: An update to TestComponent inside a test was not wrapped in act(...).

When testing, code that causes React state updates should be wrapped into act(...):

act(() => {
  /* fire events that update state */
});
/* assert on the output */

This ensures that you're testing the behavior the user would see in the browser. Learn more at https://reactjs.org/link/wrap-tests-with-act
    at TestComponent (/opt/stack/AIStudio/node_modules/@testing-library/react/dist/pure.js:329:5)
Warning: An update to TestComponent inside a test was not wrapped in act(...).

When testing, code that causes React state updates should be wrapped into act(...):

act(() => {
  /* fire events that update state */
});
/* assert on the output */

This ensures that you're testing the behavior the user would see in the browser. Learn more at https://reactjs.org/link/wrap-tests-with-act
    at TestComponent (/opt/stack/AIStudio/node_modules/@testing-library/react/dist/pure.js:329:5)
Warning: An update to TestComponent inside a test was not wrapped in act(...).

When testing, code that causes React state updates should be wrapped into act(...):

act(() => {
  /* fire events that update state */
});
/* assert on the output */

This ensures that you're testing the behavior the user would see in the browser. Learn more at https://reactjs.org/link/wrap-tests-with-act
    at TestComponent (/opt/stack/AIStudio/node_modules/@testing-library/react/dist/pure.js:329:5)
Warning: An update to TestComponent inside a test was not wrapped in act(...).

When testing, code that causes React state updates should be wrapped into act(...):

act(() => {
  /* fire events that update state */
});
/* assert on the output */

This ensures that you're testing the behavior the user would see in the browser. Learn more at https://reactjs.org/link/wrap-tests-with-act
    at TestComponent (/opt/stack/AIStudio/node_modules/@testing-library/react/dist/pure.js:329:5)
Warning: An update to TestComponent inside a test was not wrapped in act(...).

When testing, code that causes React state updates should be wrapped into act(...):

act(() => {
  /* fire events that update state */
});
/* assert on the output */

This ensures that you're testing the behavior the user would see in the browser. Learn more at https://reactjs.org/link/wrap-tests-with-act
    at TestComponent (/opt/stack/AIStudio/node_modules/@testing-library/react/dist/pure.js:329:5)
Warning: An update to TestComponent inside a test was not wrapped in act(...).

When testing, code that causes React state updates should be wrapped into act(...):

act(() => {
  /* fire events that update state */
});
/* assert on the output */

This ensures that you're testing the behavior the user would see in the browser. Learn more at https://reactjs.org/link/wrap-tests-with-act
    at TestComponent (/opt/stack/AIStudio/node_modules/@testing-library/react/dist/pure.js:329:5)
Warning: An update to TestComponent inside a test was not wrapped in act(...).

When testing, code that causes React state updates should be wrapped into act(...):

act(() => {
  /* fire events that update state */
});
/* assert on the output */

This ensures that you're testing the behavior the user would see in the browser. Learn more at https://reactjs.org/link/wrap-tests-with-act
    at TestComponent (/opt/stack/AIStudio/node_modules/@testing-library/react/dist/pure.js:329:5)
Warning: An update to TestComponent inside a test was not wrapped in act(...).

When testing, code that causes React state updates should be wrapped into act(...):

act(() => {
  /* fire events that update state */
});
/* assert on the output */

This ensures that you're testing the behavior the user would see in the browser. Learn more at https://reactjs.org/link/wrap-tests-with-act
    at TestComponent (/opt/stack/AIStudio/node_modules/@testing-library/react/dist/pure.js:329:5)
Warning: An update to TestComponent inside a test was not wrapped in act(...).

When testing, code that causes React state updates should be wrapped into act(...):

act(() => {
  /* fire events that update state */
});
/* assert on the output */

This ensures that you're testing the behavior the user would see in the browser. Learn more at https://reactjs.org/link/wrap-tests-with-act
    at TestComponent (/opt/stack/AIStudio/node_modules/@testing-library/react/dist/pure.js:329:5)
Warning: An update to TestComponent inside a test was not wrapped in act(...).

When testing, code that causes React state updates should be wrapped into act(...):

act(() => {
  /* fire events that update state */
});
/* assert on the output */

This ensures that you're testing the behavior the user would see in the browser. Learn more at https://reactjs.org/link/wrap-tests-with-act
    at TestComponent (/opt/stack/AIStudio/node_modules/@testing-library/react/dist/pure.js:329:5)
Warning: An update to TestComponent inside a test was not wrapped in act(...).

When testing, code that causes React state updates should be wrapped into act(...):

act(() => {
  /* fire events that update state */
});
/* assert on the output */

This ensures that you're testing the behavior the user would see in the browser. Learn more at https://reactjs.org/link/wrap-tests-with-act
    at TestComponent (/opt/stack/AIStudio/node_modules/@testing-library/react/dist/pure.js:329:5)
Warning: An update to TestComponent inside a test was not wrapped in act(...).

When testing, code that causes React state updates should be wrapped into act(...):

act(() => {
  /* fire events that update state */
});
/* assert on the output */

This ensures that you're testing the behavior the user would see in the browser. Learn more at https://reactjs.org/link/wrap-tests-with-act
    at TestComponent (/opt/stack/AIStudio/node_modules/@testing-library/react/dist/pure.js:329:5)
Warning: An update to TestComponent inside a test was not wrapped in act(...).

When testing, code that causes React state updates should be wrapped into act(...):

act(() => {
  /* fire events that update state */
});
/* assert on the output */

This ensures that you're testing the behavior the user would see in the browser. Learn more at https://reactjs.org/link/wrap-tests-with-act
    at TestComponent (/opt/stack/AIStudio/node_modules/@testing-library/react/dist/pure.js:329:5)
Warning: An update to TestComponent inside a test was not wrapped in act(...).

When testing, code that causes React state updates should be wrapped into act(...):

act(() => {
  /* fire events that update state */
});
/* assert on the output */

This ensures that you're testing the behavior the user would see in the browser. Learn more at https://reactjs.org/link/wrap-tests-with-act
    at TestComponent (/opt/stack/AIStudio/node_modules/@testing-library/react/dist/pure.js:329:5)
Warning: An update to TestComponent inside a test was not wrapped in act(...).

When testing, code that causes React state updates should be wrapped into act(...):

act(() => {
  /* fire events that update state */
});
/* assert on the output */

This ensures that you're testing the behavior the user would see in the browser. Learn more at https://reactjs.org/link/wrap-tests-with-act
    at TestComponent (/opt/stack/AIStudio/node_modules/@testing-library/react/dist/pure.js:329:5)
Warning: An update to TestComponent inside a test was not wrapped in act(...).

When testing, code that causes React state updates should be wrapped into act(...):

act(() => {
  /* fire events that update state */
});
/* assert on the output */

This ensures that you're testing the behavior the user would see in the browser. Learn more at https://reactjs.org/link/wrap-tests-with-act
    at TestComponent (/opt/stack/AIStudio/node_modules/@testing-library/react/dist/pure.js:329:5)
Warning: An update to TestComponent inside a test was not wrapped in act(...).

When testing, code that causes React state updates should be wrapped into act(...):

act(() => {
  /* fire events that update state */
});
/* assert on the output */

This ensures that you're testing the behavior the user would see in the browser. Learn more at https://reactjs.org/link/wrap-tests-with-act
    at TestComponent (/opt/stack/AIStudio/node_modules/@testing-library/react/dist/pure.js:329:5)
Warning: An update to TestComponent inside a test was not wrapped in act(...).

When testing, code that causes React state updates should be wrapped into act(...):

act(() => {
  /* fire events that update state */
});
/* assert on the output */

This ensures that you're testing the behavior the user would see in the browser. Learn more at https://reactjs.org/link/wrap-tests-with-act
    at TestComponent (/opt/stack/AIStudio/node_modules/@testing-library/react/dist/pure.js:329:5)
Warning: An update to TestComponent inside a test was not wrapped in act(...).

When testing, code that causes React state updates should be wrapped into act(...):

act(() => {
  /* fire events that update state */
});
/* assert on the output */

This ensures that you're testing the behavior the user would see in the browser. Learn more at https://reactjs.org/link/wrap-tests-with-act
    at TestComponent (/opt/stack/AIStudio/node_modules/@testing-library/react/dist/pure.js:329:5)
Warning: An update to TestComponent inside a test was not wrapped in act(...).

When testing, code that causes React state updates should be wrapped into act(...):

act(() => {
  /* fire events that update state */
});
/* assert on the output */

This ensures that you're testing the behavior the user would see in the browser. Learn more at https://reactjs.org/link/wrap-tests-with-act
    at TestComponent (/opt/stack/AIStudio/node_modules/@testing-library/react/dist/pure.js:329:5)
Warning: An update to TestComponent inside a test was not wrapped in act(...).

When testing, code that causes React state updates should be wrapped into act(...):

act(() => {
  /* fire events that update state */
});
/* assert on the output */

This ensures that you're testing the behavior the user would see in the browser. Learn more at https://reactjs.org/link/wrap-tests-with-act
    at TestComponent (/opt/stack/AIStudio/node_modules/@testing-library/react/dist/pure.js:329:5)
Warning: An update to TestComponent inside a test was not wrapped in act(...).

When testing, code that causes React state updates should be wrapped into act(...):

act(() => {
  /* fire events that update state */
});
/* assert on the output */

This ensures that you're testing the behavior the user would see in the browser. Learn more at https://reactjs.org/link/wrap-tests-with-act
    at TestComponent (/opt/stack/AIStudio/node_modules/@testing-library/react/dist/pure.js:329:5)
Warning: An update to TestComponent inside a test was not wrapped in act(...).

When testing, code that causes React state updates should be wrapped into act(...):

act(() => {
  /* fire events that update state */
});
/* assert on the output */

This ensures that you're testing the behavior the user would see in the browser. Learn more at https://reactjs.org/link/wrap-tests-with-act
    at TestComponent (/opt/stack/AIStudio/node_modules/@testing-library/react/dist/pure.js:329:5)
Warning: An update to TestComponent inside a test was not wrapped in act(...).

When testing, code that causes React state updates should be wrapped into act(...):

act(() => {
  /* fire events that update state */
});
/* assert on the output */

This ensures that you're testing the behavior the user would see in the browser. Learn more at https://reactjs.org/link/wrap-tests-with-act
    at TestComponent (/opt/stack/AIStudio/node_modules/@testing-library/react/dist/pure.js:329:5)
Warning: An update to TestComponent inside a test was not wrapped in act(...).

When testing, code that causes React state updates should be wrapped into act(...):

act(() => {
  /* fire events that update state */
});
/* assert on the output */

This ensures that you're testing the behavior the user would see in the browser. Learn more at https://reactjs.org/link/wrap-tests-with-act
    at TestComponent (/opt/stack/AIStudio/node_modules/@testing-library/react/dist/pure.js:329:5)
Warning: An update to TestComponent inside a test was not wrapped in act(...).

When testing, code that causes React state updates should be wrapped into act(...):

act(() => {
  /* fire events that update state */
});
/* assert on the output */

This ensures that you're testing the behavior the user would see in the browser. Learn more at https://reactjs.org/link/wrap-tests-with-act
    at TestComponent (/opt/stack/AIStudio/node_modules/@testing-library/react/dist/pure.js:329:5)
Warning: An update to TestComponent inside a test was not wrapped in act(...).

When testing, code that causes React state updates should be wrapped into act(...):

act(() => {
  /* fire events that update state */
});
/* assert on the output */

This ensures that you're testing the behavior the user would see in the browser. Learn more at https://reactjs.org/link/wrap-tests-with-act
    at TestComponent (/opt/stack/AIStudio/node_modules/@testing-library/react/dist/pure.js:329:5)
Warning: An update to TestComponent inside a test was not wrapped in act(...).

When testing, code that causes React state updates should be wrapped into act(...):

act(() => {
  /* fire events that update state */
});
/* assert on the output */

This ensures that you're testing the behavior the user would see in the browser. Learn more at https://reactjs.org/link/wrap-tests-with-act
    at TestComponent (/opt/stack/AIStudio/node_modules/@testing-library/react/dist/pure.js:329:5)
Warning: An update to TestComponent inside a test was not wrapped in act(...).

When testing, code that causes React state updates should be wrapped into act(...):

act(() => {
  /* fire events that update state */
});
/* assert on the output */

This ensures that you're testing the behavior the user would see in the browser. Learn more at https://reactjs.org/link/wrap-tests-with-act
    at TestComponent (/opt/stack/AIStudio/node_modules/@testing-library/react/dist/pure.js:329:5)
Warning: An update to TestComponent inside a test was not wrapped in act(...).

When testing, code that causes React state updates should be wrapped into act(...):

act(() => {
  /* fire events that update state */
});
/* assert on the output */

This ensures that you're testing the behavior the user would see in the browser. Learn more at https://reactjs.org/link/wrap-tests-with-act
    at TestComponent (/opt/stack/AIStudio/node_modules/@testing-library/react/dist/pure.js:329:5)
Warning: An update to TestComponent inside a test was not wrapped in act(...).

When testing, code that causes React state updates should be wrapped into act(...):

act(() => {
  /* fire events that update state */
});
/* assert on the output */

This ensures that you're testing the behavior the user would see in the browser. Learn more at https://reactjs.org/link/wrap-tests-with-act
    at TestComponent (/opt/stack/AIStudio/node_modules/@testing-library/react/dist/pure.js:329:5)
Warning: An update to TestComponent inside a test was not wrapped in act(...).

When testing, code that causes React state updates should be wrapped into act(...):

act(() => {
  /* fire events that update state */
});
/* assert on the output */

This ensures that you're testing the behavior the user would see in the browser. Learn more at https://reactjs.org/link/wrap-tests-with-act
    at TestComponent (/opt/stack/AIStudio/node_modules/@testing-library/react/dist/pure.js:329:5)
Warning: An update to TestComponent inside a test was not wrapped in act(...).

When testing, code that causes React state updates should be wrapped into act(...):

act(() => {
  /* fire events that update state */
});
/* assert on the output */

This ensures that you're testing the behavior the user would see in the browser. Learn more at https://reactjs.org/link/wrap-tests-with-act
    at TestComponent (/opt/stack/AIStudio/node_modules/@testing-library/react/dist/pure.js:329:5)
Warning: An update to TestComponent inside a test was not wrapped in act(...).

When testing, code that causes React state updates should be wrapped into act(...):

act(() => {
  /* fire events that update state */
});
/* assert on the output */

This ensures that you're testing the behavior the user would see in the browser. Learn more at https://reactjs.org/link/wrap-tests-with-act
    at TestComponent (/opt/stack/AIStudio/node_modules/@testing-library/react/dist/pure.js:329:5)
Warning: An update to TestComponent inside a test was not wrapped in act(...).

When testing, code that causes React state updates should be wrapped into act(...):

act(() => {
  /* fire events that update state */
});
/* assert on the output */

This ensures that you're testing the behavior the user would see in the browser. Learn more at https://reactjs.org/link/wrap-tests-with-act
    at TestComponent (/opt/stack/AIStudio/node_modules/@testing-library/react/dist/pure.js:329:5)
Warning: An update to TestComponent inside a test was not wrapped in act(...).

When testing, code that causes React state updates should be wrapped into act(...):

act(() => {
  /* fire events that update state */
});
/* assert on the output */

This ensures that you're testing the behavior the user would see in the browser. Learn more at https://reactjs.org/link/wrap-tests-with-act
    at TestComponent (/opt/stack/AIStudio/node_modules/@testing-library/react/dist/pure.js:329:5)
Warning: An update to TestComponent inside a test was not wrapped in act(...).

When testing, code that causes React state updates should be wrapped into act(...):

act(() => {
  /* fire events that update state */
});
/* assert on the output */

This ensures that you're testing the behavior the user would see in the browser. Learn more at https://reactjs.org/link/wrap-tests-with-act
    at TestComponent (/opt/stack/AIStudio/node_modules/@testing-library/react/dist/pure.js:329:5)
Warning: An update to TestComponent inside a test was not wrapped in act(...).

When testing, code that causes React state updates should be wrapped into act(...):

act(() => {
  /* fire events that update state */
});
/* assert on the output */

This ensures that you're testing the behavior the user would see in the browser. Learn more at https://reactjs.org/link/wrap-tests-with-act
    at TestComponent (/opt/stack/AIStudio/node_modules/@testing-library/react/dist/pure.js:329:5)
Warning: An update to TestComponent inside a test was not wrapped in act(...).

When testing, code that causes React state updates should be wrapped into act(...):

act(() => {
  /* fire events that update state */
});
/* assert on the output */

This ensures that you're testing the behavior the user would see in the browser. Learn more at https://reactjs.org/link/wrap-tests-with-act
    at TestComponent (/opt/stack/AIStudio/node_modules/@testing-library/react/dist/pure.js:329:5)
Warning: An update to TestComponent inside a test was not wrapped in act(...).

When testing, code that causes React state updates should be wrapped into act(...):

act(() => {
  /* fire events that update state */
});
/* assert on the output */

This ensures that you're testing the behavior the user would see in the browser. Learn more at https://reactjs.org/link/wrap-tests-with-act
    at TestComponent (/opt/stack/AIStudio/node_modules/@testing-library/react/dist/pure.js:329:5)
Warning: An update to TestComponent inside a test was not wrapped in act(...).

When testing, code that causes React state updates should be wrapped into act(...):

act(() => {
  /* fire events that update state */
});
/* assert on the output */

This ensures that you're testing the behavior the user would see in the browser. Learn more at https://reactjs.org/link/wrap-tests-with-act
    at TestComponent (/opt/stack/AIStudio/node_modules/@testing-library/react/dist/pure.js:329:5)
Warning: An update to TestComponent inside a test was not wrapped in act(...).

When testing, code that causes React state updates should be wrapped into act(...):

act(() => {
  /* fire events that update state */
});
/* assert on the output */

This ensures that you're testing the behavior the user would see in the browser. Learn more at https://reactjs.org/link/wrap-tests-with-act
    at TestComponent (/opt/stack/AIStudio/node_modules/@testing-library/react/dist/pure.js:329:5)
Warning: An update to TestComponent inside a test was not wrapped in act(...).

When testing, code that causes React state updates should be wrapped into act(...):

act(() => {
  /* fire events that update state */
});
/* assert on the output */

This ensures that you're testing the behavior the user would see in the browser. Learn more at https://reactjs.org/link/wrap-tests-with-act
    at TestComponent (/opt/stack/AIStudio/node_modules/@testing-library/react/dist/pure.js:329:5)
Warning: An update to TestComponent inside a test was not wrapped in act(...).

When testing, code that causes React state updates should be wrapped into act(...):

act(() => {
  /* fire events that update state */
});
/* assert on the output */

This ensures that you're testing the behavior the user would see in the browser. Learn more at https://reactjs.org/link/wrap-tests-with-act
    at TestComponent (/opt/stack/AIStudio/node_modules/@testing-library/react/dist/pure.js:329:5)
Warning: An update to TestComponent inside a test was not wrapped in act(...).

When testing, code that causes React state updates should be wrapped into act(...):

act(() => {
  /* fire events that update state */
});
/* assert on the output */

This ensures that you're testing the behavior the user would see in the browser. Learn more at https://reactjs.org/link/wrap-tests-with-act
    at TestComponent (/opt/stack/AIStudio/node_modules/@testing-library/react/dist/pure.js:329:5)
Warning: An update to TestComponent inside a test was not wrapped in act(...).

When testing, code that causes React state updates should be wrapped into act(...):

act(() => {
  /* fire events that update state */
});
/* assert on the output */

This ensures that you're testing the behavior the user would see in the browser. Learn more at https://reactjs.org/link/wrap-tests-with-act
    at TestComponent (/opt/stack/AIStudio/node_modules/@testing-library/react/dist/pure.js:329:5)
Warning: An update to TestComponent inside a test was not wrapped in act(...).

When testing, code that causes React state updates should be wrapped into act(...):

act(() => {
  /* fire events that update state */
});
/* assert on the output */

This ensures that you're testing the behavior the user would see in the browser. Learn more at https://reactjs.org/link/wrap-tests-with-act
    at TestComponent (/opt/stack/AIStudio/node_modules/@testing-library/react/dist/pure.js:329:5)
Warning: An update to TestComponent inside a test was not wrapped in act(...).

When testing, code that causes React state updates should be wrapped into act(...):

act(() => {
  /* fire events that update state */
});
/* assert on the output */

This ensures that you're testing the behavior the user would see in the browser. Learn more at https://reactjs.org/link/wrap-tests-with-act
    at TestComponent (/opt/stack/AIStudio/node_modules/@testing-library/react/dist/pure.js:329:5)
Warning: An update to TestComponent inside a test was not wrapped in act(...).

When testing, code that causes React state updates should be wrapped into act(...):

act(() => {
  /* fire events that update state */
});
/* assert on the output */

This ensures that you're testing the behavior the user would see in the browser. Learn more at https://reactjs.org/link/wrap-tests-with-act
    at TestComponent (/opt/stack/AIStudio/node_modules/@testing-library/react/dist/pure.js:329:5)
Warning: An update to TestComponent inside a test was not wrapped in act(...).

When testing, code that causes React state updates should be wrapped into act(...):

act(() => {
  /* fire events that update state */
});
/* assert on the output */

This ensures that you're testing the behavior the user would see in the browser. Learn more at https://reactjs.org/link/wrap-tests-with-act
    at TestComponent (/opt/stack/AIStudio/node_modules/@testing-library/react/dist/pure.js:329:5)
Warning: An update to TestComponent inside a test was not wrapped in act(...).

When testing, code that causes React state updates should be wrapped into act(...):

act(() => {
  /* fire events that update state */
});
/* assert on the output */

This ensures that you're testing the behavior the user would see in the browser. Learn more at https://reactjs.org/link/wrap-tests-with-act
    at TestComponent (/opt/stack/AIStudio/node_modules/@testing-library/react/dist/pure.js:329:5)
Warning: An update to TestComponent inside a test was not wrapped in act(...).

When testing, code that causes React state updates should be wrapped into act(...):

act(() => {
  /* fire events that update state */
});
/* assert on the output */

This ensures that you're testing the behavior the user would see in the browser. Learn more at https://reactjs.org/link/wrap-tests-with-act
    at TestComponent (/opt/stack/AIStudio/node_modules/@testing-library/react/dist/pure.js:329:5)
Warning: An update to TestComponent inside a test was not wrapped in act(...).

When testing, code that causes React state updates should be wrapped into act(...):

act(() => {
  /* fire events that update state */
});
/* assert on the output */

This ensures that you're testing the behavior the user would see in the browser. Learn more at https://reactjs.org/link/wrap-tests-with-act
    at TestComponent (/opt/stack/AIStudio/node_modules/@testing-library/react/dist/pure.js:329:5)
Warning: An update to TestComponent inside a test was not wrapped in act(...).

When testing, code that causes React state updates should be wrapped into act(...):

act(() => {
  /* fire events that update state */
});
/* assert on the output */

This ensures that you're testing the behavior the user would see in the browser. Learn more at https://reactjs.org/link/wrap-tests-with-act
    at TestComponent (/opt/stack/AIStudio/node_modules/@testing-library/react/dist/pure.js:329:5)
Warning: An update to TestComponent inside a test was not wrapped in act(...).

When testing, code that causes React state updates should be wrapped into act(...):

act(() => {
  /* fire events that update state */
});
/* assert on the output */

This ensures that you're testing the behavior the user would see in the browser. Learn more at https://reactjs.org/link/wrap-tests-with-act
    at TestComponent (/opt/stack/AIStudio/node_modules/@testing-library/react/dist/pure.js:329:5)
Warning: An update to TestComponent inside a test was not wrapped in act(...).

When testing, code that causes React state updates should be wrapped into act(...):

act(() => {
  /* fire events that update state */
});
/* assert on the output */

This ensures that you're testing the behavior the user would see in the browser. Learn more at https://reactjs.org/link/wrap-tests-with-act
    at TestComponent (/opt/stack/AIStudio/node_modules/@testing-library/react/dist/pure.js:329:5)
Warning: An update to TestComponent inside a test was not wrapped in act(...).

When testing, code that causes React state updates should be wrapped into act(...):

act(() => {
  /* fire events that update state */
});
/* assert on the output */

This ensures that you're testing the behavior the user would see in the browser. Learn more at https://reactjs.org/link/wrap-tests-with-act
    at TestComponent (/opt/stack/AIStudio/node_modules/@testing-library/react/dist/pure.js:329:5)
Warning: An update to TestComponent inside a test was not wrapped in act(...).

When testing, code that causes React state updates should be wrapped into act(...):

act(() => {
  /* fire events that update state */
});
/* assert on the output */

This ensures that you're testing the behavior the user would see in the browser. Learn more at https://reactjs.org/link/wrap-tests-with-act
    at TestComponent (/opt/stack/AIStudio/node_modules/@testing-library/react/dist/pure.js:329:5)
Warning: An update to TestComponent inside a test was not wrapped in act(...).

When testing, code that causes React state updates should be wrapped into act(...):

act(() => {
  /* fire events that update state */
});
/* assert on the output */

This ensures that you're testing the behavior the user would see in the browser. Learn more at https://reactjs.org/link/wrap-tests-with-act
    at TestComponent (/opt/stack/AIStudio/node_modules/@testing-library/react/dist/pure.js:329:5)
Warning: An update to TestComponent inside a test was not wrapped in act(...).

When testing, code that causes React state updates should be wrapped into act(...):

act(() => {
  /* fire events that update state */
});
/* assert on the output */

This ensures that you're testing the behavior the user would see in the browser. Learn more at https://reactjs.org/link/wrap-tests-with-act
    at TestComponent (/opt/stack/AIStudio/node_modules/@testing-library/react/dist/pure.js:329:5)
Warning: An update to TestComponent inside a test was not wrapped in act(...).

When testing, code that causes React state updates should be wrapped into act(...):

act(() => {
  /* fire events that update state */
});
/* assert on the output */

This ensures that you're testing the behavior the user would see in the browser. Learn more at https://reactjs.org/link/wrap-tests-with-act
    at TestComponent (/opt/stack/AIStudio/node_modules/@testing-library/react/dist/pure.js:329:5)
Warning: An update to TestComponent inside a test was not wrapped in act(...).

When testing, code that causes React state updates should be wrapped into act(...):

act(() => {
  /* fire events that update state */
});
/* assert on the output */

This ensures that you're testing the behavior the user would see in the browser. Learn more at https://reactjs.org/link/wrap-tests-with-act
    at TestComponent (/opt/stack/AIStudio/node_modules/@testing-library/react/dist/pure.js:329:5)
Warning: An update to TestComponent inside a test was not wrapped in act(...).

When testing, code that causes React state updates should be wrapped into act(...):

act(() => {
  /* fire events that update state */
});
/* assert on the output */

This ensures that you're testing the behavior the user would see in the browser. Learn more at https://reactjs.org/link/wrap-tests-with-act
    at TestComponent (/opt/stack/AIStudio/node_modules/@testing-library/react/dist/pure.js:329:5)
Warning: An update to TestComponent inside a test was not wrapped in act(...).

When testing, code that causes React state updates should be wrapped into act(...):

act(() => {
  /* fire events that update state */
});
/* assert on the output */

This ensures that you're testing the behavior the user would see in the browser. Learn more at https://reactjs.org/link/wrap-tests-with-act
    at TestComponent (/opt/stack/AIStudio/node_modules/@testing-library/react/dist/pure.js:329:5)
Warning: An update to TestComponent inside a test was not wrapped in act(...).

When testing, code that causes React state updates should be wrapped into act(...):

act(() => {
  /* fire events that update state */
});
/* assert on the output */

This ensures that you're testing the behavior the user would see in the browser. Learn more at https://reactjs.org/link/wrap-tests-with-act
    at TestComponent (/opt/stack/AIStudio/node_modules/@testing-library/react/dist/pure.js:329:5)
Warning: An update to TestComponent inside a test was not wrapped in act(...).

When testing, code that causes React state updates should be wrapped into act(...):

act(() => {
  /* fire events that update state */
});
/* assert on the output */

This ensures that you're testing the behavior the user would see in the browser. Learn more at https://reactjs.org/link/wrap-tests-with-act
    at TestComponent (/opt/stack/AIStudio/node_modules/@testing-library/react/dist/pure.js:329:5)
Warning: An update to TestComponent inside a test was not wrapped in act(...).

When testing, code that causes React state updates should be wrapped into act(...):

act(() => {
  /* fire events that update state */
});
/* assert on the output */

This ensures that you're testing the behavior the user would see in the browser. Learn more at https://reactjs.org/link/wrap-tests-with-act
    at TestComponent (/opt/stack/AIStudio/node_modules/@testing-library/react/dist/pure.js:329:5)
Warning: An update to TestComponent inside a test was not wrapped in act(...).

When testing, code that causes React state updates should be wrapped into act(...):

act(() => {
  /* fire events that update state */
});
/* assert on the output */

This ensures that you're testing the behavior the user would see in the browser. Learn more at https://reactjs.org/link/wrap-tests-with-act
    at TestComponent (/opt/stack/AIStudio/node_modules/@testing-library/react/dist/pure.js:329:5)
Warning: An update to TestComponent inside a test was not wrapped in act(...).

When testing, code that causes React state updates should be wrapped into act(...):

act(() => {
  /* fire events that update state */
});
/* assert on the output */

This ensures that you're testing the behavior the user would see in the browser. Learn more at https://reactjs.org/link/wrap-tests-with-act
    at TestComponent (/opt/stack/AIStudio/node_modules/@testing-library/react/dist/pure.js:329:5)
Warning: An update to TestComponent inside a test was not wrapped in act(...).

When testing, code that causes React state updates should be wrapped into act(...):

act(() => {
  /* fire events that update state */
});
/* assert on the output */

This ensures that you're testing the behavior the user would see in the browser. Learn more at https://reactjs.org/link/wrap-tests-with-act
    at TestComponent (/opt/stack/AIStudio/node_modules/@testing-library/react/dist/pure.js:329:5)

stderr | src/hooks/__tests__/useAnalysisPolling.test.ts > useAnalysisPolling > should not start analysis when already analyzing
Warning: An update to TestComponent inside a test was not wrapped in act(...).

When testing, code that causes React state updates should be wrapped into act(...):

act(() => {
  /* fire events that update state */
});
/* assert on the output */

This ensures that you're testing the behavior the user would see in the browser. Learn more at https://reactjs.org/link/wrap-tests-with-act
    at TestComponent (/opt/stack/AIStudio/node_modules/@testing-library/react/dist/pure.js:329:5)
Warning: An update to TestComponent inside a test was not wrapped in act(...).

When testing, code that causes React state updates should be wrapped into act(...):

act(() => {
  /* fire events that update state */
});
/* assert on the output */

This ensures that you're testing the behavior the user would see in the browser. Learn more at https://reactjs.org/link/wrap-tests-with-act
    at TestComponent (/opt/stack/AIStudio/node_modules/@testing-library/react/dist/pure.js:329:5)
Warning: An update to TestComponent inside a test was not wrapped in act(...).

When testing, code that causes React state updates should be wrapped into act(...):

act(() => {
  /* fire events that update state */
});
/* assert on the output */

This ensures that you're testing the behavior the user would see in the browser. Learn more at https://reactjs.org/link/wrap-tests-with-act
    at TestComponent (/opt/stack/AIStudio/node_modules/@testing-library/react/dist/pure.js:329:5)
Warning: An update to TestComponent inside a test was not wrapped in act(...).

When testing, code that causes React state updates should be wrapped into act(...):

act(() => {
  /* fire events that update state */
});
/* assert on the output */

This ensures that you're testing the behavior the user would see in the browser. Learn more at https://reactjs.org/link/wrap-tests-with-act
    at TestComponent (/opt/stack/AIStudio/node_modules/@testing-library/react/dist/pure.js:329:5)
Warning: An update to TestComponent inside a test was not wrapped in act(...).

When testing, code that causes React state updates should be wrapped into act(...):

act(() => {
  /* fire events that update state */
});
/* assert on the output */

This ensures that you're testing the behavior the user would see in the browser. Learn more at https://reactjs.org/link/wrap-tests-with-act
    at TestComponent (/opt/stack/AIStudio/node_modules/@testing-library/react/dist/pure.js:329:5)
Warning: An update to TestComponent inside a test was not wrapped in act(...).

When testing, code that causes React state updates should be wrapped into act(...):

act(() => {
  /* fire events that update state */
});
/* assert on the output */

This ensures that you're testing the behavior the user would see in the browser. Learn more at https://reactjs.org/link/wrap-tests-with-act
    at TestComponent (/opt/stack/AIStudio/node_modules/@testing-library/react/dist/pure.js:329:5)
Warning: An update to TestComponent inside a test was not wrapped in act(...).

When testing, code that causes React state updates should be wrapped into act(...):

act(() => {
  /* fire events that update state */
});
/* assert on the output */

This ensures that you're testing the behavior the user would see in the browser. Learn more at https://reactjs.org/link/wrap-tests-with-act
    at TestComponent (/opt/stack/AIStudio/node_modules/@testing-library/react/dist/pure.js:329:5)
Warning: An update to TestComponent inside a test was not wrapped in act(...).

When testing, code that causes React state updates should be wrapped into act(...):

act(() => {
  /* fire events that update state */
});
/* assert on the output */

This ensures that you're testing the behavior the user would see in the browser. Learn more at https://reactjs.org/link/wrap-tests-with-act
    at TestComponent (/opt/stack/AIStudio/node_modules/@testing-library/react/dist/pure.js:329:5)
Warning: An update to TestComponent inside a test was not wrapped in act(...).

When testing, code that causes React state updates should be wrapped into act(...):

act(() => {
  /* fire events that update state */
});
/* assert on the output */

This ensures that you're testing the behavior the user would see in the browser. Learn more at https://reactjs.org/link/wrap-tests-with-act
    at TestComponent (/opt/stack/AIStudio/node_modules/@testing-library/react/dist/pure.js:329:5)
Warning: An update to TestComponent inside a test was not wrapped in act(...).

When testing, code that causes React state updates should be wrapped into act(...):

act(() => {
  /* fire events that update state */
});
/* assert on the output */

This ensures that you're testing the behavior the user would see in the browser. Learn more at https://reactjs.org/link/wrap-tests-with-act
    at TestComponent (/opt/stack/AIStudio/node_modules/@testing-library/react/dist/pure.js:329:5)
Warning: An update to TestComponent inside a test was not wrapped in act(...).

When testing, code that causes React state updates should be wrapped into act(...):

act(() => {
  /* fire events that update state */
});
/* assert on the output */

This ensures that you're testing the behavior the user would see in the browser. Learn more at https://reactjs.org/link/wrap-tests-with-act
    at TestComponent (/opt/stack/AIStudio/node_modules/@testing-library/react/dist/pure.js:329:5)
Warning: An update to TestComponent inside a test was not wrapped in act(...).

When testing, code that causes React state updates should be wrapped into act(...):

act(() => {
  /* fire events that update state */
});
/* assert on the output */

This ensures that you're testing the behavior the user would see in the browser. Learn more at https://reactjs.org/link/wrap-tests-with-act
    at TestComponent (/opt/stack/AIStudio/node_modules/@testing-library/react/dist/pure.js:329:5)
Warning: An update to TestComponent inside a test was not wrapped in act(...).

When testing, code that causes React state updates should be wrapped into act(...):

act(() => {
  /* fire events that update state */
});
/* assert on the output */

This ensures that you're testing the behavior the user would see in the browser. Learn more at https://reactjs.org/link/wrap-tests-with-act
    at TestComponent (/opt/stack/AIStudio/node_modules/@testing-library/react/dist/pure.js:329:5)
Warning: An update to TestComponent inside a test was not wrapped in act(...).

When testing, code that causes React state updates should be wrapped into act(...):

act(() => {
  /* fire events that update state */
});
/* assert on the output */

This ensures that you're testing the behavior the user would see in the browser. Learn more at https://reactjs.org/link/wrap-tests-with-act
    at TestComponent (/opt/stack/AIStudio/node_modules/@testing-library/react/dist/pure.js:329:5)
Warning: An update to TestComponent inside a test was not wrapped in act(...).

When testing, code that causes React state updates should be wrapped into act(...):

act(() => {
  /* fire events that update state */
});
/* assert on the output */

This ensures that you're testing the behavior the user would see in the browser. Learn more at https://reactjs.org/link/wrap-tests-with-act
    at TestComponent (/opt/stack/AIStudio/node_modules/@testing-library/react/dist/pure.js:329:5)
Warning: An update to TestComponent inside a test was not wrapped in act(...).

When testing, code that causes React state updates should be wrapped into act(...):

act(() => {
  /* fire events that update state */
});
/* assert on the output */

This ensures that you're testing the behavior the user would see in the browser. Learn more at https://reactjs.org/link/wrap-tests-with-act
    at TestComponent (/opt/stack/AIStudio/node_modules/@testing-library/react/dist/pure.js:329:5)
Warning: An update to TestComponent inside a test was not wrapped in act(...).

When testing, code that causes React state updates should be wrapped into act(...):

act(() => {
  /* fire events that update state */
});
/* assert on the output */

This ensures that you're testing the behavior the user would see in the browser. Learn more at https://reactjs.org/link/wrap-tests-with-act
    at TestComponent (/opt/stack/AIStudio/node_modules/@testing-library/react/dist/pure.js:329:5)
Warning: An update to TestComponent inside a test was not wrapped in act(...).

When testing, code that causes React state updates should be wrapped into act(...):

act(() => {
  /* fire events that update state */
});
/* assert on the output */

This ensures that you're testing the behavior the user would see in the browser. Learn more at https://reactjs.org/link/wrap-tests-with-act
    at TestComponent (/opt/stack/AIStudio/node_modules/@testing-library/react/dist/pure.js:329:5)
Warning: An update to TestComponent inside a test was not wrapped in act(...).

When testing, code that causes React state updates should be wrapped into act(...):

act(() => {
  /* fire events that update state */
});
/* assert on the output */

This ensures that you're testing the behavior the user would see in the browser. Learn more at https://reactjs.org/link/wrap-tests-with-act
    at TestComponent (/opt/stack/AIStudio/node_modules/@testing-library/react/dist/pure.js:329:5)
Warning: An update to TestComponent inside a test was not wrapped in act(...).

When testing, code that causes React state updates should be wrapped into act(...):

act(() => {
  /* fire events that update state */
});
/* assert on the output */

This ensures that you're testing the behavior the user would see in the browser. Learn more at https://reactjs.org/link/wrap-tests-with-act
    at TestComponent (/opt/stack/AIStudio/node_modules/@testing-library/react/dist/pure.js:329:5)
Warning: An update to TestComponent inside a test was not wrapped in act(...).

When testing, code that causes React state updates should be wrapped into act(...):

act(() => {
  /* fire events that update state */
});
/* assert on the output */

This ensures that you're testing the behavior the user would see in the browser. Learn more at https://reactjs.org/link/wrap-tests-with-act
    at TestComponent (/opt/stack/AIStudio/node_modules/@testing-library/react/dist/pure.js:329:5)
Warning: An update to TestComponent inside a test was not wrapped in act(...).

When testing, code that causes React state updates should be wrapped into act(...):

act(() => {
  /* fire events that update state */
});
/* assert on the output */

This ensures that you're testing the behavior the user would see in the browser. Learn more at https://reactjs.org/link/wrap-tests-with-act
    at TestComponent (/opt/stack/AIStudio/node_modules/@testing-library/react/dist/pure.js:329:5)
Warning: An update to TestComponent inside a test was not wrapped in act(...).

When testing, code that causes React state updates should be wrapped into act(...):

act(() => {
  /* fire events that update state */
});
/* assert on the output */

This ensures that you're testing the behavior the user would see in the browser. Learn more at https://reactjs.org/link/wrap-tests-with-act
    at TestComponent (/opt/stack/AIStudio/node_modules/@testing-library/react/dist/pure.js:329:5)
Warning: An update to TestComponent inside a test was not wrapped in act(...).

When testing, code that causes React state updates should be wrapped into act(...):

act(() => {
  /* fire events that update state */
});
/* assert on the output */

This ensures that you're testing the behavior the user would see in the browser. Learn more at https://reactjs.org/link/wrap-tests-with-act
    at TestComponent (/opt/stack/AIStudio/node_modules/@testing-library/react/dist/pure.js:329:5)
Warning: An update to TestComponent inside a test was not wrapped in act(...).

When testing, code that causes React state updates should be wrapped into act(...):

act(() => {
  /* fire events that update state */
});
/* assert on the output */

This ensures that you're testing the behavior the user would see in the browser. Learn more at https://reactjs.org/link/wrap-tests-with-act
    at TestComponent (/opt/stack/AIStudio/node_modules/@testing-library/react/dist/pure.js:329:5)
Warning: An update to TestComponent inside a test was not wrapped in act(...).

When testing, code that causes React state updates should be wrapped into act(...):

act(() => {
  /* fire events that update state */
});
/* assert on the output */

This ensures that you're testing the behavior the user would see in the browser. Learn more at https://reactjs.org/link/wrap-tests-with-act
    at TestComponent (/opt/stack/AIStudio/node_modules/@testing-library/react/dist/pure.js:329:5)
Warning: An update to TestComponent inside a test was not wrapped in act(...).

When testing, code that causes React state updates should be wrapped into act(...):

act(() => {
  /* fire events that update state */
});
/* assert on the output */

This ensures that you're testing the behavior the user would see in the browser. Learn more at https://reactjs.org/link/wrap-tests-with-act
    at TestComponent (/opt/stack/AIStudio/node_modules/@testing-library/react/dist/pure.js:329:5)
Warning: An update to TestComponent inside a test was not wrapped in act(...).

When testing, code that causes React state updates should be wrapped into act(...):

act(() => {
  /* fire events that update state */
});
/* assert on the output */

This ensures that you're testing the behavior the user would see in the browser. Learn more at https://reactjs.org/link/wrap-tests-with-act
    at TestComponent (/opt/stack/AIStudio/node_modules/@testing-library/react/dist/pure.js:329:5)
Warning: An update to TestComponent inside a test was not wrapped in act(...).

When testing, code that causes React state updates should be wrapped into act(...):

act(() => {
  /* fire events that update state */
});
/* assert on the output */

This ensures that you're testing the behavior the user would see in the browser. Learn more at https://reactjs.org/link/wrap-tests-with-act
    at TestComponent (/opt/stack/AIStudio/node_modules/@testing-library/react/dist/pure.js:329:5)
Warning: An update to TestComponent inside a test was not wrapped in act(...).

When testing, code that causes React state updates should be wrapped into act(...):

act(() => {
  /* fire events that update state */
});
/* assert on the output */

This ensures that you're testing the behavior the user would see in the browser. Learn more at https://reactjs.org/link/wrap-tests-with-act
    at TestComponent (/opt/stack/AIStudio/node_modules/@testing-library/react/dist/pure.js:329:5)
Warning: An update to TestComponent inside a test was not wrapped in act(...).

When testing, code that causes React state updates should be wrapped into act(...):

act(() => {
  /* fire events that update state */
});
/* assert on the output */

This ensures that you're testing the behavior the user would see in the browser. Learn more at https://reactjs.org/link/wrap-tests-with-act
    at TestComponent (/opt/stack/AIStudio/node_modules/@testing-library/react/dist/pure.js:329:5)
Warning: An update to TestComponent inside a test was not wrapped in act(...).

When testing, code that causes React state updates should be wrapped into act(...):

act(() => {
  /* fire events that update state */
});
/* assert on the output */

This ensures that you're testing the behavior the user would see in the browser. Learn more at https://reactjs.org/link/wrap-tests-with-act
    at TestComponent (/opt/stack/AIStudio/node_modules/@testing-library/react/dist/pure.js:329:5)
Warning: An update to TestComponent inside a test was not wrapped in act(...).

When testing, code that causes React state updates should be wrapped into act(...):

act(() => {
  /* fire events that update state */
});
/* assert on the output */

This ensures that you're testing the behavior the user would see in the browser. Learn more at https://reactjs.org/link/wrap-tests-with-act
    at TestComponent (/opt/stack/AIStudio/node_modules/@testing-library/react/dist/pure.js:329:5)
Warning: An update to TestComponent inside a test was not wrapped in act(...).

When testing, code that causes React state updates should be wrapped into act(...):

act(() => {
  /* fire events that update state */
});
/* assert on the output */

This ensures that you're testing the behavior the user would see in the browser. Learn more at https://reactjs.org/link/wrap-tests-with-act
    at TestComponent (/opt/stack/AIStudio/node_modules/@testing-library/react/dist/pure.js:329:5)
Warning: An update to TestComponent inside a test was not wrapped in act(...).

When testing, code that causes React state updates should be wrapped into act(...):

act(() => {
  /* fire events that update state */
});
/* assert on the output */

This ensures that you're testing the behavior the user would see in the browser. Learn more at https://reactjs.org/link/wrap-tests-with-act
    at TestComponent (/opt/stack/AIStudio/node_modules/@testing-library/react/dist/pure.js:329:5)
Warning: An update to TestComponent inside a test was not wrapped in act(...).

When testing, code that causes React state updates should be wrapped into act(...):

act(() => {
  /* fire events that update state */
});
/* assert on the output */

This ensures that you're testing the behavior the user would see in the browser. Learn more at https://reactjs.org/link/wrap-tests-with-act
    at TestComponent (/opt/stack/AIStudio/node_modules/@testing-library/react/dist/pure.js:329:5)
Warning: An update to TestComponent inside a test was not wrapped in act(...).

When testing, code that causes React state updates should be wrapped into act(...):

act(() => {
  /* fire events that update state */
});
/* assert on the output */

This ensures that you're testing the behavior the user would see in the browser. Learn more at https://reactjs.org/link/wrap-tests-with-act
    at TestComponent (/opt/stack/AIStudio/node_modules/@testing-library/react/dist/pure.js:329:5)
Warning: An update to TestComponent inside a test was not wrapped in act(...).

When testing, code that causes React state updates should be wrapped into act(...):

act(() => {
  /* fire events that update state */
});
/* assert on the output */

This ensures that you're testing the behavior the user would see in the browser. Learn more at https://reactjs.org/link/wrap-tests-with-act
    at TestComponent (/opt/stack/AIStudio/node_modules/@testing-library/react/dist/pure.js:329:5)
Warning: An update to TestComponent inside a test was not wrapped in act(...).

When testing, code that causes React state updates should be wrapped into act(...):

act(() => {
  /* fire events that update state */
});
/* assert on the output */

This ensures that you're testing the behavior the user would see in the browser. Learn more at https://reactjs.org/link/wrap-tests-with-act
    at TestComponent (/opt/stack/AIStudio/node_modules/@testing-library/react/dist/pure.js:329:5)
Warning: An update to TestComponent inside a test was not wrapped in act(...).

When testing, code that causes React state updates should be wrapped into act(...):

act(() => {
  /* fire events that update state */
});
/* assert on the output */

This ensures that you're testing the behavior the user would see in the browser. Learn more at https://reactjs.org/link/wrap-tests-with-act
    at TestComponent (/opt/stack/AIStudio/node_modules/@testing-library/react/dist/pure.js:329:5)
Warning: An update to TestComponent inside a test was not wrapped in act(...).

When testing, code that causes React state updates should be wrapped into act(...):

act(() => {
  /* fire events that update state */
});
/* assert on the output */

This ensures that you're testing the behavior the user would see in the browser. Learn more at https://reactjs.org/link/wrap-tests-with-act
    at TestComponent (/opt/stack/AIStudio/node_modules/@testing-library/react/dist/pure.js:329:5)
Warning: An update to TestComponent inside a test was not wrapped in act(...).

When testing, code that causes React state updates should be wrapped into act(...):

act(() => {
  /* fire events that update state */
});
/* assert on the output */

This ensures that you're testing the behavior the user would see in the browser. Learn more at https://reactjs.org/link/wrap-tests-with-act
    at TestComponent (/opt/stack/AIStudio/node_modules/@testing-library/react/dist/pure.js:329:5)
Warning: An update to TestComponent inside a test was not wrapped in act(...).

When testing, code that causes React state updates should be wrapped into act(...):

act(() => {
  /* fire events that update state */
});
/* assert on the output */

This ensures that you're testing the behavior the user would see in the browser. Learn more at https://reactjs.org/link/wrap-tests-with-act
    at TestComponent (/opt/stack/AIStudio/node_modules/@testing-library/react/dist/pure.js:329:5)
Warning: An update to TestComponent inside a test was not wrapped in act(...).

When testing, code that causes React state updates should be wrapped into act(...):

act(() => {
  /* fire events that update state */
});
/* assert on the output */

This ensures that you're testing the behavior the user would see in the browser. Learn more at https://reactjs.org/link/wrap-tests-with-act
    at TestComponent (/opt/stack/AIStudio/node_modules/@testing-library/react/dist/pure.js:329:5)
Warning: An update to TestComponent inside a test was not wrapped in act(...).

When testing, code that causes React state updates should be wrapped into act(...):

act(() => {
  /* fire events that update state */
});
/* assert on the output */

This ensures that you're testing the behavior the user would see in the browser. Learn more at https://reactjs.org/link/wrap-tests-with-act
    at TestComponent (/opt/stack/AIStudio/node_modules/@testing-library/react/dist/pure.js:329:5)
Warning: An update to TestComponent inside a test was not wrapped in act(...).

When testing, code that causes React state updates should be wrapped into act(...):

act(() => {
  /* fire events that update state */
});
/* assert on the output */

This ensures that you're testing the behavior the user would see in the browser. Learn more at https://reactjs.org/link/wrap-tests-with-act
    at TestComponent (/opt/stack/AIStudio/node_modules/@testing-library/react/dist/pure.js:329:5)
Warning: An update to TestComponent inside a test was not wrapped in act(...).

When testing, code that causes React state updates should be wrapped into act(...):

act(() => {
  /* fire events that update state */
});
/* assert on the output */

This ensures that you're testing the behavior the user would see in the browser. Learn more at https://reactjs.org/link/wrap-tests-with-act
    at TestComponent (/opt/stack/AIStudio/node_modules/@testing-library/react/dist/pure.js:329:5)
Warning: An update to TestComponent inside a test was not wrapped in act(...).

When testing, code that causes React state updates should be wrapped into act(...):

act(() => {
  /* fire events that update state */
});
/* assert on the output */

This ensures that you're testing the behavior the user would see in the browser. Learn more at https://reactjs.org/link/wrap-tests-with-act
    at TestComponent (/opt/stack/AIStudio/node_modules/@testing-library/react/dist/pure.js:329:5)
Warning: An update to TestComponent inside a test was not wrapped in act(...).

When testing, code that causes React state updates should be wrapped into act(...):

act(() => {
  /* fire events that update state */
});
/* assert on the output */

This ensures that you're testing the behavior the user would see in the browser. Learn more at https://reactjs.org/link/wrap-tests-with-act
    at TestComponent (/opt/stack/AIStudio/node_modules/@testing-library/react/dist/pure.js:329:5)
Warning: An update to TestComponent inside a test was not wrapped in act(...).

When testing, code that causes React state updates should be wrapped into act(...):

act(() => {
  /* fire events that update state */
});
/* assert on the output */

This ensures that you're testing the behavior the user would see in the browser. Learn more at https://reactjs.org/link/wrap-tests-with-act
    at TestComponent (/opt/stack/AIStudio/node_modules/@testing-library/react/dist/pure.js:329:5)
Warning: An update to TestComponent inside a test was not wrapped in act(...).

When testing, code that causes React state updates should be wrapped into act(...):

act(() => {
  /* fire events that update state */
});
/* assert on the output */

This ensures that you're testing the behavior the user would see in the browser. Learn more at https://reactjs.org/link/wrap-tests-with-act
    at TestComponent (/opt/stack/AIStudio/node_modules/@testing-library/react/dist/pure.js:329:5)
Warning: An update to TestComponent inside a test was not wrapped in act(...).

When testing, code that causes React state updates should be wrapped into act(...):

act(() => {
  /* fire events that update state */
});
/* assert on the output */

This ensures that you're testing the behavior the user would see in the browser. Learn more at https://reactjs.org/link/wrap-tests-with-act
    at TestComponent (/opt/stack/AIStudio/node_modules/@testing-library/react/dist/pure.js:329:5)
Warning: An update to TestComponent inside a test was not wrapped in act(...).

When testing, code that causes React state updates should be wrapped into act(...):

act(() => {
  /* fire events that update state */
});
/* assert on the output */

This ensures that you're testing the behavior the user would see in the browser. Learn more at https://reactjs.org/link/wrap-tests-with-act
    at TestComponent (/opt/stack/AIStudio/node_modules/@testing-library/react/dist/pure.js:329:5)
Warning: An update to TestComponent inside a test was not wrapped in act(...).

When testing, code that causes React state updates should be wrapped into act(...):

act(() => {
  /* fire events that update state */
});
/* assert on the output */

This ensures that you're testing the behavior the user would see in the browser. Learn more at https://reactjs.org/link/wrap-tests-with-act
    at TestComponent (/opt/stack/AIStudio/node_modules/@testing-library/react/dist/pure.js:329:5)
Warning: An update to TestComponent inside a test was not wrapped in act(...).

When testing, code that causes React state updates should be wrapped into act(...):

act(() => {
  /* fire events that update state */
});
/* assert on the output */

This ensures that you're testing the behavior the user would see in the browser. Learn more at https://reactjs.org/link/wrap-tests-with-act
    at TestComponent (/opt/stack/AIStudio/node_modules/@testing-library/react/dist/pure.js:329:5)
Warning: An update to TestComponent inside a test was not wrapped in act(...).

When testing, code that causes React state updates should be wrapped into act(...):

act(() => {
  /* fire events that update state */
});
/* assert on the output */

This ensures that you're testing the behavior the user would see in the browser. Learn more at https://reactjs.org/link/wrap-tests-with-act
    at TestComponent (/opt/stack/AIStudio/node_modules/@testing-library/react/dist/pure.js:329:5)
Warning: An update to TestComponent inside a test was not wrapped in act(...).

When testing, code that causes React state updates should be wrapped into act(...):

act(() => {
  /* fire events that update state */
});
/* assert on the output */

This ensures that you're testing the behavior the user would see in the browser. Learn more at https://reactjs.org/link/wrap-tests-with-act
    at TestComponent (/opt/stack/AIStudio/node_modules/@testing-library/react/dist/pure.js:329:5)
Warning: An update to TestComponent inside a test was not wrapped in act(...).

When testing, code that causes React state updates should be wrapped into act(...):

act(() => {
  /* fire events that update state */
});
/* assert on the output */

This ensures that you're testing the behavior the user would see in the browser. Learn more at https://reactjs.org/link/wrap-tests-with-act
    at TestComponent (/opt/stack/AIStudio/node_modules/@testing-library/react/dist/pure.js:329:5)
Warning: An update to TestComponent inside a test was not wrapped in act(...).

When testing, code that causes React state updates should be wrapped into act(...):

act(() => {
  /* fire events that update state */
});
/* assert on the output */

This ensures that you're testing the behavior the user would see in the browser. Learn more at https://reactjs.org/link/wrap-tests-with-act
    at TestComponent (/opt/stack/AIStudio/node_modules/@testing-library/react/dist/pure.js:329:5)
Warning: An update to TestComponent inside a test was not wrapped in act(...).

When testing, code that causes React state updates should be wrapped into act(...):

act(() => {
  /* fire events that update state */
});
/* assert on the output */

This ensures that you're testing the behavior the user would see in the browser. Learn more at https://reactjs.org/link/wrap-tests-with-act
    at TestComponent (/opt/stack/AIStudio/node_modules/@testing-library/react/dist/pure.js:329:5)
Warning: An update to TestComponent inside a test was not wrapped in act(...).

When testing, code that causes React state updates should be wrapped into act(...):

act(() => {
  /* fire events that update state */
});
/* assert on the output */

This ensures that you're testing the behavior the user would see in the browser. Learn more at https://reactjs.org/link/wrap-tests-with-act
    at TestComponent (/opt/stack/AIStudio/node_modules/@testing-library/react/dist/pure.js:329:5)
Warning: An update to TestComponent inside a test was not wrapped in act(...).

When testing, code that causes React state updates should be wrapped into act(...):

act(() => {
  /* fire events that update state */
});
/* assert on the output */

This ensures that you're testing the behavior the user would see in the browser. Learn more at https://reactjs.org/link/wrap-tests-with-act
    at TestComponent (/opt/stack/AIStudio/node_modules/@testing-library/react/dist/pure.js:329:5)
Warning: An update to TestComponent inside a test was not wrapped in act(...).

When testing, code that causes React state updates should be wrapped into act(...):

act(() => {
  /* fire events that update state */
});
/* assert on the output */

This ensures that you're testing the behavior the user would see in the browser. Learn more at https://reactjs.org/link/wrap-tests-with-act
    at TestComponent (/opt/stack/AIStudio/node_modules/@testing-library/react/dist/pure.js:329:5)
Warning: An update to TestComponent inside a test was not wrapped in act(...).

When testing, code that causes React state updates should be wrapped into act(...):

act(() => {
  /* fire events that update state */
});
/* assert on the output */

This ensures that you're testing the behavior the user would see in the browser. Learn more at https://reactjs.org/link/wrap-tests-with-act
    at TestComponent (/opt/stack/AIStudio/node_modules/@testing-library/react/dist/pure.js:329:5)
Warning: An update to TestComponent inside a test was not wrapped in act(...).

When testing, code that causes React state updates should be wrapped into act(...):

act(() => {
  /* fire events that update state */
});
/* assert on the output */

This ensures that you're testing the behavior the user would see in the browser. Learn more at https://reactjs.org/link/wrap-tests-with-act
    at TestComponent (/opt/stack/AIStudio/node_modules/@testing-library/react/dist/pure.js:329:5)
Warning: An update to TestComponent inside a test was not wrapped in act(...).

When testing, code that causes React state updates should be wrapped into act(...):

act(() => {
  /* fire events that update state */
});
/* assert on the output */

This ensures that you're testing the behavior the user would see in the browser. Learn more at https://reactjs.org/link/wrap-tests-with-act
    at TestComponent (/opt/stack/AIStudio/node_modules/@testing-library/react/dist/pure.js:329:5)
Warning: An update to TestComponent inside a test was not wrapped in act(...).

When testing, code that causes React state updates should be wrapped into act(...):

act(() => {
  /* fire events that update state */
});
/* assert on the output */

This ensures that you're testing the behavior the user would see in the browser. Learn more at https://reactjs.org/link/wrap-tests-with-act
    at TestComponent (/opt/stack/AIStudio/node_modules/@testing-library/react/dist/pure.js:329:5)
Warning: An update to TestComponent inside a test was not wrapped in act(...).

When testing, code that causes React state updates should be wrapped into act(...):

act(() => {
  /* fire events that update state */
});
/* assert on the output */

This ensures that you're testing the behavior the user would see in the browser. Learn more at https://reactjs.org/link/wrap-tests-with-act
    at TestComponent (/opt/stack/AIStudio/node_modules/@testing-library/react/dist/pure.js:329:5)
Warning: An update to TestComponent inside a test was not wrapped in act(...).

When testing, code that causes React state updates should be wrapped into act(...):

act(() => {
  /* fire events that update state */
});
/* assert on the output */

This ensures that you're testing the behavior the user would see in the browser. Learn more at https://reactjs.org/link/wrap-tests-with-act
    at TestComponent (/opt/stack/AIStudio/node_modules/@testing-library/react/dist/pure.js:329:5)
Warning: An update to TestComponent inside a test was not wrapped in act(...).

When testing, code that causes React state updates should be wrapped into act(...):

act(() => {
  /* fire events that update state */
});
/* assert on the output */

This ensures that you're testing the behavior the user would see in the browser. Learn more at https://reactjs.org/link/wrap-tests-with-act
    at TestComponent (/opt/stack/AIStudio/node_modules/@testing-library/react/dist/pure.js:329:5)
Warning: An update to TestComponent inside a test was not wrapped in act(...).

When testing, code that causes React state updates should be wrapped into act(...):

act(() => {
  /* fire events that update state */
});
/* assert on the output */

This ensures that you're testing the behavior the user would see in the browser. Learn more at https://reactjs.org/link/wrap-tests-with-act
    at TestComponent (/opt/stack/AIStudio/node_modules/@testing-library/react/dist/pure.js:329:5)
Warning: An update to TestComponent inside a test was not wrapped in act(...).

When testing, code that causes React state updates should be wrapped into act(...):

act(() => {
  /* fire events that update state */
});
/* assert on the output */

This ensures that you're testing the behavior the user would see in the browser. Learn more at https://reactjs.org/link/wrap-tests-with-act
    at TestComponent (/opt/stack/AIStudio/node_modules/@testing-library/react/dist/pure.js:329:5)
Warning: An update to TestComponent inside a test was not wrapped in act(...).

When testing, code that causes React state updates should be wrapped into act(...):

act(() => {
  /* fire events that update state */
});
/* assert on the output */

This ensures that you're testing the behavior the user would see in the browser. Learn more at https://reactjs.org/link/wrap-tests-with-act
    at TestComponent (/opt/stack/AIStudio/node_modules/@testing-library/react/dist/pure.js:329:5)
Warning: An update to TestComponent inside a test was not wrapped in act(...).

When testing, code that causes React state updates should be wrapped into act(...):

act(() => {
  /* fire events that update state */
});
/* assert on the output */

This ensures that you're testing the behavior the user would see in the browser. Learn more at https://reactjs.org/link/wrap-tests-with-act
    at TestComponent (/opt/stack/AIStudio/node_modules/@testing-library/react/dist/pure.js:329:5)
Warning: An update to TestComponent inside a test was not wrapped in act(...).

When testing, code that causes React state updates should be wrapped into act(...):

act(() => {
  /* fire events that update state */
});
/* assert on the output */

This ensures that you're testing the behavior the user would see in the browser. Learn more at https://reactjs.org/link/wrap-tests-with-act
    at TestComponent (/opt/stack/AIStudio/node_modules/@testing-library/react/dist/pure.js:329:5)
Warning: An update to TestComponent inside a test was not wrapped in act(...).

When testing, code that causes React state updates should be wrapped into act(...):

act(() => {
  /* fire events that update state */
});
/* assert on the output */

This ensures that you're testing the behavior the user would see in the browser. Learn more at https://reactjs.org/link/wrap-tests-with-act
    at TestComponent (/opt/stack/AIStudio/node_modules/@testing-library/react/dist/pure.js:329:5)
Warning: An update to TestComponent inside a test was not wrapped in act(...).

When testing, code that causes React state updates should be wrapped into act(...):

act(() => {
  /* fire events that update state */
});
/* assert on the output */

This ensures that you're testing the behavior the user would see in the browser. Learn more at https://reactjs.org/link/wrap-tests-with-act
    at TestComponent (/opt/stack/AIStudio/node_modules/@testing-library/react/dist/pure.js:329:5)
Warning: An update to TestComponent inside a test was not wrapped in act(...).

When testing, code that causes React state updates should be wrapped into act(...):

act(() => {
  /* fire events that update state */
});
/* assert on the output */

This ensures that you're testing the behavior the user would see in the browser. Learn more at https://reactjs.org/link/wrap-tests-with-act
    at TestComponent (/opt/stack/AIStudio/node_modules/@testing-library/react/dist/pure.js:329:5)
Warning: An update to TestComponent inside a test was not wrapped in act(...).

When testing, code that causes React state updates should be wrapped into act(...):

act(() => {
  /* fire events that update state */
});
/* assert on the output */

This ensures that you're testing the behavior the user would see in the browser. Learn more at https://reactjs.org/link/wrap-tests-with-act
    at TestComponent (/opt/stack/AIStudio/node_modules/@testing-library/react/dist/pure.js:329:5)
Warning: An update to TestComponent inside a test was not wrapped in act(...).

When testing, code that causes React state updates should be wrapped into act(...):

act(() => {
  /* fire events that update state */
});
/* assert on the output */

This ensures that you're testing the behavior the user would see in the browser. Learn more at https://reactjs.org/link/wrap-tests-with-act
    at TestComponent (/opt/stack/AIStudio/node_modules/@testing-library/react/dist/pure.js:329:5)
Warning: An update to TestComponent inside a test was not wrapped in act(...).

When testing, code that causes React state updates should be wrapped into act(...):

act(() => {
  /* fire events that update state */
});
/* assert on the output */

This ensures that you're testing the behavior the user would see in the browser. Learn more at https://reactjs.org/link/wrap-tests-with-act
    at TestComponent (/opt/stack/AIStudio/node_modules/@testing-library/react/dist/pure.js:329:5)
Warning: An update to TestComponent inside a test was not wrapped in act(...).

When testing, code that causes React state updates should be wrapped into act(...):

act(() => {
  /* fire events that update state */
});
/* assert on the output */

This ensures that you're testing the behavior the user would see in the browser. Learn more at https://reactjs.org/link/wrap-tests-with-act
    at TestComponent (/opt/stack/AIStudio/node_modules/@testing-library/react/dist/pure.js:329:5)
Warning: An update to TestComponent inside a test was not wrapped in act(...).

When testing, code that causes React state updates should be wrapped into act(...):

act(() => {
  /* fire events that update state */
});
/* assert on the output */

This ensures that you're testing the behavior the user would see in the browser. Learn more at https://reactjs.org/link/wrap-tests-with-act
    at TestComponent (/opt/stack/AIStudio/node_modules/@testing-library/react/dist/pure.js:329:5)
Warning: An update to TestComponent inside a test was not wrapped in act(...).

When testing, code that causes React state updates should be wrapped into act(...):

act(() => {
  /* fire events that update state */
});
/* assert on the output */

This ensures that you're testing the behavior the user would see in the browser. Learn more at https://reactjs.org/link/wrap-tests-with-act
    at TestComponent (/opt/stack/AIStudio/node_modules/@testing-library/react/dist/pure.js:329:5)
Warning: An update to TestComponent inside a test was not wrapped in act(...).

When testing, code that causes React state updates should be wrapped into act(...):

act(() => {
  /* fire events that update state */
});
/* assert on the output */

This ensures that you're testing the behavior the user would see in the browser. Learn more at https://reactjs.org/link/wrap-tests-with-act
    at TestComponent (/opt/stack/AIStudio/node_modules/@testing-library/react/dist/pure.js:329:5)
Warning: An update to TestComponent inside a test was not wrapped in act(...).

When testing, code that causes React state updates should be wrapped into act(...):

act(() => {
  /* fire events that update state */
});
/* assert on the output */

This ensures that you're testing the behavior the user would see in the browser. Learn more at https://reactjs.org/link/wrap-tests-with-act
    at TestComponent (/opt/stack/AIStudio/node_modules/@testing-library/react/dist/pure.js:329:5)
Warning: An update to TestComponent inside a test was not wrapped in act(...).

When testing, code that causes React state updates should be wrapped into act(...):

act(() => {
  /* fire events that update state */
});
/* assert on the output */

This ensures that you're testing the behavior the user would see in the browser. Learn more at https://reactjs.org/link/wrap-tests-with-act
    at TestComponent (/opt/stack/AIStudio/node_modules/@testing-library/react/dist/pure.js:329:5)
Warning: An update to TestComponent inside a test was not wrapped in act(...).

When testing, code that causes React state updates should be wrapped into act(...):

act(() => {
  /* fire events that update state */
});
/* assert on the output */

This ensures that you're testing the behavior the user would see in the browser. Learn more at https://reactjs.org/link/wrap-tests-with-act
    at TestComponent (/opt/stack/AIStudio/node_modules/@testing-library/react/dist/pure.js:329:5)
Warning: An update to TestComponent inside a test was not wrapped in act(...).

When testing, code that causes React state updates should be wrapped into act(...):

act(() => {
  /* fire events that update state */
});
/* assert on the output */

This ensures that you're testing the behavior the user would see in the browser. Learn more at https://reactjs.org/link/wrap-tests-with-act
    at TestComponent (/opt/stack/AIStudio/node_modules/@testing-library/react/dist/pure.js:329:5)
Warning: An update to TestComponent inside a test was not wrapped in act(...).

When testing, code that causes React state updates should be wrapped into act(...):

act(() => {
  /* fire events that update state */
});
/* assert on the output */

This ensures that you're testing the behavior the user would see in the browser. Learn more at https://reactjs.org/link/wrap-tests-with-act
    at TestComponent (/opt/stack/AIStudio/node_modules/@testing-library/react/dist/pure.js:329:5)
Warning: An update to TestComponent inside a test was not wrapped in act(...).

When testing, code that causes React state updates should be wrapped into act(...):

act(() => {
  /* fire events that update state */
});
/* assert on the output */

This ensures that you're testing the behavior the user would see in the browser. Learn more at https://reactjs.org/link/wrap-tests-with-act
    at TestComponent (/opt/stack/AIStudio/node_modules/@testing-library/react/dist/pure.js:329:5)
Warning: An update to TestComponent inside a test was not wrapped in act(...).

When testing, code that causes React state updates should be wrapped into act(...):

act(() => {
  /* fire events that update state */
});
/* assert on the output */

This ensures that you're testing the behavior the user would see in the browser. Learn more at https://reactjs.org/link/wrap-tests-with-act
    at TestComponent (/opt/stack/AIStudio/node_modules/@testing-library/react/dist/pure.js:329:5)
Warning: An update to TestComponent inside a test was not wrapped in act(...).

When testing, code that causes React state updates should be wrapped into act(...):

act(() => {
  /* fire events that update state */
});
/* assert on the output */

This ensures that you're testing the behavior the user would see in the browser. Learn more at https://reactjs.org/link/wrap-tests-with-act
    at TestComponent (/opt/stack/AIStudio/node_modules/@testing-library/react/dist/pure.js:329:5)
Warning: An update to TestComponent inside a test was not wrapped in act(...).

When testing, code that causes React state updates should be wrapped into act(...):

act(() => {
  /* fire events that update state */
});
/* assert on the output */

This ensures that you're testing the behavior the user would see in the browser. Learn more at https://reactjs.org/link/wrap-tests-with-act
    at TestComponent (/opt/stack/AIStudio/node_modules/@testing-library/react/dist/pure.js:329:5)
Warning: An update to TestComponent inside a test was not wrapped in act(...).

When testing, code that causes React state updates should be wrapped into act(...):

act(() => {
  /* fire events that update state */
});
/* assert on the output */

This ensures that you're testing the behavior the user would see in the browser. Learn more at https://reactjs.org/link/wrap-tests-with-act
    at TestComponent (/opt/stack/AIStudio/node_modules/@testing-library/react/dist/pure.js:329:5)
Warning: An update to TestComponent inside a test was not wrapped in act(...).

When testing, code that causes React state updates should be wrapped into act(...):

act(() => {
  /* fire events that update state */
});
/* assert on the output */

This ensures that you're testing the behavior the user would see in the browser. Learn more at https://reactjs.org/link/wrap-tests-with-act
    at TestComponent (/opt/stack/AIStudio/node_modules/@testing-library/react/dist/pure.js:329:5)
Warning: An update to TestComponent inside a test was not wrapped in act(...).

When testing, code that causes React state updates should be wrapped into act(...):

act(() => {
  /* fire events that update state */
});
/* assert on the output */

This ensures that you're testing the behavior the user would see in the browser. Learn more at https://reactjs.org/link/wrap-tests-with-act
    at TestComponent (/opt/stack/AIStudio/node_modules/@testing-library/react/dist/pure.js:329:5)
Warning: An update to TestComponent inside a test was not wrapped in act(...).

When testing, code that causes React state updates should be wrapped into act(...):

act(() => {
  /* fire events that update state */
});
/* assert on the output */

This ensures that you're testing the behavior the user would see in the browser. Learn more at https://reactjs.org/link/wrap-tests-with-act
    at TestComponent (/opt/stack/AIStudio/node_modules/@testing-library/react/dist/pure.js:329:5)
Warning: An update to TestComponent inside a test was not wrapped in act(...).

When testing, code that causes React state updates should be wrapped into act(...):

act(() => {
  /* fire events that update state */
});
/* assert on the output */

This ensures that you're testing the behavior the user would see in the browser. Learn more at https://reactjs.org/link/wrap-tests-with-act
    at TestComponent (/opt/stack/AIStudio/node_modules/@testing-library/react/dist/pure.js:329:5)
Warning: An update to TestComponent inside a test was not wrapped in act(...).

When testing, code that causes React state updates should be wrapped into act(...):

act(() => {
  /* fire events that update state */
});
/* assert on the output */

This ensures that you're testing the behavior the user would see in the browser. Learn more at https://reactjs.org/link/wrap-tests-with-act
    at TestComponent (/opt/stack/AIStudio/node_modules/@testing-library/react/dist/pure.js:329:5)

stderr | src/hooks/__tests__/useAnalysisPolling.test.ts > useAnalysisPolling > should continue polling on status check error
Warning: An update to TestComponent inside a test was not wrapped in act(...).

When testing, code that causes React state updates should be wrapped into act(...):

act(() => {
  /* fire events that update state */
});
/* assert on the output */

This ensures that you're testing the behavior the user would see in the browser. Learn more at https://reactjs.org/link/wrap-tests-with-act
    at TestComponent (/opt/stack/AIStudio/node_modules/@testing-library/react/dist/pure.js:329:5)
Warning: An update to TestComponent inside a test was not wrapped in act(...).

When testing, code that causes React state updates should be wrapped into act(...):

act(() => {
  /* fire events that update state */
});
/* assert on the output */

This ensures that you're testing the behavior the user would see in the browser. Learn more at https://reactjs.org/link/wrap-tests-with-act
    at TestComponent (/opt/stack/AIStudio/node_modules/@testing-library/react/dist/pure.js:329:5)
Warning: An update to TestComponent inside a test was not wrapped in act(...).

When testing, code that causes React state updates should be wrapped into act(...):

act(() => {
  /* fire events that update state */
});
/* assert on the output */

This ensures that you're testing the behavior the user would see in the browser. Learn more at https://reactjs.org/link/wrap-tests-with-act
    at TestComponent (/opt/stack/AIStudio/node_modules/@testing-library/react/dist/pure.js:329:5)
Warning: An update to TestComponent inside a test was not wrapped in act(...).

When testing, code that causes React state updates should be wrapped into act(...):

act(() => {
  /* fire events that update state */
});
/* assert on the output */

This ensures that you're testing the behavior the user would see in the browser. Learn more at https://reactjs.org/link/wrap-tests-with-act
    at TestComponent (/opt/stack/AIStudio/node_modules/@testing-library/react/dist/pure.js:329:5)
Warning: An update to TestComponent inside a test was not wrapped in act(...).

When testing, code that causes React state updates should be wrapped into act(...):

act(() => {
  /* fire events that update state */
});
/* assert on the output */

This ensures that you're testing the behavior the user would see in the browser. Learn more at https://reactjs.org/link/wrap-tests-with-act
    at TestComponent (/opt/stack/AIStudio/node_modules/@testing-library/react/dist/pure.js:329:5)
Warning: An update to TestComponent inside a test was not wrapped in act(...).

When testing, code that causes React state updates should be wrapped into act(...):

act(() => {
  /* fire events that update state */
});
/* assert on the output */

This ensures that you're testing the behavior the user would see in the browser. Learn more at https://reactjs.org/link/wrap-tests-with-act
    at TestComponent (/opt/stack/AIStudio/node_modules/@testing-library/react/dist/pure.js:329:5)
Warning: An update to TestComponent inside a test was not wrapped in act(...).

When testing, code that causes React state updates should be wrapped into act(...):

act(() => {
  /* fire events that update state */
});
/* assert on the output */

This ensures that you're testing the behavior the user would see in the browser. Learn more at https://reactjs.org/link/wrap-tests-with-act
    at TestComponent (/opt/stack/AIStudio/node_modules/@testing-library/react/dist/pure.js:329:5)
Warning: An update to TestComponent inside a test was not wrapped in act(...).

When testing, code that causes React state updates should be wrapped into act(...):

act(() => {
  /* fire events that update state */
});
/* assert on the output */

This ensures that you're testing the behavior the user would see in the browser. Learn more at https://reactjs.org/link/wrap-tests-with-act
    at TestComponent (/opt/stack/AIStudio/node_modules/@testing-library/react/dist/pure.js:329:5)
Warning: An update to TestComponent inside a test was not wrapped in act(...).

When testing, code that causes React state updates should be wrapped into act(...):

act(() => {
  /* fire events that update state */
});
/* assert on the output */

This ensures that you're testing the behavior the user would see in the browser. Learn more at https://reactjs.org/link/wrap-tests-with-act
    at TestComponent (/opt/stack/AIStudio/node_modules/@testing-library/react/dist/pure.js:329:5)
Warning: An update to TestComponent inside a test was not wrapped in act(...).

When testing, code that causes React state updates should be wrapped into act(...):

act(() => {
  /* fire events that update state */
});
/* assert on the output */

This ensures that you're testing the behavior the user would see in the browser. Learn more at https://reactjs.org/link/wrap-tests-with-act
    at TestComponent (/opt/stack/AIStudio/node_modules/@testing-library/react/dist/pure.js:329:5)
Warning: An update to TestComponent inside a test was not wrapped in act(...).

When testing, code that causes React state updates should be wrapped into act(...):

act(() => {
  /* fire events that update state */
});
/* assert on the output */

This ensures that you're testing the behavior the user would see in the browser. Learn more at https://reactjs.org/link/wrap-tests-with-act
    at TestComponent (/opt/stack/AIStudio/node_modules/@testing-library/react/dist/pure.js:329:5)
Warning: An update to TestComponent inside a test was not wrapped in act(...).

When testing, code that causes React state updates should be wrapped into act(...):

act(() => {
  /* fire events that update state */
});
/* assert on the output */

This ensures that you're testing the behavior the user would see in the browser. Learn more at https://reactjs.org/link/wrap-tests-with-act
    at TestComponent (/opt/stack/AIStudio/node_modules/@testing-library/react/dist/pure.js:329:5)
Warning: An update to TestComponent inside a test was not wrapped in act(...).

When testing, code that causes React state updates should be wrapped into act(...):

act(() => {
  /* fire events that update state */
});
/* assert on the output */

This ensures that you're testing the behavior the user would see in the browser. Learn more at https://reactjs.org/link/wrap-tests-with-act
    at TestComponent (/opt/stack/AIStudio/node_modules/@testing-library/react/dist/pure.js:329:5)
Warning: An update to TestComponent inside a test was not wrapped in act(...).

When testing, code that causes React state updates should be wrapped into act(...):

act(() => {
  /* fire events that update state */
});
/* assert on the output */

This ensures that you're testing the behavior the user would see in the browser. Learn more at https://reactjs.org/link/wrap-tests-with-act
    at TestComponent (/opt/stack/AIStudio/node_modules/@testing-library/react/dist/pure.js:329:5)
Warning: An update to TestComponent inside a test was not wrapped in act(...).

When testing, code that causes React state updates should be wrapped into act(...):

act(() => {
  /* fire events that update state */
});
/* assert on the output */

This ensures that you're testing the behavior the user would see in the browser. Learn more at https://reactjs.org/link/wrap-tests-with-act
    at TestComponent (/opt/stack/AIStudio/node_modules/@testing-library/react/dist/pure.js:329:5)
Warning: An update to TestComponent inside a test was not wrapped in act(...).

When testing, code that causes React state updates should be wrapped into act(...):

act(() => {
  /* fire events that update state */
});
/* assert on the output */

This ensures that you're testing the behavior the user would see in the browser. Learn more at https://reactjs.org/link/wrap-tests-with-act
    at TestComponent (/opt/stack/AIStudio/node_modules/@testing-library/react/dist/pure.js:329:5)
Warning: An update to TestComponent inside a test was not wrapped in act(...).

When testing, code that causes React state updates should be wrapped into act(...):

act(() => {
  /* fire events that update state */
});
/* assert on the output */

This ensures that you're testing the behavior the user would see in the browser. Learn more at https://reactjs.org/link/wrap-tests-with-act
    at TestComponent (/opt/stack/AIStudio/node_modules/@testing-library/react/dist/pure.js:329:5)
Warning: An update to TestComponent inside a test was not wrapped in act(...).

When testing, code that causes React state updates should be wrapped into act(...):

act(() => {
  /* fire events that update state */
});
/* assert on the output */

This ensures that you're testing the behavior the user would see in the browser. Learn more at https://reactjs.org/link/wrap-tests-with-act
    at TestComponent (/opt/stack/AIStudio/node_modules/@testing-library/react/dist/pure.js:329:5)
Warning: An update to TestComponent inside a test was not wrapped in act(...).

When testing, code that causes React state updates should be wrapped into act(...):

act(() => {
  /* fire events that update state */
});
/* assert on the output */

This ensures that you're testing the behavior the user would see in the browser. Learn more at https://reactjs.org/link/wrap-tests-with-act
    at TestComponent (/opt/stack/AIStudio/node_modules/@testing-library/react/dist/pure.js:329:5)
Warning: An update to TestComponent inside a test was not wrapped in act(...).

When testing, code that causes React state updates should be wrapped into act(...):

act(() => {
  /* fire events that update state */
});
/* assert on the output */

This ensures that you're testing the behavior the user would see in the browser. Learn more at https://reactjs.org/link/wrap-tests-with-act
    at TestComponent (/opt/stack/AIStudio/node_modules/@testing-library/react/dist/pure.js:329:5)
Warning: An update to TestComponent inside a test was not wrapped in act(...).

When testing, code that causes React state updates should be wrapped into act(...):

act(() => {
  /* fire events that update state */
});
/* assert on the output */

This ensures that you're testing the behavior the user would see in the browser. Learn more at https://reactjs.org/link/wrap-tests-with-act
    at TestComponent (/opt/stack/AIStudio/node_modules/@testing-library/react/dist/pure.js:329:5)
Warning: An update to TestComponent inside a test was not wrapped in act(...).

When testing, code that causes React state updates should be wrapped into act(...):

act(() => {
  /* fire events that update state */
});
/* assert on the output */

This ensures that you're testing the behavior the user would see in the browser. Learn more at https://reactjs.org/link/wrap-tests-with-act
    at TestComponent (/opt/stack/AIStudio/node_modules/@testing-library/react/dist/pure.js:329:5)
Warning: An update to TestComponent inside a test was not wrapped in act(...).

When testing, code that causes React state updates should be wrapped into act(...):

act(() => {
  /* fire events that update state */
});
/* assert on the output */

This ensures that you're testing the behavior the user would see in the browser. Learn more at https://reactjs.org/link/wrap-tests-with-act
    at TestComponent (/opt/stack/AIStudio/node_modules/@testing-library/react/dist/pure.js:329:5)
Warning: An update to TestComponent inside a test was not wrapped in act(...).

When testing, code that causes React state updates should be wrapped into act(...):

act(() => {
  /* fire events that update state */
});
/* assert on the output */

This ensures that you're testing the behavior the user would see in the browser. Learn more at https://reactjs.org/link/wrap-tests-with-act
    at TestComponent (/opt/stack/AIStudio/node_modules/@testing-library/react/dist/pure.js:329:5)
Warning: An update to TestComponent inside a test was not wrapped in act(...).

When testing, code that causes React state updates should be wrapped into act(...):

act(() => {
  /* fire events that update state */
});
/* assert on the output */

This ensures that you're testing the behavior the user would see in the browser. Learn more at https://reactjs.org/link/wrap-tests-with-act
    at TestComponent (/opt/stack/AIStudio/node_modules/@testing-library/react/dist/pure.js:329:5)
Warning: An update to TestComponent inside a test was not wrapped in act(...).

When testing, code that causes React state updates should be wrapped into act(...):

act(() => {
  /* fire events that update state */
});
/* assert on the output */

This ensures that you're testing the behavior the user would see in the browser. Learn more at https://reactjs.org/link/wrap-tests-with-act
    at TestComponent (/opt/stack/AIStudio/node_modules/@testing-library/react/dist/pure.js:329:5)
Warning: An update to TestComponent inside a test was not wrapped in act(...).

When testing, code that causes React state updates should be wrapped into act(...):

act(() => {
  /* fire events that update state */
});
/* assert on the output */

This ensures that you're testing the behavior the user would see in the browser. Learn more at https://reactjs.org/link/wrap-tests-with-act
    at TestComponent (/opt/stack/AIStudio/node_modules/@testing-library/react/dist/pure.js:329:5)
Warning: An update to TestComponent inside a test was not wrapped in act(...).

When testing, code that causes React state updates should be wrapped into act(...):

act(() => {
  /* fire events that update state */
});
/* assert on the output */

This ensures that you're testing the behavior the user would see in the browser. Learn more at https://reactjs.org/link/wrap-tests-with-act
    at TestComponent (/opt/stack/AIStudio/node_modules/@testing-library/react/dist/pure.js:329:5)
Warning: An update to TestComponent inside a test was not wrapped in act(...).

When testing, code that causes React state updates should be wrapped into act(...):

act(() => {
  /* fire events that update state */
});
/* assert on the output */

This ensures that you're testing the behavior the user would see in the browser. Learn more at https://reactjs.org/link/wrap-tests-with-act
    at TestComponent (/opt/stack/AIStudio/node_modules/@testing-library/react/dist/pure.js:329:5)
Warning: An update to TestComponent inside a test was not wrapped in act(...).

When testing, code that causes React state updates should be wrapped into act(...):

act(() => {
  /* fire events that update state */
});
/* assert on the output */

This ensures that you're testing the behavior the user would see in the browser. Learn more at https://reactjs.org/link/wrap-tests-with-act
    at TestComponent (/opt/stack/AIStudio/node_modules/@testing-library/react/dist/pure.js:329:5)
Warning: An update to TestComponent inside a test was not wrapped in act(...).

When testing, code that causes React state updates should be wrapped into act(...):

act(() => {
  /* fire events that update state */
});
/* assert on the output */

This ensures that you're testing the behavior the user would see in the browser. Learn more at https://reactjs.org/link/wrap-tests-with-act
    at TestComponent (/opt/stack/AIStudio/node_modules/@testing-library/react/dist/pure.js:329:5)
Warning: An update to TestComponent inside a test was not wrapped in act(...).

When testing, code that causes React state updates should be wrapped into act(...):

act(() => {
  /* fire events that update state */
});
/* assert on the output */

This ensures that you're testing the behavior the user would see in the browser. Learn more at https://reactjs.org/link/wrap-tests-with-act
    at TestComponent (/opt/stack/AIStudio/node_modules/@testing-library/react/dist/pure.js:329:5)
Warning: An update to TestComponent inside a test was not wrapped in act(...).

When testing, code that causes React state updates should be wrapped into act(...):

act(() => {
  /* fire events that update state */
});
/* assert on the output */

This ensures that you're testing the behavior the user would see in the browser. Learn more at https://reactjs.org/link/wrap-tests-with-act
    at TestComponent (/opt/stack/AIStudio/node_modules/@testing-library/react/dist/pure.js:329:5)
Warning: An update to TestComponent inside a test was not wrapped in act(...).

When testing, code that causes React state updates should be wrapped into act(...):

act(() => {
  /* fire events that update state */
});
/* assert on the output */

This ensures that you're testing the behavior the user would see in the browser. Learn more at https://reactjs.org/link/wrap-tests-with-act
    at TestComponent (/opt/stack/AIStudio/node_modules/@testing-library/react/dist/pure.js:329:5)
Warning: An update to TestComponent inside a test was not wrapped in act(...).

When testing, code that causes React state updates should be wrapped into act(...):

act(() => {
  /* fire events that update state */
});
/* assert on the output */

This ensures that you're testing the behavior the user would see in the browser. Learn more at https://reactjs.org/link/wrap-tests-with-act
    at TestComponent (/opt/stack/AIStudio/node_modules/@testing-library/react/dist/pure.js:329:5)
Warning: An update to TestComponent inside a test was not wrapped in act(...).

When testing, code that causes React state updates should be wrapped into act(...):

act(() => {
  /* fire events that update state */
});
/* assert on the output */

This ensures that you're testing the behavior the user would see in the browser. Learn more at https://reactjs.org/link/wrap-tests-with-act
    at TestComponent (/opt/stack/AIStudio/node_modules/@testing-library/react/dist/pure.js:329:5)
Warning: An update to TestComponent inside a test was not wrapped in act(...).

When testing, code that causes React state updates should be wrapped into act(...):

act(() => {
  /* fire events that update state */
});
/* assert on the output */

This ensures that you're testing the behavior the user would see in the browser. Learn more at https://reactjs.org/link/wrap-tests-with-act
    at TestComponent (/opt/stack/AIStudio/node_modules/@testing-library/react/dist/pure.js:329:5)
Warning: An update to TestComponent inside a test was not wrapped in act(...).

When testing, code that causes React state updates should be wrapped into act(...):

act(() => {
  /* fire events that update state */
});
/* assert on the output */

This ensures that you're testing the behavior the user would see in the browser. Learn more at https://reactjs.org/link/wrap-tests-with-act
    at TestComponent (/opt/stack/AIStudio/node_modules/@testing-library/react/dist/pure.js:329:5)
Warning: An update to TestComponent inside a test was not wrapped in act(...).

When testing, code that causes React state updates should be wrapped into act(...):

act(() => {
  /* fire events that update state */
});
/* assert on the output */

This ensures that you're testing the behavior the user would see in the browser. Learn more at https://reactjs.org/link/wrap-tests-with-act
    at TestComponent (/opt/stack/AIStudio/node_modules/@testing-library/react/dist/pure.js:329:5)
Warning: An update to TestComponent inside a test was not wrapped in act(...).

When testing, code that causes React state updates should be wrapped into act(...):

act(() => {
  /* fire events that update state */
});
/* assert on the output */

This ensures that you're testing the behavior the user would see in the browser. Learn more at https://reactjs.org/link/wrap-tests-with-act
    at TestComponent (/opt/stack/AIStudio/node_modules/@testing-library/react/dist/pure.js:329:5)
Warning: An update to TestComponent inside a test was not wrapped in act(...).

When testing, code that causes React state updates should be wrapped into act(...):

act(() => {
  /* fire events that update state */
});
/* assert on the output */

This ensures that you're testing the behavior the user would see in the browser. Learn more at https://reactjs.org/link/wrap-tests-with-act
    at TestComponent (/opt/stack/AIStudio/node_modules/@testing-library/react/dist/pure.js:329:5)
Warning: An update to TestComponent inside a test was not wrapped in act(...).

When testing, code that causes React state updates should be wrapped into act(...):

act(() => {
  /* fire events that update state */
});
/* assert on the output */

This ensures that you're testing the behavior the user would see in the browser. Learn more at https://reactjs.org/link/wrap-tests-with-act
    at TestComponent (/opt/stack/AIStudio/node_modules/@testing-library/react/dist/pure.js:329:5)
Warning: An update to TestComponent inside a test was not wrapped in act(...).

When testing, code that causes React state updates should be wrapped into act(...):

act(() => {
  /* fire events that update state */
});
/* assert on the output */

This ensures that you're testing the behavior the user would see in the browser. Learn more at https://reactjs.org/link/wrap-tests-with-act
    at TestComponent (/opt/stack/AIStudio/node_modules/@testing-library/react/dist/pure.js:329:5)
Warning: An update to TestComponent inside a test was not wrapped in act(...).

When testing, code that causes React state updates should be wrapped into act(...):

act(() => {
  /* fire events that update state */
});
/* assert on the output */

This ensures that you're testing the behavior the user would see in the browser. Learn more at https://reactjs.org/link/wrap-tests-with-act
    at TestComponent (/opt/stack/AIStudio/node_modules/@testing-library/react/dist/pure.js:329:5)
Warning: An update to TestComponent inside a test was not wrapped in act(...).

When testing, code that causes React state updates should be wrapped into act(...):

act(() => {
  /* fire events that update state */
});
/* assert on the output */

This ensures that you're testing the behavior the user would see in the browser. Learn more at https://reactjs.org/link/wrap-tests-with-act
    at TestComponent (/opt/stack/AIStudio/node_modules/@testing-library/react/dist/pure.js:329:5)
Warning: An update to TestComponent inside a test was not wrapped in act(...).

When testing, code that causes React state updates should be wrapped into act(...):

act(() => {
  /* fire events that update state */
});
/* assert on the output */

This ensures that you're testing the behavior the user would see in the browser. Learn more at https://reactjs.org/link/wrap-tests-with-act
    at TestComponent (/opt/stack/AIStudio/node_modules/@testing-library/react/dist/pure.js:329:5)
Warning: An update to TestComponent inside a test was not wrapped in act(...).

When testing, code that causes React state updates should be wrapped into act(...):

act(() => {
  /* fire events that update state */
});
/* assert on the output */

This ensures that you're testing the behavior the user would see in the browser. Learn more at https://reactjs.org/link/wrap-tests-with-act
    at TestComponent (/opt/stack/AIStudio/node_modules/@testing-library/react/dist/pure.js:329:5)
Warning: An update to TestComponent inside a test was not wrapped in act(...).

When testing, code that causes React state updates should be wrapped into act(...):

act(() => {
  /* fire events that update state */
});
/* assert on the output */

This ensures that you're testing the behavior the user would see in the browser. Learn more at https://reactjs.org/link/wrap-tests-with-act
    at TestComponent (/opt/stack/AIStudio/node_modules/@testing-library/react/dist/pure.js:329:5)
Warning: An update to TestComponent inside a test was not wrapped in act(...).

When testing, code that causes React state updates should be wrapped into act(...):

act(() => {
  /* fire events that update state */
});
/* assert on the output */

This ensures that you're testing the behavior the user would see in the browser. Learn more at https://reactjs.org/link/wrap-tests-with-act
    at TestComponent (/opt/stack/AIStudio/node_modules/@testing-library/react/dist/pure.js:329:5)
Warning: An update to TestComponent inside a test was not wrapped in act(...).

When testing, code that causes React state updates should be wrapped into act(...):

act(() => {
  /* fire events that update state */
});
/* assert on the output */

This ensures that you're testing the behavior the user would see in the browser. Learn more at https://reactjs.org/link/wrap-tests-with-act
    at TestComponent (/opt/stack/AIStudio/node_modules/@testing-library/react/dist/pure.js:329:5)
Warning: An update to TestComponent inside a test was not wrapped in act(...).

When testing, code that causes React state updates should be wrapped into act(...):

act(() => {
  /* fire events that update state */
});
/* assert on the output */

This ensures that you're testing the behavior the user would see in the browser. Learn more at https://reactjs.org/link/wrap-tests-with-act
    at TestComponent (/opt/stack/AIStudio/node_modules/@testing-library/react/dist/pure.js:329:5)
Warning: An update to TestComponent inside a test was not wrapped in act(...).

When testing, code that causes React state updates should be wrapped into act(...):

act(() => {
  /* fire events that update state */
});
/* assert on the output */

This ensures that you're testing the behavior the user would see in the browser. Learn more at https://reactjs.org/link/wrap-tests-with-act
    at TestComponent (/opt/stack/AIStudio/node_modules/@testing-library/react/dist/pure.js:329:5)
Warning: An update to TestComponent inside a test was not wrapped in act(...).

When testing, code that causes React state updates should be wrapped into act(...):

act(() => {
  /* fire events that update state */
});
/* assert on the output */

This ensures that you're testing the behavior the user would see in the browser. Learn more at https://reactjs.org/link/wrap-tests-with-act
    at TestComponent (/opt/stack/AIStudio/node_modules/@testing-library/react/dist/pure.js:329:5)
Warning: An update to TestComponent inside a test was not wrapped in act(...).

When testing, code that causes React state updates should be wrapped into act(...):

act(() => {
  /* fire events that update state */
});
/* assert on the output */

This ensures that you're testing the behavior the user would see in the browser. Learn more at https://reactjs.org/link/wrap-tests-with-act
    at TestComponent (/opt/stack/AIStudio/node_modules/@testing-library/react/dist/pure.js:329:5)
Warning: An update to TestComponent inside a test was not wrapped in act(...).

When testing, code that causes React state updates should be wrapped into act(...):

act(() => {
  /* fire events that update state */
});
/* assert on the output */

This ensures that you're testing the behavior the user would see in the browser. Learn more at https://reactjs.org/link/wrap-tests-with-act
    at TestComponent (/opt/stack/AIStudio/node_modules/@testing-library/react/dist/pure.js:329:5)
Warning: An update to TestComponent inside a test was not wrapped in act(...).

When testing, code that causes React state updates should be wrapped into act(...):

act(() => {
  /* fire events that update state */
});
/* assert on the output */

This ensures that you're testing the behavior the user would see in the browser. Learn more at https://reactjs.org/link/wrap-tests-with-act
    at TestComponent (/opt/stack/AIStudio/node_modules/@testing-library/react/dist/pure.js:329:5)
Warning: An update to TestComponent inside a test was not wrapped in act(...).

When testing, code that causes React state updates should be wrapped into act(...):

act(() => {
  /* fire events that update state */
});
/* assert on the output */

This ensures that you're testing the behavior the user would see in the browser. Learn more at https://reactjs.org/link/wrap-tests-with-act
    at TestComponent (/opt/stack/AIStudio/node_modules/@testing-library/react/dist/pure.js:329:5)
Warning: An update to TestComponent inside a test was not wrapped in act(...).

When testing, code that causes React state updates should be wrapped into act(...):

act(() => {
  /* fire events that update state */
});
/* assert on the output */

This ensures that you're testing the behavior the user would see in the browser. Learn more at https://reactjs.org/link/wrap-tests-with-act
    at TestComponent (/opt/stack/AIStudio/node_modules/@testing-library/react/dist/pure.js:329:5)
Warning: An update to TestComponent inside a test was not wrapped in act(...).

When testing, code that causes React state updates should be wrapped into act(...):

act(() => {
  /* fire events that update state */
});
/* assert on the output */

This ensures that you're testing the behavior the user would see in the browser. Learn more at https://reactjs.org/link/wrap-tests-with-act
    at TestComponent (/opt/stack/AIStudio/node_modules/@testing-library/react/dist/pure.js:329:5)
Warning: An update to TestComponent inside a test was not wrapped in act(...).

When testing, code that causes React state updates should be wrapped into act(...):

act(() => {
  /* fire events that update state */
});
/* assert on the output */

This ensures that you're testing the behavior the user would see in the browser. Learn more at https://reactjs.org/link/wrap-tests-with-act
    at TestComponent (/opt/stack/AIStudio/node_modules/@testing-library/react/dist/pure.js:329:5)
Warning: An update to TestComponent inside a test was not wrapped in act(...).

When testing, code that causes React state updates should be wrapped into act(...):

act(() => {
  /* fire events that update state */
});
/* assert on the output */

This ensures that you're testing the behavior the user would see in the browser. Learn more at https://reactjs.org/link/wrap-tests-with-act
    at TestComponent (/opt/stack/AIStudio/node_modules/@testing-library/react/dist/pure.js:329:5)
Warning: An update to TestComponent inside a test was not wrapped in act(...).

When testing, code that causes React state updates should be wrapped into act(...):

act(() => {
  /* fire events that update state */
});
/* assert on the output */

This ensures that you're testing the behavior the user would see in the browser. Learn more at https://reactjs.org/link/wrap-tests-with-act
    at TestComponent (/opt/stack/AIStudio/node_modules/@testing-library/react/dist/pure.js:329:5)
Warning: An update to TestComponent inside a test was not wrapped in act(...).

When testing, code that causes React state updates should be wrapped into act(...):

act(() => {
  /* fire events that update state */
});
/* assert on the output */

This ensures that you're testing the behavior the user would see in the browser. Learn more at https://reactjs.org/link/wrap-tests-with-act
    at TestComponent (/opt/stack/AIStudio/node_modules/@testing-library/react/dist/pure.js:329:5)
Warning: An update to TestComponent inside a test was not wrapped in act(...).

When testing, code that causes React state updates should be wrapped into act(...):

act(() => {
  /* fire events that update state */
});
/* assert on the output */

This ensures that you're testing the behavior the user would see in the browser. Learn more at https://reactjs.org/link/wrap-tests-with-act
    at TestComponent (/opt/stack/AIStudio/node_modules/@testing-library/react/dist/pure.js:329:5)
Warning: An update to TestComponent inside a test was not wrapped in act(...).

When testing, code that causes React state updates should be wrapped into act(...):

act(() => {
  /* fire events that update state */
});
/* assert on the output */

This ensures that you're testing the behavior the user would see in the browser. Learn more at https://reactjs.org/link/wrap-tests-with-act
    at TestComponent (/opt/stack/AIStudio/node_modules/@testing-library/react/dist/pure.js:329:5)
Warning: An update to TestComponent inside a test was not wrapped in act(...).

When testing, code that causes React state updates should be wrapped into act(...):

act(() => {
  /* fire events that update state */
});
/* assert on the output */

This ensures that you're testing the behavior the user would see in the browser. Learn more at https://reactjs.org/link/wrap-tests-with-act
    at TestComponent (/opt/stack/AIStudio/node_modules/@testing-library/react/dist/pure.js:329:5)
Warning: An update to TestComponent inside a test was not wrapped in act(...).

When testing, code that causes React state updates should be wrapped into act(...):

act(() => {
  /* fire events that update state */
});
/* assert on the output */

This ensures that you're testing the behavior the user would see in the browser. Learn more at https://reactjs.org/link/wrap-tests-with-act
    at TestComponent (/opt/stack/AIStudio/node_modules/@testing-library/react/dist/pure.js:329:5)
Warning: An update to TestComponent inside a test was not wrapped in act(...).

When testing, code that causes React state updates should be wrapped into act(...):

act(() => {
  /* fire events that update state */
});
/* assert on the output */

This ensures that you're testing the behavior the user would see in the browser. Learn more at https://reactjs.org/link/wrap-tests-with-act
    at TestComponent (/opt/stack/AIStudio/node_modules/@testing-library/react/dist/pure.js:329:5)
Warning: An update to TestComponent inside a test was not wrapped in act(...).

When testing, code that causes React state updates should be wrapped into act(...):

act(() => {
  /* fire events that update state */
});
/* assert on the output */

This ensures that you're testing the behavior the user would see in the browser. Learn more at https://reactjs.org/link/wrap-tests-with-act
    at TestComponent (/opt/stack/AIStudio/node_modules/@testing-library/react/dist/pure.js:329:5)
Warning: An update to TestComponent inside a test was not wrapped in act(...).

When testing, code that causes React state updates should be wrapped into act(...):

act(() => {
  /* fire events that update state */
});
/* assert on the output */

This ensures that you're testing the behavior the user would see in the browser. Learn more at https://reactjs.org/link/wrap-tests-with-act
    at TestComponent (/opt/stack/AIStudio/node_modules/@testing-library/react/dist/pure.js:329:5)
Warning: An update to TestComponent inside a test was not wrapped in act(...).

When testing, code that causes React state updates should be wrapped into act(...):

act(() => {
  /* fire events that update state */
});
/* assert on the output */

This ensures that you're testing the behavior the user would see in the browser. Learn more at https://reactjs.org/link/wrap-tests-with-act
    at TestComponent (/opt/stack/AIStudio/node_modules/@testing-library/react/dist/pure.js:329:5)
Warning: An update to TestComponent inside a test was not wrapped in act(...).

When testing, code that causes React state updates should be wrapped into act(...):

act(() => {
  /* fire events that update state */
});
/* assert on the output */

This ensures that you're testing the behavior the user would see in the browser. Learn more at https://reactjs.org/link/wrap-tests-with-act
    at TestComponent (/opt/stack/AIStudio/node_modules/@testing-library/react/dist/pure.js:329:5)
Warning: An update to TestComponent inside a test was not wrapped in act(...).

When testing, code that causes React state updates should be wrapped into act(...):

act(() => {
  /* fire events that update state */
});
/* assert on the output */

This ensures that you're testing the behavior the user would see in the browser. Learn more at https://reactjs.org/link/wrap-tests-with-act
    at TestComponent (/opt/stack/AIStudio/node_modules/@testing-library/react/dist/pure.js:329:5)
Warning: An update to TestComponent inside a test was not wrapped in act(...).

When testing, code that causes React state updates should be wrapped into act(...):

act(() => {
  /* fire events that update state */
});
/* assert on the output */

This ensures that you're testing the behavior the user would see in the browser. Learn more at https://reactjs.org/link/wrap-tests-with-act
    at TestComponent (/opt/stack/AIStudio/node_modules/@testing-library/react/dist/pure.js:329:5)
Warning: An update to TestComponent inside a test was not wrapped in act(...).

When testing, code that causes React state updates should be wrapped into act(...):

act(() => {
  /* fire events that update state */
});
/* assert on the output */

This ensures that you're testing the behavior the user would see in the browser. Learn more at https://reactjs.org/link/wrap-tests-with-act
    at TestComponent (/opt/stack/AIStudio/node_modules/@testing-library/react/dist/pure.js:329:5)
Warning: An update to TestComponent inside a test was not wrapped in act(...).

When testing, code that causes React state updates should be wrapped into act(...):

act(() => {
  /* fire events that update state */
});
/* assert on the output */

This ensures that you're testing the behavior the user would see in the browser. Learn more at https://reactjs.org/link/wrap-tests-with-act
    at TestComponent (/opt/stack/AIStudio/node_modules/@testing-library/react/dist/pure.js:329:5)
Warning: An update to TestComponent inside a test was not wrapped in act(...).

When testing, code that causes React state updates should be wrapped into act(...):

act(() => {
  /* fire events that update state */
});
/* assert on the output */

This ensures that you're testing the behavior the user would see in the browser. Learn more at https://reactjs.org/link/wrap-tests-with-act
    at TestComponent (/opt/stack/AIStudio/node_modules/@testing-library/react/dist/pure.js:329:5)
Warning: An update to TestComponent inside a test was not wrapped in act(...).

When testing, code that causes React state updates should be wrapped into act(...):

act(() => {
  /* fire events that update state */
});
/* assert on the output */

This ensures that you're testing the behavior the user would see in the browser. Learn more at https://reactjs.org/link/wrap-tests-with-act
    at TestComponent (/opt/stack/AIStudio/node_modules/@testing-library/react/dist/pure.js:329:5)
Warning: An update to TestComponent inside a test was not wrapped in act(...).

When testing, code that causes React state updates should be wrapped into act(...):

act(() => {
  /* fire events that update state */
});
/* assert on the output */

This ensures that you're testing the behavior the user would see in the browser. Learn more at https://reactjs.org/link/wrap-tests-with-act
    at TestComponent (/opt/stack/AIStudio/node_modules/@testing-library/react/dist/pure.js:329:5)
Warning: An update to TestComponent inside a test was not wrapped in act(...).

When testing, code that causes React state updates should be wrapped into act(...):

act(() => {
  /* fire events that update state */
});
/* assert on the output */

This ensures that you're testing the behavior the user would see in the browser. Learn more at https://reactjs.org/link/wrap-tests-with-act
    at TestComponent (/opt/stack/AIStudio/node_modules/@testing-library/react/dist/pure.js:329:5)
Warning: An update to TestComponent inside a test was not wrapped in act(...).

When testing, code that causes React state updates should be wrapped into act(...):

act(() => {
  /* fire events that update state */
});
/* assert on the output */

This ensures that you're testing the behavior the user would see in the browser. Learn more at https://reactjs.org/link/wrap-tests-with-act
    at TestComponent (/opt/stack/AIStudio/node_modules/@testing-library/react/dist/pure.js:329:5)
Warning: An update to TestComponent inside a test was not wrapped in act(...).

When testing, code that causes React state updates should be wrapped into act(...):

act(() => {
  /* fire events that update state */
});
/* assert on the output */

This ensures that you're testing the behavior the user would see in the browser. Learn more at https://reactjs.org/link/wrap-tests-with-act
    at TestComponent (/opt/stack/AIStudio/node_modules/@testing-library/react/dist/pure.js:329:5)
Warning: An update to TestComponent inside a test was not wrapped in act(...).

When testing, code that causes React state updates should be wrapped into act(...):

act(() => {
  /* fire events that update state */
});
/* assert on the output */

This ensures that you're testing the behavior the user would see in the browser. Learn more at https://reactjs.org/link/wrap-tests-with-act
    at TestComponent (/opt/stack/AIStudio/node_modules/@testing-library/react/dist/pure.js:329:5)
Warning: An update to TestComponent inside a test was not wrapped in act(...).

When testing, code that causes React state updates should be wrapped into act(...):

act(() => {
  /* fire events that update state */
});
/* assert on the output */

This ensures that you're testing the behavior the user would see in the browser. Learn more at https://reactjs.org/link/wrap-tests-with-act
    at TestComponent (/opt/stack/AIStudio/node_modules/@testing-library/react/dist/pure.js:329:5)
Warning: An update to TestComponent inside a test was not wrapped in act(...).

When testing, code that causes React state updates should be wrapped into act(...):

act(() => {
  /* fire events that update state */
});
/* assert on the output */

This ensures that you're testing the behavior the user would see in the browser. Learn more at https://reactjs.org/link/wrap-tests-with-act
    at TestComponent (/opt/stack/AIStudio/node_modules/@testing-library/react/dist/pure.js:329:5)
Warning: An update to TestComponent inside a test was not wrapped in act(...).

When testing, code that causes React state updates should be wrapped into act(...):

act(() => {
  /* fire events that update state */
});
/* assert on the output */

This ensures that you're testing the behavior the user would see in the browser. Learn more at https://reactjs.org/link/wrap-tests-with-act
    at TestComponent (/opt/stack/AIStudio/node_modules/@testing-library/react/dist/pure.js:329:5)
Warning: An update to TestComponent inside a test was not wrapped in act(...).

When testing, code that causes React state updates should be wrapped into act(...):

act(() => {
  /* fire events that update state */
});
/* assert on the output */

This ensures that you're testing the behavior the user would see in the browser. Learn more at https://reactjs.org/link/wrap-tests-with-act
    at TestComponent (/opt/stack/AIStudio/node_modules/@testing-library/react/dist/pure.js:329:5)
Warning: An update to TestComponent inside a test was not wrapped in act(...).

When testing, code that causes React state updates should be wrapped into act(...):

act(() => {
  /* fire events that update state */
});
/* assert on the output */

This ensures that you're testing the behavior the user would see in the browser. Learn more at https://reactjs.org/link/wrap-tests-with-act
    at TestComponent (/opt/stack/AIStudio/node_modules/@testing-library/react/dist/pure.js:329:5)
Warning: An update to TestComponent inside a test was not wrapped in act(...).

When testing, code that causes React state updates should be wrapped into act(...):

act(() => {
  /* fire events that update state */
});
/* assert on the output */

This ensures that you're testing the behavior the user would see in the browser. Learn more at https://reactjs.org/link/wrap-tests-with-act
    at TestComponent (/opt/stack/AIStudio/node_modules/@testing-library/react/dist/pure.js:329:5)
Warning: An update to TestComponent inside a test was not wrapped in act(...).

When testing, code that causes React state updates should be wrapped into act(...):

act(() => {
  /* fire events that update state */
});
/* assert on the output */

This ensures that you're testing the behavior the user would see in the browser. Learn more at https://reactjs.org/link/wrap-tests-with-act
    at TestComponent (/opt/stack/AIStudio/node_modules/@testing-library/react/dist/pure.js:329:5)
Warning: An update to TestComponent inside a test was not wrapped in act(...).

When testing, code that causes React state updates should be wrapped into act(...):

act(() => {
  /* fire events that update state */
});
/* assert on the output */

This ensures that you're testing the behavior the user would see in the browser. Learn more at https://reactjs.org/link/wrap-tests-with-act
    at TestComponent (/opt/stack/AIStudio/node_modules/@testing-library/react/dist/pure.js:329:5)
Warning: An update to TestComponent inside a test was not wrapped in act(...).

When testing, code that causes React state updates should be wrapped into act(...):

act(() => {
  /* fire events that update state */
});
/* assert on the output */

This ensures that you're testing the behavior the user would see in the browser. Learn more at https://reactjs.org/link/wrap-tests-with-act
    at TestComponent (/opt/stack/AIStudio/node_modules/@testing-library/react/dist/pure.js:329:5)
Warning: An update to TestComponent inside a test was not wrapped in act(...).

When testing, code that causes React state updates should be wrapped into act(...):

act(() => {
  /* fire events that update state */
});
/* assert on the output */

This ensures that you're testing the behavior the user would see in the browser. Learn more at https://reactjs.org/link/wrap-tests-with-act
    at TestComponent (/opt/stack/AIStudio/node_modules/@testing-library/react/dist/pure.js:329:5)
Warning: An update to TestComponent inside a test was not wrapped in act(...).

When testing, code that causes React state updates should be wrapped into act(...):

act(() => {
  /* fire events that update state */
});
/* assert on the output */

This ensures that you're testing the behavior the user would see in the browser. Learn more at https://reactjs.org/link/wrap-tests-with-act
    at TestComponent (/opt/stack/AIStudio/node_modules/@testing-library/react/dist/pure.js:329:5)
Warning: An update to TestComponent inside a test was not wrapped in act(...).

When testing, code that causes React state updates should be wrapped into act(...):

act(() => {
  /* fire events that update state */
});
/* assert on the output */

This ensures that you're testing the behavior the user would see in the browser. Learn more at https://reactjs.org/link/wrap-tests-with-act
    at TestComponent (/opt/stack/AIStudio/node_modules/@testing-library/react/dist/pure.js:329:5)
Warning: An update to TestComponent inside a test was not wrapped in act(...).

When testing, code that causes React state updates should be wrapped into act(...):

act(() => {
  /* fire events that update state */
});
/* assert on the output */

This ensures that you're testing the behavior the user would see in the browser. Learn more at https://reactjs.org/link/wrap-tests-with-act
    at TestComponent (/opt/stack/AIStudio/node_modules/@testing-library/react/dist/pure.js:329:5)
Warning: An update to TestComponent inside a test was not wrapped in act(...).

When testing, code that causes React state updates should be wrapped into act(...):

act(() => {
  /* fire events that update state */
});
/* assert on the output */

This ensures that you're testing the behavior the user would see in the browser. Learn more at https://reactjs.org/link/wrap-tests-with-act
    at TestComponent (/opt/stack/AIStudio/node_modules/@testing-library/react/dist/pure.js:329:5)
Warning: An update to TestComponent inside a test was not wrapped in act(...).

When testing, code that causes React state updates should be wrapped into act(...):

act(() => {
  /* fire events that update state */
});
/* assert on the output */

This ensures that you're testing the behavior the user would see in the browser. Learn more at https://reactjs.org/link/wrap-tests-with-act
    at TestComponent (/opt/stack/AIStudio/node_modules/@testing-library/react/dist/pure.js:329:5)
Warning: An update to TestComponent inside a test was not wrapped in act(...).

When testing, code that causes React state updates should be wrapped into act(...):

act(() => {
  /* fire events that update state */
});
/* assert on the output */

This ensures that you're testing the behavior the user would see in the browser. Learn more at https://reactjs.org/link/wrap-tests-with-act
    at TestComponent (/opt/stack/AIStudio/node_modules/@testing-library/react/dist/pure.js:329:5)

 ❯ src/hooks/__tests__/useAnalysisPolling.test.ts  (12 tests | 3 failed) 119ms
   ❯ src/hooks/__tests__/useAnalysisPolling.test.ts > useAnalysisPolling > should poll status and complete analysis successfully
     → expected true to be false // Object.is equality

Ignored nodes: comments, script, style
[36m<html>[39m
  [36m<head />[39m
  [36m<body>[39m
    [36m<div />[39m
  [36m</body>[39m
[36m</html>[39m
   ❯ src/hooks/__tests__/useAnalysisPolling.test.ts > useAnalysisPolling > should handle timeout after max duration
     → expected 'running' to be 'failed' // Object.is equality

Ignored nodes: comments, script, style
[36m<html>[39m
  [36m<head />[39m
  [36m<body>[39m
    [36m<div />[39m
  [36m</body>[39m
[36m</html>[39m
   ❯ src/hooks/__tests__/useAnalysisPolling.test.ts > useAnalysisPolling > should continue polling on status check error
     → expected "spy" to be called at least once
 ❯ src/components/workflow/__tests__/MultiRunStatusBar.test.tsx  (0 test)
stdout | src/hooks/__tests__/useWorkflowWebSocket.test.ts > useWorkflowWebSocket > updates connected state on connect
[WebSocket] Connected

stdout | src/hooks/__tests__/useWorkflowWebSocket.test.ts > useWorkflowWebSocket > updates connected state on disconnect
[WebSocket] Connected
[WebSocket] Disconnected

stdout | src/hooks/__tests__/useWorkflowWebSocket.test.ts > useWorkflowWebSocket > reconnects on disconnect
[WebSocket] Disconnected
[WebSocket] Attempting reconnection...

 ❯ src/hooks/__tests__/useWorkflowWebSocket.test.ts  (14 tests | 2 failed) 45ms
   ❯ src/hooks/__tests__/useWorkflowWebSocket.test.ts > useWorkflowWebSocket > emits pause event
     → expected "spy" to be called with arguments: [ Array(2) ]

Received: 



Number of calls: 0

   ❯ src/hooks/__tests__/useWorkflowWebSocket.test.ts > useWorkflowWebSocket > emits cancel event
     → expected "spy" to be called with arguments: [ 'workflow:cancel', …(1) ]

Received: 



Number of calls: 0

stdout | src/pages/DashboardPage.test.tsx > DashboardPage - Theme Support > renders with light theme by default
[DashboardPage] selectedProject changed: null

stderr | src/pages/DashboardPage.test.tsx > DashboardPage - Theme Support > renders with light theme by default
⚠️ React Router Future Flag Warning: React Router will begin wrapping state updates in `React.startTransition` in v7. You can use the `v7_startTransition` future flag to opt-in early. For more information, see https://reactrouter.com/v6/upgrading/future#v7_starttransition.
⚠️ React Router Future Flag Warning: Relative route resolution within Splat routes is changing in v7. You can use the `v7_relativeSplatPath` future flag to opt-in early. For more information, see https://reactrouter.com/v6/upgrading/future#v7_relativesplatpath.

stdout | src/pages/DashboardPage.test.tsx > DashboardPage - Theme Support > applies theme-aware classes to all card elements
[DashboardPage] selectedProject changed: null

stdout | src/pages/DashboardPage.test.tsx > DashboardPage - Theme Support > does not use hardcoded gray colors
[DashboardPage] selectedProject changed: null

stdout | src/pages/DashboardPage.test.tsx > DashboardPage - Theme Support > uses theme-aware border colors
[DashboardPage] selectedProject changed: null

stdout | src/pages/DashboardPage.test.tsx > DashboardPage - Theme Support > uses theme-aware accent colors for links
[DashboardPage] selectedProject changed: null

stdout | src/pages/DashboardPage.test.tsx > DashboardPage - Theme Support > maintains proper contrast in dark mode
[DashboardPage] selectedProject changed: null

stdout | src/pages/DashboardPage.test.tsx > DashboardPage - Theme Support > uses theme-aware secondary background
[DashboardPage] selectedProject changed: null

stdout | src/pages/DashboardPage.test.tsx > DashboardPage - Statistics Display > displays project statistics with theme-aware styling
[DashboardPage] selectedProject changed: null

stdout | src/pages/DashboardPage.test.tsx > DashboardPage - Statistics Display > displays quick actions section with theme-aware styling
[DashboardPage] selectedProject changed: null

stdout | src/pages/DashboardPage.test.tsx > DashboardPage - Statistics Display > displays project metrics section with theme-aware styling
[DashboardPage] selectedProject changed: null

stdout | src/pages/DashboardPage.test.tsx > DashboardPage - Statistics Display > displays info panel with theme-aware styling
[DashboardPage] selectedProject changed: null

stdout | src/pages/DashboardPage.test.tsx > DashboardPage - No Project Selected > displays "No Project Selected" message with theme-aware styling
[DashboardPage] selectedProject changed: null

 ❯ src/pages/DashboardPage.test.tsx  (12 tests | 6 failed) 4127ms
   ❯ src/pages/DashboardPage.test.tsx > DashboardPage - Theme Support > uses theme-aware accent colors for links
     → expected 0 to be greater than 0
   ❯ src/pages/DashboardPage.test.tsx > DashboardPage - Theme Support > uses theme-aware secondary background
     → expected 0 to be greater than 0
   ❯ src/pages/DashboardPage.test.tsx > DashboardPage - Statistics Display > displays project statistics with theme-aware styling
     → Unable to find an element with the text: Project Dashboard. This could be because the text is broken up by multiple elements. In this case, you can provide a function for your text matcher to make your matcher more flexible.

Ignored nodes: comments, script, style
[36m<body>[39m
  [36m<div>[39m
    [36m<div>[39m
      [36m<h1[39m
        [33mclass[39m=[32m"text-3xl font-bold text-fg mb-6"[39m
      [36m>[39m
        [0mDashboard[0m
      [36m</h1>[39m
      [36m<div[39m
        [33mclass[39m=[32m"bg-card shadow rounded-lg p-6 border border-border"[39m
      [36m>[39m
        [36m<div[39m
          [33mclass[39m=[32m"text-center py-12"[39m
        [36m>[39m
          [36m<svg[39m
            [33maria-hidden[39m=[32m"true"[39m
            [33mclass[39m=[32m"mx-auto h-12 w-12 text-muted"[39m
            [33mdata-slot[39m=[32m"icon"[39m
            [33mfill[39m=[32m"none"[39m
            [33mstroke[39m=[32m"currentColor"[39m
            [33mstroke-width[39m=[32m"1.5"[39m
            [33mviewBox[39m=[32m"0 0 24 24"[39m
            [33mxmlns[39m=[32m"http://www.w3.org/2000/svg"[39m
          [36m>[39m
            [36m<path[39m
              [33md[39m=[32m"M3 13.125C3 12.504 3.504 12 4.125 12h2.25c.621 0 1.125.504 1.125 1.125v6.75C7.5 20.496 6.996 21 6.375 21h-2.25A1.125 1.125 0 0 1 3 19.875v-6.75ZM9.75 8.625c0-.621.504-1.125 1.125-1.125h2.25c.621 0 1.125.504 1.125 1.125v11.25c0 .621-.504 1.125-1.125 1.125h-2.25a1.125 1.125 0 0 1-1.125-1.125V8.625ZM16.5 4.125c0-.621.504-1.125 1.125-1.125h2.25C20.496 3 21 3.504 21 4.125v15.75c0 .621-.504 1.125-1.125 1.125h-2.25a1.125 1.125 0 0 1-1.125-1.125V4.125Z"[39m
              [33mstroke-linecap[39m=[32m"round"[39m
              [33mstroke-linejoin[39m=[32m"round"[39m
            [36m/>[39m
          [36m</svg>[39m
          [36m<h3[39m
            [33mclass[39m=[32m"mt-2 text-lg font-medium text-fg"[39m
          [36m>[39m
            [0mNo Project Selected[0m
          [36m</h3>[39m
          [36m<p[39m
            [33mclass[39m=[32m"mt-1 text-sm text-muted"[39m
          [36m>[39m
            [0mSelect a project from the dropdown above to view dashboard statistics.[0m
          [36m</p>[39m
          [36m<div[39m
            [33mclass[39m=[32m"mt-6"[39m
          [36m>[39m
            [36m<a[39m
              [33mclass[39m=[32m"inline-flex items-center px-4 py-2 border border-transparent shadow-sm text-sm font-medium rounded-md text-white bg-primary-600 hover:bg-primary-700"[39m
              [33mhref[39m=[32m"/projects"[39m
            [36m>[39m
              [36m<svg[39m
                [33maria-hidden[39m=[32m"true"[39m
                [33mclass[39m=[32m"h-5 w-5 mr-2"[39m
                [33mdata-slot[39m=[32m"icon"[39m
                [33mfill[39m=[32m"none"[39m
                [33mstroke[39m=[32m"currentColor"[39m
                [33mstroke-width[39m=[32m"1.5"[39m
                [33mviewBox[39m=[32m"0 0 24 24"[39m
                [33mxmlns[39m=[32m"http://www.w3.org/2000/svg"[39m
              [36m>[39m
                [36m<path[39m
                  [33md[39m=[32m"M4.5 12a7.5 7.5 0 0 0 15 0m-15 0a7.5 7.5 0 1 1 15 0m-15 0H3m16.5 0H21m-1.5 0H12m-8.457 3.077 1.41-.513m14.095-5.13 1.41-.513M5.106 17.785l1.15-.964m11.49-9.642 1.149-.964M7.501 19.795l.75-1.3m7.5-12.99.75-1.3m-6.063 16.658.26-1.477m2.605-14.772.26-1.477m0 17.726-.26-1.477M10.698 4.614l-.26-1.477M16.5 19.794l-.75-1.299M7.5 4.205 12 12m6.894 5.785-1.149-.964M6.256 7.178l-1.15-.964m15.352 8.864-1.41-.513M4.954 9.435l-1.41-.514M12.002 12l-3.75 6.495"[39m
                  [33mstroke-linecap[39m=[32m"round"[39m
                  [33mstroke-linejoin[39m=[32m"round"[39m
                [36m/>[39m
              [36m</svg>[39m
              [0mManage Projects[0m
            [36m</a>[39m
          [36m</div>[39m
        [36m</div>[39m
      [36m</div>[39m
    [36m</div>[39m
  [36m</div>[39m
[36m</body>[39m

Ignored nodes: comments, script, style
[36m<html>[39m
  [36m<head>[39m
    [36m<meta[39m
      [33mcontent[39m=[32m""[39m
      [33mname[39m=[32m"emotion-insertion-point"[39m
    [36m/>[39m
  [36m</head>[39m
  [36m<body>[39m
    [36m<div>[39m
      [36m<div>[39m
        [36m<h1[39m
          [33mclass[39m=[32m"text-3xl font-bold text-fg mb-6"[39m
        [36m>[39m
          [0mDashboard[0m
        [36m</h1>[39m
        [36m<div[39m
          [33mclass[39m=[32m"bg-card shadow rounded-lg p-6 border border-border"[39m
        [36m>[39m
          [36m<div[39m
            [33mclass[39m=[32m"text-center py-12"[39m
          [36m>[39m
            [36m<svg[39m
              [33maria-hidden[39m=[32m"true"[39m
              [33mclass[39m=[32m"mx-auto h-12 w-12 text-muted"[39m
              [33mdata-slot[39m=[32m"icon"[39m
              [33mfill[39m=[32m"none"[39m
              [33mstroke[39m=[32m"currentColor"[39m
              [33mstroke-width[39m=[32m"1.5"[39m
              [33mviewBox[39m=[32m"0 0 24 24"[39m
              [33mxmlns[39m=[32m"http://www.w3.org/2000/svg"[39m
            [36m>[39m
              [36m<path[39m
                [33md[39m=[32m"M3 13.125C3 12.504 3.504 12 4.125 12h2.25c.621 0 1.125.504 1.125 1.125v6.75C7.5 20.496 6.996 21 6.375 21h-2.25A1.125 1.125 0 0 1 3 19.875v-6.75ZM9.75 8.625c0-.621.504-1.125 1.125-1.125h2.25c.621 0 1.125.504 1.125 1.125v11.25c0 .621-.504 1.125-1.125 1.125h-2.25a1.125 1.125 0 0 1-1.125-1.125V8.625ZM16.5 4.125c0-.621.504-1.125 1.125-1.125h2.25C20.496 3 21 3.504 21 4.125v15.75c0 .621-.504 1.125-1.125 1.125h-2.25a1.125 1.125 0 0 1-1.125-1.125V4.125Z"[39m
                [33mstroke-linecap[39m=[32m"round"[39m
                [33mstroke-linejoin[39m=[32m"round"[39m
              [36m/>[39m
            [36m</svg>[39m
            [36m<h3[39m
              [33mclass[39m=[32m"mt-2 text-lg font-medium text-fg"[39m
            [36m>[39m
              [0mNo Project Selected[0m
            [36m</h3>[39m
            [36m<p[39m
              [33mclass[39m=[32m"mt-1 text-sm text-muted"[39m
            [36m>[39m
              [0mSelect a project from the dropdown above to view dashboard statistics.[0m
            [36m</p>[39m
            [36m<div[39m
              [33mclass[39m=[32m"mt-6"[39m
            [36m>[39m
              [36m<a[39m
                [33mclass[39m=[32m"inline-flex items-center px-4 py-2 border border-transparent shadow-sm text-sm font-medium rounded-md text-white bg-primary-600 hover:bg-primary-700"[39m
                [33mhref[39m=[32m"/projects"[39m
              [36m>[39m
                [36m<svg[39m
                  [33maria-hidden[39m=[32m"true"[39m
                  [33mclass[39m=[32m"h-5 w-5 mr-2"[39m
                  [33mdata-slot[39m=[32m"icon"[39m
                  [33mfill[39m=[32m"none"[39m
                  [33mstroke[39m=[32m"currentColor"[39m
                  [33mstroke-width[39m=[32m"1.5"[39m
                  [33mviewBox[39m=[32m"0 0 24 24"[39m
                  [33mxmlns[39m=[32m"http://www.w3.org/2000/svg"[39m
                [36m>[39m
                  [36m<path[39m
                    [33md[39m=[32m"M4.5 12a7.5 7.5 0 0 0 15 0m-15 0a7.5 7.5 0 1 1 15 0m-15 0H3m16.5 0H21m-1.5 0H12m-8.457 3.077 1.41-.513m14.095-5.13 1.41-.513M5.106 17.785l1.15-.964m11.49-9.642 1.149-.964M7.501 19.795l.75-1.3m7.5-12.99.75-1.3m-6.063 16.658.26-1.477m2.605-14.772.26-1.477m0 17.726-.26-1.477M10.698 4.614l-.26-1.477M16.5 19.794l-.75-1.299M7.5 4.205 12 12m6.894 5.785-1.149-.964M6.256 7.178l-1.15-.964m15.352 8.864-1.41-.513M4.954 9.435l-1.41-.514M12.002 12l-3.75 6.495"[39m
                    [33mstroke-linecap[39m=[32m"round"[39m
                    [33mstroke-linejoin[39m=[32m"round"[39m
                  [36m/>[39m
                [36m</svg>[39m
                [0mManage Projects[0m
              [36m</a>[39m
            [36m</div>[39m
          [36m</div>[39m
        [36m</div>[39m
      [36m</div>[39m
    [36m</div>[39m
  [36m</body>[39m
[36m</html>[39m
   ❯ src/pages/DashboardPage.test.tsx > DashboardPage - Statistics Display > displays quick actions section with theme-aware styling
     → Unable to find an element with the text: Quick Actions. This could be because the text is broken up by multiple elements. In this case, you can provide a function for your text matcher to make your matcher more flexible.

Ignored nodes: comments, script, style
[36m<body>[39m
  [36m<div>[39m
    [36m<div>[39m
      [36m<h1[39m
        [33mclass[39m=[32m"text-3xl font-bold text-fg mb-6"[39m
      [36m>[39m
        [0mDashboard[0m
      [36m</h1>[39m
      [36m<div[39m
        [33mclass[39m=[32m"bg-card shadow rounded-lg p-6 border border-border"[39m
      [36m>[39m
        [36m<div[39m
          [33mclass[39m=[32m"text-center py-12"[39m
        [36m>[39m
          [36m<svg[39m
            [33maria-hidden[39m=[32m"true"[39m
            [33mclass[39m=[32m"mx-auto h-12 w-12 text-muted"[39m
            [33mdata-slot[39m=[32m"icon"[39m
            [33mfill[39m=[32m"none"[39m
            [33mstroke[39m=[32m"currentColor"[39m
            [33mstroke-width[39m=[32m"1.5"[39m
            [33mviewBox[39m=[32m"0 0 24 24"[39m
            [33mxmlns[39m=[32m"http://www.w3.org/2000/svg"[39m
          [36m>[39m
            [36m<path[39m
              [33md[39m=[32m"M3 13.125C3 12.504 3.504 12 4.125 12h2.25c.621 0 1.125.504 1.125 1.125v6.75C7.5 20.496 6.996 21 6.375 21h-2.25A1.125 1.125 0 0 1 3 19.875v-6.75ZM9.75 8.625c0-.621.504-1.125 1.125-1.125h2.25c.621 0 1.125.504 1.125 1.125v11.25c0 .621-.504 1.125-1.125 1.125h-2.25a1.125 1.125 0 0 1-1.125-1.125V8.625ZM16.5 4.125c0-.621.504-1.125 1.125-1.125h2.25C20.496 3 21 3.504 21 4.125v15.75c0 .621-.504 1.125-1.125 1.125h-2.25a1.125 1.125 0 0 1-1.125-1.125V4.125Z"[39m
              [33mstroke-linecap[39m=[32m"round"[39m
              [33mstroke-linejoin[39m=[32m"round"[39m
            [36m/>[39m
          [36m</svg>[39m
          [36m<h3[39m
            [33mclass[39m=[32m"mt-2 text-lg font-medium text-fg"[39m
          [36m>[39m
            [0mNo Project Selected[0m
          [36m</h3>[39m
          [36m<p[39m
            [33mclass[39m=[32m"mt-1 text-sm text-muted"[39m
          [36m>[39m
            [0mSelect a project from the dropdown above to view dashboard statistics.[0m
          [36m</p>[39m
          [36m<div[39m
            [33mclass[39m=[32m"mt-6"[39m
          [36m>[39m
            [36m<a[39m
              [33mclass[39m=[32m"inline-flex items-center px-4 py-2 border border-transparent shadow-sm text-sm font-medium rounded-md text-white bg-primary-600 hover:bg-primary-700"[39m
              [33mhref[39m=[32m"/projects"[39m
            [36m>[39m
              [36m<svg[39m
                [33maria-hidden[39m=[32m"true"[39m
                [33mclass[39m=[32m"h-5 w-5 mr-2"[39m
                [33mdata-slot[39m=[32m"icon"[39m
                [33mfill[39m=[32m"none"[39m
                [33mstroke[39m=[32m"currentColor"[39m
                [33mstroke-width[39m=[32m"1.5"[39m
                [33mviewBox[39m=[32m"0 0 24 24"[39m
                [33mxmlns[39m=[32m"http://www.w3.org/2000/svg"[39m
              [36m>[39m
                [36m<path[39m
                  [33md[39m=[32m"M4.5 12a7.5 7.5 0 0 0 15 0m-15 0a7.5 7.5 0 1 1 15 0m-15 0H3m16.5 0H21m-1.5 0H12m-8.457 3.077 1.41-.513m14.095-5.13 1.41-.513M5.106 17.785l1.15-.964m11.49-9.642 1.149-.964M7.501 19.795l.75-1.3m7.5-12.99.75-1.3m-6.063 16.658.26-1.477m2.605-14.772.26-1.477m0 17.726-.26-1.477M10.698 4.614l-.26-1.477M16.5 19.794l-.75-1.299M7.5 4.205 12 12m6.894 5.785-1.149-.964M6.256 7.178l-1.15-.964m15.352 8.864-1.41-.513M4.954 9.435l-1.41-.514M12.002 12l-3.75 6.495"[39m
                  [33mstroke-linecap[39m=[32m"round"[39m
                  [33mstroke-linejoin[39m=[32m"round"[39m
                [36m/>[39m
              [36m</svg>[39m
              [0mManage Projects[0m
            [36m</a>[39m
          [36m</div>[39m
        [36m</div>[39m
      [36m</div>[39m
    [36m</div>[39m
  [36m</div>[39m
[36m</body>[39m

Ignored nodes: comments, script, style
[36m<html>[39m
  [36m<head>[39m
    [36m<meta[39m
      [33mcontent[39m=[32m""[39m
      [33mname[39m=[32m"emotion-insertion-point"[39m
    [36m/>[39m
  [36m</head>[39m
  [36m<body>[39m
    [36m<div>[39m
      [36m<div>[39m
        [36m<h1[39m
          [33mclass[39m=[32m"text-3xl font-bold text-fg mb-6"[39m
        [36m>[39m
          [0mDashboard[0m
        [36m</h1>[39m
        [36m<div[39m
          [33mclass[39m=[32m"bg-card shadow rounded-lg p-6 border border-border"[39m
        [36m>[39m
          [36m<div[39m
            [33mclass[39m=[32m"text-center py-12"[39m
          [36m>[39m
            [36m<svg[39m
              [33maria-hidden[39m=[32m"true"[39m
              [33mclass[39m=[32m"mx-auto h-12 w-12 text-muted"[39m
              [33mdata-slot[39m=[32m"icon"[39m
              [33mfill[39m=[32m"none"[39m
              [33mstroke[39m=[32m"currentColor"[39m
              [33mstroke-width[39m=[32m"1.5"[39m
              [33mviewBox[39m=[32m"0 0 24 24"[39m
              [33mxmlns[39m=[32m"http://www.w3.org/2000/svg"[39m
            [36m>[39m
              [36m<path[39m
                [33md[39m=[32m"M3 13.125C3 12.504 3.504 12 4.125 12h2.25c.621 0 1.125.504 1.125 1.125v6.75C7.5 20.496 6.996 21 6.375 21h-2.25A1.125 1.125 0 0 1 3 19.875v-6.75ZM9.75 8.625c0-.621.504-1.125 1.125-1.125h2.25c.621 0 1.125.504 1.125 1.125v11.25c0 .621-.504 1.125-1.125 1.125h-2.25a1.125 1.125 0 0 1-1.125-1.125V8.625ZM16.5 4.125c0-.621.504-1.125 1.125-1.125h2.25C20.496 3 21 3.504 21 4.125v15.75c0 .621-.504 1.125-1.125 1.125h-2.25a1.125 1.125 0 0 1-1.125-1.125V4.125Z"[39m
                [33mstroke-linecap[39m=[32m"round"[39m
                [33mstroke-linejoin[39m=[32m"round"[39m
              [36m/>[39m
            [36m</svg>[39m
            [36m<h3[39m
              [33mclass[39m=[32m"mt-2 text-lg font-medium text-fg"[39m
            [36m>[39m
              [0mNo Project Selected[0m
            [36m</h3>[39m
            [36m<p[39m
              [33mclass[39m=[32m"mt-1 text-sm text-muted"[39m
            [36m>[39m
              [0mSelect a project from the dropdown above to view dashboard statistics.[0m
            [36m</p>[39m
            [36m<div[39m
              [33mclass[39m=[32m"mt-6"[39m
            [36m>[39m
              [36m<a[39m
                [33mclass[39m=[32m"inline-flex items-center px-4 py-2 border border-transparent shadow-sm text-sm font-medium rounded-md text-white bg-primary-600 hover:bg-primary-700"[39m
                [33mhref[39m=[32m"/projects"[39m
              [36m>[39m
                [36m<svg[39m
                  [33maria-hidden[39m=[32m"true"[39m
                  [33mclass[39m=[32m"h-5 w-5 mr-2"[39m
                  [33mdata-slot[39m=[32m"icon"[39m
                  [33mfill[39m=[32m"none"[39m
                  [33mstroke[39m=[32m"currentColor"[39m
                  [33mstroke-width[39m=[32m"1.5"[39m
                  [33mviewBox[39m=[32m"0 0 24 24"[39m
                  [33mxmlns[39m=[32m"http://www.w3.org/2000/svg"[39m
                [36m>[39m
                  [36m<path[39m
                    [33md[39m=[32m"M4.5 12a7.5 7.5 0 0 0 15 0m-15 0a7.5 7.5 0 1 1 15 0m-15 0H3m16.5 0H21m-1.5 0H12m-8.457 3.077 1.41-.513m14.095-5.13 1.41-.513M5.106 17.785l1.15-.964m11.49-9.642 1.149-.964M7.501 19.795l.75-1.3m7.5-12.99.75-1.3m-6.063 16.658.26-1.477m2.605-14.772.26-1.477m0 17.726-.26-1.477M10.698 4.614l-.26-1.477M16.5 19.794l-.75-1.299M7.5 4.205 12 12m6.894 5.785-1.149-.964M6.256 7.178l-1.15-.964m15.352 8.864-1.41-.513M4.954 9.435l-1.41-.514M12.002 12l-3.75 6.495"[39m
                    [33mstroke-linecap[39m=[32m"round"[39m
                    [33mstroke-linejoin[39m=[32m"round"[39m
                  [36m/>[39m
                [36m</svg>[39m
                [0mManage Projects[0m
              [36m</a>[39m
            [36m</div>[39m
          [36m</div>[39m
        [36m</div>[39m
      [36m</div>[39m
    [36m</div>[39m
  [36m</body>[39m
[36m</html>[39m
   ❯ src/pages/DashboardPage.test.tsx > DashboardPage - Statistics Display > displays project metrics section with theme-aware styling
     → Unable to find an element with the text: Project Metrics. This could be because the text is broken up by multiple elements. In this case, you can provide a function for your text matcher to make your matcher more flexible.

Ignored nodes: comments, script, style
[36m<body>[39m
  [36m<div>[39m
    [36m<div>[39m
      [36m<h1[39m
        [33mclass[39m=[32m"text-3xl font-bold text-fg mb-6"[39m
      [36m>[39m
        [0mDashboard[0m
      [36m</h1>[39m
      [36m<div[39m
        [33mclass[39m=[32m"bg-card shadow rounded-lg p-6 border border-border"[39m
      [36m>[39m
        [36m<div[39m
          [33mclass[39m=[32m"text-center py-12"[39m
        [36m>[39m
          [36m<svg[39m
            [33maria-hidden[39m=[32m"true"[39m
            [33mclass[39m=[32m"mx-auto h-12 w-12 text-muted"[39m
            [33mdata-slot[39m=[32m"icon"[39m
            [33mfill[39m=[32m"none"[39m
            [33mstroke[39m=[32m"currentColor"[39m
            [33mstroke-width[39m=[32m"1.5"[39m
            [33mviewBox[39m=[32m"0 0 24 24"[39m
            [33mxmlns[39m=[32m"http://www.w3.org/2000/svg"[39m
          [36m>[39m
            [36m<path[39m
              [33md[39m=[32m"M3 13.125C3 12.504 3.504 12 4.125 12h2.25c.621 0 1.125.504 1.125 1.125v6.75C7.5 20.496 6.996 21 6.375 21h-2.25A1.125 1.125 0 0 1 3 19.875v-6.75ZM9.75 8.625c0-.621.504-1.125 1.125-1.125h2.25c.621 0 1.125.504 1.125 1.125v11.25c0 .621-.504 1.125-1.125 1.125h-2.25a1.125 1.125 0 0 1-1.125-1.125V8.625ZM16.5 4.125c0-.621.504-1.125 1.125-1.125h2.25C20.496 3 21 3.504 21 4.125v15.75c0 .621-.504 1.125-1.125 1.125h-2.25a1.125 1.125 0 0 1-1.125-1.125V4.125Z"[39m
              [33mstroke-linecap[39m=[32m"round"[39m
              [33mstroke-linejoin[39m=[32m"round"[39m
            [36m/>[39m
          [36m</svg>[39m
          [36m<h3[39m
            [33mclass[39m=[32m"mt-2 text-lg font-medium text-fg"[39m
          [36m>[39m
            [0mNo Project Selected[0m
          [36m</h3>[39m
          [36m<p[39m
            [33mclass[39m=[32m"mt-1 text-sm text-muted"[39m
          [36m>[39m
            [0mSelect a project from the dropdown above to view dashboard statistics.[0m
          [36m</p>[39m
          [36m<div[39m
            [33mclass[39m=[32m"mt-6"[39m
          [36m>[39m
            [36m<a[39m
              [33mclass[39m=[32m"inline-flex items-center px-4 py-2 border border-transparent shadow-sm text-sm font-medium rounded-md text-white bg-primary-600 hover:bg-primary-700"[39m
              [33mhref[39m=[32m"/projects"[39m
            [36m>[39m
              [36m<svg[39m
                [33maria-hidden[39m=[32m"true"[39m
                [33mclass[39m=[32m"h-5 w-5 mr-2"[39m
                [33mdata-slot[39m=[32m"icon"[39m
                [33mfill[39m=[32m"none"[39m
                [33mstroke[39m=[32m"currentColor"[39m
                [33mstroke-width[39m=[32m"1.5"[39m
                [33mviewBox[39m=[32m"0 0 24 24"[39m
                [33mxmlns[39m=[32m"http://www.w3.org/2000/svg"[39m
              [36m>[39m
                [36m<path[39m
                  [33md[39m=[32m"M4.5 12a7.5 7.5 0 0 0 15 0m-15 0a7.5 7.5 0 1 1 15 0m-15 0H3m16.5 0H21m-1.5 0H12m-8.457 3.077 1.41-.513m14.095-5.13 1.41-.513M5.106 17.785l1.15-.964m11.49-9.642 1.149-.964M7.501 19.795l.75-1.3m7.5-12.99.75-1.3m-6.063 16.658.26-1.477m2.605-14.772.26-1.477m0 17.726-.26-1.477M10.698 4.614l-.26-1.477M16.5 19.794l-.75-1.299M7.5 4.205 12 12m6.894 5.785-1.149-.964M6.256 7.178l-1.15-.964m15.352 8.864-1.41-.513M4.954 9.435l-1.41-.514M12.002 12l-3.75 6.495"[39m
                  [33mstroke-linecap[39m=[32m"round"[39m
                  [33mstroke-linejoin[39m=[32m"round"[39m
                [36m/>[39m
              [36m</svg>[39m
              [0mManage Projects[0m
            [36m</a>[39m
          [36m</div>[39m
        [36m</div>[39m
      [36m</div>[39m
    [36m</div>[39m
  [36m</div>[39m
[36m</body>[39m

Ignored nodes: comments, script, style
[36m<html>[39m
  [36m<head>[39m
    [36m<meta[39m
      [33mcontent[39m=[32m""[39m
      [33mname[39m=[32m"emotion-insertion-point"[39m
    [36m/>[39m
  [36m</head>[39m
  [36m<body>[39m
    [36m<div>[39m
      [36m<div>[39m
        [36m<h1[39m
          [33mclass[39m=[32m"text-3xl font-bold text-fg mb-6"[39m
        [36m>[39m
          [0mDashboard[0m
        [36m</h1>[39m
        [36m<div[39m
          [33mclass[39m=[32m"bg-card shadow rounded-lg p-6 border border-border"[39m
        [36m>[39m
          [36m<div[39m
            [33mclass[39m=[32m"text-center py-12"[39m
          [36m>[39m
            [36m<svg[39m
              [33maria-hidden[39m=[32m"true"[39m
              [33mclass[39m=[32m"mx-auto h-12 w-12 text-muted"[39m
              [33mdata-slot[39m=[32m"icon"[39m
              [33mfill[39m=[32m"none"[39m
              [33mstroke[39m=[32m"currentColor"[39m
              [33mstroke-width[39m=[32m"1.5"[39m
              [33mviewBox[39m=[32m"0 0 24 24"[39m
              [33mxmlns[39m=[32m"http://www.w3.org/2000/svg"[39m
            [36m>[39m
              [36m<path[39m
                [33md[39m=[32m"M3 13.125C3 12.504 3.504 12 4.125 12h2.25c.621 0 1.125.504 1.125 1.125v6.75C7.5 20.496 6.996 21 6.375 21h-2.25A1.125 1.125 0 0 1 3 19.875v-6.75ZM9.75 8.625c0-.621.504-1.125 1.125-1.125h2.25c.621 0 1.125.504 1.125 1.125v11.25c0 .621-.504 1.125-1.125 1.125h-2.25a1.125 1.125 0 0 1-1.125-1.125V8.625ZM16.5 4.125c0-.621.504-1.125 1.125-1.125h2.25C20.496 3 21 3.504 21 4.125v15.75c0 .621-.504 1.125-1.125 1.125h-2.25a1.125 1.125 0 0 1-1.125-1.125V4.125Z"[39m
                [33mstroke-linecap[39m=[32m"round"[39m
                [33mstroke-linejoin[39m=[32m"round"[39m
              [36m/>[39m
            [36m</svg>[39m
            [36m<h3[39m
              [33mclass[39m=[32m"mt-2 text-lg font-medium text-fg"[39m
            [36m>[39m
              [0mNo Project Selected[0m
            [36m</h3>[39m
            [36m<p[39m
              [33mclass[39m=[32m"mt-1 text-sm text-muted"[39m
            [36m>[39m
              [0mSelect a project from the dropdown above to view dashboard statistics.[0m
            [36m</p>[39m
            [36m<div[39m
              [33mclass[39m=[32m"mt-6"[39m
            [36m>[39m
              [36m<a[39m
                [33mclass[39m=[32m"inline-flex items-center px-4 py-2 border border-transparent shadow-sm text-sm font-medium rounded-md text-white bg-primary-600 hover:bg-primary-700"[39m
                [33mhref[39m=[32m"/projects"[39m
              [36m>[39m
                [36m<svg[39m
                  [33maria-hidden[39m=[32m"true"[39m
                  [33mclass[39m=[32m"h-5 w-5 mr-2"[39m
                  [33mdata-slot[39m=[32m"icon"[39m
                  [33mfill[39m=[32m"none"[39m
                  [33mstroke[39m=[32m"currentColor"[39m
                  [33mstroke-width[39m=[32m"1.5"[39m
                  [33mviewBox[39m=[32m"0 0 24 24"[39m
                  [33mxmlns[39m=[32m"http://www.w3.org/2000/svg"[39m
                [36m>[39m
                  [36m<path[39m
                    [33md[39m=[32m"M4.5 12a7.5 7.5 0 0 0 15 0m-15 0a7.5 7.5 0 1 1 15 0m-15 0H3m16.5 0H21m-1.5 0H12m-8.457 3.077 1.41-.513m14.095-5.13 1.41-.513M5.106 17.785l1.15-.964m11.49-9.642 1.149-.964M7.501 19.795l.75-1.3m7.5-12.99.75-1.3m-6.063 16.658.26-1.477m2.605-14.772.26-1.477m0 17.726-.26-1.477M10.698 4.614l-.26-1.477M16.5 19.794l-.75-1.299M7.5 4.205 12 12m6.894 5.785-1.149-.964M6.256 7.178l-1.15-.964m15.352 8.864-1.41-.513M4.954 9.435l-1.41-.514M12.002 12l-3.75 6.495"[39m
                    [33mstroke-linecap[39m=[32m"round"[39m
                    [33mstroke-linejoin[39m=[32m"round"[39m
                  [36m/>[39m
                [36m</svg>[39m
                [0mManage Projects[0m
              [36m</a>[39m
            [36m</div>[39m
          [36m</div>[39m
        [36m</div>[39m
      [36m</div>[39m
    [36m</div>[39m
  [36m</body>[39m
[36m</html>[39m
   ❯ src/pages/DashboardPage.test.tsx > DashboardPage - Statistics Display > displays info panel with theme-aware styling
     → Unable to find an element with the text: 📚 Understanding the Views. This could be because the text is broken up by multiple elements. In this case, you can provide a function for your text matcher to make your matcher more flexible.

Ignored nodes: comments, script, style
[36m<body>[39m
  [36m<div>[39m
    [36m<div>[39m
      [36m<h1[39m
        [33mclass[39m=[32m"text-3xl font-bold text-fg mb-6"[39m
      [36m>[39m
        [0mDashboard[0m
      [36m</h1>[39m
      [36m<div[39m
        [33mclass[39m=[32m"bg-card shadow rounded-lg p-6 border border-border"[39m
      [36m>[39m
        [36m<div[39m
          [33mclass[39m=[32m"text-center py-12"[39m
        [36m>[39m
          [36m<svg[39m
            [33maria-hidden[39m=[32m"true"[39m
            [33mclass[39m=[32m"mx-auto h-12 w-12 text-muted"[39m
            [33mdata-slot[39m=[32m"icon"[39m
            [33mfill[39m=[32m"none"[39m
            [33mstroke[39m=[32m"currentColor"[39m
            [33mstroke-width[39m=[32m"1.5"[39m
            [33mviewBox[39m=[32m"0 0 24 24"[39m
            [33mxmlns[39m=[32m"http://www.w3.org/2000/svg"[39m
          [36m>[39m
            [36m<path[39m
              [33md[39m=[32m"M3 13.125C3 12.504 3.504 12 4.125 12h2.25c.621 0 1.125.504 1.125 1.125v6.75C7.5 20.496 6.996 21 6.375 21h-2.25A1.125 1.125 0 0 1 3 19.875v-6.75ZM9.75 8.625c0-.621.504-1.125 1.125-1.125h2.25c.621 0 1.125.504 1.125 1.125v11.25c0 .621-.504 1.125-1.125 1.125h-2.25a1.125 1.125 0 0 1-1.125-1.125V8.625ZM16.5 4.125c0-.621.504-1.125 1.125-1.125h2.25C20.496 3 21 3.504 21 4.125v15.75c0 .621-.504 1.125-1.125 1.125h-2.25a1.125 1.125 0 0 1-1.125-1.125V4.125Z"[39m
              [33mstroke-linecap[39m=[32m"round"[39m
              [33mstroke-linejoin[39m=[32m"round"[39m
            [36m/>[39m
          [36m</svg>[39m
          [36m<h3[39m
            [33mclass[39m=[32m"mt-2 text-lg font-medium text-fg"[39m
          [36m>[39m
            [0mNo Project Selected[0m
          [36m</h3>[39m
          [36m<p[39m
            [33mclass[39m=[32m"mt-1 text-sm text-muted"[39m
          [36m>[39m
            [0mSelect a project from the dropdown above to view dashboard statistics.[0m
          [36m</p>[39m
          [36m<div[39m
            [33mclass[39m=[32m"mt-6"[39m
          [36m>[39m
            [36m<a[39m
              [33mclass[39m=[32m"inline-flex items-center px-4 py-2 border border-transparent shadow-sm text-sm font-medium rounded-md text-white bg-primary-600 hover:bg-primary-700"[39m
              [33mhref[39m=[32m"/projects"[39m
            [36m>[39m
              [36m<svg[39m
                [33maria-hidden[39m=[32m"true"[39m
                [33mclass[39m=[32m"h-5 w-5 mr-2"[39m
                [33mdata-slot[39m=[32m"icon"[39m
                [33mfill[39m=[32m"none"[39m
                [33mstroke[39m=[32m"currentColor"[39m
                [33mstroke-width[39m=[32m"1.5"[39m
                [33mviewBox[39m=[32m"0 0 24 24"[39m
                [33mxmlns[39m=[32m"http://www.w3.org/2000/svg"[39m
              [36m>[39m
                [36m<path[39m
                  [33md[39m=[32m"M4.5 12a7.5 7.5 0 0 0 15 0m-15 0a7.5 7.5 0 1 1 15 0m-15 0H3m16.5 0H21m-1.5 0H12m-8.457 3.077 1.41-.513m14.095-5.13 1.41-.513M5.106 17.785l1.15-.964m11.49-9.642 1.149-.964M7.501 19.795l.75-1.3m7.5-12.99.75-1.3m-6.063 16.658.26-1.477m2.605-14.772.26-1.477m0 17.726-.26-1.477M10.698 4.614l-.26-1.477M16.5 19.794l-.75-1.299M7.5 4.205 12 12m6.894 5.785-1.149-.964M6.256 7.178l-1.15-.964m15.352 8.864-1.41-.513M4.954 9.435l-1.41-.514M12.002 12l-3.75 6.495"[39m
                  [33mstroke-linecap[39m=[32m"round"[39m
                  [33mstroke-linejoin[39m=[32m"round"[39m
                [36m/>[39m
              [36m</svg>[39m
              [0mManage Projects[0m
            [36m</a>[39m
          [36m</div>[39m
        [36m</div>[39m
      [36m</div>[39m
    [36m</div>[39m
  [36m</div>[39m
[36m</body>[39m

Ignored nodes: comments, script, style
[36m<html>[39m
  [36m<head>[39m
    [36m<meta[39m
      [33mcontent[39m=[32m""[39m
      [33mname[39m=[32m"emotion-insertion-point"[39m
    [36m/>[39m
  [36m</head>[39m
  [36m<body>[39m
    [36m<div>[39m
      [36m<div>[39m
        [36m<h1[39m
          [33mclass[39m=[32m"text-3xl font-bold text-fg mb-6"[39m
        [36m>[39m
          [0mDashboard[0m
        [36m</h1>[39m
        [36m<div[39m
          [33mclass[39m=[32m"bg-card shadow rounded-lg p-6 border border-border"[39m
        [36m>[39m
          [36m<div[39m
            [33mclass[39m=[32m"text-center py-12"[39m
          [36m>[39m
            [36m<svg[39m
              [33maria-hidden[39m=[32m"true"[39m
              [33mclass[39m=[32m"mx-auto h-12 w-12 text-muted"[39m
              [33mdata-slot[39m=[32m"icon"[39m
              [33mfill[39m=[32m"none"[39m
              [33mstroke[39m=[32m"currentColor"[39m
              [33mstroke-width[39m=[32m"1.5"[39m
              [33mviewBox[39m=[32m"0 0 24 24"[39m
              [33mxmlns[39m=[32m"http://www.w3.org/2000/svg"[39m
            [36m>[39m
              [36m<path[39m
                [33md[39m=[32m"M3 13.125C3 12.504 3.504 12 4.125 12h2.25c.621 0 1.125.504 1.125 1.125v6.75C7.5 20.496 6.996 21 6.375 21h-2.25A1.125 1.125 0 0 1 3 19.875v-6.75ZM9.75 8.625c0-.621.504-1.125 1.125-1.125h2.25c.621 0 1.125.504 1.125 1.125v11.25c0 .621-.504 1.125-1.125 1.125h-2.25a1.125 1.125 0 0 1-1.125-1.125V8.625ZM16.5 4.125c0-.621.504-1.125 1.125-1.125h2.25C20.496 3 21 3.504 21 4.125v15.75c0 .621-.504 1.125-1.125 1.125h-2.25a1.125 1.125 0 0 1-1.125-1.125V4.125Z"[39m
                [33mstroke-linecap[39m=[32m"round"[39m
                [33mstroke-linejoin[39m=[32m"round"[39m
              [36m/>[39m
            [36m</svg>[39m
            [36m<h3[39m
              [33mclass[39m=[32m"mt-2 text-lg font-medium text-fg"[39m
            [36m>[39m
              [0mNo Project Selected[0m
            [36m</h3>[39m
            [36m<p[39m
              [33mclass[39m=[32m"mt-1 text-sm text-muted"[39m
            [36m>[39m
              [0mSelect a project from the dropdown above to view dashboard statistics.[0m
            [36m</p>[39m
            [36m<div[39m
              [33mclass[39m=[32m"mt-6"[39m
            [36m>[39m
              [36m<a[39m
                [33mclass[39m=[32m"inline-flex items-center px-4 py-2 border border-transparent shadow-sm text-sm font-medium rounded-md text-white bg-primary-600 hover:bg-primary-700"[39m
                [33mhref[39m=[32m"/projects"[39m
              [36m>[39m
                [36m<svg[39m
                  [33maria-hidden[39m=[32m"true"[39m
                  [33mclass[39m=[32m"h-5 w-5 mr-2"[39m
                  [33mdata-slot[39m=[32m"icon"[39m
                  [33mfill[39m=[32m"none"[39m
                  [33mstroke[39m=[32m"currentColor"[39m
                  [33mstroke-width[39m=[32m"1.5"[39m
                  [33mviewBox[39m=[32m"0 0 24 24"[39m
                  [33mxmlns[39m=[32m"http://www.w3.org/2000/svg"[39m
                [36m>[39m
                  [36m<path[39m
                    [33md[39m=[32m"M4.5 12a7.5 7.5 0 0 0 15 0m-15 0a7.5 7.5 0 1 1 15 0m-15 0H3m16.5 0H21m-1.5 0H12m-8.457 3.077 1.41-.513m14.095-5.13 1.41-.513M5.106 17.785l1.15-.964m11.49-9.642 1.149-.964M7.501 19.795l.75-1.3m7.5-12.99.75-1.3m-6.063 16.658.26-1.477m2.605-14.772.26-1.477m0 17.726-.26-1.477M10.698 4.614l-.26-1.477M16.5 19.794l-.75-1.299M7.5 4.205 12 12m6.894 5.785-1.149-.964M6.256 7.178l-1.15-.964m15.352 8.864-1.41-.513M4.954 9.435l-1.41-.514M12.002 12l-3.75 6.495"[39m
                    [33mstroke-linecap[39m=[32m"round"[39m
                    [33mstroke-linejoin[39m=[32m"round"[39m
                  [36m/>[39m
                [36m</svg>[39m
                [0mManage Projects[0m
              [36m</a>[39m
            [36m</div>[39m
          [36m</div>[39m
        [36m</div>[39m
      [36m</div>[39m
    [36m</div>[39m
  [36m</body>[39m
[36m</html>[39m
 ❯ src/hooks/__tests__/useWorkflowRuns.test.ts  (12 tests | 4 failed) 5056ms
   ❯ src/hooks/__tests__/useWorkflowRuns.test.ts > useWorkflowRuns > refetches data on interval
     → Test timed out in 5000ms.
If this is a long-running test, pass a timeout value as the last argument or configure it globally with "testTimeout".
   ❯ src/hooks/__tests__/useWorkflowRuns.test.ts > useWorkflowRuns > calculates progress from component runs
     → expected 63 to be 62.5 // Object.is equality
   ❯ src/hooks/__tests__/useWorkflowRuns.test.ts > useWorkflowRuns > filters by status
     → expected [ { id: '1', …(23) }, …(2) ] to have a length of 1 but got 3
   ❯ src/hooks/__tests__/useWorkflowRuns.test.ts > useWorkflowRuns > filters by storyId
     → expected [ { id: '1', …(23) }, …(2) ] to have a length of 2 but got 3
stderr | src/hooks/__tests__/useWorkflowSettings.test.ts > useWorkflowSettings > handles corrupted localStorage data gracefully
Failed to load settings from localStorage: SyntaxError: Unexpected token i in JSON at position 0
    at JSON.parse (<anonymous>)
    at /opt/stack/worktrees/st-53-web-ui-multi-run-progress-tracker-in-status-bar/frontend/src/hooks/useWorkflowSettings.ts:18:47
    at mountState (/opt/stack/AIStudio/node_modules/react-dom/cjs/react-dom.development.js:16167:20)
    at Object.useState (/opt/stack/AIStudio/node_modules/react-dom/cjs/react-dom.development.js:16880:16)
    at Proxy.useState (/opt/stack/AIStudio/node_modules/react/cjs/react.development.js:1622:21)
    at Module.useWorkflowSettings (/opt/stack/worktrees/st-53-web-ui-multi-run-progress-tracker-in-status-bar/frontend/src/hooks/useWorkflowSettings.ts:14:35)
    at /opt/stack/worktrees/st-53-web-ui-multi-run-progress-tracker-in-status-bar/frontend/src/hooks/__tests__/useWorkflowSettings.test.ts:41:41
    at TestComponent (/opt/stack/AIStudio/node_modules/@testing-library/react/dist/pure.js:331:27)
    at renderWithHooks (/opt/stack/AIStudio/node_modules/react-dom/cjs/react-dom.development.js:15486:18)
    at mountIndeterminateComponent (/opt/stack/AIStudio/node_modules/react-dom/cjs/react-dom.development.js:20103:13)

 ❯ src/hooks/__tests__/useWorkflowSettings.test.ts  (18 tests | 1 failed) 87ms
   ❯ src/hooks/__tests__/useWorkflowSettings.test.ts > useWorkflowSettings > resets settings to defaults
     → expected '{"autoHide":false,"maxVisibleRuns":5,…' to be null // Object.is equality
stderr | src/hooks/__tests__/useFileTree.test.ts > useFileTree > should return to project view and clear selected file
Warning: An update to TestComponent inside a test was not wrapped in act(...).

When testing, code that causes React state updates should be wrapped into act(...):

act(() => {
  /* fire events that update state */
});
/* assert on the output */

This ensures that you're testing the behavior the user would see in the browser. Learn more at https://reactjs.org/link/wrap-tests-with-act
    at TestComponent (/opt/stack/AIStudio/node_modules/@testing-library/react/dist/pure.js:329:5)
Warning: An update to TestComponent inside a test was not wrapped in act(...).

When testing, code that causes React state updates should be wrapped into act(...):

act(() => {
  /* fire events that update state */
});
/* assert on the output */

This ensures that you're testing the behavior the user would see in the browser. Learn more at https://reactjs.org/link/wrap-tests-with-act
    at TestComponent (/opt/stack/AIStudio/node_modules/@testing-library/react/dist/pure.js:329:5)
Warning: An update to TestComponent inside a test was not wrapped in act(...).

When testing, code that causes React state updates should be wrapped into act(...):

act(() => {
  /* fire events that update state */
});
/* assert on the output */

This ensures that you're testing the behavior the user would see in the browser. Learn more at https://reactjs.org/link/wrap-tests-with-act
    at TestComponent (/opt/stack/AIStudio/node_modules/@testing-library/react/dist/pure.js:329:5)

 ❯ src/hooks/__tests__/useFileTree.test.ts  (12 tests | 2 failed) 185ms
   ❯ src/hooks/__tests__/useFileTree.test.ts > useFileTree > should select file and fetch details successfully
     → expected "wrap" to be called with arguments: [ Array(1) ]

Received: 

  1st wrap call:

  Array [
-   "/code-metrics/project/test-project-id/file/src%2Fcomponents%2FTest.tsx",
+   "/code-metrics/file/test-project-id?filePath=src%2Fcomponents%2FTest.tsx",
  ]


Number of calls: 1

   ❯ src/hooks/__tests__/useFileTree.test.ts > useFileTree > should show loading state when fetching file details
     → expected false to be true // Object.is equality
stderr | src/hooks/__tests__/useCodeQualityMetrics.test.ts > useCodeQualityMetrics > should initialize with loading state
Failed to fetch recent analyses: TypeError: Cannot read properties of undefined (reading 'data')
    at /opt/stack/worktrees/st-53-web-ui-multi-run-progress-tracker-in-status-bar/frontend/src/hooks/useCodeQualityMetrics.ts:125:34
Warning: An update to TestComponent inside a test was not wrapped in act(...).

When testing, code that causes React state updates should be wrapped into act(...):

act(() => {
  /* fire events that update state */
});
/* assert on the output */

This ensures that you're testing the behavior the user would see in the browser. Learn more at https://reactjs.org/link/wrap-tests-with-act
    at TestComponent (/opt/stack/AIStudio/node_modules/@testing-library/react/dist/pure.js:329:5)
Warning: An update to TestComponent inside a test was not wrapped in act(...).

When testing, code that causes React state updates should be wrapped into act(...):

act(() => {
  /* fire events that update state */
});
/* assert on the output */

This ensures that you're testing the behavior the user would see in the browser. Learn more at https://reactjs.org/link/wrap-tests-with-act
    at TestComponent (/opt/stack/AIStudio/node_modules/@testing-library/react/dist/pure.js:329:5)
Warning: An update to TestComponent inside a test was not wrapped in act(...).

When testing, code that causes React state updates should be wrapped into act(...):

act(() => {
  /* fire events that update state */
});
/* assert on the output */

This ensures that you're testing the behavior the user would see in the browser. Learn more at https://reactjs.org/link/wrap-tests-with-act
    at TestComponent (/opt/stack/AIStudio/node_modules/@testing-library/react/dist/pure.js:329:5)
Warning: An update to TestComponent inside a test was not wrapped in act(...).

When testing, code that causes React state updates should be wrapped into act(...):

act(() => {
  /* fire events that update state */
});
/* assert on the output */

This ensures that you're testing the behavior the user would see in the browser. Learn more at https://reactjs.org/link/wrap-tests-with-act
    at TestComponent (/opt/stack/AIStudio/node_modules/@testing-library/react/dist/pure.js:329:5)

stderr | src/hooks/__tests__/useCodeQualityMetrics.test.ts > useCodeQualityMetrics > should handle fetch errors and set error state
Failed to fetch recent analyses: Error: Network error
    at /opt/stack/worktrees/st-53-web-ui-multi-run-progress-tracker-in-status-bar/frontend/src/hooks/__tests__/useCodeQualityMetrics.test.ts:95:44
    at file:///opt/stack/AIStudio/node_modules/@vitest/runner/dist/index.js:135:14
    at file:///opt/stack/AIStudio/node_modules/@vitest/runner/dist/index.js:60:26
    at runTest (file:///opt/stack/AIStudio/node_modules/@vitest/runner/dist/index.js:781:17)
    at runSuite (file:///opt/stack/AIStudio/node_modules/@vitest/runner/dist/index.js:909:15)
    at runSuite (file:///opt/stack/AIStudio/node_modules/@vitest/runner/dist/index.js:909:15)
    at runFiles (file:///opt/stack/AIStudio/node_modules/@vitest/runner/dist/index.js:958:5)
    at startTests (file:///opt/stack/AIStudio/node_modules/@vitest/runner/dist/index.js:967:3)
    at file:///opt/stack/AIStudio/node_modules/vitest/dist/chunks/runtime-runBaseTests.oAvMKtQC.js:116:7
    at withEnv (file:///opt/stack/AIStudio/node_modules/vitest/dist/chunks/runtime-runBaseTests.oAvMKtQC.js:83:5)

stderr | src/hooks/__tests__/useCodeQualityMetrics.test.ts > useCodeQualityMetrics > should handle API error responses with message
Failed to fetch recent analyses: { response: { data: { message: 'Unauthorized access' } } }

stderr | src/hooks/__tests__/useCodeQualityMetrics.test.ts > useCodeQualityMetrics > should refetch data when refetch is called
Warning: An update to TestComponent inside a test was not wrapped in act(...).

When testing, code that causes React state updates should be wrapped into act(...):

act(() => {
  /* fire events that update state */
});
/* assert on the output */

This ensures that you're testing the behavior the user would see in the browser. Learn more at https://reactjs.org/link/wrap-tests-with-act
    at TestComponent (/opt/stack/AIStudio/node_modules/@testing-library/react/dist/pure.js:329:5)
Warning: An update to TestComponent inside a test was not wrapped in act(...).

When testing, code that causes React state updates should be wrapped into act(...):

act(() => {
  /* fire events that update state */
});
/* assert on the output */

This ensures that you're testing the behavior the user would see in the browser. Learn more at https://reactjs.org/link/wrap-tests-with-act
    at TestComponent (/opt/stack/AIStudio/node_modules/@testing-library/react/dist/pure.js:329:5)
Warning: An update to TestComponent inside a test was not wrapped in act(...).

When testing, code that causes React state updates should be wrapped into act(...):

act(() => {
  /* fire events that update state */
});
/* assert on the output */

This ensures that you're testing the behavior the user would see in the browser. Learn more at https://reactjs.org/link/wrap-tests-with-act
    at TestComponent (/opt/stack/AIStudio/node_modules/@testing-library/react/dist/pure.js:329:5)
Warning: An update to TestComponent inside a test was not wrapped in act(...).

When testing, code that causes React state updates should be wrapped into act(...):

act(() => {
  /* fire events that update state */
});
/* assert on the output */

This ensures that you're testing the behavior the user would see in the browser. Learn more at https://reactjs.org/link/wrap-tests-with-act
    at TestComponent (/opt/stack/AIStudio/node_modules/@testing-library/react/dist/pure.js:329:5)
Warning: An update to TestComponent inside a test was not wrapped in act(...).

When testing, code that causes React state updates should be wrapped into act(...):

act(() => {
  /* fire events that update state */
});
/* assert on the output */

This ensures that you're testing the behavior the user would see in the browser. Learn more at https://reactjs.org/link/wrap-tests-with-act
    at TestComponent (/opt/stack/AIStudio/node_modules/@testing-library/react/dist/pure.js:329:5)
Warning: An update to TestComponent inside a test was not wrapped in act(...).

When testing, code that causes React state updates should be wrapped into act(...):

act(() => {
  /* fire events that update state */
});
/* assert on the output */

This ensures that you're testing the behavior the user would see in the browser. Learn more at https://reactjs.org/link/wrap-tests-with-act
    at TestComponent (/opt/stack/AIStudio/node_modules/@testing-library/react/dist/pure.js:329:5)
Warning: An update to TestComponent inside a test was not wrapped in act(...).

When testing, code that causes React state updates should be wrapped into act(...):

act(() => {
  /* fire events that update state */
});
/* assert on the output */

This ensures that you're testing the behavior the user would see in the browser. Learn more at https://reactjs.org/link/wrap-tests-with-act
    at TestComponent (/opt/stack/AIStudio/node_modules/@testing-library/react/dist/pure.js:329:5)
Warning: An update to TestComponent inside a test was not wrapped in act(...).

When testing, code that causes React state updates should be wrapped into act(...):

act(() => {
  /* fire events that update state */
});
/* assert on the output */

This ensures that you're testing the behavior the user would see in the browser. Learn more at https://reactjs.org/link/wrap-tests-with-act
    at TestComponent (/opt/stack/AIStudio/node_modules/@testing-library/react/dist/pure.js:329:5)
Warning: An update to TestComponent inside a test was not wrapped in act(...).

When testing, code that causes React state updates should be wrapped into act(...):

act(() => {
  /* fire events that update state */
});
/* assert on the output */

This ensures that you're testing the behavior the user would see in the browser. Learn more at https://reactjs.org/link/wrap-tests-with-act
    at TestComponent (/opt/stack/AIStudio/node_modules/@testing-library/react/dist/pure.js:329:5)
Warning: An update to TestComponent inside a test was not wrapped in act(...).

When testing, code that causes React state updates should be wrapped into act(...):

act(() => {
  /* fire events that update state */
});
/* assert on the output */

This ensures that you're testing the behavior the user would see in the browser. Learn more at https://reactjs.org/link/wrap-tests-with-act
    at TestComponent (/opt/stack/AIStudio/node_modules/@testing-library/react/dist/pure.js:329:5)
Warning: An update to TestComponent inside a test was not wrapped in act(...).

When testing, code that causes React state updates should be wrapped into act(...):

act(() => {
  /* fire events that update state */
});
/* assert on the output */

This ensures that you're testing the behavior the user would see in the browser. Learn more at https://reactjs.org/link/wrap-tests-with-act
    at TestComponent (/opt/stack/AIStudio/node_modules/@testing-library/react/dist/pure.js:329:5)
Warning: An update to TestComponent inside a test was not wrapped in act(...).

When testing, code that causes React state updates should be wrapped into act(...):

act(() => {
  /* fire events that update state */
});
/* assert on the output */

This ensures that you're testing the behavior the user would see in the browser. Learn more at https://reactjs.org/link/wrap-tests-with-act
    at TestComponent (/opt/stack/AIStudio/node_modules/@testing-library/react/dist/pure.js:329:5)
Warning: An update to TestComponent inside a test was not wrapped in act(...).

When testing, code that causes React state updates should be wrapped into act(...):

act(() => {
  /* fire events that update state */
});
/* assert on the output */

This ensures that you're testing the behavior the user would see in the browser. Learn more at https://reactjs.org/link/wrap-tests-with-act
    at TestComponent (/opt/stack/AIStudio/node_modules/@testing-library/react/dist/pure.js:329:5)
Warning: An update to TestComponent inside a test was not wrapped in act(...).

When testing, code that causes React state updates should be wrapped into act(...):

act(() => {
  /* fire events that update state */
});
/* assert on the output */

This ensures that you're testing the behavior the user would see in the browser. Learn more at https://reactjs.org/link/wrap-tests-with-act
    at TestComponent (/opt/stack/AIStudio/node_modules/@testing-library/react/dist/pure.js:329:5)
Warning: An update to TestComponent inside a test was not wrapped in act(...).

When testing, code that causes React state updates should be wrapped into act(...):

act(() => {
  /* fire events that update state */
});
/* assert on the output */

This ensures that you're testing the behavior the user would see in the browser. Learn more at https://reactjs.org/link/wrap-tests-with-act
    at TestComponent (/opt/stack/AIStudio/node_modules/@testing-library/react/dist/pure.js:329:5)
Warning: An update to TestComponent inside a test was not wrapped in act(...).

When testing, code that causes React state updates should be wrapped into act(...):

act(() => {
  /* fire events that update state */
});
/* assert on the output */

This ensures that you're testing the behavior the user would see in the browser. Learn more at https://reactjs.org/link/wrap-tests-with-act
    at TestComponent (/opt/stack/AIStudio/node_modules/@testing-library/react/dist/pure.js:329:5)

stderr | src/hooks/__tests__/useCodeQualityMetrics.test.ts > useCodeQualityMetrics > should silently handle errors in supplementary data (comparison, tests)
Failed to fetch recent analyses: TypeError: Cannot read properties of null (reading 'analyses')
    at /opt/stack/worktrees/st-53-web-ui-multi-run-progress-tracker-in-status-bar/frontend/src/hooks/useCodeQualityMetrics.ts:125:39

 ✓ src/hooks/__tests__/useCodeQualityMetrics.test.ts  (8 tests) 333ms
 ❯ src/components/performance/__tests__/WorkflowsTab.test.tsx  (9 tests | 3 failed) 194ms
   ❯ src/components/performance/__tests__/WorkflowsTab.test.tsx > WorkflowsTab > Tests metric display > should display Tests column in expanded workflow details
     → Found multiple elements with the text: Week 45

Here are the matching elements:

Ignored nodes: comments, script, style
[36m<div[39m
  [33mclass[39m=[32m"text-sm font-medium text-fg"[39m
[36m>[39m
  [0mWeek [0m
  [0m45[0m
[36m</div>[39m

Ignored nodes: comments, script, style
[36m<div[39m
  [33mclass[39m=[32m"text-sm font-medium text-fg"[39m
[36m>[39m
  [0mWeek [0m
  [0m45[0m
[36m</div>[39m

(If this is intentional, then use the `*AllBy*` variant of the query (like `queryAllByText`, `getAllByText`, or `findAllByText`)).

Ignored nodes: comments, script, style
[36m<body>[39m
  [36m<div>[39m
    [36m<div[39m
      [33mclass[39m=[32m"space-y-6"[39m
    [36m>[39m
      [36m<div[39m
        [33mclass[39m=[32m"bg-card rounded-lg shadow p-6"[39m
      [36m>[39m
        [36m<h2[39m
          [33mclass[39m=[32m"text-xl font-bold text-fg mb-4"[39m
        [36m>[39m
          [0mWeekly Performance Summary[0m
        [36m</h2>[39m
        [36m<div[39m
          [33mclass[39m=[32m"overflow-x-auto"[39m
        [36m>[39m
          [36m<table[39m
            [33mclass[39m=[32m"min-w-full divide-y divide-gray-200"[39m
          [36m>[39m
            [36m<thead[39m
              [33mclass[39m=[32m"bg-bg-secondary"[39m
            [36m>[39m
              [36m<tr>[39m
                [36m<th[39m
                  [33mclass[39m=[32m"px-4 py-3 text-left text-xs font-medium text-muted uppercase"[39m
                [36m>[39m
                  [0mWeek[0m
                [36m</th>[39m
                [36m<th[39m
                  [33mclass[39m=[32m"px-4 py-3 text-right text-xs font-medium text-muted uppercase"[39m
                [36m>[39m
                  [0mStories[0m
                [36m</th>[39m
                [36m<th[39m
                  [33mclass[39m=[32m"px-4 py-3 text-right text-xs font-medium text-muted uppercase"[39m
                [36m>[39m
                  [0mTokens[0m
                [36m</th>[39m
                [36m<th[39m
                  [33mclass[39m=[32m"px-4 py-3 text-right text-xs font-medium text-muted uppercase"[39m
                [36m>[39m
                  [0mDuration[0m
                [36m</th>[39m
                [36m<th[39m
                  [33mclass[39m=[32m"px-4 py-3 text-right text-xs font-medium text-muted uppercase"[39m
                [36m>[39m
                  [0mCost[0m
                [36m</th>[39m
                [36m<th[39m
                  [33mclass[39m=[32m"px-4 py-3 text-right text-xs font-medium text-muted uppercase"[39m
                [36m>[39m
                  [0mLOC[0m
                [36m</th>[39m
                [36m<th[39m
                  [33mclass[39m=[32m"px-4 py-3 text-right text-xs font-medium text-muted uppercase"[39m
                [36m>[39m
                  [0mTests[0m
                [36m</th>[39m
                [36m<th[39m
                  [33mclass[39m=[32m"px-4 py-3 text-right text-xs font-medium text-muted uppercase"[39m
                [36m>[39m
                  [0mSuccess Rate[0m
                [36m</th>[39m
              [36m</tr>[39m
            [36m</thead>[39m
            [36m<tbody[39m
              [33mclass[39m=[32m"bg-card divide-y divide-gray-200"[39m
            [36m>[39m
              [36m<tr[39m
                [33mclass[39m=[32m"hover:bg-bg-secondary cursor-pointer"[39m
              [36m>[39m
                [36m<td[39m
                  [33mclass[39m=[32m"px-4 py-3 whitespace-nowrap"[39m
                [36m>[39m
                  [36m<div[39m
                    [33mclass[39m=[32m"flex items-center gap-2"[39m
                  [36m>[39m
                    [36m<span[39m
                      [33mclass[39m=[32m"text-gray-400"[39m
                    [36m>[39m
                      [0m▶[0m
                    [36m</span>[39m
                    [36m<div>[39m
                      [36m<div[39m
                        [33mclass[39m=[32m"text-sm font-medium text-fg"[39m
                      [36m>[39m
                        [0mWeek [0m
                        [0m45[0m
                      [36m</div>[39m
                      [36m<div[39m
                        [33mclass[39m=[32m"text-xs text-muted"[39m
                      [36m>[39m
                        [0m2025[0m
                      [36m</div>[39m
                    [36m</div>[39m
                  [36m</div>[39m
                [36m</td>[39m
                [36m<td[39m
                  [33mclass[39m=[32m"px-4 py-3 whitespace-nowrap text-right"[39m
                [36m>[39m
                  [36m<div[39m
                    [33mclass[39m=[32m"text-sm text-fg flex items-center justify-end gap-1"[39m
                  [36m>[39m
                    [0m3[0m
                    [36m<span[39m
                      [33mclass[39m=[32m"text-red-600"[39m
                    [36m>[39m
                      [0m↑[0m
                    [36m</span>[39m
                  [36m</div>[39m
                [36m</td>[39m
                [36m<td[39m
                  [33mclass[39m=[32m"px-4 py-3 whitespace-nowrap text-right"[39m
                [36m>[39m
                  [36m<div[39m
                    [33mclass[39m=[32m"text-sm text-fg flex items-center justify-end gap-1"[39m
                  [36m>[39m
                    [0m50,000[0m
                    [36m<span[39m
                      [33mclass[39m=[32m"text-red-600"[39m
                    [36m>[39m
                      [0m↑[0m
                    [36m</span>[39m
                  [36m</div>[39m
                [36m</td>[39m
                [36m<td[39m
                  [33mclass[39m=[32m"px-4 py-3 whitespace-nowrap text-right"[39m
                [36m>[39m
                  [36m<div[39m
                    [33mclass[39m=[32m"text-sm text-fg"[39m
                  [36m>[39m
                    [0m5min[0m
                  [36m</div>[39m
                [36m</td>[39m
                [36m<td[39m
                  [33mclass[39m=[32m"px-4 py-3 whitespace-nowrap text-right"[39m
                [36m>[39m
                  [36m<div[39m
                    [33mclass[39m=[32m"text-sm text-fg flex items-center justify-end gap-1"[39m
                  [36m>[39m
                    [0m$2.50[0m
                    [36m<span[39m
                      [33mclass[39m=[32m"text-red-600"[39m
                    [36m>[39m
                      [0m↑[0m
                    [36m</span>[39m
                  [36m</div>[39m
                [36m</td>[39m
                [36m<td[39m
                  [33mclass[39m=[32m"px-4 py-3 whitespace-nowrap text-right"[39m
                [36m>[39m
                  [36m<div[39m
                    [33mclass[39m=[32m"text-sm text-fg"[39m
                  [36m>[39m
                    [0m1,200[0m
                  [36m</div>[39m
                [36m</td>[39m
                [36m<td[39m
                  [33mclass[39m=[32m"px-4 py-3 whitespace-nowrap text-right"[39m
                [36m>[39m
                  [36m<div[39m
                    [33mclass[39m=[32m"text-sm text-fg"[39m
                  [36m>[39m
                    [0m15[0m
                  [36m</div>[39m
                [36m</td>[39m
                [36m<td[39m
                 ...
   ❯ src/components/performance/__tests__/WorkflowsTab.test.tsx > WorkflowsTab > Tests metric display > should show average tests added in summary row
     → Found multiple elements with the text: Average

Here are the matching elements:

Ignored nodes: comments, script, style
[36m<td[39m
  [33mclass[39m=[32m"px-4 py-3 text-sm text-fg"[39m
[36m>[39m
  [0mAverage[0m
[36m</td>[39m

Ignored nodes: comments, script, style
[36m<td[39m
  [33mclass[39m=[32m"px-4 py-3 text-sm text-fg"[39m
[36m>[39m
  [0mAverage[0m
[36m</td>[39m

(If this is intentional, then use the `*AllBy*` variant of the query (like `queryAllByText`, `getAllByText`, or `findAllByText`)).

Ignored nodes: comments, script, style
[36m<body>[39m
  [36m<div>[39m
    [36m<div[39m
      [33mclass[39m=[32m"space-y-6"[39m
    [36m>[39m
      [36m<div[39m
        [33mclass[39m=[32m"bg-card rounded-lg shadow p-6"[39m
      [36m>[39m
        [36m<h2[39m
          [33mclass[39m=[32m"text-xl font-bold text-fg mb-4"[39m
        [36m>[39m
          [0mWeekly Performance Summary[0m
        [36m</h2>[39m
        [36m<div[39m
          [33mclass[39m=[32m"overflow-x-auto"[39m
        [36m>[39m
          [36m<table[39m
            [33mclass[39m=[32m"min-w-full divide-y divide-gray-200"[39m
          [36m>[39m
            [36m<thead[39m
              [33mclass[39m=[32m"bg-bg-secondary"[39m
            [36m>[39m
              [36m<tr>[39m
                [36m<th[39m
                  [33mclass[39m=[32m"px-4 py-3 text-left text-xs font-medium text-muted uppercase"[39m
                [36m>[39m
                  [0mWeek[0m
                [36m</th>[39m
                [36m<th[39m
                  [33mclass[39m=[32m"px-4 py-3 text-right text-xs font-medium text-muted uppercase"[39m
                [36m>[39m
                  [0mStories[0m
                [36m</th>[39m
                [36m<th[39m
                  [33mclass[39m=[32m"px-4 py-3 text-right text-xs font-medium text-muted uppercase"[39m
                [36m>[39m
                  [0mTokens[0m
                [36m</th>[39m
                [36m<th[39m
                  [33mclass[39m=[32m"px-4 py-3 text-right text-xs font-medium text-muted uppercase"[39m
                [36m>[39m
                  [0mDuration[0m
                [36m</th>[39m
                [36m<th[39m
                  [33mclass[39m=[32m"px-4 py-3 text-right text-xs font-medium text-muted uppercase"[39m
                [36m>[39m
                  [0mCost[0m
                [36m</th>[39m
                [36m<th[39m
                  [33mclass[39m=[32m"px-4 py-3 text-right text-xs font-medium text-muted uppercase"[39m
                [36m>[39m
                  [0mLOC[0m
                [36m</th>[39m
                [36m<th[39m
                  [33mclass[39m=[32m"px-4 py-3 text-right text-xs font-medium text-muted uppercase"[39m
                [36m>[39m
                  [0mTests[0m
                [36m</th>[39m
                [36m<th[39m
                  [33mclass[39m=[32m"px-4 py-3 text-right text-xs font-medium text-muted uppercase"[39m
                [36m>[39m
                  [0mSuccess Rate[0m
                [36m</th>[39m
              [36m</tr>[39m
            [36m</thead>[39m
            [36m<tbody[39m
              [33mclass[39m=[32m"bg-card divide-y divide-gray-200"[39m
            [36m>[39m
              [36m<tr[39m
                [33mclass[39m=[32m"hover:bg-bg-secondary cursor-pointer"[39m
              [36m>[39m
                [36m<td[39m
                  [33mclass[39m=[32m"px-4 py-3 whitespace-nowrap"[39m
                [36m>[39m
                  [36m<div[39m
                    [33mclass[39m=[32m"flex items-center gap-2"[39m
                  [36m>[39m
                    [36m<span[39m
                      [33mclass[39m=[32m"text-gray-400"[39m
                    [36m>[39m
                      [0m▶[0m
                    [36m</span>[39m
                    [36m<div>[39m
                      [36m<div[39m
                        [33mclass[39m=[32m"text-sm font-medium text-fg"[39m
                      [36m>[39m
                        [0mWeek [0m
                        [0m45[0m
                      [36m</div>[39m
                      [36m<div[39m
                        [33mclass[39m=[32m"text-xs text-muted"[39m
                      [36m>[39m
                        [0m2025[0m
                      [36m</div>[39m
                    [36m</div>[39m
                  [36m</div>[39m
                [36m</td>[39m
                [36m<td[39m
                  [33mclass[39m=[32m"px-4 py-3 whitespace-nowrap text-right"[39m
                [36m>[39m
                  [36m<div[39m
                    [33mclass[39m=[32m"text-sm text-fg flex items-center justify-end gap-1"[39m
                  [36m>[39m
                    [0m3[0m
                    [36m<span[39m
                      [33mclass[39m=[32m"text-red-600"[39m
                    [36m>[39m
                      [0m↑[0m
                    [36m</span>[39m
                  [36m</div>[39m
                [36m</td>[39m
                [36m<td[39m
                  [33mclass[39m=[32m"px-4 py-3 whitespace-nowrap text-right"[39m
                [36m>[39m
                  [36m<div[39m
                    [33mclass[39m=[32m"text-sm text-fg flex items-center justify-end gap-1"[39m
                  [36m>[39m
                    [0m50,000[0m
                    [36m<span[39m
                      [33mclass[39m=[32m"text-red-600"[39m
                    [36m>[39m
                      [0m↑[0m
                    [36m</span>[39m
                  [36m</div>[39m
                [36m</td>[39m
                [36m<td[39m
                  [33mclass[39m=[32m"px-4 py-3 whitespace-nowrap text-right"[39m
                [36m>[39m
                  [36m<div[39m
                    [33mclass[39m=[32m"text-sm text-fg"[39m
                  [36m>[39m
                    [0m5min[0m
                  [36m</div>[39m
                [36m</td>[39m
                [36m<td[39m
                  [33mclass[39m=[32m"px-4 py-3 whitespace-nowrap text-right"[39m
                [36m>[39m
                  [36m<div[39m
                    [33mclass[39m=[32m"text-sm text-fg flex items-center justify-end gap-1"[39m
                  [36m>[39m
                    [0m$2.50[0m
                    [36m<span[39m
                      [33mclass[39m=[32m"text-red-600"[39m
                    [36m>[39m
                      [0m↑[0m
                    [36m</span>[39m
                  [36m</div>[39m
                [36m</td>[39m
                [36m<td[39m
                  [33mclass[39m=[32m"px-4 py-3 whitespace-nowrap text-right"[39m
                [36m>[39m
                  [36m<div[39m
                    [33mclass[39m=[32m"text-sm text-fg"[39m
                  [36m>[39m
                    [0m1,200[0m
                  [36m</div>[39m
                [36m</td>[39m
                [36m<td[39m
                  [33mclass[39m=[32m"px-4 py-3 whitespace-nowrap text-right"[39m
                [36m>[39m
                  [36m<div[39m
                    [33mclass[39m=[32m"text-sm text-fg"[39m
                  [36m>[39m
                    [0m15[0m
                  [36m</div>[39m
                [36m</td>[39m
                [36m<td[39m
                 ...
   ❯ src/components/performance/__tests__/WorkflowsTab.test.tsx > WorkflowsTab > Tests metric display > should handle missing test data gracefully
     → Found multiple elements with the text: /-|0/

Here are the matching elements:

Ignored nodes: comments, script, style
[36m<div[39m
  [33mclass[39m=[32m"text-xs text-muted"[39m
[36m>[39m
  [0m2025[0m
[36m</div>[39m

Ignored nodes: comments, script, style
[36m<div[39m
  [33mclass[39m=[32m"text-sm text-fg flex items-center justify-end gap-1"[39m
[36m>[39m
  [0m50,000[0m
[36m</div>[39m

Ignored nodes: comments, script, style
[36m<div[39m
  [33mclass[39m=[32m"text-sm text-fg flex items-center justify-end gap-1"[39m
[36m>[39m
  [0m$2.50[0m
[36m</div>[39m

Ignored nodes: comments, script, style
[36m<div[39m
  [33mclass[39m=[32m"text-sm text-fg"[39m
[36m>[39m
  [0m1,200[0m
[36m</div>[39m

Ignored nodes: comments, script, style
[36m<div[39m
  [33mclass[39m=[32m"text-sm text-fg"[39m
[36m>[39m
  [0m-[0m
[36m</div>[39m

Ignored nodes: comments, script, style
[36m<div[39m
  [33mclass[39m=[32m"text-sm font-medium text-fg"[39m
[36m>[39m
  [0m100[0m
  [0m%[0m
[36m</div>[39m

Ignored nodes: comments, script, style
[36m<td[39m
  [33mclass[39m=[32m"px-4 py-3 text-right text-sm text-fg"[39m
[36m>[39m
  [0m3.0[0m
[36m</td>[39m

Ignored nodes: comments, script, style
[36m<td[39m
  [33mclass[39m=[32m"px-4 py-3 text-right text-sm text-fg"[39m
[36m>[39m
  [0m50,000[0m
[36m</td>[39m

Ignored nodes: comments, script, style
[36m<td[39m
  [33mclass[39m=[32m"px-4 py-3 text-right text-sm text-fg"[39m
[36m>[39m
  [0m$2.50[0m
[36m</td>[39m

Ignored nodes: comments, script, style
[36m<td[39m
  [33mclass[39m=[32m"px-4 py-3 text-right text-sm text-fg"[39m
[36m>[39m
  [0m1,200[0m
[36m</td>[39m

Ignored nodes: comments, script, style
[36m<td[39m
  [33mclass[39m=[32m"px-4 py-3 text-right text-sm text-fg"[39m
[36m>[39m
  [0m0[0m
[36m</td>[39m

Ignored nodes: comments, script, style
[36m<td[39m
  [33mclass[39m=[32m"px-4 py-3 text-right text-sm text-fg"[39m
[36m>[39m
  [0m-[0m
[36m</td>[39m

Ignored nodes: comments, script, style
[36m<div[39m
  [33mclass[39m=[32m"text-sm text-fg flex items-center justify-end gap-1"[39m
[36m>[39m
  [0m120.0[0m
  [36m<span[39m
    [33mclass[39m=[32m"text-green-600"[39m
  [36m>[39m
    [0m✓[0m
  [36m</span>[39m
[36m</div>[39m

Ignored nodes: comments, script, style
[36m<div[39m
  [33mclass[39m=[32m"text-sm text-fg flex items-center justify-end gap-1"[39m
[36m>[39m
  [0m0.3[0m
  [36m<span[39m
    [33mclass[39m=[32m"text-green-600"[39m
  [36m>[39m
    [0m✓[0m
  [36m</span>[39m
[36m</div>[39m

Ignored nodes: comments, script, style
[36m<div[39m
  [33mclass[39m=[32m"text-sm text-fg"[39m
[36m>[39m
  [0m-[0m
[36m</div>[39m

Ignored nodes: comments, script, style
[36m<td[39m
  [33mclass[39m=[32m"px-4 py-3 text-right text-sm text-fg"[39m
[36m>[39m
  [0m120.0[0m
[36m</td>[39m

Ignored nodes: comments, script, style
[36m<td[39m
  [33mclass[39m=[32m"px-4 py-3 text-right text-sm text-fg"[39m
[36m>[39m
  [0m0.3[0m
[36m</td>[39m

Ignored nodes: comments, script, style
[36m<td[39m
  [33mclass[39m=[32m"px-4 py-3 text-right text-sm text-fg"[39m
[36m>[39m
  [0m-[0m
[36m</td>[39m

(If this is intentional, then use the `*AllBy*` variant of the query (like `queryAllByText`, `getAllByText`, or `findAllByText`)).

Ignored nodes: comments, script, style
[36m<body>[39m
  [36m<div>[39m
    [36m<div[39m
      [33mclass[39m=[32m"space-y-6"[39m
    [36m>[39m
      [36m<div[39m
        [33mclass[39m=[32m"bg-card rounded-lg shadow p-6"[39m
      [36m>[39m
        [36m<h2[39m
          [33mclass[39m=[32m"text-xl font-bold text-fg mb-4"[39m
        [36m>[39m
          [0mWeekly Performance Summary[0m
        [36m</h2>[39m
        [36m<div[39m
          [33mclass[39m=[32m"overflow-x-auto"[39m
        [36m>[39m
          [36m<table[39m
            [33mclass[39m=[32m"min-w-full divide-y divide-gray-200"[39m
          [36m>[39m
            [36m<thead[39m
              [33mclass[39m=[32m"bg-bg-secondary"[39m
            [36m>[39m
              [36m<tr>[39m
                [36m<th[39m
                  [33mclass[39m=[32m"px-4 py-3 text-left text-xs font-medium text-muted uppercase"[39m
                [36m>[39m
                  [0mWeek[0m
                [36m</th>[39m
                [36m<th[39m
                  [33mclass[39m=[32m"px-4 py-3 text-right text-xs font-medium text-muted uppercase"[39m
                [36m>[39m
                  [0mStories[0m
                [36m</th>[39m
                [36m<th[39m
                  [33mclass[39m=[32m"px-4 py-3 text-right text-xs font-medium text-muted uppercase"[39m
                [36m>[39m
                  [0mTokens[0m
                [36m</th>[39m
                [36m<th[39m
                  [33mclass[39m=[32m"px-4 py-3 text-right text-xs font-medium text-muted uppercase"[39m
                [36m>[39m
                  [0mDuration[0m
                [36m</th>[39m
                [36m<th[39m
                  [33mclass[39m=[32m"px-4 py-3 text-right text-xs font-medium text-muted uppercase"[39m
                [36m>[39m
                  [0mCost[0m
                [36m</th>[39m
                [36m<th[39m
                  [33mclass[39m=[32m"px-4 py-3 text-right text-xs font-medium text-muted uppercase"[39m
                [36m>[39m
                  [0mLOC[0m
                [36m</th>[39m
                [36m<th[39m
                  [33mclass[39m=[32m"px-4 py-3 text-right text-xs font-medium text-muted uppercase"[39m
                [36m>[39m
                  [0mTests[0m
                [36m</th>[39m
                [36m<th[39m
                  [33mclass[39m=[32m"px-4 py-3 text-right text-xs font-medium text-muted uppercase"[39m
                [36m>[39m
                  [0mSuccess Rate[0m
                [36m</th>[39m
              [36m</tr>[39m
            [36m</thead>[39m
            [36m<tbody[39m
              [33mclass[39m=[32m"bg-card divide-y divide-gray-200"[39m
            [36m>[39m
              [36m<tr[39m
                [33mclass[39m=[32m"hover:bg-bg-secondary cursor-pointer"[39m
              [36m>[39m
                [36m<td[39m
                  [33mclass[39m=[32m"px-4 py-3 whitespace-nowrap"[39m
                [36m>[39m
                  [36m<div[39m
                    [33mclass[39m=[32m"flex items-center gap-2"[39m
                  [36m>[39m
                    [36m<span[39m
                      [33mclass[39m=[32m"text-gray-400"[39m
                    [36m>[39m
                      [0m▶[0m
                    [36m</span>[39m
                    [36m<div>[39m
                      [36m<div[39m
                        [33mclass[39m=[32m"text-sm font-medium text-fg"[39m
                      [36m>[39m
                        [0mWeek [0m
                        [0m45[0m
                      [36m</div>[39m
                      [36m<div[39m
                        [33mclass[39m=[32m"text-xs text-muted"[39m
                      [36m>[39m
                        [0m2025[0m
                      [36m</div>[39m
                    [36m</div>[39m
                  [36m</div>[39m
                [36m</td>[39m
                [36m<td[39m
                  [33mclass[39m=[32m"px-4 py-3 whitespace-nowrap text-right"[39m
                [36m>[39m
                  [36m<div[39m
                    [33mclass[39m=[32m"text-sm text-fg flex items-center justify-end gap-1"[39m
                  [36m>[39m
                    [0m3[0m
                  [36m</div>[39m
                [36m</td>[39m
                [36m<td[39m
                  [33mclass[39m=[32m"px-4 py-3 whitespace-nowrap text-right"[39m
                [36m>[39m
                  [36m<div[39m
                    [33mclass[39m=[32m"text-sm text-fg flex items-center justify-end gap-1"[39m
                  [36m>[39m
                    [0m50,000[0m
                  [36m</div>[39m
                [36m</td>[39m
                [36m<td[39m
                  [33mclass[39m=[32m"px-4 py-3 whitespace-nowrap text-right"[39m
                [36m>[39m
                  [36m<div[39m
                    [33mclass[39m=[32m"text-sm text-fg"[39m
                  [36m>[39m
                    [0m5min[0m
                  [36m</div>[39m
                [36m</td>[39m
                [36m<td[39m
                  [33mclass[39m=[32m"px-4 py-3 whitespace-nowrap text-right"[39m
                [36m>[39m
                  [36m<div[39m
                    [33mclass[39m=[32m"text-sm text-fg flex items-center justify-end gap-1"[39m
                  [36m>[39m
                    [0m$2.50[0m
                  [36m</div>[39m
                [36m</td>[39m
                [36m<td[39m
                  [33mclass[39m=[32m"px-4 py-3 whitespace-nowrap text-right"[39m
                [36m>[39m
                  [36m<div[39m
                    [33mclass[39m=[32m"text-sm text-fg"[39m
                  [36m>[39m
                    [0m1,200[0m
                  [36m</div>[39m
                [36m</td>[39m
                [36m<td[39m
                  [33mclass[39m=[32m"px-4 py-3 whitespace-nowrap text-right"[39m
                [36m>[39m
                  [36m<div[39m
                    [33mclass[39m=[32m"text-sm text-fg"[39m
                  [36m>[39m
                    [0m-[0m
                  [36m</div>[39m
                [36m</td>[39m
                [36m<td[39m
                  [33mclass[39m=[32m"px-4 py-3 whitespace-nowrap text-right"[39m
                [36m>[39m
                  [36m<div[39m
                    [33mclass[39m=[32m"text-sm font-medium text-fg"[39m
                  [36m>[39m
                    [0m100[0m
                    [0m%[0m
                  [36m</div>[39m
                [36m</td>[39m
              [36m</tr>[39m
              [36m<tr[39m
                [33mclass[39m=[32m"bg-bg-secondary font-semibold"[39m
              [36m>[39m
                [36m<td[39m
                  [33mclass[39m=[32m"px-4 py-3 text-sm text-fg"[39m
                [36m>[39m
                  [0mAverage[0m
                [36m</td>[39m
                [36m<td[39m
                  [33mclass[39m=[32m"px-4 py-3 text-right text-sm text-fg"[39m
                [36m>[39m
                  [0m3.0[0m
                [36m</td>[39m
                [36m<td[39m
                  [33mclass[39m=[32m"px-4 py-3 text-right text-sm text-fg"[39m
                [36m>[39m
                  [0m50,000[0m
                [36m</td>[39m
                [36m<td[39m
                  [33mclass[39m=[32m"px-4 py-3 text-right text-sm text-fg"[39m
                [36m>[39m
                  [0m5min[0m
                [36m</td>[39m
                [36m<td[39m
                  [33mclass[39m=[32m"px-4 py-3 text-right text-sm text-fg"[39m
                [36m>[39m
                  [0m$2.50[0m
                [36m</td>[39m
                [36m<td[39m
                  [33mclass[39m=[32m"px-4 py-3 text-right text-sm text-fg"[39m
                [36m>[39m
                  [0m1,200[0m
                [36m</td>[39m
                [36m<td[39m
                  [33mclass[39m=[32m"px-4 py-3 text-right text-sm text-fg"[39m
                [36m>[39m
                  [0m0[0m
                [36m</td>[39m
                [36m<td[39m
                  [33mclass[39m=[32m"px-4 py-3 text-right text-sm text-fg"[39m
                [36m>[39m
                  [0m-[0m
                [36m</td>[39m
              [36m</tr>[39m
            [36m</tbody>[39m
          [36m</table>[39m
        [36m</div>[39m
      [36m</div>[39m
      [36m<div[39m
        [33mclass[39m=[32m"bg-card rounded-lg shadow p-6"[39m
      [36m>[39m
        [36m<h2[39m
          [33mclass[39m=[32m"text-xl font-bold text-fg mb-4"[39m
        [36m>[39m
          [0mDetailed Efficiency Metrics[0m
        [36m</h2>[39m
        [36m<div[39m
          [33mclass[39m=[32m"overflow-x-auto"[39m
        [36m>[39m
          [36m<table[39m
            [33mclass[39m=[32m"min-w-full divide-y divide-gray-200"[39m
          [36m>[39m
            [36m<thead[39m
              [33mclass[39m=[32m"bg-bg-secondary"[39m
            [36m>[39m
              [36m<tr>[39m
                [36m<th[39m
                  [33mclass[39m=[32m"px-4 py-3 text-left text-xs font-medium text-muted uppercase"[39m
                [36m>[39m
                  [0mWeek[0m
                [36m</th>[39m
                [36m<th[39m
                  [33mclass[39m=[32m"px-4 py-3 text-right text-xs font-medium text-muted uppercase"[39m
                [36m>[39m
                  [0mTokens/LOC[0m
                [36m</th>[39m
                [36m<th[39m
                  [33mclass[39m=[32m"px-4 py-3 text-right text-xs font-medium text-muted uppercase"[39m
                [36m>[39m
                  [0mLOC/Prompt[0m
                [36m</th>[39m
                [36m<th[39m
                  [33mclass[39m=[32m"px-4 py-3 text-right text-xs font-medium text-muted uppercase"[39m
                [36m>[39m
                  [0mRuntime/LOC (sec)[0m
                [36m</th>[39m
                [36m<th[39m
                  [33mclass[39m=[32m"px-4 py-3 text-right text-xs font-medium text-muted uppercase"[39m
                [36m>[39m
                  [0mIterations[0m
                [36m</th>[39m
              [36m</tr>[39m
            [36m</thead>[39m
            [36m<tbody[39m
              [33mclass[39m=[32m"bg-card divide-y divide-gray-200"[39m
            [36m>[39m
              [36m<tr[39m
                [33mclass[39m=[32m"hover:bg-bg-secondary cursor-pointer"[39m
              [36m>[39m
                [36m<td[39m
                  [33mclass[39m=[32m"px-4 py-3 whitespace-nowrap"[39m
                [36m>[39m
                  [36m<div[39m
                    [33mclass[39m=[32m"flex items-center gap-2"[39m
                  [36m>[39m
                    [36m<span[39m
                      [33mclass[39m=[32m"text-gray-400"[39m
                    [36m>[39m
                      [0m▶[0m
                    [36m</span>[39m
                    [36m<div[39m
                      [33mclass[39m=[32m"text-sm font-medium text-fg"[39m
                    [36m>[39m
                      [0mWeek [0m
                      [0m45[0m
                    [36m</div>[39m
                  [36m</div>[39m
                [36m</td>[39m
                [36m<td[39m
                  [33mclass[39m=[32m"px-4 py-3 whitespace-nowrap text-right"[39m
                [36m>[39m
                  [36m<div[39m
                    [33mclass[39m=[32m"text-sm text-fg flex items-center justify-end gap-1"[39m
                  [36m>[39m
                    [0m42[0m
                    [36m<span[39m
                      [33mclass[39m=[32m"text-green-600"[39m
                    [36m>[39m
                      [0m✓[0m
                    [36m</span>[39m
                  [36m</div>[39m
                [36m</td>[39m
                [36m<td[39m
                  [33mclass[39m=[32m"px-4 py-3 whitespace-nowrap text-right"[39m
                [36m>[39m
                  [36m<div[39m
                    [33mclass[39m=[32m"text-sm text-fg flex items-center justify-end gap-1"[39m
                  [36m>[39m
                    [0m120.0[0m
                    [36m<span[39m
                      [33mclass[39m=[32m"text-green-600"[39m
                    [36m>[39m
                      [0m✓[0m
                    [36m</span>[39m
                  [36m</div>[39m
                [36m</td>[39m
                [36m<td[39m
                  [33mclass[39m=[32m"px-4 py-3 whitespace-nowrap text-right"[39m
                [36m>[39m
                  [36m<div[39m
                    [33mclass[39m=[32m"text-sm text-fg flex items-center justify-end gap-1"[39m
                  [36m>[39m
                    [0m0.3[0m
                    [36m<span[39m
                      [33mclass[39m=[32m"text-green-600"[39m
                    [36m>[39m
                      [0m✓[0m
                    [36m</span>[39m
                  [36m</div>[39m
                [36m</td>[39m
                [36m<td[39m
                  [33mclass[39m=[32m"px-4 py-3 whitespace-nowrap text-right"[39m
                [36m>[39m
                  [36m<div[39m
                    [33mclass[39m=[32m"text-sm text-fg"[39m
                  [36m>[39m
                    [0m-[0m
                  [36m</div>[39m
                [36m</td>[39m
              [36m</tr>[39m
              [36m<tr[39m
                [33mclass[39m=[32m"bg-bg-secondary font-semibold"[39m
              [36m>[39m
                [36m<td[39m
                  [33mclass[39m=[32m"px-4 py-3 text-sm text-fg"[39m
                [36m>[39m
                  [0mAverage[0m
                [36m</td>[39m
                [36m<td[39m
                  [33mclass[39m=[32m"px-4 py-3 text-right text-sm text-fg"[39m
                [36m>[39m
                  [0m42[0m
                [36m</td>[39m
                [36m<td[39m
                  [33mclass[39m=[32m"px-4 py-3 text-right text-sm text-fg"[39m
                [36m>[39m
                  [0m120.0[0m
                [36m</td>[39m
                [36m<td[39m
                  [33mclass[39m=[32m"px-4 py-3 text-right text-sm text-fg"[39m
                [36m>[39m
                  [0m0.3[0m
                [36m</td>[39m
                [36m<td[39m
                  [33mclass[39m=[32m"px-4 py-3 text-right text-sm text-fg"[39m
                [36m>[39m
                  [0m-[0m
                [36m</td>[39m
              [36m</tr>[39m
            [36m</tbody>[39m
          [36m</table>[39m
        [36m</div>[39m
      [36m</div>[39m
      [36m<div[39m
        [33mclass[39m=[32m"bg-blue-50 border border-blue-200 rounded-lg p-4"[39m
      [36m>[39m
        [36m<h3[39m
          [33mclass[39m=[32m"text-sm font-semibold text-blue-900 mb-2"[39m
        [36m>[39m
          [0mLegend[0m
        [36m</h3>[39m
        [36m<div[39m
          [33mclass[39m=[32m"text-xs text-blue-800 space-y-1"[39m
        [36m>[39m
          [36m<div>[39m
            [36m<span[39m
              [33mclass[39m=[32m"text-green-600"[39m
            [36m>[39m
              [0m↓[0m
            [36m</span>[39m
            [0m = Improvement (&gt;5% decrease in cost/tokens)[0m
          [36m</div>[39m
          [36m<div>[39m
            [36m<span[39m
              [33mclass[39m=[32m"text-red-600"[39m
            [36m>[39m
              [0m↑[0m
            [36m</span>[39m
            [0m = Regression (&gt;5% increase in cost/tokens)[0m
          [36m</div>[39m
          [36m<div>[39m
            [36m<span[39m
              [33mclass[39m=[32m"text-green-600"[39m
            [36m>[39m
              [0m✓[0m
            [36m</span>[39m
            [0m = Good performance (within recommended thresholds)[0m
          [36m</div>[39m
          [36m<div>[39m
            [36m<span[39m
              [33mclass[39m=[32m"text-yellow-600"[39m
            [36m>[39m
              [0m⚠[0m
            [36m</span>[39m
            [0m = Below optimal performance[0m
          [36m</div>[39m
        [36m</div>[39m
      [36m</div>[39m
    [36m</div>[39m
  [36m</div>[39m
[36m</body>[39m
stderr | src/components/performance/__tests__/WorkflowsTab.test.tsx > WorkflowsTab > Tests metric display > should display Tests column header in Weekly Performance Summary table
Warning: Each child in a list should have a unique "key" prop.

Check the render method of `WorkflowsTab`. See https://reactjs.org/link/warning-keys for more information.
    at WorkflowsTab (/opt/stack/worktrees/st-53-web-ui-multi-run-progress-tracker-in-status-bar/frontend/src/components/performance/WorkflowsTab.tsx:7:25)

 ✓ src/utils/codeQuality/__tests__/fileTreeHelpers.test.ts  (15 tests) 7ms
 ❯ src/components/planning/PlanningFilters.test.tsx  (10 tests | 1 failed) 182ms
   ❯ src/components/planning/PlanningFilters.test.tsx > PlanningFilters > displays layer/component options
     → Unable to find an element with the text: Layer/Component. This could be because the text is broken up by multiple elements. In this case, you can provide a function for your text matcher to make your matcher more flexible.

Ignored nodes: comments, script, style
[36m<body>[39m
  [36m<div>[39m
    [36m<div[39m
      [33mclass[39m=[32m"relative"[39m
    [36m>[39m
      [36m<button[39m
        [33mclass[39m=[32m"flex items-center gap-2 px-4 py-2 bg-card border border-border rounded-lg hover:bg-muted transition-colors"[39m
      [36m>[39m
        [36m<svg[39m
          [33mclass[39m=[32m"w-5 h-5"[39m
          [33mfill[39m=[32m"none"[39m
          [33mstroke[39m=[32m"currentColor"[39m
          [33mviewBox[39m=[32m"0 0 24 24"[39m
        [36m>[39m
          [36m<path[39m
            [33md[39m=[32m"M3 4a1 1 0 011-1h16a1 1 0 011 1v2.586a1 1 0 01-.293.707l-6.414 6.414a1 1 0 00-.293.707V17l-4 4v-6.586a1 1 0 00-.293-.707L3.293 7.293A1 1 0 013 6.586V4z"[39m
            [33mstroke-linecap[39m=[32m"round"[39m
            [33mstroke-linejoin[39m=[32m"round"[39m
            [33mstroke-width[39m=[32m"2"[39m
          [36m/>[39m
        [36m</svg>[39m
        [36m<span[39m
          [33mclass[39m=[32m"text-sm font-medium"[39m
        [36m>[39m
          [0mFilters[0m
        [36m</span>[39m
      [36m</button>[39m
      [36m<div[39m
        [33mclass[39m=[32m"fixed inset-0 z-10"[39m
      [36m/>[39m
      [36m<div[39m
        [33mclass[39m=[32m"absolute right-0 mt-2 w-80 bg-card border border-border rounded-lg shadow-lg z-20 max-h-[600px] overflow-y-auto"[39m
      [36m>[39m
        [36m<div[39m
          [33mclass[39m=[32m"p-4 space-y-4"[39m
        [36m>[39m
          [36m<div>[39m
            [36m<label[39m
              [33mclass[39m=[32m"block text-sm font-medium text-fg mb-2"[39m
            [36m>[39m
              [0mSearch[0m
            [36m</label>[39m
            [36m<form[39m
              [33mclass[39m=[32m"flex gap-2"[39m
            [36m>[39m
              [36m<input[39m
                [33mclass[39m=[32m"flex-1 px-3 py-2 bg-background border border-border rounded-md text-sm focus:outline-none focus:ring-2 focus:ring-primary"[39m
                [33mplaceholder[39m=[32m"Search stories..."[39m
                [33mtype[39m=[32m"text"[39m
                [33mvalue[39m=[32m""[39m
              [36m/>[39m
              [36m<button[39m
                [33mclass[39m=[32m"px-4 py-2 bg-primary text-primary-foreground rounded-md text-sm font-medium hover:bg-primary/90"[39m
                [33mtype[39m=[32m"submit"[39m
              [36m>[39m
                [0mGo[0m
              [36m</button>[39m
            [36m</form>[39m
          [36m</div>[39m
          [36m<div>[39m
            [36m<label[39m
              [33mclass[39m=[32m"block text-sm font-medium text-fg mb-2"[39m
            [36m>[39m
              [0mStatus[0m
            [36m</label>[39m
            [36m<div[39m
              [33mclass[39m=[32m"space-y-1 max-h-40 overflow-y-auto"[39m
            [36m>[39m
              [36m<label[39m
                [33mclass[39m=[32m"flex items-center gap-2 cursor-pointer hover:bg-muted px-2 py-1 rounded"[39m
              [36m>[39m
                [36m<input[39m
                  [33mclass[39m=[32m"w-4 h-4 text-primary border-border rounded focus:ring-primary"[39m
                  [33mtype[39m=[32m"checkbox"[39m
                [36m/>[39m
                [36m<span[39m
                  [33mclass[39m=[32m"text-sm capitalize"[39m
                [36m>[39m
                  [0mbacklog[0m
                [36m</span>[39m
              [36m</label>[39m
              [36m<label[39m
                [33mclass[39m=[32m"flex items-center gap-2 cursor-pointer hover:bg-muted px-2 py-1 rounded"[39m
              [36m>[39m
                [36m<input[39m
                  [33mclass[39m=[32m"w-4 h-4 text-primary border-border rounded focus:ring-primary"[39m
                  [33mtype[39m=[32m"checkbox"[39m
                [36m/>[39m
                [36m<span[39m
                  [33mclass[39m=[32m"text-sm capitalize"[39m
                [36m>[39m
                  [0mplanning[0m
                [36m</span>[39m
              [36m</label>[39m
              [36m<label[39m
                [33mclass[39m=[32m"flex items-center gap-2 cursor-pointer hover:bg-muted px-2 py-1 rounded"[39m
              [36m>[39m
                [36m<input[39m
                  [33mclass[39m=[32m"w-4 h-4 text-primary border-border rounded focus:ring-primary"[39m
                  [33mtype[39m=[32m"checkbox"[39m
                [36m/>[39m
                [36m<span[39m
                  [33mclass[39m=[32m"text-sm capitalize"[39m
                [36m>[39m
                  [0manalysis[0m
                [36m</span>[39m
              [36m</label>[39m
              [36m<label[39m
                [33mclass[39m=[32m"flex items-center gap-2 cursor-pointer hover:bg-muted px-2 py-1 rounded"[39m
              [36m>[39m
                [36m<input[39m
                  [33mclass[39m=[32m"w-4 h-4 text-primary border-border rounded focus:ring-primary"[39m
                  [33mtype[39m=[32m"checkbox"[39m
                [36m/>[39m
                [36m<span[39m
                  [33mclass[39m=[32m"text-sm capitalize"[39m
                [36m>[39m
                  [0marchitecture[0m
                [36m</span>[39m
              [36m</label>[39m
              [36m<label[39m
                [33mclass[39m=[32m"flex items-center gap-2 cursor-pointer hover:bg-muted px-2 py-1 rounded"[39m
              [36m>[39m
                [36m<input[39m
                  [33mclass[39m=[32m"w-4 h-4 text-primary border-border rounded focus:ring-primary"[39m
                  [33mtype[39m=[32m"checkbox"[39m
                [36m/>[39m
                [36m<span[39m
                  [33mclass[39m=[32m"text-sm capitalize"[39m
                [36m>[39m
                  [0mdesign[0m
                [36m</span>[39m
              [36m</label>[39m
              [36m<label[39m
                [33mclass[39m=[32m"flex items-center gap-2 cursor-pointer hover:bg-muted px-2 py-1 rounded"[39m
              [36m>[39m
                [36m<input[39m
                  [33mclass[39m=[32m"w-4 h-4 text-primary border-border rounded focus:ring-primary"[39m
                  [33mtype[39m=[32m"checkbox"[39m
                [36m/>[39m
                [36m<span[39m
                  [33mclass[39m=[32m"text-sm capitalize"[39m
                [36m>[39m
                  [0mimplementation[0m
                [36m</span>[39m
              [36m</label>[39m
              [36m<label[39m
                [33mclass[39m=[32m"flex items-center gap-2 cursor-pointer hover:bg-muted px-2 py-1 rounded"[39m
              [36m>[39m
                [36m<input[39m
                  [33mclass[39m=[32m"w-4 h-4 text-primary border-border rounded focus:ring-primary"[39m
                  [33mtype[39m=[32m"checkbox"[39m
                [36m/>[39m
                [36m<span[39m
                  [33mclass[39m=[32m"text-sm capitalize"[39m
                [36m>[39m
                  [0mreview[0m
                [36m</span>[39m
              [36m</label>[39m
              [36m<label[39m
                [33mclass[39m=[32m"flex items-center gap-2 cursor-pointer hover:bg-muted px-2 py-1 rounded"[39m
              [36m>[39m
                [36m<input[39m
                  [33mclass[39m=[32m"w-4 h-4 text-primary border-border rounded focus:ring-primary"[39m
                  [33mtype[39m=[32m"checkbox"[39m
                [36m/>[39m
                [36m<span[39m
                  [33mclass[39m=[32m"text-sm capitalize"[39m
                [36m>[39m
                  [0mqa[0m
                [36m</span>[39m
              [36m</label>[39m
              [36m<label[39m
                [33mclass[39m=[32m"flex items-center gap-2 cursor-pointer hover:bg-muted px-2 py-1 rounded"[39m
              [36m>[39m
                [36m<input[39m
                  [33mclass[39m=[32m"w-4 h-4 text-primary border-border rounded focus:ring-primary"[39m
                  [33mtype[39m=[32m"checkbox"[39m
                [36m/>[39m
                [36m<span[39m
                  [33mclass[39m=[32m"text-sm capitalize"[39m
                [36m>[39m
                  [0mdone[0m
                [36m</span>[39m
              [36m</label>[39m
              [36m<label[39m
                [33mclass[39m=[32m"flex items-center gap-2 cursor-pointer hover:bg-muted px-2 py-1 rounded"[39m
              [36m>[39m
                [36m<input[39m
                  [33mclass[39m=[32m"w-4 h-4 text-primary border-border rounded focus:ring-primary"[39m
                  [33mtype[39m=[32m"checkbox"[39m
                [36m/>[39m
                [36m<span[39m
                  [33mclass[39m=[32m"text-sm capitalize"[39m
                [36m>[39m
                  [0mblocked[0m
                [36m</span>[39m
              [36m</label>[39m
            [36m</div>[39m
          [36m</div>[39m
          [36m<div>[39m
            [36m<label[39m
              [33mclass[39m=[32m"block text-sm font-medium text-fg mb-2"[39m
            [36m>[39m
              [0mType[0m
            [36m</label>[39m
            [36m<div[39m
              [33mclass[39m=[32m"space-y-1"[39m
            [36m>[39m
              [36m<label[39m
                [33mclass[39m=[32m"flex items-center gap-2 cursor-pointer hover:bg-muted px-2 py-1 rounded"[39m
              [36m>[39m
                [36m<input[39m
                  [33mclass[39m=[32m"w-4 h-4 text-primary border-border rounded focus:ring-primary"[39m
                  [33mtype[39m=[32m"checkbox"[39m
                [36m/>[39m
                [36m<span[39m
                  [33mclass[39m=[32m"text-sm capitalize"[39m
                [36m>[39m
                  [0mfeature[0m
                [36m</span>[39m
              [36m</label>[39m
              [36m<label[39m
                [33mclass[39m=[32m"flex items-center gap-2 cursor-pointer hover:bg-muted px-2 py-1 rounded"[39m
              [36m>[39m
                [36m<input[39m
                  [33mclass[39m=[32m"w-4 h-4 text-primary border-border rounded focus:ring-primary"[39m
                  [33mtype[39m=[32m"checkbox"[39m
                [36m/>[39m
                [36m<span[39m
                  [33mclass[39m=[32m"text-sm capitalize"[39m
                [36m>[39m
                  [0mbug[0m
                [36m</span>[39m
              [36m</label>[39m
              [36m<label[39m
                [33mclass[39m=[32m"flex items-center gap-2 cursor-pointer hover:bg-muted px-2 py-1 rounded"[39m
              [36m>[39m
                [36m<input[39m
                  [33mclass[39m=[32m"w-4 h-4 text-primary border-border rounded focus:ring-primary"[39m
                  [33mtype[39m=[32m"checkbox"[39m
                [36m/>[39m
                [36m<span[39m
                  [33mclass[39m=[32m"text-sm capitalize"[39m
                [36m>[39m
                  [0mdefect[0m
                [36m</span>[39m
              [36m</label>[39m
              [36m<label[39m
                [33mclass[39m=[32m"flex items-center gap-2 cursor-pointer hover:bg-muted px-2 py-1 rounded"[39m
              [36m>[39m
                [36m<input[39m
                  [33mclass[39m=[32m"w-4 h-4 text-primary border-border rounded focus:ring-primary"[39m
                  [33mtype[39m=[32m"checkbox"[39m
                [36m/>[39m
                [36m<span[39m
                  [33mclass[39m=[32m"text-sm capitalize"[39m
                [36m>[39m
                  [0mchore[0m
                [36m</span>[39m
              [36m</label>[39m
              [36m<label[39m
                [33mclass[39m=[32m"flex items-center gap-2 cursor-pointer hover:bg-muted px-2 py-1 rounded"[39m
              [36m>[39m
                [36m<input[39m
                  [33mclass[39m=[32m"w-4 h-4 text-primary border-border rounded focus:ring-primary"[39m
                  [33mtype[39m=[32m"checkbox"[39m
                [36m/>[39m
                [36m<span[39m
                  [33mclass[39m=[32m"text-sm capitalize"[39m
                [36m>[39m
                  [0mspike[0m
                [36m</span>[39m
              [36m</label>[39m
            [36m</div>[39m
          [36m</div>[39m
          [36m<div>[39m
            [36m<label[39m
              [33mclass[39m=[32m"block text-sm font-medium text-fg mb-2"[39m
            [36m>[39m
              [0mEpic[0m
            [36m</label>[39m
            [36m<div[39m
              [33mclass[39m=[32m"space-y-1 max-h-40 overflow-y-auto"[39m
            [36m>[39m
              [36m<label[39m
                [33mclass[39m=[32m"flex items-center gap-2 cursor-pointer hover:bg-muted px-2 py-1 rounded"[39m
              [36m>[39m
                [36m<input[39m
                  [33mclass[39m=[32m"w-4 h-4 text-primary border-border rounded focus:ring-primary"[39m
                  [33mtype[39m=[32m"checkbox"[39m
                [36m/>[39m
                [36m<span[39m
                  [33mclass[39m=[32m"text-sm"[39m
                [36m>[39m
                  [0mAuthentication[0m
                [36m</span>[39m
              [36m</label>[39m
              [36m<label[39m
                [33mclass[39m=[32m"flex items-center gap-2 cursor-pointer hover:bg-muted px-2 py-1 rounded"[39m
              [36m>[39m
                [36m<input[39m
                  [33mclass[39m=[32m"w-4 h-4 text-primary border-border rounded focus:ring-primary"[39m
                  [33mtype[39m=[32m"checkbox"[39m
                [36m/>[39m
                [36m<span[39m
                  [33mclass[39m=[32m"text-sm"[39m
                [36m>[39m
                  [0mPayment System[0m
                [36m</span>[39m
              [36m</label>[39m
            [36m</div>[39m
          [36m</div>[39m
        [36m</div>[39m
      [36m</div>[39m
    [36m</div>[39m
  [36m</div>[39m
[36m</body>[39m
 ✓ src/utils/codeQuality/__tests__/healthCalculations.test.ts  (17 tests) 6ms
 ✓ src/utils/codeQuality/__tests__/coverageHelpers.test.ts  (13 tests) 6ms
stderr | src/pages/__tests__/CodeQualityDashboard.integration.test.tsx > CodeQualityDashboard Integration > should render dashboard with metrics
⚠️ React Router Future Flag Warning: React Router will begin wrapping state updates in `React.startTransition` in v7. You can use the `v7_startTransition` future flag to opt-in early. For more information, see https://reactrouter.com/v6/upgrading/future#v7_starttransition.
⚠️ React Router Future Flag Warning: Relative route resolution within Splat routes is changing in v7. You can use the `v7_relativeSplatPath` future flag to opt-in early. For more information, see https://reactrouter.com/v6/upgrading/future#v7_relativesplatpath.
The above error occurred in the <CodeQualityDashboard> component:

    at CodeQualityDashboard (/opt/stack/worktrees/st-53-web-ui-multi-run-progress-tracker-in-status-bar/frontend/src/pages/CodeQualityDashboard.tsx:82:47)
    at RenderedRoute (/opt/stack/AIStudio/node_modules/react-router/dist/umd/react-router.development.js:539:7)
    at Routes (/opt/stack/AIStudio/node_modules/react-router/dist/umd/react-router.development.js:1273:7)
    at Router (/opt/stack/AIStudio/node_modules/react-router/dist/umd/react-router.development.js:1207:17)
    at MemoryRouter (/opt/stack/AIStudio/node_modules/react-router/dist/umd/react-router.development.js:1101:7)

Consider adding an error boundary to your tree to customize error handling behavior.
Visit https://reactjs.org/link/error-boundaries to learn more about error boundaries.

stderr | src/pages/__tests__/CodeQualityDashboard.integration.test.tsx > CodeQualityDashboard Integration > should handle loading state
Warning: An update to CodeQualityDashboard inside a test was not wrapped in act(...).

When testing, code that causes React state updates should be wrapped into act(...):

act(() => {
  /* fire events that update state */
});
/* assert on the output */

This ensures that you're testing the behavior the user would see in the browser. Learn more at https://reactjs.org/link/wrap-tests-with-act
    at CodeQualityDashboard (/opt/stack/worktrees/st-53-web-ui-multi-run-progress-tracker-in-status-bar/frontend/src/pages/CodeQualityDashboard.tsx:82:47)
    at RenderedRoute (/opt/stack/AIStudio/node_modules/react-router/dist/umd/react-router.development.js:539:7)
    at Routes (/opt/stack/AIStudio/node_modules/react-router/dist/umd/react-router.development.js:1273:7)
    at Router (/opt/stack/AIStudio/node_modules/react-router/dist/umd/react-router.development.js:1207:17)
    at MemoryRouter (/opt/stack/AIStudio/node_modules/react-router/dist/umd/react-router.development.js:1101:7)
Warning: An update to CodeQualityDashboard inside a test was not wrapped in act(...).

When testing, code that causes React state updates should be wrapped into act(...):

act(() => {
  /* fire events that update state */
});
/* assert on the output */

This ensures that you're testing the behavior the user would see in the browser. Learn more at https://reactjs.org/link/wrap-tests-with-act
    at CodeQualityDashboard (/opt/stack/worktrees/st-53-web-ui-multi-run-progress-tracker-in-status-bar/frontend/src/pages/CodeQualityDashboard.tsx:82:47)
    at RenderedRoute (/opt/stack/AIStudio/node_modules/react-router/dist/umd/react-router.development.js:539:7)
    at Routes (/opt/stack/AIStudio/node_modules/react-router/dist/umd/react-router.development.js:1273:7)
    at Router (/opt/stack/AIStudio/node_modules/react-router/dist/umd/react-router.development.js:1207:17)
    at MemoryRouter (/opt/stack/AIStudio/node_modules/react-router/dist/umd/react-router.development.js:1101:7)
Warning: An update to CodeQualityDashboard inside a test was not wrapped in act(...).

When testing, code that causes React state updates should be wrapped into act(...):

act(() => {
  /* fire events that update state */
});
/* assert on the output */

This ensures that you're testing the behavior the user would see in the browser. Learn more at https://reactjs.org/link/wrap-tests-with-act
    at CodeQualityDashboard (/opt/stack/worktrees/st-53-web-ui-multi-run-progress-tracker-in-status-bar/frontend/src/pages/CodeQualityDashboard.tsx:82:47)
    at RenderedRoute (/opt/stack/AIStudio/node_modules/react-router/dist/umd/react-router.development.js:539:7)
    at Routes (/opt/stack/AIStudio/node_modules/react-router/dist/umd/react-router.development.js:1273:7)
    at Router (/opt/stack/AIStudio/node_modules/react-router/dist/umd/react-router.development.js:1207:17)
    at MemoryRouter (/opt/stack/AIStudio/node_modules/react-router/dist/umd/react-router.development.js:1101:7)
Warning: An update to CodeQualityDashboard inside a test was not wrapped in act(...).

When testing, code that causes React state updates should be wrapped into act(...):

act(() => {
  /* fire events that update state */
});
/* assert on the output */

This ensures that you're testing the behavior the user would see in the browser. Learn more at https://reactjs.org/link/wrap-tests-with-act
    at CodeQualityDashboard (/opt/stack/worktrees/st-53-web-ui-multi-run-progress-tracker-in-status-bar/frontend/src/pages/CodeQualityDashboard.tsx:82:47)
    at RenderedRoute (/opt/stack/AIStudio/node_modules/react-router/dist/umd/react-router.development.js:539:7)
    at Routes (/opt/stack/AIStudio/node_modules/react-router/dist/umd/react-router.development.js:1273:7)
    at Router (/opt/stack/AIStudio/node_modules/react-router/dist/umd/react-router.development.js:1207:17)
    at MemoryRouter (/opt/stack/AIStudio/node_modules/react-router/dist/umd/react-router.development.js:1101:7)
Warning: An update to CodeQualityDashboard inside a test was not wrapped in act(...).

When testing, code that causes React state updates should be wrapped into act(...):

act(() => {
  /* fire events that update state */
});
/* assert on the output */

This ensures that you're testing the behavior the user would see in the browser. Learn more at https://reactjs.org/link/wrap-tests-with-act
    at CodeQualityDashboard (/opt/stack/worktrees/st-53-web-ui-multi-run-progress-tracker-in-status-bar/frontend/src/pages/CodeQualityDashboard.tsx:82:47)
    at RenderedRoute (/opt/stack/AIStudio/node_modules/react-router/dist/umd/react-router.development.js:539:7)
    at Routes (/opt/stack/AIStudio/node_modules/react-router/dist/umd/react-router.development.js:1273:7)
    at Router (/opt/stack/AIStudio/node_modules/react-router/dist/umd/react-router.development.js:1207:17)
    at MemoryRouter (/opt/stack/AIStudio/node_modules/react-router/dist/umd/react-router.development.js:1101:7)
Warning: An update to CodeQualityDashboard inside a test was not wrapped in act(...).

When testing, code that causes React state updates should be wrapped into act(...):

act(() => {
  /* fire events that update state */
});
/* assert on the output */

This ensures that you're testing the behavior the user would see in the browser. Learn more at https://reactjs.org/link/wrap-tests-with-act
    at CodeQualityDashboard (/opt/stack/worktrees/st-53-web-ui-multi-run-progress-tracker-in-status-bar/frontend/src/pages/CodeQualityDashboard.tsx:82:47)
    at RenderedRoute (/opt/stack/AIStudio/node_modules/react-router/dist/umd/react-router.development.js:539:7)
    at Routes (/opt/stack/AIStudio/node_modules/react-router/dist/umd/react-router.development.js:1273:7)
    at Router (/opt/stack/AIStudio/node_modules/react-router/dist/umd/react-router.development.js:1207:17)
    at MemoryRouter (/opt/stack/AIStudio/node_modules/react-router/dist/umd/react-router.development.js:1101:7)
Warning: An update to CodeQualityDashboard inside a test was not wrapped in act(...).

When testing, code that causes React state updates should be wrapped into act(...):

act(() => {
  /* fire events that update state */
});
/* assert on the output */

This ensures that you're testing the behavior the user would see in the browser. Learn more at https://reactjs.org/link/wrap-tests-with-act
    at CodeQualityDashboard (/opt/stack/worktrees/st-53-web-ui-multi-run-progress-tracker-in-status-bar/frontend/src/pages/CodeQualityDashboard.tsx:82:47)
    at RenderedRoute (/opt/stack/AIStudio/node_modules/react-router/dist/umd/react-router.development.js:539:7)
    at Routes (/opt/stack/AIStudio/node_modules/react-router/dist/umd/react-router.development.js:1273:7)
    at Router (/opt/stack/AIStudio/node_modules/react-router/dist/umd/react-router.development.js:1207:17)
    at MemoryRouter (/opt/stack/AIStudio/node_modules/react-router/dist/umd/react-router.development.js:1101:7)
Warning: An update to CodeQualityDashboard inside a test was not wrapped in act(...).

When testing, code that causes React state updates should be wrapped into act(...):

act(() => {
  /* fire events that update state */
});
/* assert on the output */

This ensures that you're testing the behavior the user would see in the browser. Learn more at https://reactjs.org/link/wrap-tests-with-act
    at CodeQualityDashboard (/opt/stack/worktrees/st-53-web-ui-multi-run-progress-tracker-in-status-bar/frontend/src/pages/CodeQualityDashboard.tsx:82:47)
    at RenderedRoute (/opt/stack/AIStudio/node_modules/react-router/dist/umd/react-router.development.js:539:7)
    at Routes (/opt/stack/AIStudio/node_modules/react-router/dist/umd/react-router.development.js:1273:7)
    at Router (/opt/stack/AIStudio/node_modules/react-router/dist/umd/react-router.development.js:1207:17)
    at MemoryRouter (/opt/stack/AIStudio/node_modules/react-router/dist/umd/react-router.development.js:1101:7)
Warning: An update to CodeQualityDashboard inside a test was not wrapped in act(...).

When testing, code that causes React state updates should be wrapped into act(...):

act(() => {
  /* fire events that update state */
});
/* assert on the output */

This ensures that you're testing the behavior the user would see in the browser. Learn more at https://reactjs.org/link/wrap-tests-with-act
    at CodeQualityDashboard (/opt/stack/worktrees/st-53-web-ui-multi-run-progress-tracker-in-status-bar/frontend/src/pages/CodeQualityDashboard.tsx:82:47)
    at RenderedRoute (/opt/stack/AIStudio/node_modules/react-router/dist/umd/react-router.development.js:539:7)
    at Routes (/opt/stack/AIStudio/node_modules/react-router/dist/umd/react-router.development.js:1273:7)
    at Router (/opt/stack/AIStudio/node_modules/react-router/dist/umd/react-router.development.js:1207:17)
    at MemoryRouter (/opt/stack/AIStudio/node_modules/react-router/dist/umd/react-router.development.js:1101:7)
Warning: An update to CodeQualityDashboard inside a test was not wrapped in act(...).

When testing, code that causes React state updates should be wrapped into act(...):

act(() => {
  /* fire events that update state */
});
/* assert on the output */

This ensures that you're testing the behavior the user would see in the browser. Learn more at https://reactjs.org/link/wrap-tests-with-act
    at CodeQualityDashboard (/opt/stack/worktrees/st-53-web-ui-multi-run-progress-tracker-in-status-bar/frontend/src/pages/CodeQualityDashboard.tsx:82:47)
    at RenderedRoute (/opt/stack/AIStudio/node_modules/react-router/dist/umd/react-router.development.js:539:7)
    at Routes (/opt/stack/AIStudio/node_modules/react-router/dist/umd/react-router.development.js:1273:7)
    at Router (/opt/stack/AIStudio/node_modules/react-router/dist/umd/react-router.development.js:1207:17)
    at MemoryRouter (/opt/stack/AIStudio/node_modules/react-router/dist/umd/react-router.development.js:1101:7)
Warning: An update to CodeQualityDashboard inside a test was not wrapped in act(...).

When testing, code that causes React state updates should be wrapped into act(...):

act(() => {
  /* fire events that update state */
});
/* assert on the output */

This ensures that you're testing the behavior the user would see in the browser. Learn more at https://reactjs.org/link/wrap-tests-with-act
    at CodeQualityDashboard (/opt/stack/worktrees/st-53-web-ui-multi-run-progress-tracker-in-status-bar/frontend/src/pages/CodeQualityDashboard.tsx:82:47)
    at RenderedRoute (/opt/stack/AIStudio/node_modules/react-router/dist/umd/react-router.development.js:539:7)
    at Routes (/opt/stack/AIStudio/node_modules/react-router/dist/umd/react-router.development.js:1273:7)
    at Router (/opt/stack/AIStudio/node_modules/react-router/dist/umd/react-router.development.js:1207:17)
    at MemoryRouter (/opt/stack/AIStudio/node_modules/react-router/dist/umd/react-router.development.js:1101:7)
Warning: An update to CodeQualityDashboard inside a test was not wrapped in act(...).

When testing, code that causes React state updates should be wrapped into act(...):

act(() => {
  /* fire events that update state */
});
/* assert on the output */

This ensures that you're testing the behavior the user would see in the browser. Learn more at https://reactjs.org/link/wrap-tests-with-act
    at CodeQualityDashboard (/opt/stack/worktrees/st-53-web-ui-multi-run-progress-tracker-in-status-bar/frontend/src/pages/CodeQualityDashboard.tsx:82:47)
    at RenderedRoute (/opt/stack/AIStudio/node_modules/react-router/dist/umd/react-router.development.js:539:7)
    at Routes (/opt/stack/AIStudio/node_modules/react-router/dist/umd/react-router.development.js:1273:7)
    at Router (/opt/stack/AIStudio/node_modules/react-router/dist/umd/react-router.development.js:1207:17)
    at MemoryRouter (/opt/stack/AIStudio/node_modules/react-router/dist/umd/react-router.development.js:1101:7)
Warning: An update to CodeQualityDashboard inside a test was not wrapped in act(...).

When testing, code that causes React state updates should be wrapped into act(...):

act(() => {
  /* fire events that update state */
});
/* assert on the output */

This ensures that you're testing the behavior the user would see in the browser. Learn more at https://reactjs.org/link/wrap-tests-with-act
    at CodeQualityDashboard (/opt/stack/worktrees/st-53-web-ui-multi-run-progress-tracker-in-status-bar/frontend/src/pages/CodeQualityDashboard.tsx:82:47)
    at RenderedRoute (/opt/stack/AIStudio/node_modules/react-router/dist/umd/react-router.development.js:539:7)
    at Routes (/opt/stack/AIStudio/node_modules/react-router/dist/umd/react-router.development.js:1273:7)
    at Router (/opt/stack/AIStudio/node_modules/react-router/dist/umd/react-router.development.js:1207:17)
    at MemoryRouter (/opt/stack/AIStudio/node_modules/react-router/dist/umd/react-router.development.js:1101:7)
Warning: An update to CodeQualityDashboard inside a test was not wrapped in act(...).

When testing, code that causes React state updates should be wrapped into act(...):

act(() => {
  /* fire events that update state */
});
/* assert on the output */

This ensures that you're testing the behavior the user would see in the browser. Learn more at https://reactjs.org/link/wrap-tests-with-act
    at CodeQualityDashboard (/opt/stack/worktrees/st-53-web-ui-multi-run-progress-tracker-in-status-bar/frontend/src/pages/CodeQualityDashboard.tsx:82:47)
    at RenderedRoute (/opt/stack/AIStudio/node_modules/react-router/dist/umd/react-router.development.js:539:7)
    at Routes (/opt/stack/AIStudio/node_modules/react-router/dist/umd/react-router.development.js:1273:7)
    at Router (/opt/stack/AIStudio/node_modules/react-router/dist/umd/react-router.development.js:1207:17)
    at MemoryRouter (/opt/stack/AIStudio/node_modules/react-router/dist/umd/react-router.development.js:1101:7)
Warning: An update to CodeQualityDashboard inside a test was not wrapped in act(...).

When testing, code that causes React state updates should be wrapped into act(...):

act(() => {
  /* fire events that update state */
});
/* assert on the output */

This ensures that you're testing the behavior the user would see in the browser. Learn more at https://reactjs.org/link/wrap-tests-with-act
    at CodeQualityDashboard (/opt/stack/worktrees/st-53-web-ui-multi-run-progress-tracker-in-status-bar/frontend/src/pages/CodeQualityDashboard.tsx:82:47)
    at RenderedRoute (/opt/stack/AIStudio/node_modules/react-router/dist/umd/react-router.development.js:539:7)
    at Routes (/opt/stack/AIStudio/node_modules/react-router/dist/umd/react-router.development.js:1273:7)
    at Router (/opt/stack/AIStudio/node_modules/react-router/dist/umd/react-router.development.js:1207:17)
    at MemoryRouter (/opt/stack/AIStudio/node_modules/react-router/dist/umd/react-router.development.js:1101:7)

stderr | src/pages/__tests__/CodeQualityDashboard.integration.test.tsx > CodeQualityDashboard Integration > should handle error state
Failed to fetch recent analyses: Error: Failed to load
    at /opt/stack/worktrees/st-53-web-ui-multi-run-progress-tracker-in-status-bar/frontend/src/pages/__tests__/CodeQualityDashboard.integration.test.tsx:80:44
    at file:///opt/stack/AIStudio/node_modules/@vitest/runner/dist/index.js:135:14
    at file:///opt/stack/AIStudio/node_modules/@vitest/runner/dist/index.js:60:26
    at runTest (file:///opt/stack/AIStudio/node_modules/@vitest/runner/dist/index.js:781:17)
    at runSuite (file:///opt/stack/AIStudio/node_modules/@vitest/runner/dist/index.js:909:15)
    at runSuite (file:///opt/stack/AIStudio/node_modules/@vitest/runner/dist/index.js:909:15)
    at runFiles (file:///opt/stack/AIStudio/node_modules/@vitest/runner/dist/index.js:958:5)
    at startTests (file:///opt/stack/AIStudio/node_modules/@vitest/runner/dist/index.js:967:3)
    at file:///opt/stack/AIStudio/node_modules/vitest/dist/chunks/runtime-runBaseTests.oAvMKtQC.js:116:7
    at withEnv (file:///opt/stack/AIStudio/node_modules/vitest/dist/chunks/runtime-runBaseTests.oAvMKtQC.js:83:5)
Failed to fetch project data: Error: Failed to load
    at /opt/stack/worktrees/st-53-web-ui-multi-run-progress-tracker-in-status-bar/frontend/src/pages/__tests__/CodeQualityDashboard.integration.test.tsx:80:44
    at file:///opt/stack/AIStudio/node_modules/@vitest/runner/dist/index.js:135:14
    at file:///opt/stack/AIStudio/node_modules/@vitest/runner/dist/index.js:60:26
    at runTest (file:///opt/stack/AIStudio/node_modules/@vitest/runner/dist/index.js:781:17)
    at runSuite (file:///opt/stack/AIStudio/node_modules/@vitest/runner/dist/index.js:909:15)
    at runSuite (file:///opt/stack/AIStudio/node_modules/@vitest/runner/dist/index.js:909:15)
    at runFiles (file:///opt/stack/AIStudio/node_modules/@vitest/runner/dist/index.js:958:5)
    at startTests (file:///opt/stack/AIStudio/node_modules/@vitest/runner/dist/index.js:967:3)
    at file:///opt/stack/AIStudio/node_modules/vitest/dist/chunks/runtime-runBaseTests.oAvMKtQC.js:116:7
    at withEnv (file:///opt/stack/AIStudio/node_modules/vitest/dist/chunks/runtime-runBaseTests.oAvMKtQC.js:83:5)

 ❯ src/pages/__tests__/CodeQualityDashboard.integration.test.tsx  (3 tests | 1 failed) 1074ms
   ❯ src/pages/__tests__/CodeQualityDashboard.integration.test.tsx > CodeQualityDashboard Integration > should render dashboard with metrics
     → Unable to find an element with the text: Code Quality Overview. This could be because the text is broken up by multiple elements. In this case, you can provide a function for your text matcher to make your matcher more flexible.

Ignored nodes: comments, script, style
[36m<body>[39m
  [36m<div />[39m
[36m</body>[39m

Ignored nodes: comments, script, style
[36m<html>[39m
  [36m<head />[39m
  [36m<body>[39m
    [36m<div />[39m
  [36m</body>[39m
[36m</html>[39m
 ❯ src/components/CodeQuality/__tests__/CodeSmellsList.test.tsx  (4 tests | 1 failed) 62ms
   ❯ src/components/CodeQuality/__tests__/CodeSmellsList.test.tsx > CodeSmellsList > should filter by severity
     → Found multiple elements with the text: CRITICAL

Here are the matching elements:

Ignored nodes: comments, script, style
[36m<button[39m
  [33mclass[39m=[32m"px-3 py-1 rounded-full text-xs font-medium transition-colors bg-gray-100 dark:bg-gray-700 text-gray-700 dark:text-gray-300 hover:bg-gray-200 dark:hover:bg-gray-600"[39m
[36m>[39m
  [0mCRITICAL[0m
[36m</button>[39m

Ignored nodes: comments, script, style
[36m<span[39m
  [33mclass[39m=[32m"px-2.5 py-0.5 rounded-full text-xs font-medium text-red-700 bg-red-100 dark:bg-red-900/30"[39m
[36m>[39m
  [0mCRITICAL[0m
[36m</span>[39m

(If this is intentional, then use the `*AllBy*` variant of the query (like `queryAllByText`, `getAllByText`, or `findAllByText`)).

Ignored nodes: comments, script, style
[36m<body>[39m
  [36m<div>[39m
    [36m<div[39m
      [33mclass[39m=[32m"bg-white dark:bg-gray-800 border border-gray-200 dark:border-gray-700 rounded-xl"[39m
    [36m>[39m
      [36m<div[39m
        [33mclass[39m=[32m"flex items-center gap-2 px-6 py-4 border-b border-gray-200 dark:border-gray-700"[39m
      [36m>[39m
        [36m<span[39m
          [33mclass[39m=[32m"text-sm font-medium text-gray-700 dark:text-gray-300 mr-2"[39m
        [36m>[39m
          [0mFilter by severity:[0m
        [36m</span>[39m
        [36m<button[39m
          [33mclass[39m=[32m"px-3 py-1 rounded-full text-xs font-medium transition-colors bg-primary text-white"[39m
        [36m>[39m
          [0mAll[0m
        [36m</button>[39m
        [36m<button[39m
          [33mclass[39m=[32m"px-3 py-1 rounded-full text-xs font-medium transition-colors bg-gray-100 dark:bg-gray-700 text-gray-700 dark:text-gray-300 hover:bg-gray-200 dark:hover:bg-gray-600"[39m
        [36m>[39m
          [0mCRITICAL[0m
        [36m</button>[39m
        [36m<button[39m
          [33mclass[39m=[32m"px-3 py-1 rounded-full text-xs font-medium transition-colors bg-gray-100 dark:bg-gray-700 text-gray-700 dark:text-gray-300 hover:bg-gray-200 dark:hover:bg-gray-600"[39m
        [36m>[39m
          [0mHIGH[0m
        [36m</button>[39m
        [36m<button[39m
          [33mclass[39m=[32m"px-3 py-1 rounded-full text-xs font-medium transition-colors bg-gray-100 dark:bg-gray-700 text-gray-700 dark:text-gray-300 hover:bg-gray-200 dark:hover:bg-gray-600"[39m
        [36m>[39m
          [0mMEDIUM[0m
        [36m</button>[39m
        [36m<button[39m
          [33mclass[39m=[32m"px-3 py-1 rounded-full text-xs font-medium transition-colors bg-gray-100 dark:bg-gray-700 text-gray-700 dark:text-gray-300 hover:bg-gray-200 dark:hover:bg-gray-600"[39m
        [36m>[39m
          [0mLOW[0m
        [36m</button>[39m
      [36m</div>[39m
      [36m<div[39m
        [33mclass[39m=[32m"divide-y divide-gray-200 dark:divide-gray-700"[39m
      [36m>[39m
        [36m<div[39m
          [33mclass[39m=[32m"px-6 py-4 hover:bg-gray-50 dark:hover:bg-white/5 transition-colors"[39m
        [36m>[39m
          [36m<div[39m
            [33mclass[39m=[32m"flex items-start justify-between gap-4"[39m
          [36m>[39m
            [36m<div[39m
              [33mclass[39m=[32m"flex items-start gap-3 flex-1"[39m
            [36m>[39m
              [36m<span[39m
                [33mclass[39m=[32m"px-2.5 py-0.5 rounded-full text-xs font-medium text-red-700 bg-red-100 dark:bg-red-900/30"[39m
              [36m>[39m
                [0mCRITICAL[0m
              [36m</span>[39m
              [36m<div[39m
                [33mclass[39m=[32m"flex-1"[39m
              [36m>[39m
                [36m<h4[39m
                  [33mclass[39m=[32m"text-sm font-bold text-gray-900 dark:text-white mb-1"[39m
                [36m>[39m
                  [0mSecurity Vulnerability[0m
                [36m</h4>[39m
                [36m<div[39m
                  [33mclass[39m=[32m"flex items-center gap-4 text-xs text-gray-500 dark:text-[#9da6b9]"[39m
                [36m>[39m
                  [36m<span>[39m
                    [0m5[0m
                    [0m occurrences[0m
                  [36m</span>[39m
                  [36m<span>[39m
                    [0m3[0m
                    [0m files affected[0m
                  [36m</span>[39m
                [36m</div>[39m
              [36m</div>[39m
            [36m</div>[39m
            [36m<div[39m
              [33mclass[39m=[32m"flex items-center gap-2"[39m
            [36m>[39m
              [36m<button[39m
                [33maria-label[39m=[32m"Expand details"[39m
                [33mclass[39m=[32m"p-1 hover:bg-gray-200 dark:hover:bg-white/10 rounded transition-colors"[39m
              [36m>[39m
                [36m<svg[39m
                  [33mclass[39m=[32m"text-gray-500 transition-transform "[39m
                  [33mfill[39m=[32m"none"[39m
                  [33mheight[39m=[32m"20"[39m
                  [33mviewBox[39m=[32m"0 0 20 20"[39m
                  [33mwidth[39m=[32m"20"[39m
                  [33mxmlns[39m=[32m"http://www.w3.org/2000/svg"[39m
                [36m>[39m
                  [36m<path[39m
                    [33md[39m=[32m"M5 7.5L10 12.5L15 7.5"[39m
                    [33mstroke[39m=[32m"currentColor"[39m
                    [33mstroke-linecap[39m=[32m"round"[39m
                    [33mstroke-linejoin[39m=[32m"round"[39m
                    [33mstroke-width[39m=[32m"2"[39m
                  [36m/>[39m
                [36m</svg>[39m
              [36m</button>[39m
            [36m</div>[39m
          [36m</div>[39m
        [36m</div>[39m
        [36m<div[39m
          [33mclass[39m=[32m"px-6 py-4 hover:bg-gray-50 dark:hover:bg-white/5 transition-colors"[39m
        [36m>[39m
          [36m<div[39m
            [33mclass[39m=[32m"flex items-start justify-between gap-4"[39m
          [36m>[39m
            [36m<div[39m
              [33mclass[39m=[32m"flex items-start gap-3 flex-1"[39m
            [36m>[39m
              [36m<span[39m
                [33mclass[39m=[32m"px-2.5 py-0.5 rounded-full text-xs font-medium text-orange-700 bg-orange-100 dark:bg-orange-900/30"[39m
              [36m>[39m
                [0mHIGH[0m
              [36m</span>[39m
              [36m<div[39m
                [33mclass[39m=[32m"flex-1"[39m
              [36m>[39m
                [36m<h4[39m
                  [33mclass[39m=[32m"text-sm font-bold text-gray-900 dark:text-white mb-1"[39m
                [36m>[39m
                  [0mCode Complexity[0m
                [36m</h4>[39m
                [36m<div[39m
                  [33mclass[39m=[32m"flex items-center gap-4 text-xs text-gray-500 dark:text-[#9da6b9]"[39m
                [36m>[39m
                  [36m<span>[39m
                    [0m10[0m
                    [0m occurrences[0m
                  [36m</span>[39m
                  [36m<span>[39m
                    [0m7[0m
                    [0m files affected[0m
                  [36m</span>[39m
                [36m</div>[39m
              [36m</div>[39m
            [36m</div>[39m
            [36m<div[39m
              [33mclass[39m=[32m"flex items-center gap-2"[39m
            [36m>[39m
              [36m<button[39m
                [33maria-label[39m=[32m"Expand details"[39m
                [33mclass[39m=[32m"p-1 hover:bg-gray-200 dark:hover:bg-white/10 rounded transition-colors"[39m
              [36m>[39m
                [36m<svg[39m
                  [33mclass[39m=[32m"text-gray-500 transition-transform "[39m
                  [33mfill[39m=[32m"none"[39m
                  [33mheight[39m=[32m"20"[39m
                  [33mviewBox[39m=[32m"0 0 20 20"[39m
                  [33mwidth[39m=[32m"20"[39m
                  [33mxmlns[39m=[32m"http://www.w3.org/2000/svg"[39m
                [36m>[39m
                  [36m<path[39m
                    [33md[39m=[32m"M5 7.5L10 12.5L15 7.5"[39m
                    [33mstroke[39m=[32m"currentColor"[39m
                    [33mstroke-linecap[39m=[32m"round"[39m
                    [33mstroke-linejoin[39m=[32m"round"[39m
                    [33mstroke-width[39m=[32m"2"[39m
                  [36m/>[39m
                [36m</svg>[39m
              [36m</button>[39m
            [36m</div>[39m
          [36m</div>[39m
        [36m</div>[39m
      [36m</div>[39m
    [36m</div>[39m
  [36m</div>[39m
[36m</body>[39m
 ✓ src/components/CodeQuality/__tests__/FileTreeView.test.tsx  (2 tests) 46ms
 ✓ src/components/CodeQuality/__tests__/StoryCreationDialog.test.tsx  (3 tests) 37ms
 ✓ src/components/CodeQuality/__tests__/AnalysisRefreshButton.test.tsx  (4 tests) 32ms
 ❯ src/components/CodeQuality/__tests__/FileDetailsPanel.test.tsx  (3 tests | 1 failed) 30ms
   ❯ src/components/CodeQuality/__tests__/FileDetailsPanel.test.tsx > FileDetailsPanel > should show loading state
     → Unable to find an element with the text: /loading/i. This could be because the text is broken up by multiple elements. In this case, you can provide a function for your text matcher to make your matcher more flexible.

Ignored nodes: comments, script, style
[36m<body>[39m
  [36m<div>[39m
    [36m<div[39m
      [33mclass[39m=[32m"lg:sticky lg:top-8 bg-white dark:bg-[#1A202C] border border-gray-200 dark:border-[#3b4354] rounded-xl p-6"[39m
    [36m>[39m
      [36m<div[39m
        [33mclass[39m=[32m"animate-pulse"[39m
      [36m>[39m
        [36m<div[39m
          [33mclass[39m=[32m"h-8 bg-gray-200 dark:bg-gray-700 rounded w-3/4 mb-4"[39m
        [36m/>[39m
        [36m<div[39m
          [33mclass[39m=[32m"space-y-3"[39m
        [36m>[39m
          [36m<div[39m
            [33mclass[39m=[32m"h-4 bg-gray-200 dark:bg-gray-700 rounded"[39m
          [36m/>[39m
          [36m<div[39m
            [33mclass[39m=[32m"h-4 bg-gray-200 dark:bg-gray-700 rounded w-5/6"[39m
          [36m/>[39m
        [36m</div>[39m
      [36m</div>[39m
    [36m</div>[39m
  [36m</div>[39m
[36m</body>[39m
 ❯ src/components/CodeQuality/__tests__/MetricsSummaryCard.test.tsx  (3 tests | 2 failed) 36ms
   ❯ src/components/CodeQuality/__tests__/MetricsSummaryCard.test.tsx > MetricsSummaryCard > should render trend information when provided
     → Unable to find an element with the text: +5.0%. This could be because the text is broken up by multiple elements. In this case, you can provide a function for your text matcher to make your matcher more flexible.

Ignored nodes: comments, script, style
[36m<body>[39m
  [36m<div>[39m
    [36m<div[39m
      [33mclass[39m=[32m"rounded-xl border border-gray-200 dark:border-gray-700 bg-white dark:bg-gray-800 p-6 transition-all duration-200 hover:shadow-lg hover:-translate-y-0.5"[39m
    [36m>[39m
      [36m<div[39m
        [33mclass[39m=[32m"flex items-center justify-between"[39m
      [36m>[39m
        [36m<p[39m
          [33mclass[39m=[32m"text-sm font-medium text-gray-500 dark:text-gray-400"[39m
        [36m>[39m
          [0mCoverage[0m
        [36m</p>[39m
      [36m</div>[39m
      [36m<p[39m
        [33mclass[39m=[32m"mt-2 text-3xl font-bold text-gray-900 dark:text-white"[39m
      [36m>[39m
        [0m75%[0m
      [36m</p>[39m
    [36m</div>[39m
  [36m</div>[39m
[36m</body>[39m
   ❯ src/components/CodeQuality/__tests__/MetricsSummaryCard.test.tsx > MetricsSummaryCard > should render icon when provided
     → expect(received).toBeInTheDocument()

received value must be an HTMLElement or an SVGElement.


⎯⎯⎯⎯⎯⎯ Failed Suites 8 ⎯⎯⎯⎯⎯⎯⎯

 FAIL  src/__tests__/workflow-creation-wizard.e2e.test.tsx [ src/__tests__/workflow-creation-wizard.e2e.test.tsx ]
Error: Failed to resolve import "../services/api-client" from "src/__tests__/workflow-creation-wizard.e2e.test.tsx". Does the file exist?
 ❯ TransformPluginContext._formatError ../../../AIStudio/node_modules/vite/dist/node/chunks/dep-BK3b2jBa.js:49258:41
 ❯ TransformPluginContext.error ../../../AIStudio/node_modules/vite/dist/node/chunks/dep-BK3b2jBa.js:49253:16
 ❯ normalizeUrl ../../../AIStudio/node_modules/vite/dist/node/chunks/dep-BK3b2jBa.js:64307:23
 ❯ async file:/opt/stack/AIStudio/node_modules/vite/dist/node/chunks/dep-BK3b2jBa.js:64439:39
 ❯ TransformPluginContext.transform ../../../AIStudio/node_modules/vite/dist/node/chunks/dep-BK3b2jBa.js:64366:7
 ❯ PluginContainer.transform ../../../AIStudio/node_modules/vite/dist/node/chunks/dep-BK3b2jBa.js:49099:18
 ❯ loadAndTransform ../../../AIStudio/node_modules/vite/dist/node/chunks/dep-BK3b2jBa.js:51978:27

⎯⎯⎯⎯⎯⎯⎯⎯⎯⎯⎯⎯⎯⎯⎯⎯⎯⎯⎯⎯⎯⎯[1/141]⎯

 FAIL  src/__tests__/workflow-detail-modal.e2e.test.tsx [ src/__tests__/workflow-detail-modal.e2e.test.tsx ]
Error: Failed to resolve import "msw" from "src/__tests__/workflow-detail-modal.e2e.test.tsx". Does the file exist?
 ❯ TransformPluginContext._formatError ../../../AIStudio/node_modules/vite/dist/node/chunks/dep-BK3b2jBa.js:49258:41
 ❯ TransformPluginContext.error ../../../AIStudio/node_modules/vite/dist/node/chunks/dep-BK3b2jBa.js:49253:16
 ❯ normalizeUrl ../../../AIStudio/node_modules/vite/dist/node/chunks/dep-BK3b2jBa.js:64307:23
 ❯ async file:/opt/stack/AIStudio/node_modules/vite/dist/node/chunks/dep-BK3b2jBa.js:64439:39
 ❯ TransformPluginContext.transform ../../../AIStudio/node_modules/vite/dist/node/chunks/dep-BK3b2jBa.js:64366:7
 ❯ PluginContainer.transform ../../../AIStudio/node_modules/vite/dist/node/chunks/dep-BK3b2jBa.js:49099:18
 ❯ loadAndTransform ../../../AIStudio/node_modules/vite/dist/node/chunks/dep-BK3b2jBa.js:51978:27

⎯⎯⎯⎯⎯⎯⎯⎯⎯⎯⎯⎯⎯⎯⎯⎯⎯⎯⎯⎯⎯⎯[2/141]⎯

 FAIL  src/__tests__/integration/authentication-flow.integration.test.tsx [ src/__tests__/integration/authentication-flow.integration.test.tsx ]
Error: Failed to resolve import "framer-motion" from "src/components/workflow/MultiRunStatusBar.tsx". Does the file exist?
 ❯ TransformPluginContext._formatError ../../../AIStudio/node_modules/vite/dist/node/chunks/dep-BK3b2jBa.js:49258:41
 ❯ TransformPluginContext.error ../../../AIStudio/node_modules/vite/dist/node/chunks/dep-BK3b2jBa.js:49253:16
 ❯ normalizeUrl ../../../AIStudio/node_modules/vite/dist/node/chunks/dep-BK3b2jBa.js:64307:23
 ❯ async file:/opt/stack/AIStudio/node_modules/vite/dist/node/chunks/dep-BK3b2jBa.js:64439:39
 ❯ TransformPluginContext.transform ../../../AIStudio/node_modules/vite/dist/node/chunks/dep-BK3b2jBa.js:64366:7
 ❯ PluginContainer.transform ../../../AIStudio/node_modules/vite/dist/node/chunks/dep-BK3b2jBa.js:49099:18
 ❯ loadAndTransform ../../../AIStudio/node_modules/vite/dist/node/chunks/dep-BK3b2jBa.js:51978:27

⎯⎯⎯⎯⎯⎯⎯⎯⎯⎯⎯⎯⎯⎯⎯⎯⎯⎯⎯⎯⎯⎯[3/141]⎯

 FAIL  src/components/__tests__/Layout.test.tsx [ src/components/__tests__/Layout.test.tsx ]
 FAIL  src/components/workflow/__tests__/MultiRunStatusBar.test.tsx [ src/components/workflow/__tests__/MultiRunStatusBar.test.tsx ]
Error: Failed to resolve import "framer-motion" from "src/components/workflow/MultiRunStatusBar.tsx". Does the file exist?
 ❯ TransformPluginContext._formatError ../../../AIStudio/node_modules/vite/dist/node/chunks/dep-BK3b2jBa.js:49258:41
 ❯ TransformPluginContext.error ../../../AIStudio/node_modules/vite/dist/node/chunks/dep-BK3b2jBa.js:49253:16
 ❯ normalizeUrl ../../../AIStudio/node_modules/vite/dist/node/chunks/dep-BK3b2jBa.js:64307:23
 ❯ async file:/opt/stack/AIStudio/node_modules/vite/dist/node/chunks/dep-BK3b2jBa.js:64439:39
 ❯ TransformPluginContext.transform ../../../AIStudio/node_modules/vite/dist/node/chunks/dep-BK3b2jBa.js:64366:7
 ❯ PluginContainer.transform ../../../AIStudio/node_modules/vite/dist/node/chunks/dep-BK3b2jBa.js:49099:18
 ❯ loadAndTransform ../../../AIStudio/node_modules/vite/dist/node/chunks/dep-BK3b2jBa.js:51978:27

⎯⎯⎯⎯⎯⎯⎯⎯⎯⎯⎯⎯⎯⎯⎯⎯⎯⎯⎯⎯⎯⎯[4/141]⎯

 FAIL  src/hooks/__tests__/useStoryCreation.test.ts [ src/hooks/__tests__/useStoryCreation.test.ts ]
Error: Transform failed with 1 error:
/opt/stack/worktrees/st-53-web-ui-multi-run-progress-tracker-in-status-bar/frontend/src/hooks/__tests__/useStoryCreation.test.ts:22:79: ERROR: Unterminated regular expression
 ❯ failureErrorWithLog ../../../AIStudio/node_modules/esbuild/lib/main.js:1472:15
 ❯ ../../../AIStudio/node_modules/esbuild/lib/main.js:755:50
 ❯ responseCallbacks.<computed> ../../../AIStudio/node_modules/esbuild/lib/main.js:622:9
 ❯ handleIncomingPacket ../../../AIStudio/node_modules/esbuild/lib/main.js:677:12
 ❯ Socket.readFromStdout ../../../AIStudio/node_modules/esbuild/lib/main.js:600:7
 ❯ Socket.emit node:events:517:28

⎯⎯⎯⎯⎯⎯⎯⎯⎯⎯⎯⎯⎯⎯⎯⎯⎯⎯⎯⎯⎯⎯[5/141]⎯

 FAIL  src/components/CodeQuality/__tests__/TrendChart.test.tsx [ src/components/CodeQuality/__tests__/TrendChart.test.tsx ]
Error: Transform failed with 1 error:
/opt/stack/worktrees/st-53-web-ui-multi-run-progress-tracker-in-status-bar/frontend/src/components/CodeQuality/__tests__/TrendChart.test.tsx:427:37: ERROR: Expected ">" but found "'\" data={mockData} />\n      );\n\n      expect(screen.getByText(\"Test <>&\\\"'"
 ❯ failureErrorWithLog ../../../AIStudio/node_modules/esbuild/lib/main.js:1472:15
 ❯ ../../../AIStudio/node_modules/esbuild/lib/main.js:755:50
 ❯ responseCallbacks.<computed> ../../../AIStudio/node_modules/esbuild/lib/main.js:622:9
 ❯ handleIncomingPacket ../../../AIStudio/node_modules/esbuild/lib/main.js:677:12
 ❯ Socket.readFromStdout ../../../AIStudio/node_modules/esbuild/lib/main.js:600:7
 ❯ Socket.emit node:events:517:28

⎯⎯⎯⎯⎯⎯⎯⎯⎯⎯⎯⎯⎯⎯⎯⎯⎯⎯⎯⎯⎯⎯[6/141]⎯

 FAIL  src/components/workflow/__tests__/WorkflowRunItem.test.tsx [ src/components/workflow/__tests__/WorkflowRunItem.test.tsx ]
Error: Failed to resolve import "framer-motion" from "src/components/workflow/WorkflowRunItem.tsx". Does the file exist?
 ❯ TransformPluginContext._formatError ../../../AIStudio/node_modules/vite/dist/node/chunks/dep-BK3b2jBa.js:49258:41
 ❯ TransformPluginContext.error ../../../AIStudio/node_modules/vite/dist/node/chunks/dep-BK3b2jBa.js:49253:16
 ❯ normalizeUrl ../../../AIStudio/node_modules/vite/dist/node/chunks/dep-BK3b2jBa.js:64307:23
 ❯ async file:/opt/stack/AIStudio/node_modules/vite/dist/node/chunks/dep-BK3b2jBa.js:64439:39
 ❯ TransformPluginContext.transform ../../../AIStudio/node_modules/vite/dist/node/chunks/dep-BK3b2jBa.js:64366:7
 ❯ PluginContainer.transform ../../../AIStudio/node_modules/vite/dist/node/chunks/dep-BK3b2jBa.js:49099:18
 ❯ loadAndTransform ../../../AIStudio/node_modules/vite/dist/node/chunks/dep-BK3b2jBa.js:51978:27

⎯⎯⎯⎯⎯⎯⎯⎯⎯⎯⎯⎯⎯⎯⎯⎯⎯⎯⎯⎯⎯⎯[7/141]⎯

⎯⎯⎯⎯⎯⎯ Failed Tests 133 ⎯⎯⎯⎯⎯⎯

 FAIL  src/pages/DashboardPage.test.tsx > DashboardPage - Theme Support > uses theme-aware accent colors for links
AssertionError: expected 0 to be greater than 0
 ❯ src/pages/DashboardPage.test.tsx:130:32
    128|     // Check for accent color usage in links
    129|     const accentLinks = container.querySelectorAll('.text-accent');
    130|     expect(accentLinks.length).toBeGreaterThan(0);
       |                                ^
    131|   });
    132| 

⎯⎯⎯⎯⎯⎯⎯⎯⎯⎯⎯⎯⎯⎯⎯⎯⎯⎯⎯⎯⎯⎯[8/141]⎯

 FAIL  src/pages/DashboardPage.test.tsx > DashboardPage - Theme Support > uses theme-aware secondary background
AssertionError: expected 0 to be greater than 0
 ❯ src/pages/DashboardPage.test.tsx:161:32
    159|     // Check for secondary background usage
    160|     const secondaryBg = container.querySelectorAll('.bg-bg-secondary');
    161|     expect(secondaryBg.length).toBeGreaterThan(0);
       |                                ^
    162|   });
    163| });

⎯⎯⎯⎯⎯⎯⎯⎯⎯⎯⎯⎯⎯⎯⎯⎯⎯⎯⎯⎯⎯⎯[9/141]⎯

 FAIL  src/pages/DashboardPage.test.tsx > DashboardPage - Statistics Display > displays project statistics with theme-aware styling
TestingLibraryElementError: Unable to find an element with the text: Project Dashboard. This could be because the text is broken up by multiple elements. In this case, you can provide a function for your text matcher to make your matcher more flexible.

Ignored nodes: comments, script, style
[36m<body>[39m
  [36m<div>[39m
    [36m<div>[39m
      [36m<h1[39m
        [33mclass[39m=[32m"text-3xl font-bold text-fg mb-6"[39m
      [36m>[39m
        [0mDashboard[0m
      [36m</h1>[39m
      [36m<div[39m
        [33mclass[39m=[32m"bg-card shadow rounded-lg p-6 border border-border"[39m
      [36m>[39m
        [36m<div[39m
          [33mclass[39m=[32m"text-center py-12"[39m
        [36m>[39m
          [36m<svg[39m
            [33maria-hidden[39m=[32m"true"[39m
            [33mclass[39m=[32m"mx-auto h-12 w-12 text-muted"[39m
            [33mdata-slot[39m=[32m"icon"[39m
            [33mfill[39m=[32m"none"[39m
            [33mstroke[39m=[32m"currentColor"[39m
            [33mstroke-width[39m=[32m"1.5"[39m
            [33mviewBox[39m=[32m"0 0 24 24"[39m
            [33mxmlns[39m=[32m"http://www.w3.org/2000/svg"[39m
          [36m>[39m
            [36m<path[39m
              [33md[39m=[32m"M3 13.125C3 12.504 3.504 12 4.125 12h2.25c.621 0 1.125.504 1.125 1.125v6.75C7.5 20.496 6.996 21 6.375 21h-2.25A1.125 1.125 0 0 1 3 19.875v-6.75ZM9.75 8.625c0-.621.504-1.125 1.125-1.125h2.25c.621 0 1.125.504 1.125 1.125v11.25c0 .621-.504 1.125-1.125 1.125h-2.25a1.125 1.125 0 0 1-1.125-1.125V8.625ZM16.5 4.125c0-.621.504-1.125 1.125-1.125h2.25C20.496 3 21 3.504 21 4.125v15.75c0 .621-.504 1.125-1.125 1.125h-2.25a1.125 1.125 0 0 1-1.125-1.125V4.125Z"[39m
              [33mstroke-linecap[39m=[32m"round"[39m
              [33mstroke-linejoin[39m=[32m"round"[39m
            [36m/>[39m
          [36m</svg>[39m
          [36m<h3[39m
            [33mclass[39m=[32m"mt-2 text-lg font-medium text-fg"[39m
          [36m>[39m
            [0mNo Project Selected[0m
          [36m</h3>[39m
          [36m<p[39m
            [33mclass[39m=[32m"mt-1 text-sm text-muted"[39m
          [36m>[39m
            [0mSelect a project from the dropdown above to view dashboard statistics.[0m
          [36m</p>[39m
          [36m<div[39m
            [33mclass[39m=[32m"mt-6"[39m
          [36m>[39m
            [36m<a[39m
              [33mclass[39m=[32m"inline-flex items-center px-4 py-2 border border-transparent shadow-sm text-sm font-medium rounded-md text-white bg-primary-600 hover:bg-primary-700"[39m
              [33mhref[39m=[32m"/projects"[39m
            [36m>[39m
              [36m<svg[39m
                [33maria-hidden[39m=[32m"true"[39m
                [33mclass[39m=[32m"h-5 w-5 mr-2"[39m
                [33mdata-slot[39m=[32m"icon"[39m
                [33mfill[39m=[32m"none"[39m
                [33mstroke[39m=[32m"currentColor"[39m
                [33mstroke-width[39m=[32m"1.5"[39m
                [33mviewBox[39m=[32m"0 0 24 24"[39m
                [33mxmlns[39m=[32m"http://www.w3.org/2000/svg"[39m
              [36m>[39m
                [36m<path[39m
                  [33md[39m=[32m"M4.5 12a7.5 7.5 0 0 0 15 0m-15 0a7.5 7.5 0 1 1 15 0m-15 0H3m16.5 0H21m-1.5 0H12m-8.457 3.077 1.41-.513m14.095-5.13 1.41-.513M5.106 17.785l1.15-.964m11.49-9.642 1.149-.964M7.501 19.795l.75-1.3m7.5-12.99.75-1.3m-6.063 16.658.26-1.477m2.605-14.772.26-1.477m0 17.726-.26-1.477M10.698 4.614l-.26-1.477M16.5 19.794l-.75-1.299M7.5 4.205 12 12m6.894 5.785-1.149-.964M6.256 7.178l-1.15-.964m15.352 8.864-1.41-.513M4.954 9.435l-1.41-.514M12.002 12l-3.75 6.495"[39m
                  [33mstroke-linecap[39m=[32m"round"[39m
                  [33mstroke-linejoin[39m=[32m"round"[39m
                [36m/>[39m
              [36m</svg>[39m
              [0mManage Projects[0m
            [36m</a>[39m
          [36m</div>[39m
        [36m</div>[39m
      [36m</div>[39m
    [36m</div>[39m
  [36m</div>[39m
[36m</body>[39m

Ignored nodes: comments, script, style
[36m<html>[39m
  [36m<head>[39m
    [36m<meta[39m
      [33mcontent[39m=[32m""[39m
      [33mname[39m=[32m"emotion-insertion-point"[39m
    [36m/>[39m
  [36m</head>[39m
  [36m<body>[39m
    [36m<div>[39m
      [36m<div>[39m
        [36m<h1[39m
          [33mclass[39m=[32m"text-3xl font-bold text-fg mb-6"[39m
        [36m>[39m
          [0mDashboard[0m
        [36m</h1>[39m
        [36m<div[39m
          [33mclass[39m=[32m"bg-card shadow rounded-lg p-6 border border-border"[39m
        [36m>[39m
          [36m<div[39m
            [33mclass[39m=[32m"text-center py-12"[39m
          [36m>[39m
            [36m<svg[39m
              [33maria-hidden[39m=[32m"true"[39m
              [33mclass[39m=[32m"mx-auto h-12 w-12 text-muted"[39m
              [33mdata-slot[39m=[32m"icon"[39m
              [33mfill[39m=[32m"none"[39m
              [33mstroke[39m=[32m"currentColor"[39m
              [33mstroke-width[39m=[32m"1.5"[39m
              [33mviewBox[39m=[32m"0 0 24 24"[39m
              [33mxmlns[39m=[32m"http://www.w3.org/2000/svg"[39m
            [36m>[39m
              [36m<path[39m
                [33md[39m=[32m"M3 13.125C3 12.504 3.504 12 4.125 12h2.25c.621 0 1.125.504 1.125 1.125v6.75C7.5 20.496 6.996 21 6.375 21h-2.25A1.125 1.125 0 0 1 3 19.875v-6.75ZM9.75 8.625c0-.621.504-1.125 1.125-1.125h2.25c.621 0 1.125.504 1.125 1.125v11.25c0 .621-.504 1.125-1.125 1.125h-2.25a1.125 1.125 0 0 1-1.125-1.125V8.625ZM16.5 4.125c0-.621.504-1.125 1.125-1.125h2.25C20.496 3 21 3.504 21 4.125v15.75c0 .621-.504 1.125-1.125 1.125h-2.25a1.125 1.125 0 0 1-1.125-1.125V4.125Z"[39m
                [33mstroke-linecap[39m=[32m"round"[39m
                [33mstroke-linejoin[39m=[32m"round"[39m
              [36m/>[39m
            [36m</svg>[39m
            [36m<h3[39m
              [33mclass[39m=[32m"mt-2 text-lg font-medium text-fg"[39m
            [36m>[39m
              [0mNo Project Selected[0m
            [36m</h3>[39m
            [36m<p[39m
              [33mclass[39m=[32m"mt-1 text-sm text-muted"[39m
            [36m>[39m
              [0mSelect a project from the dropdown above to view dashboard statistics.[0m
            [36m</p>[39m
            [36m<div[39m
              [33mclass[39m=[32m"mt-6"[39m
            [36m>[39m
              [36m<a[39m
                [33mclass[39m=[32m"inline-flex items-center px-4 py-2 border border-transparent shadow-sm text-sm font-medium rounded-md text-white bg-primary-600 hover:bg-primary-700"[39m
                [33mhref[39m=[32m"/projects"[39m
              [36m>[39m
                [36m<svg[39m
                  [33maria-hidden[39m=[32m"true"[39m
                  [33mclass[39m=[32m"h-5 w-5 mr-2"[39m
                  [33mdata-slot[39m=[32m"icon"[39m
                  [33mfill[39m=[32m"none"[39m
                  [33mstroke[39m=[32m"currentColor"[39m
                  [33mstroke-width[39m=[32m"1.5"[39m
                  [33mviewBox[39m=[32m"0 0 24 24"[39m
                  [33mxmlns[39m=[32m"http://www.w3.org/2000/svg"[39m
                [36m>[39m
                  [36m<path[39m
                    [33md[39m=[32m"M4.5 12a7.5 7.5 0 0 0 15 0m-15 0a7.5 7.5 0 1 1 15 0m-15 0H3m16.5 0H21m-1.5 0H12m-8.457 3.077 1.41-.513m14.095-5.13 1.41-.513M5.106 17.785l1.15-.964m11.49-9.642 1.149-.964M7.501 19.795l.75-1.3m7.5-12.99.75-1.3m-6.063 16.658.26-1.477m2.605-14.772.26-1.477m0 17.726-.26-1.477M10.698 4.614l-.26-1.477M16.5 19.794l-.75-1.299M7.5 4.205 12 12m6.894 5.785-1.149-.964M6.256 7.178l-1.15-.964m15.352 8.864-1.41-.513M4.954 9.435l-1.41-.514M12.002 12l-3.75 6.495"[39m
                    [33mstroke-linecap[39m=[32m"round"[39m
                    [33mstroke-linejoin[39m=[32m"round"[39m
                  [36m/>[39m
                [36m</svg>[39m
                [0mManage Projects[0m
              [36m</a>[39m
            [36m</div>[39m
          [36m</div>[39m
        [36m</div>[39m
      [36m</div>[39m
    [36m</div>[39m
  [36m</body>[39m
[36m</html>[39m
 ❯ Proxy.waitForWrapper ../../../AIStudio/node_modules/@testing-library/dom/dist/wait-for.js:163:27
 ❯ src/pages/DashboardPage.test.tsx:169:11
    167|     render(<DashboardPage />, { wrapper: createWrapper() });
    168| 
    169|     await waitFor(() => {
       |           ^
    170|       expect(screen.getByText('Project Dashboard')).toBeInTheDocument(…
    171|     });

⎯⎯⎯⎯⎯⎯⎯⎯⎯⎯⎯⎯⎯⎯⎯⎯⎯⎯⎯⎯⎯[10/141]⎯

 FAIL  src/pages/DashboardPage.test.tsx > DashboardPage - Statistics Display > displays quick actions section with theme-aware styling
TestingLibraryElementError: Unable to find an element with the text: Quick Actions. This could be because the text is broken up by multiple elements. In this case, you can provide a function for your text matcher to make your matcher more flexible.

Ignored nodes: comments, script, style
[36m<body>[39m
  [36m<div>[39m
    [36m<div>[39m
      [36m<h1[39m
        [33mclass[39m=[32m"text-3xl font-bold text-fg mb-6"[39m
      [36m>[39m
        [0mDashboard[0m
      [36m</h1>[39m
      [36m<div[39m
        [33mclass[39m=[32m"bg-card shadow rounded-lg p-6 border border-border"[39m
      [36m>[39m
        [36m<div[39m
          [33mclass[39m=[32m"text-center py-12"[39m
        [36m>[39m
          [36m<svg[39m
            [33maria-hidden[39m=[32m"true"[39m
            [33mclass[39m=[32m"mx-auto h-12 w-12 text-muted"[39m
            [33mdata-slot[39m=[32m"icon"[39m
            [33mfill[39m=[32m"none"[39m
            [33mstroke[39m=[32m"currentColor"[39m
            [33mstroke-width[39m=[32m"1.5"[39m
            [33mviewBox[39m=[32m"0 0 24 24"[39m
            [33mxmlns[39m=[32m"http://www.w3.org/2000/svg"[39m
          [36m>[39m
            [36m<path[39m
              [33md[39m=[32m"M3 13.125C3 12.504 3.504 12 4.125 12h2.25c.621 0 1.125.504 1.125 1.125v6.75C7.5 20.496 6.996 21 6.375 21h-2.25A1.125 1.125 0 0 1 3 19.875v-6.75ZM9.75 8.625c0-.621.504-1.125 1.125-1.125h2.25c.621 0 1.125.504 1.125 1.125v11.25c0 .621-.504 1.125-1.125 1.125h-2.25a1.125 1.125 0 0 1-1.125-1.125V8.625ZM16.5 4.125c0-.621.504-1.125 1.125-1.125h2.25C20.496 3 21 3.504 21 4.125v15.75c0 .621-.504 1.125-1.125 1.125h-2.25a1.125 1.125 0 0 1-1.125-1.125V4.125Z"[39m
              [33mstroke-linecap[39m=[32m"round"[39m
              [33mstroke-linejoin[39m=[32m"round"[39m
            [36m/>[39m
          [36m</svg>[39m
          [36m<h3[39m
            [33mclass[39m=[32m"mt-2 text-lg font-medium text-fg"[39m
          [36m>[39m
            [0mNo Project Selected[0m
          [36m</h3>[39m
          [36m<p[39m
            [33mclass[39m=[32m"mt-1 text-sm text-muted"[39m
          [36m>[39m
            [0mSelect a project from the dropdown above to view dashboard statistics.[0m
          [36m</p>[39m
          [36m<div[39m
            [33mclass[39m=[32m"mt-6"[39m
          [36m>[39m
            [36m<a[39m
              [33mclass[39m=[32m"inline-flex items-center px-4 py-2 border border-transparent shadow-sm text-sm font-medium rounded-md text-white bg-primary-600 hover:bg-primary-700"[39m
              [33mhref[39m=[32m"/projects"[39m
            [36m>[39m
              [36m<svg[39m
                [33maria-hidden[39m=[32m"true"[39m
                [33mclass[39m=[32m"h-5 w-5 mr-2"[39m
                [33mdata-slot[39m=[32m"icon"[39m
                [33mfill[39m=[32m"none"[39m
                [33mstroke[39m=[32m"currentColor"[39m
                [33mstroke-width[39m=[32m"1.5"[39m
                [33mviewBox[39m=[32m"0 0 24 24"[39m
                [33mxmlns[39m=[32m"http://www.w3.org/2000/svg"[39m
              [36m>[39m
                [36m<path[39m
                  [33md[39m=[32m"M4.5 12a7.5 7.5 0 0 0 15 0m-15 0a7.5 7.5 0 1 1 15 0m-15 0H3m16.5 0H21m-1.5 0H12m-8.457 3.077 1.41-.513m14.095-5.13 1.41-.513M5.106 17.785l1.15-.964m11.49-9.642 1.149-.964M7.501 19.795l.75-1.3m7.5-12.99.75-1.3m-6.063 16.658.26-1.477m2.605-14.772.26-1.477m0 17.726-.26-1.477M10.698 4.614l-.26-1.477M16.5 19.794l-.75-1.299M7.5 4.205 12 12m6.894 5.785-1.149-.964M6.256 7.178l-1.15-.964m15.352 8.864-1.41-.513M4.954 9.435l-1.41-.514M12.002 12l-3.75 6.495"[39m
                  [33mstroke-linecap[39m=[32m"round"[39m
                  [33mstroke-linejoin[39m=[32m"round"[39m
                [36m/>[39m
              [36m</svg>[39m
              [0mManage Projects[0m
            [36m</a>[39m
          [36m</div>[39m
        [36m</div>[39m
      [36m</div>[39m
    [36m</div>[39m
  [36m</div>[39m
[36m</body>[39m

Ignored nodes: comments, script, style
[36m<html>[39m
  [36m<head>[39m
    [36m<meta[39m
      [33mcontent[39m=[32m""[39m
      [33mname[39m=[32m"emotion-insertion-point"[39m
    [36m/>[39m
  [36m</head>[39m
  [36m<body>[39m
    [36m<div>[39m
      [36m<div>[39m
        [36m<h1[39m
          [33mclass[39m=[32m"text-3xl font-bold text-fg mb-6"[39m
        [36m>[39m
          [0mDashboard[0m
        [36m</h1>[39m
        [36m<div[39m
          [33mclass[39m=[32m"bg-card shadow rounded-lg p-6 border border-border"[39m
        [36m>[39m
          [36m<div[39m
            [33mclass[39m=[32m"text-center py-12"[39m
          [36m>[39m
            [36m<svg[39m
              [33maria-hidden[39m=[32m"true"[39m
              [33mclass[39m=[32m"mx-auto h-12 w-12 text-muted"[39m
              [33mdata-slot[39m=[32m"icon"[39m
              [33mfill[39m=[32m"none"[39m
              [33mstroke[39m=[32m"currentColor"[39m
              [33mstroke-width[39m=[32m"1.5"[39m
              [33mviewBox[39m=[32m"0 0 24 24"[39m
              [33mxmlns[39m=[32m"http://www.w3.org/2000/svg"[39m
            [36m>[39m
              [36m<path[39m
                [33md[39m=[32m"M3 13.125C3 12.504 3.504 12 4.125 12h2.25c.621 0 1.125.504 1.125 1.125v6.75C7.5 20.496 6.996 21 6.375 21h-2.25A1.125 1.125 0 0 1 3 19.875v-6.75ZM9.75 8.625c0-.621.504-1.125 1.125-1.125h2.25c.621 0 1.125.504 1.125 1.125v11.25c0 .621-.504 1.125-1.125 1.125h-2.25a1.125 1.125 0 0 1-1.125-1.125V8.625ZM16.5 4.125c0-.621.504-1.125 1.125-1.125h2.25C20.496 3 21 3.504 21 4.125v15.75c0 .621-.504 1.125-1.125 1.125h-2.25a1.125 1.125 0 0 1-1.125-1.125V4.125Z"[39m
                [33mstroke-linecap[39m=[32m"round"[39m
                [33mstroke-linejoin[39m=[32m"round"[39m
              [36m/>[39m
            [36m</svg>[39m
            [36m<h3[39m
              [33mclass[39m=[32m"mt-2 text-lg font-medium text-fg"[39m
            [36m>[39m
              [0mNo Project Selected[0m
            [36m</h3>[39m
            [36m<p[39m
              [33mclass[39m=[32m"mt-1 text-sm text-muted"[39m
            [36m>[39m
              [0mSelect a project from the dropdown above to view dashboard statistics.[0m
            [36m</p>[39m
            [36m<div[39m
              [33mclass[39m=[32m"mt-6"[39m
            [36m>[39m
              [36m<a[39m
                [33mclass[39m=[32m"inline-flex items-center px-4 py-2 border border-transparent shadow-sm text-sm font-medium rounded-md text-white bg-primary-600 hover:bg-primary-700"[39m
                [33mhref[39m=[32m"/projects"[39m
              [36m>[39m
                [36m<svg[39m
                  [33maria-hidden[39m=[32m"true"[39m
                  [33mclass[39m=[32m"h-5 w-5 mr-2"[39m
                  [33mdata-slot[39m=[32m"icon"[39m
                  [33mfill[39m=[32m"none"[39m
                  [33mstroke[39m=[32m"currentColor"[39m
                  [33mstroke-width[39m=[32m"1.5"[39m
                  [33mviewBox[39m=[32m"0 0 24 24"[39m
                  [33mxmlns[39m=[32m"http://www.w3.org/2000/svg"[39m
                [36m>[39m
                  [36m<path[39m
                    [33md[39m=[32m"M4.5 12a7.5 7.5 0 0 0 15 0m-15 0a7.5 7.5 0 1 1 15 0m-15 0H3m16.5 0H21m-1.5 0H12m-8.457 3.077 1.41-.513m14.095-5.13 1.41-.513M5.106 17.785l1.15-.964m11.49-9.642 1.149-.964M7.501 19.795l.75-1.3m7.5-12.99.75-1.3m-6.063 16.658.26-1.477m2.605-14.772.26-1.477m0 17.726-.26-1.477M10.698 4.614l-.26-1.477M16.5 19.794l-.75-1.299M7.5 4.205 12 12m6.894 5.785-1.149-.964M6.256 7.178l-1.15-.964m15.352 8.864-1.41-.513M4.954 9.435l-1.41-.514M12.002 12l-3.75 6.495"[39m
                    [33mstroke-linecap[39m=[32m"round"[39m
                    [33mstroke-linejoin[39m=[32m"round"[39m
                  [36m/>[39m
                [36m</svg>[39m
                [0mManage Projects[0m
              [36m</a>[39m
            [36m</div>[39m
          [36m</div>[39m
        [36m</div>[39m
      [36m</div>[39m
    [36m</div>[39m
  [36m</body>[39m
[36m</html>[39m
 ❯ Proxy.waitForWrapper ../../../AIStudio/node_modules/@testing-library/dom/dist/wait-for.js:163:27
 ❯ src/pages/DashboardPage.test.tsx:183:11
    181|     render(<DashboardPage />, { wrapper: createWrapper() });
    182| 
    183|     await waitFor(() => {
       |           ^
    184|       expect(screen.getByText('Quick Actions')).toBeInTheDocument();
    185|     });

⎯⎯⎯⎯⎯⎯⎯⎯⎯⎯⎯⎯⎯⎯⎯⎯⎯⎯⎯⎯⎯[11/141]⎯

 FAIL  src/pages/DashboardPage.test.tsx > DashboardPage - Statistics Display > displays project metrics section with theme-aware styling
TestingLibraryElementError: Unable to find an element with the text: Project Metrics. This could be because the text is broken up by multiple elements. In this case, you can provide a function for your text matcher to make your matcher more flexible.

Ignored nodes: comments, script, style
[36m<body>[39m
  [36m<div>[39m
    [36m<div>[39m
      [36m<h1[39m
        [33mclass[39m=[32m"text-3xl font-bold text-fg mb-6"[39m
      [36m>[39m
        [0mDashboard[0m
      [36m</h1>[39m
      [36m<div[39m
        [33mclass[39m=[32m"bg-card shadow rounded-lg p-6 border border-border"[39m
      [36m>[39m
        [36m<div[39m
          [33mclass[39m=[32m"text-center py-12"[39m
        [36m>[39m
          [36m<svg[39m
            [33maria-hidden[39m=[32m"true"[39m
            [33mclass[39m=[32m"mx-auto h-12 w-12 text-muted"[39m
            [33mdata-slot[39m=[32m"icon"[39m
            [33mfill[39m=[32m"none"[39m
            [33mstroke[39m=[32m"currentColor"[39m
            [33mstroke-width[39m=[32m"1.5"[39m
            [33mviewBox[39m=[32m"0 0 24 24"[39m
            [33mxmlns[39m=[32m"http://www.w3.org/2000/svg"[39m
          [36m>[39m
            [36m<path[39m
              [33md[39m=[32m"M3 13.125C3 12.504 3.504 12 4.125 12h2.25c.621 0 1.125.504 1.125 1.125v6.75C7.5 20.496 6.996 21 6.375 21h-2.25A1.125 1.125 0 0 1 3 19.875v-6.75ZM9.75 8.625c0-.621.504-1.125 1.125-1.125h2.25c.621 0 1.125.504 1.125 1.125v11.25c0 .621-.504 1.125-1.125 1.125h-2.25a1.125 1.125 0 0 1-1.125-1.125V8.625ZM16.5 4.125c0-.621.504-1.125 1.125-1.125h2.25C20.496 3 21 3.504 21 4.125v15.75c0 .621-.504 1.125-1.125 1.125h-2.25a1.125 1.125 0 0 1-1.125-1.125V4.125Z"[39m
              [33mstroke-linecap[39m=[32m"round"[39m
              [33mstroke-linejoin[39m=[32m"round"[39m
            [36m/>[39m
          [36m</svg>[39m
          [36m<h3[39m
            [33mclass[39m=[32m"mt-2 text-lg font-medium text-fg"[39m
          [36m>[39m
            [0mNo Project Selected[0m
          [36m</h3>[39m
          [36m<p[39m
            [33mclass[39m=[32m"mt-1 text-sm text-muted"[39m
          [36m>[39m
            [0mSelect a project from the dropdown above to view dashboard statistics.[0m
          [36m</p>[39m
          [36m<div[39m
            [33mclass[39m=[32m"mt-6"[39m
          [36m>[39m
            [36m<a[39m
              [33mclass[39m=[32m"inline-flex items-center px-4 py-2 border border-transparent shadow-sm text-sm font-medium rounded-md text-white bg-primary-600 hover:bg-primary-700"[39m
              [33mhref[39m=[32m"/projects"[39m
            [36m>[39m
              [36m<svg[39m
                [33maria-hidden[39m=[32m"true"[39m
                [33mclass[39m=[32m"h-5 w-5 mr-2"[39m
                [33mdata-slot[39m=[32m"icon"[39m
                [33mfill[39m=[32m"none"[39m
                [33mstroke[39m=[32m"currentColor"[39m
                [33mstroke-width[39m=[32m"1.5"[39m
                [33mviewBox[39m=[32m"0 0 24 24"[39m
                [33mxmlns[39m=[32m"http://www.w3.org/2000/svg"[39m
              [36m>[39m
                [36m<path[39m
                  [33md[39m=[32m"M4.5 12a7.5 7.5 0 0 0 15 0m-15 0a7.5 7.5 0 1 1 15 0m-15 0H3m16.5 0H21m-1.5 0H12m-8.457 3.077 1.41-.513m14.095-5.13 1.41-.513M5.106 17.785l1.15-.964m11.49-9.642 1.149-.964M7.501 19.795l.75-1.3m7.5-12.99.75-1.3m-6.063 16.658.26-1.477m2.605-14.772.26-1.477m0 17.726-.26-1.477M10.698 4.614l-.26-1.477M16.5 19.794l-.75-1.299M7.5 4.205 12 12m6.894 5.785-1.149-.964M6.256 7.178l-1.15-.964m15.352 8.864-1.41-.513M4.954 9.435l-1.41-.514M12.002 12l-3.75 6.495"[39m
                  [33mstroke-linecap[39m=[32m"round"[39m
                  [33mstroke-linejoin[39m=[32m"round"[39m
                [36m/>[39m
              [36m</svg>[39m
              [0mManage Projects[0m
            [36m</a>[39m
          [36m</div>[39m
        [36m</div>[39m
      [36m</div>[39m
    [36m</div>[39m
  [36m</div>[39m
[36m</body>[39m

Ignored nodes: comments, script, style
[36m<html>[39m
  [36m<head>[39m
    [36m<meta[39m
      [33mcontent[39m=[32m""[39m
      [33mname[39m=[32m"emotion-insertion-point"[39m
    [36m/>[39m
  [36m</head>[39m
  [36m<body>[39m
    [36m<div>[39m
      [36m<div>[39m
        [36m<h1[39m
          [33mclass[39m=[32m"text-3xl font-bold text-fg mb-6"[39m
        [36m>[39m
          [0mDashboard[0m
        [36m</h1>[39m
        [36m<div[39m
          [33mclass[39m=[32m"bg-card shadow rounded-lg p-6 border border-border"[39m
        [36m>[39m
          [36m<div[39m
            [33mclass[39m=[32m"text-center py-12"[39m
          [36m>[39m
            [36m<svg[39m
              [33maria-hidden[39m=[32m"true"[39m
              [33mclass[39m=[32m"mx-auto h-12 w-12 text-muted"[39m
              [33mdata-slot[39m=[32m"icon"[39m
              [33mfill[39m=[32m"none"[39m
              [33mstroke[39m=[32m"currentColor"[39m
              [33mstroke-width[39m=[32m"1.5"[39m
              [33mviewBox[39m=[32m"0 0 24 24"[39m
              [33mxmlns[39m=[32m"http://www.w3.org/2000/svg"[39m
            [36m>[39m
              [36m<path[39m
                [33md[39m=[32m"M3 13.125C3 12.504 3.504 12 4.125 12h2.25c.621 0 1.125.504 1.125 1.125v6.75C7.5 20.496 6.996 21 6.375 21h-2.25A1.125 1.125 0 0 1 3 19.875v-6.75ZM9.75 8.625c0-.621.504-1.125 1.125-1.125h2.25c.621 0 1.125.504 1.125 1.125v11.25c0 .621-.504 1.125-1.125 1.125h-2.25a1.125 1.125 0 0 1-1.125-1.125V8.625ZM16.5 4.125c0-.621.504-1.125 1.125-1.125h2.25C20.496 3 21 3.504 21 4.125v15.75c0 .621-.504 1.125-1.125 1.125h-2.25a1.125 1.125 0 0 1-1.125-1.125V4.125Z"[39m
                [33mstroke-linecap[39m=[32m"round"[39m
                [33mstroke-linejoin[39m=[32m"round"[39m
              [36m/>[39m
            [36m</svg>[39m
            [36m<h3[39m
              [33mclass[39m=[32m"mt-2 text-lg font-medium text-fg"[39m
            [36m>[39m
              [0mNo Project Selected[0m
            [36m</h3>[39m
            [36m<p[39m
              [33mclass[39m=[32m"mt-1 text-sm text-muted"[39m
            [36m>[39m
              [0mSelect a project from the dropdown above to view dashboard statistics.[0m
            [36m</p>[39m
            [36m<div[39m
              [33mclass[39m=[32m"mt-6"[39m
            [36m>[39m
              [36m<a[39m
                [33mclass[39m=[32m"inline-flex items-center px-4 py-2 border border-transparent shadow-sm text-sm font-medium rounded-md text-white bg-primary-600 hover:bg-primary-700"[39m
                [33mhref[39m=[32m"/projects"[39m
              [36m>[39m
                [36m<svg[39m
                  [33maria-hidden[39m=[32m"true"[39m
                  [33mclass[39m=[32m"h-5 w-5 mr-2"[39m
                  [33mdata-slot[39m=[32m"icon"[39m
                  [33mfill[39m=[32m"none"[39m
                  [33mstroke[39m=[32m"currentColor"[39m
                  [33mstroke-width[39m=[32m"1.5"[39m
                  [33mviewBox[39m=[32m"0 0 24 24"[39m
                  [33mxmlns[39m=[32m"http://www.w3.org/2000/svg"[39m
                [36m>[39m
                  [36m<path[39m
                    [33md[39m=[32m"M4.5 12a7.5 7.5 0 0 0 15 0m-15 0a7.5 7.5 0 1 1 15 0m-15 0H3m16.5 0H21m-1.5 0H12m-8.457 3.077 1.41-.513m14.095-5.13 1.41-.513M5.106 17.785l1.15-.964m11.49-9.642 1.149-.964M7.501 19.795l.75-1.3m7.5-12.99.75-1.3m-6.063 16.658.26-1.477m2.605-14.772.26-1.477m0 17.726-.26-1.477M10.698 4.614l-.26-1.477M16.5 19.794l-.75-1.299M7.5 4.205 12 12m6.894 5.785-1.149-.964M6.256 7.178l-1.15-.964m15.352 8.864-1.41-.513M4.954 9.435l-1.41-.514M12.002 12l-3.75 6.495"[39m
                    [33mstroke-linecap[39m=[32m"round"[39m
                    [33mstroke-linejoin[39m=[32m"round"[39m
                  [36m/>[39m
                [36m</svg>[39m
                [0mManage Projects[0m
              [36m</a>[39m
            [36m</div>[39m
          [36m</div>[39m
        [36m</div>[39m
      [36m</div>[39m
    [36m</div>[39m
  [36m</body>[39m
[36m</html>[39m
 ❯ Proxy.waitForWrapper ../../../AIStudio/node_modules/@testing-library/dom/dist/wait-for.js:163:27
 ❯ src/pages/DashboardPage.test.tsx:195:11
    193|     render(<DashboardPage />, { wrapper: createWrapper() });
    194| 
    195|     await waitFor(() => {
       |           ^
    196|       expect(screen.getByText('Project Metrics')).toBeInTheDocument();
    197|     });

⎯⎯⎯⎯⎯⎯⎯⎯⎯⎯⎯⎯⎯⎯⎯⎯⎯⎯⎯⎯⎯[12/141]⎯

 FAIL  src/pages/DashboardPage.test.tsx > DashboardPage - Statistics Display > displays info panel with theme-aware styling
TestingLibraryElementError: Unable to find an element with the text: 📚 Understanding the Views. This could be because the text is broken up by multiple elements. In this case, you can provide a function for your text matcher to make your matcher more flexible.

Ignored nodes: comments, script, style
[36m<body>[39m
  [36m<div>[39m
    [36m<div>[39m
      [36m<h1[39m
        [33mclass[39m=[32m"text-3xl font-bold text-fg mb-6"[39m
      [36m>[39m
        [0mDashboard[0m
      [36m</h1>[39m
      [36m<div[39m
        [33mclass[39m=[32m"bg-card shadow rounded-lg p-6 border border-border"[39m
      [36m>[39m
        [36m<div[39m
          [33mclass[39m=[32m"text-center py-12"[39m
        [36m>[39m
          [36m<svg[39m
            [33maria-hidden[39m=[32m"true"[39m
            [33mclass[39m=[32m"mx-auto h-12 w-12 text-muted"[39m
            [33mdata-slot[39m=[32m"icon"[39m
            [33mfill[39m=[32m"none"[39m
            [33mstroke[39m=[32m"currentColor"[39m
            [33mstroke-width[39m=[32m"1.5"[39m
            [33mviewBox[39m=[32m"0 0 24 24"[39m
            [33mxmlns[39m=[32m"http://www.w3.org/2000/svg"[39m
          [36m>[39m
            [36m<path[39m
              [33md[39m=[32m"M3 13.125C3 12.504 3.504 12 4.125 12h2.25c.621 0 1.125.504 1.125 1.125v6.75C7.5 20.496 6.996 21 6.375 21h-2.25A1.125 1.125 0 0 1 3 19.875v-6.75ZM9.75 8.625c0-.621.504-1.125 1.125-1.125h2.25c.621 0 1.125.504 1.125 1.125v11.25c0 .621-.504 1.125-1.125 1.125h-2.25a1.125 1.125 0 0 1-1.125-1.125V8.625ZM16.5 4.125c0-.621.504-1.125 1.125-1.125h2.25C20.496 3 21 3.504 21 4.125v15.75c0 .621-.504 1.125-1.125 1.125h-2.25a1.125 1.125 0 0 1-1.125-1.125V4.125Z"[39m
              [33mstroke-linecap[39m=[32m"round"[39m
              [33mstroke-linejoin[39m=[32m"round"[39m
            [36m/>[39m
          [36m</svg>[39m
          [36m<h3[39m
            [33mclass[39m=[32m"mt-2 text-lg font-medium text-fg"[39m
          [36m>[39m
            [0mNo Project Selected[0m
          [36m</h3>[39m
          [36m<p[39m
            [33mclass[39m=[32m"mt-1 text-sm text-muted"[39m
          [36m>[39m
            [0mSelect a project from the dropdown above to view dashboard statistics.[0m
          [36m</p>[39m
          [36m<div[39m
            [33mclass[39m=[32m"mt-6"[39m
          [36m>[39m
            [36m<a[39m
              [33mclass[39m=[32m"inline-flex items-center px-4 py-2 border border-transparent shadow-sm text-sm font-medium rounded-md text-white bg-primary-600 hover:bg-primary-700"[39m
              [33mhref[39m=[32m"/projects"[39m
            [36m>[39m
              [36m<svg[39m
                [33maria-hidden[39m=[32m"true"[39m
                [33mclass[39m=[32m"h-5 w-5 mr-2"[39m
                [33mdata-slot[39m=[32m"icon"[39m
                [33mfill[39m=[32m"none"[39m
                [33mstroke[39m=[32m"currentColor"[39m
                [33mstroke-width[39m=[32m"1.5"[39m
                [33mviewBox[39m=[32m"0 0 24 24"[39m
                [33mxmlns[39m=[32m"http://www.w3.org/2000/svg"[39m
              [36m>[39m
                [36m<path[39m
                  [33md[39m=[32m"M4.5 12a7.5 7.5 0 0 0 15 0m-15 0a7.5 7.5 0 1 1 15 0m-15 0H3m16.5 0H21m-1.5 0H12m-8.457 3.077 1.41-.513m14.095-5.13 1.41-.513M5.106 17.785l1.15-.964m11.49-9.642 1.149-.964M7.501 19.795l.75-1.3m7.5-12.99.75-1.3m-6.063 16.658.26-1.477m2.605-14.772.26-1.477m0 17.726-.26-1.477M10.698 4.614l-.26-1.477M16.5 19.794l-.75-1.299M7.5 4.205 12 12m6.894 5.785-1.149-.964M6.256 7.178l-1.15-.964m15.352 8.864-1.41-.513M4.954 9.435l-1.41-.514M12.002 12l-3.75 6.495"[39m
                  [33mstroke-linecap[39m=[32m"round"[39m
                  [33mstroke-linejoin[39m=[32m"round"[39m
                [36m/>[39m
              [36m</svg>[39m
              [0mManage Projects[0m
            [36m</a>[39m
          [36m</div>[39m
        [36m</div>[39m
      [36m</div>[39m
    [36m</div>[39m
  [36m</div>[39m
[36m</body>[39m

Ignored nodes: comments, script, style
[36m<html>[39m
  [36m<head>[39m
    [36m<meta[39m
      [33mcontent[39m=[32m""[39m
      [33mname[39m=[32m"emotion-insertion-point"[39m
    [36m/>[39m
  [36m</head>[39m
  [36m<body>[39m
    [36m<div>[39m
      [36m<div>[39m
        [36m<h1[39m
          [33mclass[39m=[32m"text-3xl font-bold text-fg mb-6"[39m
        [36m>[39m
          [0mDashboard[0m
        [36m</h1>[39m
        [36m<div[39m
          [33mclass[39m=[32m"bg-card shadow rounded-lg p-6 border border-border"[39m
        [36m>[39m
          [36m<div[39m
            [33mclass[39m=[32m"text-center py-12"[39m
          [36m>[39m
            [36m<svg[39m
              [33maria-hidden[39m=[32m"true"[39m
              [33mclass[39m=[32m"mx-auto h-12 w-12 text-muted"[39m
              [33mdata-slot[39m=[32m"icon"[39m
              [33mfill[39m=[32m"none"[39m
              [33mstroke[39m=[32m"currentColor"[39m
              [33mstroke-width[39m=[32m"1.5"[39m
              [33mviewBox[39m=[32m"0 0 24 24"[39m
              [33mxmlns[39m=[32m"http://www.w3.org/2000/svg"[39m
            [36m>[39m
              [36m<path[39m
                [33md[39m=[32m"M3 13.125C3 12.504 3.504 12 4.125 12h2.25c.621 0 1.125.504 1.125 1.125v6.75C7.5 20.496 6.996 21 6.375 21h-2.25A1.125 1.125 0 0 1 3 19.875v-6.75ZM9.75 8.625c0-.621.504-1.125 1.125-1.125h2.25c.621 0 1.125.504 1.125 1.125v11.25c0 .621-.504 1.125-1.125 1.125h-2.25a1.125 1.125 0 0 1-1.125-1.125V8.625ZM16.5 4.125c0-.621.504-1.125 1.125-1.125h2.25C20.496 3 21 3.504 21 4.125v15.75c0 .621-.504 1.125-1.125 1.125h-2.25a1.125 1.125 0 0 1-1.125-1.125V4.125Z"[39m
                [33mstroke-linecap[39m=[32m"round"[39m
                [33mstroke-linejoin[39m=[32m"round"[39m
              [36m/>[39m
            [36m</svg>[39m
            [36m<h3[39m
              [33mclass[39m=[32m"mt-2 text-lg font-medium text-fg"[39m
            [36m>[39m
              [0mNo Project Selected[0m
            [36m</h3>[39m
            [36m<p[39m
              [33mclass[39m=[32m"mt-1 text-sm text-muted"[39m
            [36m>[39m
              [0mSelect a project from the dropdown above to view dashboard statistics.[0m
            [36m</p>[39m
            [36m<div[39m
              [33mclass[39m=[32m"mt-6"[39m
            [36m>[39m
              [36m<a[39m
                [33mclass[39m=[32m"inline-flex items-center px-4 py-2 border border-transparent shadow-sm text-sm font-medium rounded-md text-white bg-primary-600 hover:bg-primary-700"[39m
                [33mhref[39m=[32m"/projects"[39m
              [36m>[39m
                [36m<svg[39m
                  [33maria-hidden[39m=[32m"true"[39m
                  [33mclass[39m=[32m"h-5 w-5 mr-2"[39m
                  [33mdata-slot[39m=[32m"icon"[39m
                  [33mfill[39m=[32m"none"[39m
                  [33mstroke[39m=[32m"currentColor"[39m
                  [33mstroke-width[39m=[32m"1.5"[39m
                  [33mviewBox[39m=[32m"0 0 24 24"[39m
                  [33mxmlns[39m=[32m"http://www.w3.org/2000/svg"[39m
                [36m>[39m
                  [36m<path[39m
                    [33md[39m=[32m"M4.5 12a7.5 7.5 0 0 0 15 0m-15 0a7.5 7.5 0 1 1 15 0m-15 0H3m16.5 0H21m-1.5 0H12m-8.457 3.077 1.41-.513m14.095-5.13 1.41-.513M5.106 17.785l1.15-.964m11.49-9.642 1.149-.964M7.501 19.795l.75-1.3m7.5-12.99.75-1.3m-6.063 16.658.26-1.477m2.605-14.772.26-1.477m0 17.726-.26-1.477M10.698 4.614l-.26-1.477M16.5 19.794l-.75-1.299M7.5 4.205 12 12m6.894 5.785-1.149-.964M6.256 7.178l-1.15-.964m15.352 8.864-1.41-.513M4.954 9.435l-1.41-.514M12.002 12l-3.75 6.495"[39m
                    [33mstroke-linecap[39m=[32m"round"[39m
                    [33mstroke-linejoin[39m=[32m"round"[39m
                  [36m/>[39m
                [36m</svg>[39m
                [0mManage Projects[0m
              [36m</a>[39m
            [36m</div>[39m
          [36m</div>[39m
        [36m</div>[39m
      [36m</div>[39m
    [36m</div>[39m
  [36m</body>[39m
[36m</html>[39m
 ❯ Proxy.waitForWrapper ../../../AIStudio/node_modules/@testing-library/dom/dist/wait-for.js:163:27
 ❯ src/pages/DashboardPage.test.tsx:207:11
    205|     render(<DashboardPage />, { wrapper: createWrapper() });
    206| 
    207|     await waitFor(() => {
       |           ^
    208|       expect(screen.getByText('📚 Understanding the Views')).toBeInTheD…
    209|     });

⎯⎯⎯⎯⎯⎯⎯⎯⎯⎯⎯⎯⎯⎯⎯⎯⎯⎯⎯⎯⎯[13/141]⎯

 FAIL  src/pages/EpicPlanningView.test.tsx > EpicPlanningView > shows message when no project is selected
TestingLibraryElementError: Unable to find an element with the text: No Project Selected. This could be because the text is broken up by multiple elements. In this case, you can provide a function for your text matcher to make your matcher more flexible.

Ignored nodes: comments, script, style
[36m<body>[39m
  [36m<div>[39m
    [36m<div[39m
      [33mclass[39m=[32m"flex flex-col h-full"[39m
    [36m>[39m
      [36m<div[39m
        [33mclass[39m=[32m"bg-card shadow-sm px-6 py-4 border-b border-border"[39m
      [36m>[39m
        [36m<div[39m
          [33mclass[39m=[32m"flex items-center justify-between mb-4"[39m
        [36m>[39m
          [36m<h1[39m
            [33mclass[39m=[32m"text-2xl font-bold text-fg"[39m
          [36m>[39m
            [0mEpic Planning[0m
          [36m</h1>[39m
          [36m<div[39m
            [33mclass[39m=[32m"flex items-center gap-3"[39m
          [36m>[39m
            [36m<div[39m
              [33mclass[39m=[32m"flex items-center bg-bg-secondary rounded-lg p-1"[39m
            [36m>[39m
              [36m<button[39m
                [33mclass[39m=[32m"px-4 py-2 rounded-md text-sm font-medium transition-colors bg-primary-600 dark:bg-primary-700 text-white"[39m
              [36m>[39m
                [0mGrouped by Epics[0m
              [36m</button>[39m
              [36m<button[39m
                [33mclass[39m=[32m"px-4 py-2 rounded-md text-sm font-medium transition-colors text-muted hover:text-fg hover:bg-card"[39m
              [36m>[39m
                [0mFlat View[0m
              [36m</button>[39m
            [36m</div>[39m
            [36m<select[39m
              [33mclass[39m=[32m"px-4 py-2 bg-card border border-border rounded-lg text-sm text-fg focus:outline-none focus:ring-2 focus:ring-primary"[39m
            [36m>[39m
              [36m<option[39m
                [33mvalue[39m=[32m"priority-high"[39m
              [36m>[39m
                [0mPriority: High to Low[0m
              [36m</option>[39m
              [36m<option[39m
                [33mvalue[39m=[32m"priority-low"[39m
              [36m>[39m
                [0mPriority: Low to High[0m
              [36m</option>[39m
              [36m<option[39m
                [33mvalue[39m=[32m"created-new"[39m
              [36m>[39m
                [0mCreated: Newest First[0m
              [36m</option>[39m
              [36m<option[39m
                [33mvalue[39m=[32m"created-old"[39m
              [36m>[39m
                [0mCreated: Oldest First[0m
              [36m</option>[39m
              [36m<option[39m
                [33mvalue[39m=[32m"updated"[39m
              [36m>[39m
                [0mRecently Updated[0m
              [36m</option>[39m
              [36m<option[39m
                [33mvalue[39m=[32m"title-az"[39m
              [36m>[39m
                [0mTitle: A-Z[0m
              [36m</option>[39m
              [36m<option[39m
                [33mvalue[39m=[32m"title-za"[39m
              [36m>[39m
                [0mTitle: Z-A[0m
              [36m</option>[39m
            [36m</select>[39m
            [36m<button[39m
              [33mclass[39m=[32m"px-4 py-2 bg-card border border-border rounded-lg text-sm text-fg font-medium hover:bg-bg-secondary transition-colors"[39m
            [36m>[39m
              [0mShow Completed[0m
            [36m</button>[39m
            [36m<div[39m
              [33mdata-testid[39m=[32m"planning-filters"[39m
            [36m>[39m
              [0mFilters[0m
            [36m</div>[39m
          [36m</div>[39m
        [36m</div>[39m
      [36m</div>[39m
      [36m<div[39m
        [33mclass[39m=[32m"flex-1 overflow-y-auto p-6"[39m
      [36m>[39m
        [36m<div[39m
          [33mclass[39m=[32m"flex items-center justify-center h-full"[39m
        [36m>[39m
          [36m<div[39m
            [33mclass[39m=[32m"text-center"[39m
          [36m>[39m
            [36m<div[39m
              [33mclass[39m=[32m"inline-block w-8 h-8 border-4 border-primary-600 dark:border-primary-500 border-t-transparent rounded-full animate-spin"[39m
            [36m/>[39m
            [36m<p[39m
              [33mclass[39m=[32m"mt-2 text-muted"[39m
            [36m>[39m
              [0mLoading planning data...[0m
            [36m</p>[39m
          [36m</div>[39m
        [36m</div>[39m
      [36m</div>[39m
    [36m</div>[39m
    [36m<div[39m
      [33mid[39m=[32m"DndDescribedBy-5"[39m
      [33mstyle[39m=[32m"display: none;"[39m
    [36m>[39m
      [0m
    To pick up a draggable item, press the space bar.
    While dragging, use the arrow keys to move the item.
    Press space again to drop the item in its new position, or press escape to cancel.
  [0m
    [36m</div>[39m
    [36m<div[39m
      [33maria-atomic[39m=[32m"true"[39m
      [33maria-live[39m=[32m"assertive"[39m
      [33mid[39m=[32m"DndLiveRegion-5"[39m
      [33mrole[39m=[32m"status"[39m
      [33mstyle[39m=[32m"position: fixed; top: 0px; left: 0px; width: 1px; height: 1px; margin: -1px; border: 0px; padding: 0px; overflow: hidden; clip-path: inset(100%); white-space: nowrap;"[39m
    [36m/>[39m
  [36m</div>[39m
[36m</body>[39m
 ❯ Object.getElementError ../../../AIStudio/node_modules/@testing-library/dom/dist/config.js:37:19
 ❯ ../../../AIStudio/node_modules/@testing-library/dom/dist/query-helpers.js:76:38
 ❯ ../../../AIStudio/node_modules/@testing-library/dom/dist/query-helpers.js:52:17
 ❯ ../../../AIStudio/node_modules/@testing-library/dom/dist/query-helpers.js:95:19
 ❯ src/pages/EpicPlanningView.test.tsx:151:19
    149|     window.history.pushState({}, '', '/epic-planning');
    150|     render(<EpicPlanningView />, { wrapper: createWrapper() });
    151|     expect(screen.getByText('No Project Selected')).toBeInTheDocument(…
       |                   ^
    152|   });
    153| });

⎯⎯⎯⎯⎯⎯⎯⎯⎯⎯⎯⎯⎯⎯⎯⎯⎯⎯⎯⎯⎯[14/141]⎯

 FAIL  src/pages/EpicPlanningView.test.tsx > EpicPlanningView - Show/Hide Completed Items > displays a global toggle button to show/hide completed items
TestingLibraryElementError: Unable to find an accessible element with the role "button" and name `/hide completed/i`

Here are the accessible roles:

  heading:

  Name "Epic Planning":
  [36m<h1[39m
    [33mclass[39m=[32m"text-2xl font-bold text-fg"[39m
  [36m/>[39m

  --------------------------------------------------
  button:

  Name "Grouped by Epics":
  [36m<button[39m
    [33mclass[39m=[32m"px-4 py-2 rounded-md text-sm font-medium transition-colors bg-primary-600 dark:bg-primary-700 text-white"[39m
  [36m/>[39m

  Name "Flat View":
  [36m<button[39m
    [33mclass[39m=[32m"px-4 py-2 rounded-md text-sm font-medium transition-colors text-muted hover:text-fg hover:bg-card"[39m
  [36m/>[39m

  Name "Show Completed":
  [36m<button[39m
    [33mclass[39m=[32m"px-4 py-2 bg-card border border-border rounded-lg text-sm text-fg font-medium hover:bg-bg-secondary transition-colors"[39m
  [36m/>[39m

  --------------------------------------------------
  combobox:

  Name "":
  [36m<select[39m
    [33mclass[39m=[32m"px-4 py-2 bg-card border border-border rounded-lg text-sm text-fg focus:outline-none focus:ring-2 focus:ring-primary"[39m
  [36m/>[39m

  --------------------------------------------------
  option:

  Name "Priority: High to Low":
  [36m<option[39m
    [33mvalue[39m=[32m"priority-high"[39m
  [36m/>[39m

  Name "Priority: Low to High":
  [36m<option[39m
    [33mvalue[39m=[32m"priority-low"[39m
  [36m/>[39m

  Name "Created: Newest First":
  [36m<option[39m
    [33mvalue[39m=[32m"created-new"[39m
  [36m/>[39m

  Name "Created: Oldest First":
  [36m<option[39m
    [33mvalue[39m=[32m"created-old"[39m
  [36m/>[39m

  Name "Recently Updated":
  [36m<option[39m
    [33mvalue[39m=[32m"updated"[39m
  [36m/>[39m

  Name "Title: A-Z":
  [36m<option[39m
    [33mvalue[39m=[32m"title-az"[39m
  [36m/>[39m

  Name "Title: Z-A":
  [36m<option[39m
    [33mvalue[39m=[32m"title-za"[39m
  [36m/>[39m

  --------------------------------------------------
  status:

  Name "":
  [36m<div[39m
    [33maria-atomic[39m=[32m"true"[39m
    [33maria-live[39m=[32m"assertive"[39m
    [33mid[39m=[32m"DndLiveRegion-6"[39m
    [33mrole[39m=[32m"status"[39m
    [33mstyle[39m=[32m"position: fixed; top: 0px; left: 0px; width: 1px; height: 1px; margin: -1px; border: 0px; padding: 0px; overflow: hidden; clip-path: inset(100%); white-space: nowrap;"[39m
  [36m/>[39m

  --------------------------------------------------

Ignored nodes: comments, script, style
[36m<body>[39m
  [36m<div>[39m
    [36m<div[39m
      [33mclass[39m=[32m"flex flex-col h-full"[39m
    [36m>[39m
      [36m<div[39m
        [33mclass[39m=[32m"bg-card shadow-sm px-6 py-4 border-b border-border"[39m
      [36m>[39m
        [36m<div[39m
          [33mclass[39m=[32m"flex items-center justify-between mb-4"[39m
        [36m>[39m
          [36m<h1[39m
            [33mclass[39m=[32m"text-2xl font-bold text-fg"[39m
          [36m>[39m
            [0mEpic Planning[0m
          [36m</h1>[39m
          [36m<div[39m
            [33mclass[39m=[32m"flex items-center gap-3"[39m
          [36m>[39m
            [36m<div[39m
              [33mclass[39m=[32m"flex items-center bg-bg-secondary rounded-lg p-1"[39m
            [36m>[39m
              [36m<button[39m
                [33mclass[39m=[32m"px-4 py-2 rounded-md text-sm font-medium transition-colors bg-primary-600 dark:bg-primary-700 text-white"[39m
              [36m>[39m
                [0mGrouped by Epics[0m
              [36m</button>[39m
              [36m<button[39m
                [33mclass[39m=[32m"px-4 py-2 rounded-md text-sm font-medium transition-colors text-muted hover:text-fg hover:bg-card"[39m
              [36m>[39m
                [0mFlat View[0m
              [36m</button>[39m
            [36m</div>[39m
            [36m<select[39m
              [33mclass[39m=[32m"px-4 py-2 bg-card border border-border rounded-lg text-sm text-fg focus:outline-none focus:ring-2 focus:ring-primary"[39m
            [36m>[39m
              [36m<option[39m
                [33mvalue[39m=[32m"priority-high"[39m
              [36m>[39m
                [0mPriority: High to Low[0m
              [36m</option>[39m
              [36m<option[39m
                [33mvalue[39m=[32m"priority-low"[39m
              [36m>[39m
                [0mPriority: Low to High[0m
              [36m</option>[39m
              [36m<option[39m
                [33mvalue[39m=[32m"created-new"[39m
              [36m>[39m
                [0mCreated: Newest First[0m
              [36m</option>[39m
              [36m<option[39m
                [33mvalue[39m=[32m"created-old"[39m
              [36m>[39m
                [0mCreated: Oldest First[0m
              [36m</option>[39m
              [36m<option[39m
                [33mvalue[39m=[32m"updated"[39m
              [36m>[39m
                [0mRecently Updated[0m
              [36m</option>[39m
              [36m<option[39m
                [33mvalue[39m=[32m"title-az"[39m
              [36m>[39m
                [0mTitle: A-Z[0m
              [36m</option>[39m
              [36m<option[39m
                [33mvalue[39m=[32m"title-za"[39m
              [36m>[39m
                [0mTitle: Z-A[0m
              [36m</option>[39m
            [36m</select>[39m
            [36m<button[39m
              [33mclass[39m=[32m"px-4 py-2 bg-card border border-border rounded-lg text-sm text-fg font-medium hover:bg-bg-secondary transition-colors"[39m
            [36m>[39m
              [0mShow Completed[0m
            [36m</button>[39m
            [36m<div[39m
              [33mdata-testid[39m=[32m"planning-filters"[39m
            [36m>[39m
              [0mFilters[0m
            [36m</div>[39m
          [36m</div>[39m
        [36m</div>[39m
      [36m</div>[39m
      [36m<div[39m
        [33mclass[39m=[32m"flex-1 overflow-y-auto p-6"[39m
      [36m>[39m
        [36m<div[39m
          [33mclass[39m=[32m"space-y-6"[39m
        [36m>[39m
          [36m<div[39m
            [33mdata-testid[39m=[32m"epic-group"[39m
          [36m>[39m
            [0mEpic 1[0m
          [36m</div>[39m
          [36m<div[39m
            [33mdata-testid[39m=[32m"epic-group"[39m
          [36m>[39m
            [0mEpic 2[0m
          [36m</div>[39m
        [36m</div>[39m
      [36m</div>[39m
    [36m</div>[39m
    [36m<div[39m
      [33mid[39m=[32m"DndDescribedBy-6"[39m
      [33mstyle[39m=[32m"display: none;"[39m
    [36m>[39m
      [0m
    To pick up a draggable item, press the space bar.
    While dragging, use the arrow keys to move the item.
    Press space again to drop the item in its new position, or press escape to cancel.
  [0m
    [36m</div>[39m
    [36m<div[39m
      [33maria-atomic[39m=[32m"true"[39m
      [33maria-live[39m=[32m"assertive"[39m
      [33mid[39m=[32m"DndLiveRegion-6"[39m
      [33mrole[39m=[32m"status"[39m
      [33mstyle[39m=[32m"position: fixed; top: 0px; left: 0px; width: 1px; height: 1px; margin: -1px; border: 0px; padding: 0px; overflow: hidden; clip-path: inset(100%); white-space: nowrap;"[39m
    [36m/>[39m
  [36m</div>[39m
[36m</body>[39m
 ❯ Object.getElementError ../../../AIStudio/node_modules/@testing-library/dom/dist/config.js:37:19
 ❯ ../../../AIStudio/node_modules/@testing-library/dom/dist/query-helpers.js:76:38
 ❯ ../../../AIStudio/node_modules/@testing-library/dom/dist/query-helpers.js:52:17
 ❯ ../../../AIStudio/node_modules/@testing-library/dom/dist/query-helpers.js:95:19
 ❯ src/pages/EpicPlanningView.test.tsx:164:33
    162| 
    163|     // Should have a button to toggle completed items
    164|     const toggleButton = screen.getByRole('button', { name: /hide comp…
       |                                 ^
    165|     expect(toggleButton).toBeInTheDocument();
    166|   });

⎯⎯⎯⎯⎯⎯⎯⎯⎯⎯⎯⎯⎯⎯⎯⎯⎯⎯⎯⎯⎯[15/141]⎯

 FAIL  src/pages/EpicPlanningView.test.tsx > EpicPlanningView - Show/Hide Completed Items > hides completed items by default
TestingLibraryElementError: Unable to find an element with the text: Story 2. This could be because the text is broken up by multiple elements. In this case, you can provide a function for your text matcher to make your matcher more flexible.

Ignored nodes: comments, script, style
[36m<body>[39m
  [36m<div>[39m
    [36m<div[39m
      [33mclass[39m=[32m"flex flex-col h-full"[39m
    [36m>[39m
      [36m<div[39m
        [33mclass[39m=[32m"bg-card shadow-sm px-6 py-4 border-b border-border"[39m
      [36m>[39m
        [36m<div[39m
          [33mclass[39m=[32m"flex items-center justify-between mb-4"[39m
        [36m>[39m
          [36m<h1[39m
            [33mclass[39m=[32m"text-2xl font-bold text-fg"[39m
          [36m>[39m
            [0mEpic Planning[0m
          [36m</h1>[39m
          [36m<div[39m
            [33mclass[39m=[32m"flex items-center gap-3"[39m
          [36m>[39m
            [36m<div[39m
              [33mclass[39m=[32m"flex items-center bg-bg-secondary rounded-lg p-1"[39m
            [36m>[39m
              [36m<button[39m
                [33mclass[39m=[32m"px-4 py-2 rounded-md text-sm font-medium transition-colors bg-primary-600 dark:bg-primary-700 text-white"[39m
              [36m>[39m
                [0mGrouped by Epics[0m
              [36m</button>[39m
              [36m<button[39m
                [33mclass[39m=[32m"px-4 py-2 rounded-md text-sm font-medium transition-colors text-muted hover:text-fg hover:bg-card"[39m
              [36m>[39m
                [0mFlat View[0m
              [36m</button>[39m
            [36m</div>[39m
            [36m<select[39m
              [33mclass[39m=[32m"px-4 py-2 bg-card border border-border rounded-lg text-sm text-fg focus:outline-none focus:ring-2 focus:ring-primary"[39m
            [36m>[39m
              [36m<option[39m
                [33mvalue[39m=[32m"priority-high"[39m
              [36m>[39m
                [0mPriority: High to Low[0m
              [36m</option>[39m
              [36m<option[39m
                [33mvalue[39m=[32m"priority-low"[39m
              [36m>[39m
                [0mPriority: Low to High[0m
              [36m</option>[39m
              [36m<option[39m
                [33mvalue[39m=[32m"created-new"[39m
              [36m>[39m
                [0mCreated: Newest First[0m
              [36m</option>[39m
              [36m<option[39m
                [33mvalue[39m=[32m"created-old"[39m
              [36m>[39m
                [0mCreated: Oldest First[0m
              [36m</option>[39m
              [36m<option[39m
                [33mvalue[39m=[32m"updated"[39m
              [36m>[39m
                [0mRecently Updated[0m
              [36m</option>[39m
              [36m<option[39m
                [33mvalue[39m=[32m"title-az"[39m
              [36m>[39m
                [0mTitle: A-Z[0m
              [36m</option>[39m
              [36m<option[39m
                [33mvalue[39m=[32m"title-za"[39m
              [36m>[39m
                [0mTitle: Z-A[0m
              [36m</option>[39m
            [36m</select>[39m
            [36m<button[39m
              [33mclass[39m=[32m"px-4 py-2 bg-card border border-border rounded-lg text-sm text-fg font-medium hover:bg-bg-secondary transition-colors"[39m
            [36m>[39m
              [0mShow Completed[0m
            [36m</button>[39m
            [36m<div[39m
              [33mdata-testid[39m=[32m"planning-filters"[39m
            [36m>[39m
              [0mFilters[0m
            [36m</div>[39m
          [36m</div>[39m
        [36m</div>[39m
      [36m</div>[39m
      [36m<div[39m
        [33mclass[39m=[32m"flex-1 overflow-y-auto p-6"[39m
      [36m>[39m
        [36m<div[39m
          [33mclass[39m=[32m"space-y-6"[39m
        [36m>[39m
          [36m<div[39m
            [33mdata-testid[39m=[32m"epic-group"[39m
          [36m>[39m
            [0mEpic 1[0m
          [36m</div>[39m
          [36m<div[39m
            [33mdata-testid[39m=[32m"epic-group"[39m
          [36m>[39m
            [0mEpic 2[0m
          [36m</div>[39m
        [36m</div>[39m
      [36m</div>[39m
    [36m</div>[39m
    [36m<div[39m
      [33mid[39m=[32m"DndDescribedBy-7"[39m
      [33mstyle[39m=[32m"display: none;"[39m
    [36m>[39m
      [0m
    To pick up a draggable item, press the space bar.
    While dragging, use the arrow keys to move the item.
    Press space again to drop the item in its new position, or press escape to cancel.
  [0m
    [36m</div>[39m
    [36m<div[39m
      [33maria-atomic[39m=[32m"true"[39m
      [33maria-live[39m=[32m"assertive"[39m
      [33mid[39m=[32m"DndLiveRegion-7"[39m
      [33mrole[39m=[32m"status"[39m
      [33mstyle[39m=[32m"position: fixed; top: 0px; left: 0px; width: 1px; height: 1px; margin: -1px; border: 0px; padding: 0px; overflow: hidden; clip-path: inset(100%); white-space: nowrap;"[39m
    [36m/>[39m
  [36m</div>[39m
[36m</body>[39m
 ❯ Object.getElementError ../../../AIStudio/node_modules/@testing-library/dom/dist/config.js:37:19
 ❯ ../../../AIStudio/node_modules/@testing-library/dom/dist/query-helpers.js:76:38
 ❯ ../../../AIStudio/node_modules/@testing-library/dom/dist/query-helpers.js:52:17
 ❯ ../../../AIStudio/node_modules/@testing-library/dom/dist/query-helpers.js:95:19
 ❯ src/pages/EpicPlanningView.test.tsx:179:19
    177|     // We should only see the non-done stories
    178|     expect(screen.queryByText('Story 1')).not.toBeInTheDocument(); // …
    179|     expect(screen.getByText('Story 2')).toBeInTheDocument(); // not do…
       |                   ^
    180|   });
    181| 

⎯⎯⎯⎯⎯⎯⎯⎯⎯⎯⎯⎯⎯⎯⎯⎯⎯⎯⎯⎯⎯[16/141]⎯

 FAIL  src/pages/EpicPlanningView.test.tsx > EpicPlanningView - Show/Hide Completed Items > shows completed items when toggle is clicked
TestingLibraryElementError: Unable to find an accessible element with the role "button" and name `/hide completed/i`

Here are the accessible roles:

  heading:

  Name "Epic Planning":
  [36m<h1[39m
    [33mclass[39m=[32m"text-2xl font-bold text-fg"[39m
  [36m/>[39m

  --------------------------------------------------
  button:

  Name "Grouped by Epics":
  [36m<button[39m
    [33mclass[39m=[32m"px-4 py-2 rounded-md text-sm font-medium transition-colors bg-primary-600 dark:bg-primary-700 text-white"[39m
  [36m/>[39m

  Name "Flat View":
  [36m<button[39m
    [33mclass[39m=[32m"px-4 py-2 rounded-md text-sm font-medium transition-colors text-muted hover:text-fg hover:bg-card"[39m
  [36m/>[39m

  Name "Show Completed":
  [36m<button[39m
    [33mclass[39m=[32m"px-4 py-2 bg-card border border-border rounded-lg text-sm text-fg font-medium hover:bg-bg-secondary transition-colors"[39m
  [36m/>[39m

  --------------------------------------------------
  combobox:

  Name "":
  [36m<select[39m
    [33mclass[39m=[32m"px-4 py-2 bg-card border border-border rounded-lg text-sm text-fg focus:outline-none focus:ring-2 focus:ring-primary"[39m
  [36m/>[39m

  --------------------------------------------------
  option:

  Name "Priority: High to Low":
  [36m<option[39m
    [33mvalue[39m=[32m"priority-high"[39m
  [36m/>[39m

  Name "Priority: Low to High":
  [36m<option[39m
    [33mvalue[39m=[32m"priority-low"[39m
  [36m/>[39m

  Name "Created: Newest First":
  [36m<option[39m
    [33mvalue[39m=[32m"created-new"[39m
  [36m/>[39m

  Name "Created: Oldest First":
  [36m<option[39m
    [33mvalue[39m=[32m"created-old"[39m
  [36m/>[39m

  Name "Recently Updated":
  [36m<option[39m
    [33mvalue[39m=[32m"updated"[39m
  [36m/>[39m

  Name "Title: A-Z":
  [36m<option[39m
    [33mvalue[39m=[32m"title-az"[39m
  [36m/>[39m

  Name "Title: Z-A":
  [36m<option[39m
    [33mvalue[39m=[32m"title-za"[39m
  [36m/>[39m

  --------------------------------------------------
  status:

  Name "":
  [36m<div[39m
    [33maria-atomic[39m=[32m"true"[39m
    [33maria-live[39m=[32m"assertive"[39m
    [33mid[39m=[32m"DndLiveRegion-8"[39m
    [33mrole[39m=[32m"status"[39m
    [33mstyle[39m=[32m"position: fixed; top: 0px; left: 0px; width: 1px; height: 1px; margin: -1px; border: 0px; padding: 0px; overflow: hidden; clip-path: inset(100%); white-space: nowrap;"[39m
  [36m/>[39m

  --------------------------------------------------

Ignored nodes: comments, script, style
[36m<body>[39m
  [36m<div>[39m
    [36m<div[39m
      [33mclass[39m=[32m"flex flex-col h-full"[39m
    [36m>[39m
      [36m<div[39m
        [33mclass[39m=[32m"bg-card shadow-sm px-6 py-4 border-b border-border"[39m
      [36m>[39m
        [36m<div[39m
          [33mclass[39m=[32m"flex items-center justify-between mb-4"[39m
        [36m>[39m
          [36m<h1[39m
            [33mclass[39m=[32m"text-2xl font-bold text-fg"[39m
          [36m>[39m
            [0mEpic Planning[0m
          [36m</h1>[39m
          [36m<div[39m
            [33mclass[39m=[32m"flex items-center gap-3"[39m
          [36m>[39m
            [36m<div[39m
              [33mclass[39m=[32m"flex items-center bg-bg-secondary rounded-lg p-1"[39m
            [36m>[39m
              [36m<button[39m
                [33mclass[39m=[32m"px-4 py-2 rounded-md text-sm font-medium transition-colors bg-primary-600 dark:bg-primary-700 text-white"[39m
              [36m>[39m
                [0mGrouped by Epics[0m
              [36m</button>[39m
              [36m<button[39m
                [33mclass[39m=[32m"px-4 py-2 rounded-md text-sm font-medium transition-colors text-muted hover:text-fg hover:bg-card"[39m
              [36m>[39m
                [0mFlat View[0m
              [36m</button>[39m
            [36m</div>[39m
            [36m<select[39m
              [33mclass[39m=[32m"px-4 py-2 bg-card border border-border rounded-lg text-sm text-fg focus:outline-none focus:ring-2 focus:ring-primary"[39m
            [36m>[39m
              [36m<option[39m
                [33mvalue[39m=[32m"priority-high"[39m
              [36m>[39m
                [0mPriority: High to Low[0m
              [36m</option>[39m
              [36m<option[39m
                [33mvalue[39m=[32m"priority-low"[39m
              [36m>[39m
                [0mPriority: Low to High[0m
              [36m</option>[39m
              [36m<option[39m
                [33mvalue[39m=[32m"created-new"[39m
              [36m>[39m
                [0mCreated: Newest First[0m
              [36m</option>[39m
              [36m<option[39m
                [33mvalue[39m=[32m"created-old"[39m
              [36m>[39m
                [0mCreated: Oldest First[0m
              [36m</option>[39m
              [36m<option[39m
                [33mvalue[39m=[32m"updated"[39m
              [36m>[39m
                [0mRecently Updated[0m
              [36m</option>[39m
              [36m<option[39m
                [33mvalue[39m=[32m"title-az"[39m
              [36m>[39m
                [0mTitle: A-Z[0m
              [36m</option>[39m
              [36m<option[39m
                [33mvalue[39m=[32m"title-za"[39m
              [36m>[39m
                [0mTitle: Z-A[0m
              [36m</option>[39m
            [36m</select>[39m
            [36m<button[39m
              [33mclass[39m=[32m"px-4 py-2 bg-card border border-border rounded-lg text-sm text-fg font-medium hover:bg-bg-secondary transition-colors"[39m
            [36m>[39m
              [0mShow Completed[0m
            [36m</button>[39m
            [36m<div[39m
              [33mdata-testid[39m=[32m"planning-filters"[39m
            [36m>[39m
              [0mFilters[0m
            [36m</div>[39m
          [36m</div>[39m
        [36m</div>[39m
      [36m</div>[39m
      [36m<div[39m
        [33mclass[39m=[32m"flex-1 overflow-y-auto p-6"[39m
      [36m>[39m
        [36m<div[39m
          [33mclass[39m=[32m"space-y-6"[39m
        [36m>[39m
          [36m<div[39m
            [33mdata-testid[39m=[32m"epic-group"[39m
          [36m>[39m
            [0mEpic 1[0m
          [36m</div>[39m
          [36m<div[39m
            [33mdata-testid[39m=[32m"epic-group"[39m
          [36m>[39m
            [0mEpic 2[0m
          [36m</div>[39m
        [36m</div>[39m
      [36m</div>[39m
    [36m</div>[39m
    [36m<div[39m
      [33mid[39m=[32m"DndDescribedBy-8"[39m
      [33mstyle[39m=[32m"display: none;"[39m
    [36m>[39m
      [0m
    To pick up a draggable item, press the space bar.
    While dragging, use the arrow keys to move the item.
    Press space again to drop the item in its new position, or press escape to cancel.
  [0m
    [36m</div>[39m
    [36m<div[39m
      [33maria-atomic[39m=[32m"true"[39m
      [33maria-live[39m=[32m"assertive"[39m
      [33mid[39m=[32m"DndLiveRegion-8"[39m
      [33mrole[39m=[32m"status"[39m
      [33mstyle[39m=[32m"position: fixed; top: 0px; left: 0px; width: 1px; height: 1px; margin: -1px; border: 0px; padding: 0px; overflow: hidden; clip-path: inset(100%); white-space: nowrap;"[39m
    [36m/>[39m
  [36m</div>[39m
[36m</body>[39m
 ❯ Object.getElementError ../../../AIStudio/node_modules/@testing-library/dom/dist/config.js:37:19
 ❯ ../../../AIStudio/node_modules/@testing-library/dom/dist/query-helpers.js:76:38
 ❯ ../../../AIStudio/node_modules/@testing-library/dom/dist/query-helpers.js:52:17
 ❯ ../../../AIStudio/node_modules/@testing-library/dom/dist/query-helpers.js:95:19
 ❯ src/pages/EpicPlanningView.test.tsx:194:33
    192| 
    193|     // Click the toggle button
    194|     const toggleButton = screen.getByRole('button', { name: /hide comp…
       |                                 ^
    195|     await user.click(toggleButton);
    196| 

⎯⎯⎯⎯⎯⎯⎯⎯⎯⎯⎯⎯⎯⎯⎯⎯⎯⎯⎯⎯⎯[17/141]⎯

 FAIL  src/pages/EpicPlanningView.test.tsx > EpicPlanningView - Show/Hide Completed Items > persists toggle state in sessionStorage
TestingLibraryElementError: Unable to find an accessible element with the role "button" and name `/hide completed/i`

Here are the accessible roles:

  heading:

  Name "Epic Planning":
  [36m<h1[39m
    [33mclass[39m=[32m"text-2xl font-bold text-fg"[39m
  [36m/>[39m

  --------------------------------------------------
  button:

  Name "Grouped by Epics":
  [36m<button[39m
    [33mclass[39m=[32m"px-4 py-2 rounded-md text-sm font-medium transition-colors bg-primary-600 dark:bg-primary-700 text-white"[39m
  [36m/>[39m

  Name "Flat View":
  [36m<button[39m
    [33mclass[39m=[32m"px-4 py-2 rounded-md text-sm font-medium transition-colors text-muted hover:text-fg hover:bg-card"[39m
  [36m/>[39m

  Name "Show Completed":
  [36m<button[39m
    [33mclass[39m=[32m"px-4 py-2 bg-card border border-border rounded-lg text-sm text-fg font-medium hover:bg-bg-secondary transition-colors"[39m
  [36m/>[39m

  --------------------------------------------------
  combobox:

  Name "":
  [36m<select[39m
    [33mclass[39m=[32m"px-4 py-2 bg-card border border-border rounded-lg text-sm text-fg focus:outline-none focus:ring-2 focus:ring-primary"[39m
  [36m/>[39m

  --------------------------------------------------
  option:

  Name "Priority: High to Low":
  [36m<option[39m
    [33mvalue[39m=[32m"priority-high"[39m
  [36m/>[39m

  Name "Priority: Low to High":
  [36m<option[39m
    [33mvalue[39m=[32m"priority-low"[39m
  [36m/>[39m

  Name "Created: Newest First":
  [36m<option[39m
    [33mvalue[39m=[32m"created-new"[39m
  [36m/>[39m

  Name "Created: Oldest First":
  [36m<option[39m
    [33mvalue[39m=[32m"created-old"[39m
  [36m/>[39m

  Name "Recently Updated":
  [36m<option[39m
    [33mvalue[39m=[32m"updated"[39m
  [36m/>[39m

  Name "Title: A-Z":
  [36m<option[39m
    [33mvalue[39m=[32m"title-az"[39m
  [36m/>[39m

  Name "Title: Z-A":
  [36m<option[39m
    [33mvalue[39m=[32m"title-za"[39m
  [36m/>[39m

  --------------------------------------------------
  status:

  Name "":
  [36m<div[39m
    [33maria-atomic[39m=[32m"true"[39m
    [33maria-live[39m=[32m"assertive"[39m
    [33mid[39m=[32m"DndLiveRegion-9"[39m
    [33mrole[39m=[32m"status"[39m
    [33mstyle[39m=[32m"position: fixed; top: 0px; left: 0px; width: 1px; height: 1px; margin: -1px; border: 0px; padding: 0px; overflow: hidden; clip-path: inset(100%); white-space: nowrap;"[39m
  [36m/>[39m

  --------------------------------------------------

Ignored nodes: comments, script, style
[36m<body>[39m
  [36m<div>[39m
    [36m<div[39m
      [33mclass[39m=[32m"flex flex-col h-full"[39m
    [36m>[39m
      [36m<div[39m
        [33mclass[39m=[32m"bg-card shadow-sm px-6 py-4 border-b border-border"[39m
      [36m>[39m
        [36m<div[39m
          [33mclass[39m=[32m"flex items-center justify-between mb-4"[39m
        [36m>[39m
          [36m<h1[39m
            [33mclass[39m=[32m"text-2xl font-bold text-fg"[39m
          [36m>[39m
            [0mEpic Planning[0m
          [36m</h1>[39m
          [36m<div[39m
            [33mclass[39m=[32m"flex items-center gap-3"[39m
          [36m>[39m
            [36m<div[39m
              [33mclass[39m=[32m"flex items-center bg-bg-secondary rounded-lg p-1"[39m
            [36m>[39m
              [36m<button[39m
                [33mclass[39m=[32m"px-4 py-2 rounded-md text-sm font-medium transition-colors bg-primary-600 dark:bg-primary-700 text-white"[39m
              [36m>[39m
                [0mGrouped by Epics[0m
              [36m</button>[39m
              [36m<button[39m
                [33mclass[39m=[32m"px-4 py-2 rounded-md text-sm font-medium transition-colors text-muted hover:text-fg hover:bg-card"[39m
              [36m>[39m
                [0mFlat View[0m
              [36m</button>[39m
            [36m</div>[39m
            [36m<select[39m
              [33mclass[39m=[32m"px-4 py-2 bg-card border border-border rounded-lg text-sm text-fg focus:outline-none focus:ring-2 focus:ring-primary"[39m
            [36m>[39m
              [36m<option[39m
                [33mvalue[39m=[32m"priority-high"[39m
              [36m>[39m
                [0mPriority: High to Low[0m
              [36m</option>[39m
              [36m<option[39m
                [33mvalue[39m=[32m"priority-low"[39m
              [36m>[39m
                [0mPriority: Low to High[0m
              [36m</option>[39m
              [36m<option[39m
                [33mvalue[39m=[32m"created-new"[39m
              [36m>[39m
                [0mCreated: Newest First[0m
              [36m</option>[39m
              [36m<option[39m
                [33mvalue[39m=[32m"created-old"[39m
              [36m>[39m
                [0mCreated: Oldest First[0m
              [36m</option>[39m
              [36m<option[39m
                [33mvalue[39m=[32m"updated"[39m
              [36m>[39m
                [0mRecently Updated[0m
              [36m</option>[39m
              [36m<option[39m
                [33mvalue[39m=[32m"title-az"[39m
              [36m>[39m
                [0mTitle: A-Z[0m
              [36m</option>[39m
              [36m<option[39m
                [33mvalue[39m=[32m"title-za"[39m
              [36m>[39m
                [0mTitle: Z-A[0m
              [36m</option>[39m
            [36m</select>[39m
            [36m<button[39m
              [33mclass[39m=[32m"px-4 py-2 bg-card border border-border rounded-lg text-sm text-fg font-medium hover:bg-bg-secondary transition-colors"[39m
            [36m>[39m
              [0mShow Completed[0m
            [36m</button>[39m
            [36m<div[39m
              [33mdata-testid[39m=[32m"planning-filters"[39m
            [36m>[39m
              [0mFilters[0m
            [36m</div>[39m
          [36m</div>[39m
        [36m</div>[39m
      [36m</div>[39m
      [36m<div[39m
        [33mclass[39m=[32m"flex-1 overflow-y-auto p-6"[39m
      [36m>[39m
        [36m<div[39m
          [33mclass[39m=[32m"space-y-6"[39m
        [36m>[39m
          [36m<div[39m
            [33mdata-testid[39m=[32m"epic-group"[39m
          [36m>[39m
            [0mEpic 1[0m
          [36m</div>[39m
          [36m<div[39m
            [33mdata-testid[39m=[32m"epic-group"[39m
          [36m>[39m
            [0mEpic 2[0m
          [36m</div>[39m
        [36m</div>[39m
      [36m</div>[39m
    [36m</div>[39m
    [36m<div[39m
      [33mid[39m=[32m"DndDescribedBy-9"[39m
      [33mstyle[39m=[32m"display: none;"[39m
    [36m>[39m
      [0m
    To pick up a draggable item, press the space bar.
    While dragging, use the arrow keys to move the item.
    Press space again to drop the item in its new position, or press escape to cancel.
  [0m
    [36m</div>[39m
    [36m<div[39m
      [33maria-atomic[39m=[32m"true"[39m
      [33maria-live[39m=[32m"assertive"[39m
      [33mid[39m=[32m"DndLiveRegion-9"[39m
      [33mrole[39m=[32m"status"[39m
      [33mstyle[39m=[32m"position: fixed; top: 0px; left: 0px; width: 1px; height: 1px; margin: -1px; border: 0px; padding: 0px; overflow: hidden; clip-path: inset(100%); white-space: nowrap;"[39m
    [36m/>[39m
  [36m</div>[39m
[36m</body>[39m
 ❯ Object.getElementError ../../../AIStudio/node_modules/@testing-library/dom/dist/config.js:37:19
 ❯ ../../../AIStudio/node_modules/@testing-library/dom/dist/query-helpers.js:76:38
 ❯ ../../../AIStudio/node_modules/@testing-library/dom/dist/query-helpers.js:52:17
 ❯ ../../../AIStudio/node_modules/@testing-library/dom/dist/query-helpers.js:95:19
 ❯ src/pages/EpicPlanningView.test.tsx:215:33
    213| 
    214|     // Click the toggle button to show completed items
    215|     const toggleButton = screen.getByRole('button', { name: /hide comp…
       |                                 ^
    216|     await user.click(toggleButton);
    217| 

⎯⎯⎯⎯⎯⎯⎯⎯⎯⎯⎯⎯⎯⎯⎯⎯⎯⎯⎯⎯⎯[18/141]⎯

 FAIL  src/pages/EpicPlanningView.test.tsx > EpicPlanningView - Show/Hide Completed Items > marks completed items with "Done" badge when visible
TestingLibraryElementError: Unable to find an accessible element with the role "button" and name `/hide completed/i`

Here are the accessible roles:

  heading:

  Name "Epic Planning":
  [36m<h1[39m
    [33mclass[39m=[32m"text-2xl font-bold text-fg"[39m
  [36m/>[39m

  --------------------------------------------------
  button:

  Name "Grouped by Epics":
  [36m<button[39m
    [33mclass[39m=[32m"px-4 py-2 rounded-md text-sm font-medium transition-colors bg-primary-600 dark:bg-primary-700 text-white"[39m
  [36m/>[39m

  Name "Flat View":
  [36m<button[39m
    [33mclass[39m=[32m"px-4 py-2 rounded-md text-sm font-medium transition-colors text-muted hover:text-fg hover:bg-card"[39m
  [36m/>[39m

  Name "Show Completed":
  [36m<button[39m
    [33mclass[39m=[32m"px-4 py-2 bg-card border border-border rounded-lg text-sm text-fg font-medium hover:bg-bg-secondary transition-colors"[39m
  [36m/>[39m

  --------------------------------------------------
  combobox:

  Name "":
  [36m<select[39m
    [33mclass[39m=[32m"px-4 py-2 bg-card border border-border rounded-lg text-sm text-fg focus:outline-none focus:ring-2 focus:ring-primary"[39m
  [36m/>[39m

  --------------------------------------------------
  option:

  Name "Priority: High to Low":
  [36m<option[39m
    [33mvalue[39m=[32m"priority-high"[39m
  [36m/>[39m

  Name "Priority: Low to High":
  [36m<option[39m
    [33mvalue[39m=[32m"priority-low"[39m
  [36m/>[39m

  Name "Created: Newest First":
  [36m<option[39m
    [33mvalue[39m=[32m"created-new"[39m
  [36m/>[39m

  Name "Created: Oldest First":
  [36m<option[39m
    [33mvalue[39m=[32m"created-old"[39m
  [36m/>[39m

  Name "Recently Updated":
  [36m<option[39m
    [33mvalue[39m=[32m"updated"[39m
  [36m/>[39m

  Name "Title: A-Z":
  [36m<option[39m
    [33mvalue[39m=[32m"title-az"[39m
  [36m/>[39m

  Name "Title: Z-A":
  [36m<option[39m
    [33mvalue[39m=[32m"title-za"[39m
  [36m/>[39m

  --------------------------------------------------
  status:

  Name "":
  [36m<div[39m
    [33maria-atomic[39m=[32m"true"[39m
    [33maria-live[39m=[32m"assertive"[39m
    [33mid[39m=[32m"DndLiveRegion-10"[39m
    [33mrole[39m=[32m"status"[39m
    [33mstyle[39m=[32m"position: fixed; top: 0px; left: 0px; width: 1px; height: 1px; margin: -1px; border: 0px; padding: 0px; overflow: hidden; clip-path: inset(100%); white-space: nowrap;"[39m
  [36m/>[39m

  --------------------------------------------------

Ignored nodes: comments, script, style
[36m<body>[39m
  [36m<div>[39m
    [36m<div[39m
      [33mclass[39m=[32m"flex flex-col h-full"[39m
    [36m>[39m
      [36m<div[39m
        [33mclass[39m=[32m"bg-card shadow-sm px-6 py-4 border-b border-border"[39m
      [36m>[39m
        [36m<div[39m
          [33mclass[39m=[32m"flex items-center justify-between mb-4"[39m
        [36m>[39m
          [36m<h1[39m
            [33mclass[39m=[32m"text-2xl font-bold text-fg"[39m
          [36m>[39m
            [0mEpic Planning[0m
          [36m</h1>[39m
          [36m<div[39m
            [33mclass[39m=[32m"flex items-center gap-3"[39m
          [36m>[39m
            [36m<div[39m
              [33mclass[39m=[32m"flex items-center bg-bg-secondary rounded-lg p-1"[39m
            [36m>[39m
              [36m<button[39m
                [33mclass[39m=[32m"px-4 py-2 rounded-md text-sm font-medium transition-colors bg-primary-600 dark:bg-primary-700 text-white"[39m
              [36m>[39m
                [0mGrouped by Epics[0m
              [36m</button>[39m
              [36m<button[39m
                [33mclass[39m=[32m"px-4 py-2 rounded-md text-sm font-medium transition-colors text-muted hover:text-fg hover:bg-card"[39m
              [36m>[39m
                [0mFlat View[0m
              [36m</button>[39m
            [36m</div>[39m
            [36m<select[39m
              [33mclass[39m=[32m"px-4 py-2 bg-card border border-border rounded-lg text-sm text-fg focus:outline-none focus:ring-2 focus:ring-primary"[39m
            [36m>[39m
              [36m<option[39m
                [33mvalue[39m=[32m"priority-high"[39m
              [36m>[39m
                [0mPriority: High to Low[0m
              [36m</option>[39m
              [36m<option[39m
                [33mvalue[39m=[32m"priority-low"[39m
              [36m>[39m
                [0mPriority: Low to High[0m
              [36m</option>[39m
              [36m<option[39m
                [33mvalue[39m=[32m"created-new"[39m
              [36m>[39m
                [0mCreated: Newest First[0m
              [36m</option>[39m
              [36m<option[39m
                [33mvalue[39m=[32m"created-old"[39m
              [36m>[39m
                [0mCreated: Oldest First[0m
              [36m</option>[39m
              [36m<option[39m
                [33mvalue[39m=[32m"updated"[39m
              [36m>[39m
                [0mRecently Updated[0m
              [36m</option>[39m
              [36m<option[39m
                [33mvalue[39m=[32m"title-az"[39m
              [36m>[39m
                [0mTitle: A-Z[0m
              [36m</option>[39m
              [36m<option[39m
                [33mvalue[39m=[32m"title-za"[39m
              [36m>[39m
                [0mTitle: Z-A[0m
              [36m</option>[39m
            [36m</select>[39m
            [36m<button[39m
              [33mclass[39m=[32m"px-4 py-2 bg-card border border-border rounded-lg text-sm text-fg font-medium hover:bg-bg-secondary transition-colors"[39m
            [36m>[39m
              [0mShow Completed[0m
            [36m</button>[39m
            [36m<div[39m
              [33mdata-testid[39m=[32m"planning-filters"[39m
            [36m>[39m
              [0mFilters[0m
            [36m</div>[39m
          [36m</div>[39m
        [36m</div>[39m
      [36m</div>[39m
      [36m<div[39m
        [33mclass[39m=[32m"flex-1 overflow-y-auto p-6"[39m
      [36m>[39m
        [36m<div[39m
          [33mclass[39m=[32m"space-y-6"[39m
        [36m>[39m
          [36m<div[39m
            [33mdata-testid[39m=[32m"epic-group"[39m
          [36m>[39m
            [0mEpic 1[0m
          [36m</div>[39m
          [36m<div[39m
            [33mdata-testid[39m=[32m"epic-group"[39m
          [36m>[39m
            [0mEpic 2[0m
          [36m</div>[39m
        [36m</div>[39m
      [36m</div>[39m
    [36m</div>[39m
    [36m<div[39m
      [33mid[39m=[32m"DndDescribedBy-10"[39m
      [33mstyle[39m=[32m"display: none;"[39m
    [36m>[39m
      [0m
    To pick up a draggable item, press the space bar.
    While dragging, use the arrow keys to move the item.
    Press space again to drop the item in its new position, or press escape to cancel.
  [0m
    [36m</div>[39m
    [36m<div[39m
      [33maria-atomic[39m=[32m"true"[39m
      [33maria-live[39m=[32m"assertive"[39m
      [33mid[39m=[32m"DndLiveRegion-10"[39m
      [33mrole[39m=[32m"status"[39m
      [33mstyle[39m=[32m"position: fixed; top: 0px; left: 0px; width: 1px; height: 1px; margin: -1px; border: 0px; padding: 0px; overflow: hidden; clip-path: inset(100%); white-space: nowrap;"[39m
    [36m/>[39m
  [36m</div>[39m
[36m</body>[39m
 ❯ Object.getElementError ../../../AIStudio/node_modules/@testing-library/dom/dist/config.js:37:19
 ❯ ../../../AIStudio/node_modules/@testing-library/dom/dist/query-helpers.js:76:38
 ❯ ../../../AIStudio/node_modules/@testing-library/dom/dist/query-helpers.js:52:17
 ❯ ../../../AIStudio/node_modules/@testing-library/dom/dist/query-helpers.js:95:19
 ❯ src/pages/EpicPlanningView.test.tsx:231:33
    229| 
    230|     // Show completed items
    231|     const toggleButton = screen.getByRole('button', { name: /hide comp…
       |                                 ^
    232|     await user.click(toggleButton);
    233| 

⎯⎯⎯⎯⎯⎯⎯⎯⎯⎯⎯⎯⎯⎯⎯⎯⎯⎯⎯⎯⎯[19/141]⎯

 FAIL  src/pages/EpicPlanningView.test.tsx > EpicPlanningView - Show/Hide Completed Items > restores toggle state from sessionStorage on mount
TestingLibraryElementError: Unable to find an element with the text: Story 1. This could be because the text is broken up by multiple elements. In this case, you can provide a function for your text matcher to make your matcher more flexible.

Ignored nodes: comments, script, style
[36m<body>[39m
  [36m<div>[39m
    [36m<div[39m
      [33mclass[39m=[32m"flex flex-col h-full"[39m
    [36m>[39m
      [36m<div[39m
        [33mclass[39m=[32m"bg-card shadow-sm px-6 py-4 border-b border-border"[39m
      [36m>[39m
        [36m<div[39m
          [33mclass[39m=[32m"flex items-center justify-between mb-4"[39m
        [36m>[39m
          [36m<h1[39m
            [33mclass[39m=[32m"text-2xl font-bold text-fg"[39m
          [36m>[39m
            [0mEpic Planning[0m
          [36m</h1>[39m
          [36m<div[39m
            [33mclass[39m=[32m"flex items-center gap-3"[39m
          [36m>[39m
            [36m<div[39m
              [33mclass[39m=[32m"flex items-center bg-bg-secondary rounded-lg p-1"[39m
            [36m>[39m
              [36m<button[39m
                [33mclass[39m=[32m"px-4 py-2 rounded-md text-sm font-medium transition-colors bg-primary-600 dark:bg-primary-700 text-white"[39m
              [36m>[39m
                [0mGrouped by Epics[0m
              [36m</button>[39m
              [36m<button[39m
                [33mclass[39m=[32m"px-4 py-2 rounded-md text-sm font-medium transition-colors text-muted hover:text-fg hover:bg-card"[39m
              [36m>[39m
                [0mFlat View[0m
              [36m</button>[39m
            [36m</div>[39m
            [36m<select[39m
              [33mclass[39m=[32m"px-4 py-2 bg-card border border-border rounded-lg text-sm text-fg focus:outline-none focus:ring-2 focus:ring-primary"[39m
            [36m>[39m
              [36m<option[39m
                [33mvalue[39m=[32m"priority-high"[39m
              [36m>[39m
                [0mPriority: High to Low[0m
              [36m</option>[39m
              [36m<option[39m
                [33mvalue[39m=[32m"priority-low"[39m
              [36m>[39m
                [0mPriority: Low to High[0m
              [36m</option>[39m
              [36m<option[39m
                [33mvalue[39m=[32m"created-new"[39m
              [36m>[39m
                [0mCreated: Newest First[0m
              [36m</option>[39m
              [36m<option[39m
                [33mvalue[39m=[32m"created-old"[39m
              [36m>[39m
                [0mCreated: Oldest First[0m
              [36m</option>[39m
              [36m<option[39m
                [33mvalue[39m=[32m"updated"[39m
              [36m>[39m
                [0mRecently Updated[0m
              [36m</option>[39m
              [36m<option[39m
                [33mvalue[39m=[32m"title-az"[39m
              [36m>[39m
                [0mTitle: A-Z[0m
              [36m</option>[39m
              [36m<option[39m
                [33mvalue[39m=[32m"title-za"[39m
              [36m>[39m
                [0mTitle: Z-A[0m
              [36m</option>[39m
            [36m</select>[39m
            [36m<button[39m
              [33mclass[39m=[32m"px-4 py-2 bg-card border border-border rounded-lg text-sm text-fg font-medium hover:bg-bg-secondary transition-colors"[39m
            [36m>[39m
              [0mHide Completed[0m
            [36m</button>[39m
            [36m<div[39m
              [33mdata-testid[39m=[32m"planning-filters"[39m
            [36m>[39m
              [0mFilters[0m
            [36m</div>[39m
          [36m</div>[39m
        [36m</div>[39m
      [36m</div>[39m
      [36m<div[39m
        [33mclass[39m=[32m"flex-1 overflow-y-auto p-6"[39m
      [36m>[39m
        [36m<div[39m
          [33mclass[39m=[32m"space-y-6"[39m
        [36m>[39m
          [36m<div[39m
            [33mdata-testid[39m=[32m"epic-group"[39m
          [36m>[39m
            [0mEpic 1[0m
          [36m</div>[39m
          [36m<div[39m
            [33mdata-testid[39m=[32m"epic-group"[39m
          [36m>[39m
            [0mEpic 2[0m
          [36m</div>[39m
          [36m<div[39m
            [33mdata-testid[39m=[32m"epic-group"[39m
          [36m>[39m
            [0mUnassigned[0m
            [36m<div>[39m
              [0mUnassigned Story[0m
            [36m</div>[39m
          [36m</div>[39m
        [36m</div>[39m
      [36m</div>[39m
    [36m</div>[39m
    [36m<div[39m
      [33mid[39m=[32m"DndDescribedBy-11"[39m
      [33mstyle[39m=[32m"display: none;"[39m
    [36m>[39m
      [0m
    To pick up a draggable item, press the space bar.
    While dragging, use the arrow keys to move the item.
    Press space again to drop the item in its new position, or press escape to cancel.
  [0m
    [36m</div>[39m
    [36m<div[39m
      [33maria-atomic[39m=[32m"true"[39m
      [33maria-live[39m=[32m"assertive"[39m
      [33mid[39m=[32m"DndLiveRegion-11"[39m
      [33mrole[39m=[32m"status"[39m
      [33mstyle[39m=[32m"position: fixed; top: 0px; left: 0px; width: 1px; height: 1px; margin: -1px; border: 0px; padding: 0px; overflow: hidden; clip-path: inset(100%); white-space: nowrap;"[39m
    [36m/>[39m
  [36m</div>[39m
[36m</body>[39m
 ❯ Object.getElementError ../../../AIStudio/node_modules/@testing-library/dom/dist/config.js:37:19
 ❯ ../../../AIStudio/node_modules/@testing-library/dom/dist/query-helpers.js:76:38
 ❯ ../../../AIStudio/node_modules/@testing-library/dom/dist/query-helpers.js:52:17
 ❯ ../../../AIStudio/node_modules/@testing-library/dom/dist/query-helpers.js:95:19
 ❯ src/pages/EpicPlanningView.test.tsx:253:19
    251| 
    252|     // Completed items should be visible
    253|     expect(screen.getByText('Story 1')).toBeInTheDocument();
       |                   ^
    254|     expect(screen.getByRole('button', { name: /show completed/i })).to…
    255|   });

⎯⎯⎯⎯⎯⎯⎯⎯⎯⎯⎯⎯⎯⎯⎯⎯⎯⎯⎯⎯⎯[20/141]⎯

 FAIL  src/pages/EpicPlanningView.test.tsx > EpicPlanningView - Theme Support > uses theme-aware background for view mode toggles
AssertionError: expected null to be truthy

- Expected: 
null

+ Received: 
false

 ❯ src/pages/EpicPlanningView.test.tsx:343:29
    341|     // View mode toggle should use theme-aware muted background
    342|     const mutedBackground = container.querySelector('.bg-muted');
    343|     expect(mutedBackground).toBeTruthy();
       |                             ^
    344|   });
    345| });

⎯⎯⎯⎯⎯⎯⎯⎯⎯⎯⎯⎯⎯⎯⎯⎯⎯⎯⎯⎯⎯[21/141]⎯

 FAIL  src/__tests__/integration/user-prompts-display.st68.integration.test.tsx > User Prompts KPI - End-to-End Integration (ST-68) > should display user prompts from API through to frontend KPI card
 FAIL  src/__tests__/integration/user-prompts-display.st68.integration.test.tsx > User Prompts KPI - End-to-End Integration (ST-68) > should show automation improvement when prompts decrease over time
 FAIL  src/__tests__/integration/user-prompts-display.st68.integration.test.tsx > User Prompts KPI - End-to-End Integration (ST-68) > should show warning when prompts increase (more intervention needed)
 FAIL  src/__tests__/integration/user-prompts-display.st68.integration.test.tsx > User Prompts KPI - End-to-End Integration (ST-68) > should celebrate fully automated workflows (zero prompts)
 FAIL  src/__tests__/integration/user-prompts-display.st68.integration.test.tsx > User Prompts KPI - End-to-End Integration (ST-68) > should handle workflow filtering and update prompts count
 FAIL  src/__tests__/integration/user-prompts-display.st68.integration.test.tsx > User Prompts KPI - End-to-End Integration (ST-68) > should handle date range changes and recalculate metrics
 FAIL  src/__tests__/integration/user-prompts-display.st68.integration.test.tsx > User Prompts KPI - End-to-End Integration (ST-68) > should gracefully handle backend errors
 FAIL  src/__tests__/integration/user-prompts-display.st68.integration.test.tsx > User Prompts KPI - End-to-End Integration (ST-68) > should handle slow API responses with loading state
 FAIL  src/__tests__/integration/user-prompts-display.st68.integration.test.tsx > User Prompts KPI - End-to-End Integration (ST-68) > should maintain accessibility with proper ARIA labels
 FAIL  src/__tests__/integration/user-prompts-display.st68.integration.test.tsx > User Prompts KPI - End-to-End Integration (ST-68) > should format numbers correctly with locale formatting
 FAIL  src/pages/__tests__/PerformanceDashboard.st68.test.tsx > PerformanceDashboard - User Interactions KPI (ST-68) > should display totalUserPrompts KPI card with correct value
 FAIL  src/pages/__tests__/PerformanceDashboard.st68.test.tsx > PerformanceDashboard - User Interactions KPI (ST-68) > should display negative trend indicator (green) when prompts decrease
 FAIL  src/pages/__tests__/PerformanceDashboard.st68.test.tsx > PerformanceDashboard - User Interactions KPI (ST-68) > should display positive trend indicator (red) when prompts increase
 FAIL  src/pages/__tests__/PerformanceDashboard.st68.test.tsx > PerformanceDashboard - User Interactions KPI (ST-68) > should display zero prompts (fully automated workflows)
 FAIL  src/pages/__tests__/PerformanceDashboard.st68.test.tsx > PerformanceDashboard - User Interactions KPI (ST-68) > should format large numbers with thousand separators
 FAIL  src/pages/__tests__/PerformanceDashboard.st68.test.tsx > PerformanceDashboard - User Interactions KPI (ST-68) > should display info tooltip with explanation
 FAIL  src/pages/__tests__/PerformanceDashboard.st68.test.tsx > PerformanceDashboard - User Interactions KPI (ST-68) > should handle missing totalUserPrompts field gracefully (backward compatibility)
 FAIL  src/pages/__tests__/PerformanceDashboard.st68.test.tsx > PerformanceDashboard - User Interactions KPI (ST-68) > should be positioned in 5-column grid layout on desktop
 FAIL  src/pages/__tests__/PerformanceDashboard.st68.test.tsx > PerformanceDashboard - User Interactions KPI (ST-68) > should handle API errors gracefully
 FAIL  src/pages/__tests__/PerformanceDashboard.st68.test.tsx > PerformanceDashboard - User Interactions KPI (ST-68) > should update when filters change (workflow selection)
Error: useAuth must be used within an AuthProvider
 ❯ Module.useAuth src/context/AuthContext.tsx:206:11
    204|   const context = useContext(AuthContext);
    205|   if (context === undefined) {
    206|     throw new Error('useAuth must be used within an AuthProvider');
       |           ^
    207|   }
    208|   return context;
 ❯ ProjectProvider src/context/ProjectContext.tsx:22:53
 ❯ renderWithHooks ../../../AIStudio/node_modules/react-dom/cjs/react-dom.development.js:15486:18
 ❯ mountIndeterminateComponent ../../../AIStudio/node_modules/react-dom/cjs/react-dom.development.js:20103:13
 ❯ beginWork ../../../AIStudio/node_modules/react-dom/cjs/react-dom.development.js:21626:16
 ❯ HTMLUnknownElement.callCallback ../../../AIStudio/node_modules/react-dom/cjs/react-dom.development.js:4164:14
 ❯ HTMLUnknownElement.#callDispatchEventListeners ../../../AIStudio/node_modules/happy-dom/src/event/EventTarget.ts:287:42
 ❯ HTMLUnknownElement.dispatchEvent ../../../AIStudio/node_modules/happy-dom/src/event/EventTarget.ts:134:35
 ❯ HTMLUnknownElement.#goThroughDispatchEventPhases ../../../AIStudio/node_modules/happy-dom/src/event/EventTarget.ts:196:32
 ❯ HTMLUnknownElement.dispatchEvent ../../../AIStudio/node_modules/happy-dom/src/event/EventTarget.ts:127:38

⎯⎯⎯⎯⎯⎯⎯⎯⎯⎯⎯⎯⎯⎯⎯⎯⎯⎯⎯⎯⎯[22/141]⎯

 FAIL  src/components/__tests__/ComponentDetailModal.test.tsx > ComponentDetailModal > Tab Switching > should switch to Checksum tab when clicked
TestingLibraryElementError: Found multiple elements with the text: /Checksum/

Here are the matching elements:

Ignored nodes: comments, script, style
[36m<button[39m
  [33maria-controls[39m=[32m"headlessui-tabs-panel-:r2n:"[39m
  [33maria-selected[39m=[32m"true"[39m
  [33mclass[39m=[32m"w-full rounded-lg py-2.5 text-sm font-medium leading-5 focus:outline-none focus:ring-2 ring-offset-2 ring-offset-bg ring-accent bg-accent text-white shadow"[39m
  [33mdata-headlessui-state[39m=[32m"selected"[39m
  [33mid[39m=[32m"headlessui-tabs-tab-:r2j:"[39m
  [33mrole[39m=[32m"tab"[39m
  [33mtabindex[39m=[32m"0"[39m
  [33mtype[39m=[32m"button"[39m
[36m>[39m
  [0mChecksum[0m
[36m</button>[39m

Ignored nodes: comments, script, style
[36m<h3[39m
  [33mclass[39m=[32m"text-lg font-semibold text-fg mb-4"[39m
[36m>[39m
  [0mChecksum[0m
[36m</h3>[39m

Ignored nodes: comments, script, style
[36m<button[39m
  [33mclass[39m=[32m"px-6 py-2 bg-accent text-white rounded-lg hover:bg-accent-dark disabled:opacity-50"[39m
[36m>[39m
  [0mRe-verify Checksum[0m
[36m</button>[39m

(If this is intentional, then use the `*AllBy*` variant of the query (like `queryAllByText`, `getAllByText`, or `findAllByText`)).

Ignored nodes: comments, script, style
[36m<body>[39m
  [36m<div[39m
    [33maria-hidden[39m=[32m"true"[39m
    [33minert[39m=[32m""[39m
  [36m>[39m
    [36m<div[39m
      [33mhidden[39m=[32m""[39m
      [33mstyle[39m=[32m"position: fixed; top: 1px; left: 1px; width: 1px; height: 0px; padding: 0px; margin: -1px; overflow: hidden; clip: rect(0, 0, 0, 0); white-space: nowrap; border-width: 0px; display: none;"[39m
    [36m/>[39m
  [36m</div>[39m
  [36m<div[39m
    [33mid[39m=[32m"headlessui-portal-root"[39m
  [36m>[39m
    [36m<div[39m
      [33mdata-headlessui-portal[39m=[32m""[39m
    [36m>[39m
      [36m<button[39m
        [33maria-hidden[39m=[32m"true"[39m
        [33mdata-headlessui-focus-guard[39m=[32m"true"[39m
        [33mstyle[39m=[32m"position: fixed; top: 1px; left: 1px; width: 1px; height: 0px; padding: 0px; margin: -1px; overflow: hidden; clip: rect(0, 0, 0, 0); white-space: nowrap; border-width: 0px;"[39m
        [33mtype[39m=[32m"button"[39m
      [36m/>[39m
      [36m<div>[39m
        [36m<div[39m
          [33maria-labelledby[39m=[32m"headlessui-dialog-title-:r2f:"[39m
          [33maria-modal[39m=[32m"true"[39m
          [33mclass[39m=[32m"relative z-50"[39m
          [33mdata-headlessui-state[39m=[32m"open"[39m
          [33mid[39m=[32m"headlessui-dialog-:r2d:"[39m
          [33mrole[39m=[32m"dialog"[39m
        [36m>[39m
          [36m<div[39m
            [33mclass[39m=[32m"fixed inset-0 bg-black bg-opacity-25 dark:bg-opacity-50"[39m
          [36m/>[39m
          [36m<div[39m
            [33mclass[39m=[32m"fixed inset-0 overflow-y-auto"[39m
          [36m>[39m
            [36m<div[39m
              [33mclass[39m=[32m"flex min-h-full items-center justify-center p-4"[39m
            [36m>[39m
              [36m<div[39m
                [33mclass[39m=[32m"w-full max-w-6xl transform overflow-hidden rounded-2xl bg-card p-6 text-left align-middle shadow-xl transition-all"[39m
                [33mdata-headlessui-state[39m=[32m"open"[39m
                [33mid[39m=[32m"headlessui-dialog-panel-:r2e:"[39m
              [36m>[39m
                [36m<div[39m
                  [33mclass[39m=[32m"flex items-start justify-between mb-6"[39m
                [36m>[39m
                  [36m<div>[39m
                    [36m<h3[39m
                      [33mclass[39m=[32m"text-2xl font-bold text-fg"[39m
                      [33mdata-headlessui-state[39m=[32m"open"[39m
                      [33mid[39m=[32m"headlessui-dialog-title-:r2f:"[39m
                    [36m>[39m
                      [0mTest Component[0m
                    [36m</h3>[39m
                    [36m<p[39m
                      [33mclass[39m=[32m"mt-1 text-fg"[39m
                    [36m>[39m
                      [0mTest component description[0m
                    [36m</p>[39m
                  [36m</div>[39m
                  [36m<button[39m
                    [33mclass[39m=[32m"text-fg hover:text-accent"[39m
                  [36m>[39m
                    [36m<svg[39m
                      [33maria-hidden[39m=[32m"true"[39m
                      [33mclass[39m=[32m"w-6 h-6"[39m
                      [33mdata-slot[39m=[32m"icon"[39m
                      [33mfill[39m=[32m"none"[39m
                      [33mstroke[39m=[32m"currentColor"[39m
                      [33mstroke-width[39m=[32m"1.5"[39m
                      [33mviewBox[39m=[32m"0 0 24 24"[39m
                      [33mxmlns[39m=[32m"http://www.w3.org/2000/svg"[39m
                    [36m>[39m
                      [36m<path[39m
                        [33md[39m=[32m"M6 18 18 6M6 6l12 12"[39m
                        [33mstroke-linecap[39m=[32m"round"[39m
                        [33mstroke-linejoin[39m=[32m"round"[39m
                      [36m/>[39m
                    [36m</svg>[39m
                  [36m</button>[39m
                [36m</div>[39m
                [36m<div[39m
                  [33mclass[39m=[32m"flex flex-wrap gap-2 mb-6"[39m
                [36m>[39m
                  [36m<span[39m
                    [33mclass[39m=[32m"px-3 py-1 text-sm font-medium rounded-full bg-green-100 dark:bg-green-900/20 text-green-800 dark:text-green-300"[39m
                  [36m>[39m
                    [0mActive[0m
                  [36m</span>[39m
                  [36m<span[39m
                    [33mclass[39m=[32m"px-3 py-1 text-sm bg-purple-100 dark:bg-purple-900/20 text-purple-800 dark:text-purple-300 rounded-full"[39m
                  [36m>[39m
                    [0mv1.0[0m
                  [36m</span>[39m
                  [36m<span[39m
                    [33mclass[39m=[32m"px-3 py-1 text-sm bg-blue-100 dark:bg-blue-900/20 text-blue-800 dark:text-blue-300 rounded-full"[39m
                  [36m>[39m
                    [0mtag1[0m
                  [36m</span>[39m
                  [36m<span[39m
                    [33mclass[39m=[32m"px-3 py-1 text-sm bg-blue-100 dark:bg-blue-900/20 text-blue-800 dark:text-blue-300 rounded-full"[39m
                  [36m>[39m
                    [0mtag2[0m
                  [36m</span>[39m
                [36m</div>[39m
                [36m<div[39m
                  [33maria-orientation[39m=[32m"horizontal"[39m
                  [33mclass[39m=[32m"flex space-x-1 rounded-xl bg-bg-secondary p-1 mb-6"[39m
                  [33mrole[39m=[32m"tablist"[39m
                [36m>[39m
                  [36m<button[39m
                    [33maria-controls[39m=[32m"headlessui-tabs-panel-:r2k:"[39m
                    [33maria-selected[39m=[32m"false"[39m
                    [33mclass[39m=[32m"w-full rounded-lg py-2.5 text-sm font-medium leading-5 focus:outline-none focus:ring-2 ring-offset-2 ring-offset-bg ring-accent text-fg hover:bg-bg-secondary/[0.6] hover:text-accent"[39m
                    [33mdata-headlessui-state[39m=[32m""[39m
                    [33mid[39m=[32m"headlessui-tabs-tab-:r2g:"[39m
                    [33mrole[39m=[32m"tab"[39m
                    [33mtabindex[39m=[32m"-1"[39m
                    [33mtype[39m=[32m"button"[39m
                  [36m>[39m
                    [0mOverview[0m
                  [36m</button>[39m
                  [36m<button[39m
                    [33maria-controls[39m=[32m"headlessui-tabs-panel-:r2l:"[39m
                    [33maria-selected[39m=[32m"false"[39m
                    [33mclass[39m=[32m"w-full rounded-lg py-2.5 text-sm font-medium leading-5 focus:outline-none focus:ring-2 ring-offset-2 ring-offset-bg ring-accent text-fg hover:bg-bg-secondary/[0.6] hover:text-accent"[39m
                    [33mdata-headlessui-state[39m=[32m""[39m
                    [33mid[39m=[32m"headlessui-tabs-tab-:r2h:"[39m
     ...

Ignored nodes: comments, script, style
[36m<html[39m
  [33mstyle[39m=[32m"overflow: hidden; padding-right: 1024px;"[39m
[36m>[39m
  [36m<head />[39m
  [36m<body>[39m
    [36m<div[39m
      [33maria-hidden[39m=[32m"true"[39m
      [33minert[39m=[32m""[39m
    [36m>[39m
      [36m<div[39m
        [33mhidden[39m=[32m""[39m
        [33mstyle[39m=[32m"position: fixed; top: 1px; left: 1px; width: 1px; height: 0px; padding: 0px; margin: -1px; overflow: hidden; clip: rect(0, 0, 0, 0); white-space: nowrap; border-width: 0px; display: none;"[39m
      [36m/>[39m
    [36m</div>[39m
    [36m<div[39m
      [33mid[39m=[32m"headlessui-portal-root"[39m
    [36m>[39m
      [36m<div[39m
        [33mdata-headlessui-portal[39m=[32m""[39m
      [36m>[39m
        [36m<button[39m
          [33maria-hidden[39m=[32m"true"[39m
          [33mdata-headlessui-focus-guard[39m=[32m"true"[39m
          [33mstyle[39m=[32m"position: fixed; top: 1px; left: 1px; width: 1px; height: 0px; padding: 0px; margin: -1px; overflow: hidden; clip: rect(0, 0, 0, 0); white-space: nowrap; border-width: 0px;"[39m
          [33mtype[39m=[32m"button"[39m
        [36m/>[39m
        [36m<div>[39m
          [36m<div[39m
            [33maria-labelledby[39m=[32m"headlessui-dialog-title-:r2f:"[39m
            [33maria-modal[39m=[32m"true"[39m
            [33mclass[39m=[32m"relative z-50"[39m
            [33mdata-headlessui-state[39m=[32m"open"[39m
            [33mid[39m=[32m"headlessui-dialog-:r2d:"[39m
            [33mrole[39m=[32m"dialog"[39m
          [36m>[39m
            [36m<div[39m
              [33mclass[39m=[32m"fixed inset-0 bg-black bg-opacity-25 dark:bg-opacity-50"[39m
            [36m/>[39m
            [36m<div[39m
              [33mclass[39m=[32m"fixed inset-0 overflow-y-auto"[39m
            [36m>[39m
              [36m<div[39m
                [33mclass[39m=[32m"flex min-h-full items-center justify-center p-4"[39m
              [36m>[39m
                [36m<div[39m
                  [33mclass[39m=[32m"w-full max-w-6xl transform overflow-hidden rounded-2xl bg-card p-6 text-left align-middle shadow-xl transition-all"[39m
                  [33mdata-headlessui-state[39m=[32m"open"[39m
                  [33mid[39m=[32m"headlessui-dialog-panel-:r2e:"[39m
                [36m>[39m
                  [36m<div[39m
                    [33mclass[39m=[32m"flex items-start justify-between mb-6"[39m
                  [36m>[39m
                    [36m<div>[39m
                      [36m<h3[39m
                        [33mclass[39m=[32m"text-2xl font-bold text-fg"[39m
                        [33mdata-headlessui-state[39m=[32m"open"[39m
                        [33mid[39m=[32m"headlessui-dialog-title-:r2f:"[39m
                      [36m>[39m
                        [0mTest Component[0m
                      [36m</h3>[39m
                      [36m<p[39m
                        [33mclass[39m=[32m"mt-1 text-fg"[39m
                      [36m>[39m
                        [0mTest component description[0m
                      [36m</p>[39m
                    [36m</div>[39m
                    [36m<button[39m
                      [33mclass[39m=[32m"text-fg hover:text-accent"[39m
                    [36m>[39m
                      [36m<svg[39m
                        [33maria-hidden[39m=[32m"true"[39m
                        [33mclass[39m=[32m"w-6 h-6"[39m
                        [33mdata-slot[39m=[32m"icon"[39m
                        [33mfill[39m=[32m"none"[39m
                        [33mstroke[39m=[32m"currentColor"[39m
                        [33mstroke-width[39m=[32m"1.5"[39m
                        [33mviewBox[39m=[32m"0 0 24 24"[39m
                        [33mxmlns[39m=[32m"http://www.w3.org/2000/svg"[39m
                      [36m>[39m
                        [36m<path[39m
                          [33md[39m=[32m"M6 18 18 6M6 6l12 12"[39m
                          [33mstroke-linecap[39m=[32m"round"[39m
                          [33mstroke-linejoin[39m=[32m"round"[39m
                        [36m/>[39m
                      [36m</svg>[39m
                    [36m</button>[39m
                  [36m</div>[39m
                  [36m<div[39m
                    [33mclass[39m=[32m"flex flex-wrap gap-2 mb-6"[39m
                  [36m>[39m
                    [36m<span[39m
                      [33mclass[39m=[32m"px-3 py-1 text-sm font-medium rounded-full bg-green-100 dark:bg-green-900/20 text-green-800 dark:text-green-300"[39m
                    [36m>[39m
                      [0mActive[0m
                    [36m</span>[39m
                    [36m<span[39m
                      [33mclass[39m=[32m"px-3 py-1 text-sm bg-purple-100 dark:bg-purple-900/20 text-purple-800 dark:text-purple-300 rounded-full"[39m
                    [36m>[39m
                      [0mv1.0[0m
                    [36m</span>[39m
                    [36m<span[39m
                      [33mclass[39m=[32m"px-3 py-1 text-sm bg-blue-100 dark:bg-blue-900/20 text-blue-800 dark:text-blue-300 rounded-full"[39m
                    [36m>[39m
                      [0mtag1[0m
                    [36m</span>[39m
                    [36m<span[39m
                      [33mclass[39m=[32m"px-3 py-1 text-sm bg-blue-100 dark:bg-blue-900/20 text-blue-800 dark:text-blue-300 rounded-full"[39m
                    [36m>[39m
                      [0mtag2[0m
                    [36m</span>[39m
                  [36m</div>[39m
                  [36m<div[39m
                    [33maria-orientation[39m=[32m"horizontal"[39m
                    [33mclass[39m=[32m"flex space-x-1 rounded-xl bg-bg-secondary p-1 mb-6"[39m
                    [33mrole[39m=[32m"tablist"[39m
                  [36m>[39m
                    [36m<button[39m
                      [33maria-controls[39m=[32m"headlessui-tabs-panel-:r2k:"[39m
                      [33maria-selected[39m=[32m"false"[39m
                      [33mclass[39m=[32m"w-full rounded-lg py-2.5 text-sm font-medium leading-5 focus:outline-none focus:ring-2 ring-offset-2 ring-offset-bg ring-accent text-fg hover:bg-bg-secondary/[0.6] hover:text-accent"[39m
                      [33mdata-headlessui-state[39m=[32m""[39m
                      [33mid[39m=[32m"headlessui-tabs-tab-:r2g:"[39m
                      [33mrole[39m=[32m"tab"[39m
                      [33mtabindex[39m=[32m"-1"[39m
                      [33mtype[39m=[32m"button"[39m
                    [36m>[39m
                      [0mOverview[0m
                    [36m</button>[39m
                    [36m<button[39m
                      [33maria-controls[39m=[32m"headlessui-tabs-panel-:r2l:"[39m
                      [33maria-selected[39m=[32m"false"[3...
 ❯ Proxy.waitForWrapper ../../../AIStudio/node_modules/@testing-library/dom/dist/wait-for.js:163:27
 ❯ src/components/__tests__/ComponentDetailModal.test.tsx:303:13
    301|       await user.click(checksumTab);
    302| 
    303|       await waitFor(() => {
       |             ^
    304|         expect(screen.getByText(/Checksum/)).toBeInTheDocument();
    305|       });

⎯⎯⎯⎯⎯⎯⎯⎯⎯⎯⎯⎯⎯⎯⎯⎯⎯⎯⎯⎯⎯[23/141]⎯

 FAIL  src/components/__tests__/ComponentDetailModal.test.tsx > ComponentDetailModal > Version History Tab > should display loading state while fetching versions
TestingLibraryElementError: Unable to find an accessible element with the role "status"

Here are the accessible roles:

  dialog:

  Name "Test Component":
  [36m<div[39m
    [33maria-labelledby[39m=[32m"headlessui-dialog-title-:r4h:"[39m
    [33maria-modal[39m=[32m"true"[39m
    [33mclass[39m=[32m"relative z-50"[39m
    [33mdata-headlessui-state[39m=[32m"open"[39m
    [33mid[39m=[32m"headlessui-dialog-:r4f:"[39m
    [33mrole[39m=[32m"dialog"[39m
  [36m/>[39m

  --------------------------------------------------
  heading:

  Name "Test Component":
  [36m<h3[39m
    [33mclass[39m=[32m"text-2xl font-bold text-fg"[39m
    [33mdata-headlessui-state[39m=[32m"open"[39m
    [33mid[39m=[32m"headlessui-dialog-title-:r4h:"[39m
  [36m/>[39m

  --------------------------------------------------
  paragraph:

  Name "":
  [36m<p[39m
    [33mclass[39m=[32m"mt-1 text-fg"[39m
  [36m/>[39m

  --------------------------------------------------
  button:

  Name "":
  [36m<button[39m
    [33mclass[39m=[32m"text-fg hover:text-accent"[39m
  [36m/>[39m

  Name "Close":
  [36m<button[39m
    [33mclass[39m=[32m"px-4 py-2 text-fg hover:text-accent"[39m
  [36m/>[39m

  Name "Edit Component":
  [36m<button[39m
    [33mclass[39m=[32m"px-4 py-2 bg-accent text-white rounded-lg hover:bg-accent-dark"[39m
  [36m/>[39m

  --------------------------------------------------
  tablist:

  Name "":
  [36m<div[39m
    [33maria-orientation[39m=[32m"horizontal"[39m
    [33mclass[39m=[32m"flex space-x-1 rounded-xl bg-bg-secondary p-1 mb-6"[39m
    [33mrole[39m=[32m"tablist"[39m
  [36m/>[39m

  --------------------------------------------------
  tab:

  Name "Overview":
  [36m<button[39m
    [33maria-controls[39m=[32m"headlessui-tabs-panel-:r4m:"[39m
    [33maria-selected[39m=[32m"false"[39m
    [33mclass[39m=[32m"w-full rounded-lg py-2.5 text-sm font-medium leading-5 focus:outline-none focus:ring-2 ring-offset-2 ring-offset-bg ring-accent text-fg hover:bg-bg-secondary/[0.6] hover:text-accent"[39m
    [33mdata-headlessui-state[39m=[32m""[39m
    [33mid[39m=[32m"headlessui-tabs-tab-:r4i:"[39m
    [33mrole[39m=[32m"tab"[39m
    [33mtabindex[39m=[32m"-1"[39m
    [33mtype[39m=[32m"button"[39m
  [36m/>[39m

  Name "Version History":
  [36m<button[39m
    [33maria-controls[39m=[32m"headlessui-tabs-panel-:r4n:"[39m
    [33maria-selected[39m=[32m"true"[39m
    [33mclass[39m=[32m"w-full rounded-lg py-2.5 text-sm font-medium leading-5 focus:outline-none focus:ring-2 ring-offset-2 ring-offset-bg ring-accent bg-accent text-white shadow"[39m
    [33mdata-headlessui-state[39m=[32m"selected"[39m
    [33mid[39m=[32m"headlessui-tabs-tab-:r4j:"[39m
    [33mrole[39m=[32m"tab"[39m
    [33mtabindex[39m=[32m"0"[39m
    [33mtype[39m=[32m"button"[39m
  [36m/>[39m

  Name "Usage Analytics":
  [36m<button[39m
    [33maria-controls[39m=[32m"headlessui-tabs-panel-:r4o:"[39m
    [33maria-selected[39m=[32m"false"[39m
    [33mclass[39m=[32m"w-full rounded-lg py-2.5 text-sm font-medium leading-5 focus:outline-none focus:ring-2 ring-offset-2 ring-offset-bg ring-accent text-fg hover:bg-bg-secondary/[0.6] hover:text-accent"[39m
    [33mdata-headlessui-state[39m=[32m""[39m
    [33mid[39m=[32m"headlessui-tabs-tab-:r4k:"[39m
    [33mrole[39m=[32m"tab"[39m
    [33mtabindex[39m=[32m"-1"[39m
    [33mtype[39m=[32m"button"[39m
  [36m/>[39m

  Name "Checksum":
  [36m<button[39m
    [33maria-controls[39m=[32m"headlessui-tabs-panel-:r4p:"[39m
    [33maria-selected[39m=[32m"false"[39m
    [33mclass[39m=[32m"w-full rounded-lg py-2.5 text-sm font-medium leading-5 focus:outline-none focus:ring-2 ring-offset-2 ring-offset-bg ring-accent text-fg hover:bg-bg-secondary/[0.6] hover:text-accent"[39m
    [33mdata-headlessui-state[39m=[32m""[39m
    [33mid[39m=[32m"headlessui-tabs-tab-:r4l:"[39m
    [33mrole[39m=[32m"tab"[39m
    [33mtabindex[39m=[32m"-1"[39m
    [33mtype[39m=[32m"button"[39m
  [36m/>[39m

  --------------------------------------------------
  tabpanel:

  Name "Version History":
  [36m<div[39m
    [33maria-labelledby[39m=[32m"headlessui-tabs-tab-:r4j:"[39m
    [33mclass[39m=[32m"rounded-xl bg-bg p-4 focus:outline-none max-h-[60vh] overflow-y-auto"[39m
    [33mdata-headlessui-state[39m=[32m"selected"[39m
    [33mid[39m=[32m"headlessui-tabs-panel-:r4n:"[39m
    [33mrole[39m=[32m"tabpanel"[39m
    [33mtabindex[39m=[32m"0"[39m
  [36m/>[39m

  --------------------------------------------------

Ignored nodes: comments, script, style
[36m<body>[39m
  [36m<div[39m
    [33maria-hidden[39m=[32m"true"[39m
    [33minert[39m=[32m""[39m
  [36m>[39m
    [36m<div[39m
      [33mhidden[39m=[32m""[39m
      [33mstyle[39m=[32m"position: fixed; top: 1px; left: 1px; width: 1px; height: 0px; padding: 0px; margin: -1px; overflow: hidden; clip: rect(0, 0, 0, 0); white-space: nowrap; border-width: 0px; display: none;"[39m
    [36m/>[39m
  [36m</div>[39m
  [36m<div[39m
    [33mid[39m=[32m"headlessui-portal-root"[39m
  [36m>[39m
    [36m<div[39m
      [33mdata-headlessui-portal[39m=[32m""[39m
    [36m>[39m
      [36m<button[39m
        [33maria-hidden[39m=[32m"true"[39m
        [33mdata-headlessui-focus-guard[39m=[32m"true"[39m
        [33mstyle[39m=[32m"position: fixed; top: 1px; left: 1px; width: 1px; height: 0px; padding: 0px; margin: -1px; overflow: hidden; clip: rect(0, 0, 0, 0); white-space: nowrap; border-width: 0px;"[39m
        [33mtype[39m=[32m"button"[39m
      [36m/>[39m
      [36m<div>[39m
        [36m<div[39m
          [33maria-labelledby[39m=[32m"headlessui-dialog-title-:r4h:"[39m
          [33maria-modal[39m=[32m"true"[39m
          [33mclass[39m=[32m"relative z-50"[39m
          [33mdata-headlessui-state[39m=[32m"open"[39m
          [33mid[39m=[32m"headlessui-dialog-:r4f:"[39m
          [33mrole[39m=[32m"dialog"[39m
        [36m>[39m
          [36m<div[39m
            [33mclass[39m=[32m"fixed inset-0 bg-black bg-opacity-25 dark:bg-opacity-50"[39m
          [36m/>[39m
          [36m<div[39m
            [33mclass[39m=[32m"fixed inset-0 overflow-y-auto"[39m
          [36m>[39m
            [36m<div[39m
              [33mclass[39m=[32m"flex min-h-full items-center justify-center p-4"[39m
            [36m>[39m
              [36m<div[39m
                [33mclass[39m=[32m"w-full max-w-6xl transform overflow-hidden rounded-2xl bg-card p-6 text-left align-middle shadow-xl transition-all"[39m
                [33mdata-headlessui-state[39m=[32m"open"[39m
                [33mid[39m=[32m"headlessui-dialog-panel-:r4g:"[39m
              [36m>[39m
                [36m<div[39m
                  [33mclass[39m=[32m"flex items-start justify-between mb-6"[39m
                [36m>[39m
                  [36m<div>[39m
                    [36m<h3[39m
                      [33mclass[39m=[32m"text-2xl font-bold text-fg"[39m
                      [33mdata-headlessui-state[39m=[32m"open"[39m
                      [33mid[39m=[32m"headlessui-dialog-title-:r4h:"[39m
                    [36m>[39m
                      [0mTest Component[0m
                    [36m</h3>[39m
                    [36m<p[39m
                      [33mclass[39m=[32m"mt-1 text-fg"[39m
                    [36m>[39m
                      [0mTest component description[0m
                    [36m</p>[39m
                  [36m</div>[39m
                  [36m<button[39m
                    [33mclass[39m=[32m"text-fg hover:text-accent"[39m
                  [36m>[39m
                    [36m<svg[39m
                      [33maria-hidden[39m=[32m"true"[39m
                      [33mclass[39m=[32m"w-6 h-6"[39m
                      [33mdata-slot[39m=[32m"icon"[39m
                      [33mfill[39m=[32m"none"[39m
                      [33mstroke[39m=[32m"currentColor"[39m
                      [33mstroke-width[39m=[32m"1.5"[39m
                      [33mviewBox[39m=[32m"0 0 24 24"[39m
                      [33mxmlns[39m=[32m"http://www.w3.org/2000/svg"[39m
                    [36m>[39m
                      [36m<path[39m
                        [33md[39m=[32m"M6 18 18 6M6 6l12 12"[39m
                        [33mstroke-linecap[39m=[32m"round"[39m
                        [33mstroke-linejoin[39m=[32m"round"[39m
                      [36m/>[39m
                    [36m</svg>[39m
                  [36m</button>[39m
                [36m</div>[39m
                [36m<div[39m
                  [33mclass[39m=[32m"flex flex-wrap gap-2 mb-6"[39m
                [36m>[39m
                  [36m<span[39m
                    [33mclass[39m=[32m"px-3 py-1 text-sm font-medium rounded-full bg-green-100 dark:bg-green-900/20 text-green-800 dark:text-green-300"[39m
                  [36m>[39m
                    [0mActive[0m
                  [36m</span>[39m
                  [36m<span[39m
                    [33mclass[39m=[32m"px-3 py-1 text-sm bg-purple-100 dark:bg-purple-900/20 text-purple-800 dark:text-purple-300 rounded-full"[39m
                  [36m>[39m
                    [0mv1.0[0m
                  [36m</span>[39m
                  [36m<span[39m
                    [33mclass[39m=[32m"px-3 py-1 text-sm bg-blue-100 dark:bg-blue-900/20 text-blue-800 dark:text-blue-300 rounded-full"[39m
                  [36m>[39m
                    [0mtag1[0m
                  [36m</span>[39m
                  [36m<span[39m
                    [33mclass[39m=[32m"px-3 py-1 text-sm bg-blue-100 dark:bg-blue-900/20 text-blue-800 dark:text-blue-300 rounded-full"[39m
                  [36m>[39m
                    [0mtag2[0m
                  [36m</span>[39m
                [36m</div>[39m
                [36m<div[39m
                  [33maria-orientation[39m=[32m"horizontal"[39m
                  [33mclass[39m=[32m"flex space-x-1 rounded-xl bg-bg-secondary p-1 mb-6"[39m
                  [33mrole[39m=[32m"tablist"[39m
                [36m>[39m
                  [36m<button[39m
                    [33maria-controls[39m=[32m"headlessui-tabs-panel-:r4m:"[39m
                    [33maria-selected[39m=[32m"false"[39m
                    [33mclass[39m=[32m"w-full rounded-lg py-2.5 text-sm font-medium leading-5 focus:outline-none focus:ring-2 ring-offset-2 ring-offset-bg ring-accent text-fg hover:bg-bg-secondary/[0.6] hover:text-accent"[39m
                    [33mdata-headlessui-state[39m=[32m""[39m
                    [33mid[39m=[32m"headlessui-tabs-tab-:r4i:"[39m
                    [33mrole[39m=[32m"tab"[39m
                    [33mtabindex[39m=[32m"-1"[39m
                    [33mtype[39m=[32m"button"[39m
                  [36m>[39m
                    [0mOverview[0m
                  [36m</button>[39m
                  [36m<button[39m
                    [33maria-controls[39m=[32m"headlessui-tabs-panel-:r4n:"[39m
                    [33maria-selected[39m=[32m"true"[39m
                    [33mclass[39m=[32m"w-full rounded-lg py-2.5 text-sm font-medium leading-5 focus:outline-none focus:ring-2 ring-offset-2 ring-offset-bg ring-accent bg-accent text-white shadow"[39m
                    [33mdata-headlessui-state[39m=[32m"selected"[39m
                    [33mid[39m=[32m"headlessui-tabs-tab-:r4j:"[39m
                    [33mrole[39m=[32m"tab"[39m
                    [33mtabindex[39m=[32m"0"[39m
                    [33mtype[39m=[32m"button"[39m
                  [36m>[39m
                    [0mVersion History[0m
                  [36m</button>[39m
                  [36m<button[39m
                    [33maria-controls[39m=[32m"headlessui-tabs-panel-:r4o:"[39m
                    [33maria-selected[39m=[32m"false"[39m
                    [33mclass[39m=[32m"w-full rounded-lg py-2.5 text-sm font-medium leading-5 focus:outline-none focus:ring-2 ring-offset-2 ring-offset-bg ring-accent text-fg hover:bg-bg-secondary/[0.6] hover:text-accent"[39m
                    [33mdata-headlessui-state[39m=[32m""[39m
                    [33mid[39m=[32m"headlessui-tabs-tab-:r4k:"[39m
                    [33mrole[39m=[32m"tab"[39m
                    [33mtabindex[39m=[32m"-1"[39m
                    [33mtype[39m=[32m"button"[39m
                  [36m>[39m
                    [0mUsage Analytics[0m
                  [36m</button>[39m
                  [36m<button[39m
                    [33maria-controls[39m=[32m"headlessui-tabs-panel-:r4p:"[39m
                    [33maria-selected[39m=[32m"false"[39m
                    [33mclass[39m=[32m"w-full rounded-lg py-2.5 text-sm font-medium leading-5 focus:outline-none focus:ring-2 ring-offset-2 ring-offset-bg ring-accent text-fg hover:bg-bg-secondary/[0.6] hover:text-accent"[39m
                    [33mdata-headlessui-state[39m=[32m""[39m
                    [33mid[39m=[32m"headlessui-tabs-tab-:r4l:"[39m
                    [33mrole[39m=[32m"tab"[39m
                    [33mtabindex[39m=[32m"-1"[39m
                    [33mtype[39m=[32m"button"[39m
                  [36m>[39m
                    [0mChecksum[0m
                  [36m</button>[39m
                [36m</div>[39m
                [36m<div[39m
                  [33mclass[39m=[32m"mt-2"[39m
                [36m>[39m
                  [36m<span[39m
                    [33maria-hidden[39m=[32m"true"[39m
                    [33maria-labelledby[39m=[32m"headlessui-tabs-tab-:r4i:"[39m
                    [33mid[39m=[32m"headlessui-tabs-panel-:r4m:"[39m
                    [33mrole[39m=[32m"tabpanel"[39m
                    [33mstyle[39m=[32m"position: fixed; top: 1px; left: 1px; width: 1px; height: 0px; padding: 0px; margin: -1px; overflow: hidden; clip: rect(0, 0, 0, 0); white-space: nowrap; border-width: 0px;"[39m
                    [33mtabindex[39m=[32m"-1"[39m
                  [36m/>[39m
                  [36m<div[39m
                    [33maria-labelledby[39m=[32m"headlessui-tabs-tab-:r4j:"[39m
                    [33mclass[39m=[32m"rounded-xl bg-bg p-4 focus:outline-none max-h-[60vh] overflow-y-auto"[39m
                    [33mdata-headlessui-state[39m=[32m"selected"[39m
                    [33mid[39m=[32m"headlessui-tabs-panel-:r4n:"[39m
                    [33mrole[39m=[32m"tabpanel"[39m
                    [33mtabindex[39m=[32m"0"[39m
                  [36m>[39m
                    [36m<div[39m
                      [33mclass[39m=[32m"space-y-6"[39m
                    [36m>[39m
                      [36m<div[39m
                        [33mclass[39m=[32m"flex items-center justify-center py-12"[39m
                      [36m>[39m
                        [36m<div[39m
                          [33mclass[39m=[32m"animate-spin rounded-full h-8 w-8 border-b-2 border-accent"[39m
                        [36m/>[39m
                      [36m</div>[39m
                    [36m</div>[39m
                  [36m</div>[39m
                  [36m<span[39m
                    [33maria-hidden[39m=[32m"true"[39m
                    [33maria-labelledby[39m=[32m"headlessui-tabs-tab-:r4k:"[39m
                    [33mid[39m=[32m"headlessui-tabs-panel-:r4o:"[39m
                    [33mrole[39m=[32m"tabpanel"[39m
                    [33mstyle[39m=[32m"position: fixed; top: 1px; left: 1px; width: 1px; height: 0px; padding: 0px; margin: -1px; overflow: hidden; clip: rect(0, 0, 0, 0); white-space: nowrap; border-width: 0px;"[39m
                    [33mtabindex[39m=[32m"-1"[39m
                  [36m/>[39m
                  [36m<span[39m
                    [33maria-hidden[39m=[32m"true"[39m
                    [33maria-labelledby[39m=[32m"headlessui-tabs-tab-:r4l:"[39m
                    [33mid[39m=[32m"headlessui-tabs-panel-:r4p:"[39m
                    [33mrole[39m=[32m"tabpanel"[39m
                    [33mstyle[39m=[32m"position: fixed; top: 1px; left: 1px; width: 1px; height: 0px; padding: 0px; margin: -1px; overflow: hidden; clip: rect(0, 0, 0, 0); white-space: nowrap; border-width: 0px;"[39m
                    [33mtabindex[39m=[32m"-1"[39m
                  [36m/>[39m
                [36m</div>[39m
                [36m<div[39m
                  [33mclass[39m=[32m"flex items-center justify-end gap-3 mt-6 pt-4 border-t border-border"[39m
                [36m>[39m
                  [36m<button[39m
                    [33mclass[39m=[32m"px-4 py-2 text-fg hover:text-accent"[39m
                  [36m>[39m
                    [0mClose[0m
                  [36m</button>[39m
                  [36m<button[39m
                    [33mclass[39m=[32m"px-4 py-2 bg-accent text-white rounded-lg hover:bg-accent-dark"[39m
                  [36m>[39m
                    [0mEdit Component[0m
                  [36m</button>[39m
                [36m</div>[39m
              [36m</div>[39m
            [36m</div>[39m
          [36m</div>[39m
        [36m</div>[39m
      [36m</div>[39m
      [36m<button[39m
        [33maria-hidden[39m=[32m"true"[39m
        [33mdata-headlessui-focus-guard[39m=[32m"true"[39m
        [33mstyle[39m=[32m"position: fixed; top: 1px; left: 1px; width: 1px; height: 0px; padding: 0px; margin: -1px; overflow: hidden; clip: rect(0, 0, 0, 0); white-space: nowrap; border-width: 0px;"[39m
        [33mtype[39m=[32m"button"[39m
      [36m/>[39m
    [36m</div>[39m
  [36m</div>[39m
[36m</body>[39m
 ❯ Object.getElementError ../../../AIStudio/node_modules/@testing-library/dom/dist/config.js:37:19
 ❯ ../../../AIStudio/node_modules/@testing-library/dom/dist/query-helpers.js:76:38
 ❯ ../../../AIStudio/node_modules/@testing-library/dom/dist/query-helpers.js:52:17
 ❯ ../../../AIStudio/node_modules/@testing-library/dom/dist/query-helpers.js:95:19
 ❯ src/components/__tests__/ComponentDetailModal.test.tsx:377:21
    375|       await user.click(versionTab);
    376| 
    377|       expect(screen.getByRole('status')).toBeInTheDocument(); // Loadi…
       |                     ^
    378|     });
    379| 

⎯⎯⎯⎯⎯⎯⎯⎯⎯⎯⎯⎯⎯⎯⎯⎯⎯⎯⎯⎯⎯[24/141]⎯

 FAIL  src/components/__tests__/ComponentDetailModal.test.tsx > ComponentDetailModal > Version History Tab > should display empty state when no versions exist
TestingLibraryElementError: Found multiple elements with the text: /No version history/i

Here are the matching elements:

Ignored nodes: comments, script, style
[36m<p[39m
  [33mclass[39m=[32m"text-fg mb-2"[39m
[36m>[39m
  [0mNo version history[0m
[36m</p>[39m

Ignored nodes: comments, script, style
[36m<p[39m
  [33mclass[39m=[32m"text-sm text-fg"[39m
[36m>[39m
  [0mThis component has no version history yet.[0m
[36m</p>[39m

(If this is intentional, then use the `*AllBy*` variant of the query (like `queryAllByText`, `getAllByText`, or `findAllByText`)).

Ignored nodes: comments, script, style
[36m<body>[39m
  [36m<div[39m
    [33maria-hidden[39m=[32m"true"[39m
    [33minert[39m=[32m""[39m
  [36m>[39m
    [36m<div[39m
      [33mhidden[39m=[32m""[39m
      [33mstyle[39m=[32m"position: fixed; top: 1px; left: 1px; width: 1px; height: 0px; padding: 0px; margin: -1px; overflow: hidden; clip: rect(0, 0, 0, 0); white-space: nowrap; border-width: 0px; display: none;"[39m
    [36m/>[39m
  [36m</div>[39m
  [36m<div[39m
    [33mid[39m=[32m"headlessui-portal-root"[39m
  [36m>[39m
    [36m<div[39m
      [33mdata-headlessui-portal[39m=[32m""[39m
    [36m>[39m
      [36m<button[39m
        [33maria-hidden[39m=[32m"true"[39m
        [33mdata-headlessui-focus-guard[39m=[32m"true"[39m
        [33mstyle[39m=[32m"position: fixed; top: 1px; left: 1px; width: 1px; height: 0px; padding: 0px; margin: -1px; overflow: hidden; clip: rect(0, 0, 0, 0); white-space: nowrap; border-width: 0px;"[39m
        [33mtype[39m=[32m"button"[39m
      [36m/>[39m
      [36m<div>[39m
        [36m<div[39m
          [33maria-labelledby[39m=[32m"headlessui-dialog-title-:r4s:"[39m
          [33maria-modal[39m=[32m"true"[39m
          [33mclass[39m=[32m"relative z-50"[39m
          [33mdata-headlessui-state[39m=[32m"open"[39m
          [33mid[39m=[32m"headlessui-dialog-:r4q:"[39m
          [33mrole[39m=[32m"dialog"[39m
        [36m>[39m
          [36m<div[39m
            [33mclass[39m=[32m"fixed inset-0 bg-black bg-opacity-25 dark:bg-opacity-50"[39m
          [36m/>[39m
          [36m<div[39m
            [33mclass[39m=[32m"fixed inset-0 overflow-y-auto"[39m
          [36m>[39m
            [36m<div[39m
              [33mclass[39m=[32m"flex min-h-full items-center justify-center p-4"[39m
            [36m>[39m
              [36m<div[39m
                [33mclass[39m=[32m"w-full max-w-6xl transform overflow-hidden rounded-2xl bg-card p-6 text-left align-middle shadow-xl transition-all"[39m
                [33mdata-headlessui-state[39m=[32m"open"[39m
                [33mid[39m=[32m"headlessui-dialog-panel-:r4r:"[39m
              [36m>[39m
                [36m<div[39m
                  [33mclass[39m=[32m"flex items-start justify-between mb-6"[39m
                [36m>[39m
                  [36m<div>[39m
                    [36m<h3[39m
                      [33mclass[39m=[32m"text-2xl font-bold text-fg"[39m
                      [33mdata-headlessui-state[39m=[32m"open"[39m
                      [33mid[39m=[32m"headlessui-dialog-title-:r4s:"[39m
                    [36m>[39m
                      [0mTest Component[0m
                    [36m</h3>[39m
                    [36m<p[39m
                      [33mclass[39m=[32m"mt-1 text-fg"[39m
                    [36m>[39m
                      [0mTest component description[0m
                    [36m</p>[39m
                  [36m</div>[39m
                  [36m<button[39m
                    [33mclass[39m=[32m"text-fg hover:text-accent"[39m
                  [36m>[39m
                    [36m<svg[39m
                      [33maria-hidden[39m=[32m"true"[39m
                      [33mclass[39m=[32m"w-6 h-6"[39m
                      [33mdata-slot[39m=[32m"icon"[39m
                      [33mfill[39m=[32m"none"[39m
                      [33mstroke[39m=[32m"currentColor"[39m
                      [33mstroke-width[39m=[32m"1.5"[39m
                      [33mviewBox[39m=[32m"0 0 24 24"[39m
                      [33mxmlns[39m=[32m"http://www.w3.org/2000/svg"[39m
                    [36m>[39m
                      [36m<path[39m
                        [33md[39m=[32m"M6 18 18 6M6 6l12 12"[39m
                        [33mstroke-linecap[39m=[32m"round"[39m
                        [33mstroke-linejoin[39m=[32m"round"[39m
                      [36m/>[39m
                    [36m</svg>[39m
                  [36m</button>[39m
                [36m</div>[39m
                [36m<div[39m
                  [33mclass[39m=[32m"flex flex-wrap gap-2 mb-6"[39m
                [36m>[39m
                  [36m<span[39m
                    [33mclass[39m=[32m"px-3 py-1 text-sm font-medium rounded-full bg-green-100 dark:bg-green-900/20 text-green-800 dark:text-green-300"[39m
                  [36m>[39m
                    [0mActive[0m
                  [36m</span>[39m
                  [36m<span[39m
                    [33mclass[39m=[32m"px-3 py-1 text-sm bg-purple-100 dark:bg-purple-900/20 text-purple-800 dark:text-purple-300 rounded-full"[39m
                  [36m>[39m
                    [0mv1.0[0m
                  [36m</span>[39m
                  [36m<span[39m
                    [33mclass[39m=[32m"px-3 py-1 text-sm bg-blue-100 dark:bg-blue-900/20 text-blue-800 dark:text-blue-300 rounded-full"[39m
                  [36m>[39m
                    [0mtag1[0m
                  [36m</span>[39m
                  [36m<span[39m
                    [33mclass[39m=[32m"px-3 py-1 text-sm bg-blue-100 dark:bg-blue-900/20 text-blue-800 dark:text-blue-300 rounded-full"[39m
                  [36m>[39m
                    [0mtag2[0m
                  [36m</span>[39m
                [36m</div>[39m
                [36m<div[39m
                  [33maria-orientation[39m=[32m"horizontal"[39m
                  [33mclass[39m=[32m"flex space-x-1 rounded-xl bg-bg-secondary p-1 mb-6"[39m
                  [33mrole[39m=[32m"tablist"[39m
                [36m>[39m
                  [36m<button[39m
                    [33maria-controls[39m=[32m"headlessui-tabs-panel-:r51:"[39m
                    [33maria-selected[39m=[32m"false"[39m
                    [33mclass[39m=[32m"w-full rounded-lg py-2.5 text-sm font-medium leading-5 focus:outline-none focus:ring-2 ring-offset-2 ring-offset-bg ring-accent text-fg hover:bg-bg-secondary/[0.6] hover:text-accent"[39m
                    [33mdata-headlessui-state[39m=[32m""[39m
                    [33mid[39m=[32m"headlessui-tabs-tab-:r4t:"[39m
                    [33mrole[39m=[32m"tab"[39m
                    [33mtabindex[39m=[32m"-1"[39m
                    [33mtype[39m=[32m"button"[39m
                  [36m>[39m
                    [0mOverview[0m
                  [36m</button>[39m
                  [36m<button[39m
                    [33maria-controls[39m=[32m"headlessui-tabs-panel-:r52:"[39m
                    [33maria-selected[39m=[32m"true"[39m
                    [33mclass[39m=[32m"w-full rounded-lg py-2.5 text-sm font-medium leading-5 focus:outline-none focus:ring-2 ring-offset-2 ring-offset-bg ring-accent bg-accent text-white shadow"[39m
                    [33mdata-headlessui-state[39m=[32m"selected"[39m
                    [33mid[39m=[32m"headlessui-tabs-tab-:r4u:"[39m
                    [33mrole[39m=[32m"tab"[39m
                    [33mtabindex[39m=[32m"0"[39m
                    [33mtype[39m=[32m"button"[39m
                  [36m>[39m
                    [0mVersion History[0m
                  [36m</button>[39m
                  [36m<button[39m
                    [33maria-controls[39m=[32m"headlessui-tabs-panel-:r53:"[39m
                    [33maria-selected[39m=[32m"false"[39m
                    [33mclass[39m=[32m"w-full rounded-lg py-2.5 text-sm font-medium leading-5 focus:outline-none focus:ring-2 ring-offset-2 ring-offset-bg ring-accent text-fg hover:bg-bg-secondary/[0.6] hover:text-accent"[39m
                    [33mdata-headlessui-state[39m=[32m""[39m
                    [33mid[39m=[32m"headlessui-tabs-tab-:r4v:"[39m
                    [33mrole[39m=[32m"tab"[39m
                    [33mtabindex[39m=[32m"-1"[39m
                    [33mtype[39m=[32m"button"[39m
                  [36m>[39m
                    [0mUsage Analytics[0m
                  [36m</button>[39m
                  [36m<button[39m
                    [33maria-controls[39m=[32m"headlessui-tabs-panel-:r54:"[39m
                    [33maria-selected[39m=[32m"false"[39m
                    [33mclass[39m=[32m"w-full rounded-lg py-2.5 text-sm font-medium leading-5 focus:outline-none focus:ring-2 ring-offset-2 ring-offset-bg ring-accent text-fg hover:bg-bg-secondary/[0.6] hover:text-accent"[39m
                    [33mdata-headlessui-state[39m=[32m""[39m
                    [33mid[39m=[32m"headlessui-tabs-tab-:r50:"[39m
                    [33mrole[39m=[32m"tab"[39m
                    [33mtabindex[39m=[32m"-1"[39m
                    [33mtype[39m=[32m"button"[39m
                  [36m>[39m
                    [0mChecksum[0m
                  [36m</button>[39m
                [36m</div>[39m
                [36m<div[39m
                  [33mclass[39m=[32m"mt-2"[39m
                [36m>[39m
                  [36m<span[39m
                    [33maria-hidden[39m=[32m"true"[39m
                    [33maria-labelledby[39m=[32m"headlessui-tabs-tab-:r4t:"[39m
                    [33mid[39m=[32m"headlessui-tabs-panel-:r51:"[39m
                    [33mrole[39m=[32m"tabpanel"[39m
                    [33mstyle[39m=[32m"position: fixed; top: 1px; left: 1px; width: 1px; height: 0px; padding: 0px; margin: -1px; overflow: hidden; clip: rect(0, 0, 0, 0); white-space: nowrap; border-width: 0px;"[39m
                    [33mtabindex[39m=[32m"-1"[39m
                  [36m/>[39m
                  [36m<div[39m
                    [33maria-labelledby[39m=[32m"headlessui-tabs-tab-:r4u:"[39m
                    [33mclass[39m=[32m"rounded-xl bg-bg p-4 focus:outline-none max-h-[60vh] overflow-y-auto"[39m
                    [33mdata-headlessui-state[39m=[32m"selected"[39m
                    [33mid[39m=[32m"headlessui-tabs-panel-:r52:"[39m
                    [33mrole[39m=[32m"tabpanel"[39m
                    [33mtabindex[39m=[32m"0"[39m
                  [36m>[39m
                    [36m<div[39m
                      [33mclass[39m=[32m"space-y-6"[39m
                    [36m>[39m
                      [36m<div[39m
                        [33mclass[39m=[32m"text-center py-12"[39m
                      [36m>[39m
                        [36m<svg[39m
                          [33maria-hidden[39m=[32m"true"[39m
                          [33mclass[39m=[32m"w-12 h-12 text-fg mx-auto mb-3"[39m
                          [33mdata-slot[39m=[32m"icon"[39m
                          [33mfill[39m=[32m"none"[39m
                          [33mstroke[39m=[32m"currentColor"[39m
                          [33mstroke-width[39m=[32m"1.5"[39m
                          [33mviewBox[39m=[32m"0 0 24 24"[39m
                          [33mxmlns[39m=[32m"http://www.w3.org/2000/svg"[39m
                        [36m>[39m
                          [36m<path[39m
                            [33md[39m=[32m"M12 6v6h4.5m4.5 0a9 9 0 1 1-18 0 9 9 0 0 1 18 0Z"[39m
                            [33mstroke-linecap[39m=[32m"round"[39m
                            [33mstroke-linejoin[39m=[32m"round"[39m
                          [36m/>[39m
                        [36m</svg>[39m
                        [36m<p[39m
                          [33mclass[39m=[32m"text-fg mb-2"[39m
                        [36m>[39m
                          [0mNo version history[0m
                        [36m</p>[39m
                        [36m<p[39m
                          [33mclass[39m=[32m"text-sm text-fg"[39m
                        [36m>[39m
                          [0mThis component has no version history yet.[0m
                        [36m</p>[39m
                      [36m</div>[39m
                    [36m</div>[39m
                  [36m</div>[39m
                  [36m<span[39m
                    [33maria-hidden[39m=[32m"true"[39m
                    [33maria-labelledby[39m=[32m"headlessui-tabs-tab-:r4v:"[39m
                    [33mid[39m=[32m"headlessui-tabs-panel-:r53:"[39m
                    [33mrole[39m=[32m"tabpanel"[39m
                    [33mstyle[39m=[32m"position: fixed; top: 1px; left: 1px; width: 1px; height: 0px; padding: 0px; margin: -1px; overflow: hidden; clip: rect(0, 0, 0, 0); white-space: nowrap; border-width: 0px;"[39m
                    [33mtabindex[39m=[32m"-1"[39m
                  [36m/>[39m
                  [36m<span[39m
                    [33maria-hidden[39m=[32m"true"[39m
                    [33maria-labelledby[39m=[32m"headlessui-tabs-tab-:r50:"[39m
                    [33mid[39m=[32m"headlessui-tabs-panel-:r54:"[39m
                    [33mrole[39m=[32m"tabpanel"[39m
                    [33mstyle[39m=[32m"position: fixed; top: 1px; left: 1px; width: 1px; height: 0px; padding: 0px; margin: -1px; overflow: hidden; clip: rect(0, 0, 0, 0); white-space: nowrap; border-width: 0px;"[39m
                    [33mtabindex[39m=[32m"-1"[39m
                  [36m/>[39m
                [36m</div>[39m
                [36m<div[39m
                  [33mclass[39m=[32m"flex items-center justify-end gap-3 mt-6 pt-4 border-t border-border"[39m
                [36m>[39m
                  [36m<button[39m
                    [33mclass[39m=[32m"px-4 py-2 text-fg hover:text-accent"[39m
                  [36m>[39m
                    [0mClose[0m
                  [36m</button>[39m
                  [36m<button[39m
                    [33mclass[39m=[32m"px-4 py-2 bg-accent text-white rounded-lg hover:bg-accent-dark"[39m
                  [36m>[39m
                    [0mEdit Component[0m
                  [36m</button>[39m
                [36m</div>[39m
              [36m</div>[39m
            [36m</div>[39m
          [36m</div>[39m
        [36m</div>[39m
      [36m</div>[39m
      [36m<button[39m
        [33maria-hidden[39m=[32m"true"[39m
        [33mdata-headlessui-focus-guard[39m=[32m"true"[39m
        [33mstyle[39m=[32m"position: fixed; top: 1px; left: 1px; width: 1px; height: 0px; padding: 0px; margin: -1px; overflow: hidden; clip: rect(0, 0, 0, 0); white-space: nowrap; border-width: 0px;"[39m
        [33mtype[39m=[32m"button"[39m
      [36m/>[39m
    [36m</div>[39m
  [36m</div>[39m
[36m</body>[39m

Ignored nodes: comments, script, style
[36m<html[39m
  [33mstyle[39m=[32m"overflow: hidden; padding-right: 1024px;"[39m
[36m>[39m
  [36m<head />[39m
  [36m<body>[39m
    [36m<div[39m
      [33maria-hidden[39m=[32m"true"[39m
      [33minert[39m=[32m""[39m
    [36m>[39m
      [36m<div[39m
        [33mhidden[39m=[32m""[39m
        [33mstyle[39m=[32m"position: fixed; top: 1px; left: 1px; width: 1px; height: 0px; padding: 0px; margin: -1px; overflow: hidden; clip: rect(0, 0, 0, 0); white-space: nowrap; border-width: 0px; display: none;"[39m
      [36m/>[39m
    [36m</div>[39m
    [36m<div[39m
      [33mid[39m=[32m"headlessui-portal-root"[39m
    [36m>[39m
      [36m<div[39m
        [33mdata-headlessui-portal[39m=[32m""[39m
      [36m>[39m
        [36m<button[39m
          [33maria-hidden[39m=[32m"true"[39m
          [33mdata-headlessui-focus-guard[39m=[32m"true"[39m
          [33mstyle[39m=[32m"position: fixed; top: 1px; left: 1px; width: 1px; height: 0px; padding: 0px; margin: -1px; overflow: hidden; clip: rect(0, 0, 0, 0); white-space: nowrap; border-width: 0px;"[39m
          [33mtype[39m=[32m"button"[39m
        [36m/>[39m
        [36m<div>[39m
          [36m<div[39m
            [33maria-labelledby[39m=[32m"headlessui-dialog-title-:r4s:"[39m
            [33maria-modal[39m=[32m"true"[39m
            [33mclass[39m=[32m"relative z-50"[39m
            [33mdata-headlessui-state[39m=[32m"open"[39m
            [33mid[39m=[32m"headlessui-dialog-:r4q:"[39m
            [33mrole[39m=[32m"dialog"[39m
          [36m>[39m
            [36m<div[39m
              [33mclass[39m=[32m"fixed inset-0 bg-black bg-opacity-25 dark:bg-opacity-50"[39m
            [36m/>[39m
            [36m<div[39m
              [33mclass[39m=[32m"fixed inset-0 overflow-y-auto"[39m
            [36m>[39m
              [36m<div[39m
                [33mclass[39m=[32m"flex min-h-full items-center justify-center p-4"[39m
              [36m>[39m
                [36m<div[39m
                  [33mclass[39m=[32m"w-full max-w-6xl transform overflow-hidden rounded-2xl bg-card p-6 text-left align-middle shadow-xl transition-all"[39m
                  [33mdata-headlessui-state[39m=[32m"open"[39m
                  [33mid[39m=[32m"headlessui-dialog-panel-:r4r:"[39m
                [36m>[39m
                  [36m<div[39m
                    [33mclass[39m=[32m"flex items-start justify-between mb-6"[39m
                  [36m>[39m
                    [36m<div>[39m
                      [36m<h3[39m
                        [33mclass[39m=[32m"text-2xl font-bold text-fg"[39m
                        [33mdata-headlessui-state[39m=[32m"open"[39m
                        [33mid[39m=[32m"headlessui-dialog-title-:r4s:"[39m
                      [36m>[39m
                        [0mTest Component[0m
                      [36m</h3>[39m
                      [36m<p[39m
                        [33mclass[39m=[32m"mt-1 text-fg"[39m
                      [36m>[39m
                        [0mTest component description[0m
                      [36m</p>[39m
                    [36m</div>[39m
                    [36m<button[39m
                      [33mclass[39m=[32m"text-fg hover:text-accent"[39m
                    [36m>[39m
                      [36m<svg[39m
                        [33maria-hidden[39m=[32m"true"[39m
                        [33mclass[39m=[32m"w-6 h-6"[39m
                        [33mdata-slot[39m=[32m"icon"[39m
                        [33mfill[39m=[32m"none"[39m
                        [33mstroke[39m=[32m"currentColor"[39m
                        [33mstroke-width[39m=[32m"1.5"[39m
                        [33mviewBox[39m=[32m"0 0 24 24"[39m
                        [33mxmlns[39m=[32m"http://www.w3.org/2000/svg"[39m
                      [36m>[39m
                        [36m<path[39m
                          [33md[39m=[32m"M6 18 18 6M6 6l12 12"[39m
                          [33mstroke-linecap[39m=[32m"round"[39m
                          [33mstroke-linejoin[39m=[32m"round"[39m
                        [36m/>[39m
                      [36m</svg>[39m
                    [36m</button>[39m
                  [36m</div>[39m
                  [36m<div[39m
                    [33mclass[39m=[32m"flex flex-wrap gap-2 mb-6"[39m
                  [36m>[39m
                    [36m<span[39m
                      [33mclass[39m=[32m"px-3 py-1 text-sm font-medium rounded-full bg-green-100 dark:bg-green-900/20 text-green-800 dark:text-green-300"[39m
                    [36m>[39m
                      [0mActive[0m
                    [36m</span>[39m
                    [36m<span[39m
                      [33mclass[39m=[32m"px-3 py-1 text-sm bg-purple-100 dark:bg-purple-900/20 text-purple-800 dark:text-purple-300 rounded-full"[39m
                    [36m>[39m
                      [0mv1.0[0m
                    [36m</span>[39m
                    [36m<span[39m
                      [33mclass[39m=[32m"px-3 py-1 text-sm bg-blue-100 dark:bg-blue-900/20 text-blue-800 dark:text-blue-300 rounded-full"[39m
                    [36m>[39m
                      [0mtag1[0m
                    [36m</span>[39m
                    [36m<span[39m
                      [33mclass[39m=[32m"px-3 py-1 text-sm bg-blue-100 dark:bg-blue-900/20 text-blue-800 dark:text-blue-300 rounded-full"[39m
                    [36m>[39m
                      [0mtag2[0m
                    [36m</span>[39m
                  [36m</div>[39m
                  [36m<div[39m
                    [33maria-orientation[39m=[32m"horizontal"[39m
                    [33mclass[39m=[32m"flex space-x-1 rounded-xl bg-bg-secondary p-1 mb-6"[39m
                    [33mrole[39m=[32m"tablist"[39m
                  [36m>[39m
                    [36m<button[39m
                      [33maria-controls[39m=[32m"headlessui-tabs-panel-:r51:"[39m
                      [33maria-selected[39m=[32m"false"[39m
                      [33mclass[39m=[32m"w-full rounded-lg py-2.5 text-sm font-medium leading-5 focus:outline-none focus:ring-2 ring-offset-2 ring-offset-bg ring-accent text-fg hover:bg-bg-secondary/[0.6] hover:text-accent"[39m
                      [33mdata-headlessui-state[39m=[32m""[39m
                      [33mid[39m=[32m"headlessui-tabs-tab-:r4t:"[39m
                      [33mrole[39m=[32m"tab"[39m
                      [33mtabindex[39m=[32m"-1"[39m
                      [33mtype[39m=[32m"button"[39m
                    [36m>[39m
                      [0mOverview[0m
                    [36m</button>[39m
                    [36m<button[39m
                      [33maria-controls[39m=[32m"headlessui-tabs-panel-:r52:"[39m
                      [33maria-selected[39m=[32m"true"[39m
                      [33mclass[39m=[32m"w-full rounded-lg py-2.5 text-sm font-medium leading-5 focus:outline-none focus:ring-2 ring-offset-2 ring-offset-bg ring-accent bg-accent text-white shadow"[39m
                      [33mdata-headlessui-state[39m=[32m"selected"[39m
                      [33mid[39m=[32m"headlessui-tabs-tab-:r4u:"[39m
                      [33mrole[39m=[32m"tab"[39m
                      [33mtabindex[39m=[32m"0"[39m
                      [33mtype[39m=[32m"button"[39m
                    [36m>[39m
                      [0mVersion History[0m
                    [36m</button>[39m
                    [36m<button[39m
                      [33maria-controls[39m=[32m"headlessui-tabs-panel-:r53:"[39m
                      [33maria-selected[39m=[32m"false"[39m
                      [33mclass[39m=[32m"w-full rounded-lg py-2.5 text-sm font-medium leading-5 focus:outline-none focus:ring-2 ring-offset-2 ring-offset-bg ring-accent text-fg hover:bg-bg-secondary/[0.6] hover:text-accent"[39m
                      [33mdata-headlessui-state[39m=[32m""[39m
                      [33mid[39m=[32m"headlessui-tabs-tab-:r4v:"[39m
                      [33mrole[39m=[32m"tab"[39m
                      [33mtabindex[39m=[32m"-1"[39m
                      [33mtype[39m=[32m"button"[39m
                    [36m>[39m
                      [0mUsage Analytics[0m
                    [36m</button>[39m
                    [36m<button[39m
                      [33maria-controls[39m=[32m"headlessui-tabs-panel-:r54:"[39m
                      [33maria-selected[39m=[32m"false"[39m
                      [33mclass[39m=[32m"w-full rounded-lg py-2.5 text-sm font-medium leading-5 focus:outline-none focus:ring-2 ring-offset-2 ring-offset-bg ring-accent text-fg hover:bg-bg-secondary/[0.6] hover:text-accent"[39m
                      [33mdata-headlessui-state[39m=[32m""[39m
                      [33mid[39m=[32m"headlessui-tabs-tab-:r50:"[39m
                      [33mrole[39m=[32m"tab"[39m
                      [33mtabindex[39m=[32m"-1"[39m
                      [33mtype[39m=[32m"button"[39m
                    [36m>[39m
                      [0mChecksum[0m
                    [36m</button>[39m
                  [36m</div>[39m
                  [36m<div[39m
                    [33mclass[39m=[32m"mt-2"[39m
                  [36m>[39m
                    [36m<span[39m
                      [33maria-hidden[39m=[32m"true"[39m
                      [33maria-labelledby[39m=[32m"headlessui-tabs-tab-:r4t:"[39m
                      [33mid[39m=[32m"headlessui-tabs-panel-:r51:"[39m
                      [33mrole[39m=[32m"tabpanel"[39m
                      [33mstyle[39m=[32m"position: fixed; top: 1px; left: 1px; width: 1px; height: 0px; padding: 0px; margin: -1px; overflow: hidden; clip: rect(0, 0, 0, 0); white-space: nowrap; border-width: 0px;"[39m
                      [33mtabindex[39m=[32m"-1"[39m
                    [36m/>[39m
                    [36m<div[39m
                      [33maria-labelledby[39m=[32m"headlessui-tabs-tab-:r4u:"[39m
                      [33mclass[39m=[32m"rounded-xl bg-bg p-4 focus:outline-none max-h-[60vh] overflow-y-auto"[39m
                      [33mdata-headlessui-state[39m=[32m"selected"[39m
                      [33mid[39m=[32m"headlessui-tabs-panel-:r52:"[39m
                      [33mrole[39m=[32m"tabpanel"[39m
                      [33mtabindex[39m=[32m"0"[39m
                    [36m>[39m
                      [36m<div[39m
                        [33mclass[39m=[32m"space-y-6"[39m
                      [36m>[39m
                        [36m<div[39m
                          [33mclass[39m=[32m"text-center py-12"[39m
                        [36m>[39m
                          [36m<svg[39m
                            [33maria-hidden[39m=[32m"true"[39m
                            [33mclass[39m=[32m"w-12 h-12 text-fg mx-auto mb-3"[39m
                            [33mdata-slot[39m=[32m"icon"[39m
                            [33mfill[39m=[32m"none"[39m
                            [33mstroke[39m=[32m"currentColor"[39m
                            [33mstroke-width[39m=[32m"1.5"[39m
                            [33mviewBox[39m=[32m"0 0 24 24"[39m
                            [33mxmlns[39m=[32m"http://www.w3.org/2000/svg"[39m
                          [36m>[39m
                            [36m<path[39m
                              [33md[39m=[32m"M12 6v6h4.5m4.5 0a9 9 0 1 1-18 0 9 9 0 0 1 18 0Z"[39m
                              [33mstroke-linecap[39m=[32m"round"[39m
                              [33mstroke-linejoin[39m=[32m"round"[39m
                            [36m/>[39m
                          [36m</svg>[39m
                          [36m<p[39m
                            [33mclass[39m=[32m"text-fg mb-2"[39m
                          [36m>[39m
                            [0mNo version history[0m
                          [36m</p>[39m
                          [36m<p[39m
                            [33mclass[39m=[32m"text-sm text-fg"[39m
                          [36m>[39m
                            [0mThis component has no version history yet.[0m
                          [36m</p>[39m
                        [36m</div>[39m
                      [36m</div>[39m
                    [36m</div>[39m
                    [36m<span[39m
                      [33maria-hidden[39m=[32m"true"[39m
                      [33maria-labelledby[39m=[32m"headlessui-tabs-tab-:r4v:"[39m
                      [33mid[39m=[32m"headlessui-tabs-panel-:r53:"[39m
                      [33mrole[39m=[32m"tabpanel"[39m
                      [33mstyle[39m=[32m"position: fixed; top: 1px; left: 1px; width: 1px; height: 0px; padding: 0px; margin: -1px; overflow: hidden; clip: rect(0, 0, 0, 0); white-space: nowrap; border-width: 0px;"[39m
                      [33mtabindex[39m=[32m"-1"[39m
                    [36m/>[39m
                    [36m<span[39m
                      [33maria-hidden[39m=[32m"true"[39m
                      [33maria-labelledby[39m=[32m"headlessui-tabs-tab-:r50:"[39m
                      [33mid[39m=[32m"headlessui-tabs-panel-:r54:"[39m
                      [33mrole[39m=[32m"tabpanel"[39m
                      [33mstyle[39m=[32m"position: fixed; top: 1px; left: 1px; width: 1px; height: 0px; padding: 0px; margin: -1px; overflow: hidden; clip: rect(0, 0, 0, 0); white-space: nowrap; border-width: 0px;"[39m
                      [33mtabindex[39m=[32m"-1"[39m
                    [36m/>[39m
                  [36m</div>[39m
                  [36m<div[39m
                    [33mclass[39m=[32m"flex items-center justify-end gap-3 mt-6 pt-4 border-t border-border"[39m
                  [36m>[39m
                    [36m<button[39m
                      [33mclass[39m=[32m"px-4 py-2 text-fg hover:text-accent"[39m
                    [36m>[39m
                      [0mClose[0m
                    [36m</button>[39m
                    [36m<button[39m
                      [33mclass[39m=[32m"px-4 py-2 bg-accent text-white rounded-lg hover:bg-accent-dark"[39m
                    [36m>[39m
                      [0mEdit Component[0m
                    [36m</button>[39m
                  [36m</div>[39m
                [36m</div>[39m
              [36m</div>[39m
            [36m</div>[39m
          [36m</div>[39m
        [36m</div>[39m
        [36m<button[39m
          [33maria-hidden[39m=[32m"true"[39m
          [33mdata-headlessui-focus-guard[39m=[32m"true"[39m
          [33mstyle[39m=[32m"position: fixed; top: 1px; left: 1px; width: 1px; height: 0px; padding: 0px; margin: -1px; overflow: hidden; clip: rect(0, 0, 0, 0); white-space: nowrap; border-width: 0px;"[39m
          [33mtype[39m=[32m"button"[39m
        [36m/>[39m
      [36m</div>[39m
    [36m</div>[39m
  [36m</body>[39m
[36m</html>[39m
 ❯ Proxy.waitForWrapper ../../../AIStudio/node_modules/@testing-library/dom/dist/wait-for.js:163:27
 ❯ src/components/__tests__/ComponentDetailModal.test.tsx:388:13
    386|       await user.click(versionTab);
    387| 
    388|       await waitFor(() => {
       |             ^
    389|         expect(screen.getByText(/No version history/i)).toBeInTheDocum…
    390|       });

⎯⎯⎯⎯⎯⎯⎯⎯⎯⎯⎯⎯⎯⎯⎯⎯⎯⎯⎯⎯⎯[25/141]⎯

 FAIL  src/components/__tests__/ComponentDetailModal.test.tsx > ComponentDetailModal > Usage Analytics Tab > should display loading state while fetching analytics
TestingLibraryElementError: Unable to find an accessible element with the role "status"

Here are the accessible roles:

  dialog:

  Name "Test Component":
  [36m<div[39m
    [33maria-labelledby[39m=[32m"headlessui-dialog-title-:r8a:"[39m
    [33maria-modal[39m=[32m"true"[39m
    [33mclass[39m=[32m"relative z-50"[39m
    [33mdata-headlessui-state[39m=[32m"open"[39m
    [33mid[39m=[32m"headlessui-dialog-:r88:"[39m
    [33mrole[39m=[32m"dialog"[39m
  [36m/>[39m

  --------------------------------------------------
  heading:

  Name "Test Component":
  [36m<h3[39m
    [33mclass[39m=[32m"text-2xl font-bold text-fg"[39m
    [33mdata-headlessui-state[39m=[32m"open"[39m
    [33mid[39m=[32m"headlessui-dialog-title-:r8a:"[39m
  [36m/>[39m

  --------------------------------------------------
  paragraph:

  Name "":
  [36m<p[39m
    [33mclass[39m=[32m"mt-1 text-fg"[39m
  [36m/>[39m

  --------------------------------------------------
  button:

  Name "":
  [36m<button[39m
    [33mclass[39m=[32m"text-fg hover:text-accent"[39m
  [36m/>[39m

  Name "Close":
  [36m<button[39m
    [33mclass[39m=[32m"px-4 py-2 text-fg hover:text-accent"[39m
  [36m/>[39m

  Name "Edit Component":
  [36m<button[39m
    [33mclass[39m=[32m"px-4 py-2 bg-accent text-white rounded-lg hover:bg-accent-dark"[39m
  [36m/>[39m

  --------------------------------------------------
  tablist:

  Name "":
  [36m<div[39m
    [33maria-orientation[39m=[32m"horizontal"[39m
    [33mclass[39m=[32m"flex space-x-1 rounded-xl bg-bg-secondary p-1 mb-6"[39m
    [33mrole[39m=[32m"tablist"[39m
  [36m/>[39m

  --------------------------------------------------
  tab:

  Name "Overview":
  [36m<button[39m
    [33maria-controls[39m=[32m"headlessui-tabs-panel-:r8f:"[39m
    [33maria-selected[39m=[32m"false"[39m
    [33mclass[39m=[32m"w-full rounded-lg py-2.5 text-sm font-medium leading-5 focus:outline-none focus:ring-2 ring-offset-2 ring-offset-bg ring-accent text-fg hover:bg-bg-secondary/[0.6] hover:text-accent"[39m
    [33mdata-headlessui-state[39m=[32m""[39m
    [33mid[39m=[32m"headlessui-tabs-tab-:r8b:"[39m
    [33mrole[39m=[32m"tab"[39m
    [33mtabindex[39m=[32m"-1"[39m
    [33mtype[39m=[32m"button"[39m
  [36m/>[39m

  Name "Version History":
  [36m<button[39m
    [33maria-controls[39m=[32m"headlessui-tabs-panel-:r8g:"[39m
    [33maria-selected[39m=[32m"false"[39m
    [33mclass[39m=[32m"w-full rounded-lg py-2.5 text-sm font-medium leading-5 focus:outline-none focus:ring-2 ring-offset-2 ring-offset-bg ring-accent text-fg hover:bg-bg-secondary/[0.6] hover:text-accent"[39m
    [33mdata-headlessui-state[39m=[32m""[39m
    [33mid[39m=[32m"headlessui-tabs-tab-:r8c:"[39m
    [33mrole[39m=[32m"tab"[39m
    [33mtabindex[39m=[32m"-1"[39m
    [33mtype[39m=[32m"button"[39m
  [36m/>[39m

  Name "Usage Analytics":
  [36m<button[39m
    [33maria-controls[39m=[32m"headlessui-tabs-panel-:r8h:"[39m
    [33maria-selected[39m=[32m"true"[39m
    [33mclass[39m=[32m"w-full rounded-lg py-2.5 text-sm font-medium leading-5 focus:outline-none focus:ring-2 ring-offset-2 ring-offset-bg ring-accent bg-accent text-white shadow"[39m
    [33mdata-headlessui-state[39m=[32m"selected"[39m
    [33mid[39m=[32m"headlessui-tabs-tab-:r8d:"[39m
    [33mrole[39m=[32m"tab"[39m
    [33mtabindex[39m=[32m"0"[39m
    [33mtype[39m=[32m"button"[39m
  [36m/>[39m

  Name "Checksum":
  [36m<button[39m
    [33maria-controls[39m=[32m"headlessui-tabs-panel-:r8i:"[39m
    [33maria-selected[39m=[32m"false"[39m
    [33mclass[39m=[32m"w-full rounded-lg py-2.5 text-sm font-medium leading-5 focus:outline-none focus:ring-2 ring-offset-2 ring-offset-bg ring-accent text-fg hover:bg-bg-secondary/[0.6] hover:text-accent"[39m
    [33mdata-headlessui-state[39m=[32m""[39m
    [33mid[39m=[32m"headlessui-tabs-tab-:r8e:"[39m
    [33mrole[39m=[32m"tab"[39m
    [33mtabindex[39m=[32m"-1"[39m
    [33mtype[39m=[32m"button"[39m
  [36m/>[39m

  --------------------------------------------------
  tabpanel:

  Name "Usage Analytics":
  [36m<div[39m
    [33maria-labelledby[39m=[32m"headlessui-tabs-tab-:r8d:"[39m
    [33mclass[39m=[32m"rounded-xl bg-bg p-4 focus:outline-none max-h-[60vh] overflow-y-auto"[39m
    [33mdata-headlessui-state[39m=[32m"selected"[39m
    [33mid[39m=[32m"headlessui-tabs-panel-:r8h:"[39m
    [33mrole[39m=[32m"tabpanel"[39m
    [33mtabindex[39m=[32m"0"[39m
  [36m/>[39m

  --------------------------------------------------

Ignored nodes: comments, script, style
[36m<body>[39m
  [36m<div[39m
    [33maria-hidden[39m=[32m"true"[39m
    [33minert[39m=[32m""[39m
  [36m>[39m
    [36m<div[39m
      [33mhidden[39m=[32m""[39m
      [33mstyle[39m=[32m"position: fixed; top: 1px; left: 1px; width: 1px; height: 0px; padding: 0px; margin: -1px; overflow: hidden; clip: rect(0, 0, 0, 0); white-space: nowrap; border-width: 0px; display: none;"[39m
    [36m/>[39m
  [36m</div>[39m
  [36m<div[39m
    [33mid[39m=[32m"headlessui-portal-root"[39m
  [36m>[39m
    [36m<div[39m
      [33mdata-headlessui-portal[39m=[32m""[39m
    [36m>[39m
      [36m<button[39m
        [33maria-hidden[39m=[32m"true"[39m
        [33mdata-headlessui-focus-guard[39m=[32m"true"[39m
        [33mstyle[39m=[32m"position: fixed; top: 1px; left: 1px; width: 1px; height: 0px; padding: 0px; margin: -1px; overflow: hidden; clip: rect(0, 0, 0, 0); white-space: nowrap; border-width: 0px;"[39m
        [33mtype[39m=[32m"button"[39m
      [36m/>[39m
      [36m<div>[39m
        [36m<div[39m
          [33maria-labelledby[39m=[32m"headlessui-dialog-title-:r8a:"[39m
          [33maria-modal[39m=[32m"true"[39m
          [33mclass[39m=[32m"relative z-50"[39m
          [33mdata-headlessui-state[39m=[32m"open"[39m
          [33mid[39m=[32m"headlessui-dialog-:r88:"[39m
          [33mrole[39m=[32m"dialog"[39m
        [36m>[39m
          [36m<div[39m
            [33mclass[39m=[32m"fixed inset-0 bg-black bg-opacity-25 dark:bg-opacity-50"[39m
          [36m/>[39m
          [36m<div[39m
            [33mclass[39m=[32m"fixed inset-0 overflow-y-auto"[39m
          [36m>[39m
            [36m<div[39m
              [33mclass[39m=[32m"flex min-h-full items-center justify-center p-4"[39m
            [36m>[39m
              [36m<div[39m
                [33mclass[39m=[32m"w-full max-w-6xl transform overflow-hidden rounded-2xl bg-card p-6 text-left align-middle shadow-xl transition-all"[39m
                [33mdata-headlessui-state[39m=[32m"open"[39m
                [33mid[39m=[32m"headlessui-dialog-panel-:r89:"[39m
              [36m>[39m
                [36m<div[39m
                  [33mclass[39m=[32m"flex items-start justify-between mb-6"[39m
                [36m>[39m
                  [36m<div>[39m
                    [36m<h3[39m
                      [33mclass[39m=[32m"text-2xl font-bold text-fg"[39m
                      [33mdata-headlessui-state[39m=[32m"open"[39m
                      [33mid[39m=[32m"headlessui-dialog-title-:r8a:"[39m
                    [36m>[39m
                      [0mTest Component[0m
                    [36m</h3>[39m
                    [36m<p[39m
                      [33mclass[39m=[32m"mt-1 text-fg"[39m
                    [36m>[39m
                      [0mTest component description[0m
                    [36m</p>[39m
                  [36m</div>[39m
                  [36m<button[39m
                    [33mclass[39m=[32m"text-fg hover:text-accent"[39m
                  [36m>[39m
                    [36m<svg[39m
                      [33maria-hidden[39m=[32m"true"[39m
                      [33mclass[39m=[32m"w-6 h-6"[39m
                      [33mdata-slot[39m=[32m"icon"[39m
                      [33mfill[39m=[32m"none"[39m
                      [33mstroke[39m=[32m"currentColor"[39m
                      [33mstroke-width[39m=[32m"1.5"[39m
                      [33mviewBox[39m=[32m"0 0 24 24"[39m
                      [33mxmlns[39m=[32m"http://www.w3.org/2000/svg"[39m
                    [36m>[39m
                      [36m<path[39m
                        [33md[39m=[32m"M6 18 18 6M6 6l12 12"[39m
                        [33mstroke-linecap[39m=[32m"round"[39m
                        [33mstroke-linejoin[39m=[32m"round"[39m
                      [36m/>[39m
                    [36m</svg>[39m
                  [36m</button>[39m
                [36m</div>[39m
                [36m<div[39m
                  [33mclass[39m=[32m"flex flex-wrap gap-2 mb-6"[39m
                [36m>[39m
                  [36m<span[39m
                    [33mclass[39m=[32m"px-3 py-1 text-sm font-medium rounded-full bg-green-100 dark:bg-green-900/20 text-green-800 dark:text-green-300"[39m
                  [36m>[39m
                    [0mActive[0m
                  [36m</span>[39m
                  [36m<span[39m
                    [33mclass[39m=[32m"px-3 py-1 text-sm bg-purple-100 dark:bg-purple-900/20 text-purple-800 dark:text-purple-300 rounded-full"[39m
                  [36m>[39m
                    [0mv1.0[0m
                  [36m</span>[39m
                  [36m<span[39m
                    [33mclass[39m=[32m"px-3 py-1 text-sm bg-blue-100 dark:bg-blue-900/20 text-blue-800 dark:text-blue-300 rounded-full"[39m
                  [36m>[39m
                    [0mtag1[0m
                  [36m</span>[39m
                  [36m<span[39m
                    [33mclass[39m=[32m"px-3 py-1 text-sm bg-blue-100 dark:bg-blue-900/20 text-blue-800 dark:text-blue-300 rounded-full"[39m
                  [36m>[39m
                    [0mtag2[0m
                  [36m</span>[39m
                [36m</div>[39m
                [36m<div[39m
                  [33maria-orientation[39m=[32m"horizontal"[39m
                  [33mclass[39m=[32m"flex space-x-1 rounded-xl bg-bg-secondary p-1 mb-6"[39m
                  [33mrole[39m=[32m"tablist"[39m
                [36m>[39m
                  [36m<button[39m
                    [33maria-controls[39m=[32m"headlessui-tabs-panel-:r8f:"[39m
                    [33maria-selected[39m=[32m"false"[39m
                    [33mclass[39m=[32m"w-full rounded-lg py-2.5 text-sm font-medium leading-5 focus:outline-none focus:ring-2 ring-offset-2 ring-offset-bg ring-accent text-fg hover:bg-bg-secondary/[0.6] hover:text-accent"[39m
                    [33mdata-headlessui-state[39m=[32m""[39m
                    [33mid[39m=[32m"headlessui-tabs-tab-:r8b:"[39m
                    [33mrole[39m=[32m"tab"[39m
                    [33mtabindex[39m=[32m"-1"[39m
                    [33mtype[39m=[32m"button"[39m
                  [36m>[39m
                    [0mOverview[0m
                  [36m</button>[39m
                  [36m<button[39m
                    [33maria-controls[39m=[32m"headlessui-tabs-panel-:r8g:"[39m
                    [33maria-selected[39m=[32m"false"[39m
                    [33mclass[39m=[32m"w-full rounded-lg py-2.5 text-sm font-medium leading-5 focus:outline-none focus:ring-2 ring-offset-2 ring-offset-bg ring-accent text-fg hover:bg-bg-secondary/[0.6] hover:text-accent"[39m
                    [33mdata-headlessui-state[39m=[32m""[39m
                    [33mid[39m=[32m"headlessui-tabs-tab-:r8c:"[39m
                    [33mrole[39m=[32m"tab"[39m
                    [33mtabindex[39m=[32m"-1"[39m
                    [33mtype[39m=[32m"button"[39m
                  [36m>[39m
                    [0mVersion History[0m
                  [36m</button>[39m
                  [36m<button[39m
                    [33maria-controls[39m=[32m"headlessui-tabs-panel-:r8h:"[39m
                    [33maria-selected[39m=[32m"true"[39m
                    [33mclass[39m=[32m"w-full rounded-lg py-2.5 text-sm font-medium leading-5 focus:outline-none focus:ring-2 ring-offset-2 ring-offset-bg ring-accent bg-accent text-white shadow"[39m
                    [33mdata-headlessui-state[39m=[32m"selected"[39m
                    [33mid[39m=[32m"headlessui-tabs-tab-:r8d:"[39m
                    [33mrole[39m=[32m"tab"[39m
                    [33mtabindex[39m=[32m"0"[39m
                    [33mtype[39m=[32m"button"[39m
                  [36m>[39m
                    [0mUsage Analytics[0m
                  [36m</button>[39m
                  [36m<button[39m
                    [33maria-controls[39m=[32m"headlessui-tabs-panel-:r8i:"[39m
                    [33maria-selected[39m=[32m"false"[39m
                    [33mclass[39m=[32m"w-full rounded-lg py-2.5 text-sm font-medium leading-5 focus:outline-none focus:ring-2 ring-offset-2 ring-offset-bg ring-accent text-fg hover:bg-bg-secondary/[0.6] hover:text-accent"[39m
                    [33mdata-headlessui-state[39m=[32m""[39m
                    [33mid[39m=[32m"headlessui-tabs-tab-:r8e:"[39m
                    [33mrole[39m=[32m"tab"[39m
                    [33mtabindex[39m=[32m"-1"[39m
                    [33mtype[39m=[32m"button"[39m
                  [36m>[39m
                    [0mChecksum[0m
                  [36m</button>[39m
                [36m</div>[39m
                [36m<div[39m
                  [33mclass[39m=[32m"mt-2"[39m
                [36m>[39m
                  [36m<span[39m
                    [33maria-hidden[39m=[32m"true"[39m
                    [33maria-labelledby[39m=[32m"headlessui-tabs-tab-:r8b:"[39m
                    [33mid[39m=[32m"headlessui-tabs-panel-:r8f:"[39m
                    [33mrole[39m=[32m"tabpanel"[39m
                    [33mstyle[39m=[32m"position: fixed; top: 1px; left: 1px; width: 1px; height: 0px; padding: 0px; margin: -1px; overflow: hidden; clip: rect(0, 0, 0, 0); white-space: nowrap; border-width: 0px;"[39m
                    [33mtabindex[39m=[32m"-1"[39m
                  [36m/>[39m
                  [36m<span[39m
                    [33maria-hidden[39m=[32m"true"[39m
                    [33maria-labelledby[39m=[32m"headlessui-tabs-tab-:r8c:"[39m
                    [33mid[39m=[32m"headlessui-tabs-panel-:r8g:"[39m
                    [33mrole[39m=[32m"tabpanel"[39m
                    [33mstyle[39m=[32m"position: fixed; top: 1px; left: 1px; width: 1px; height: 0px; padding: 0px; margin: -1px; overflow: hidden; clip: rect(0, 0, 0, 0); white-space: nowrap; border-width: 0px;"[39m
                    [33mtabindex[39m=[32m"-1"[39m
                  [36m/>[39m
                  [36m<div[39m
                    [33maria-labelledby[39m=[32m"headlessui-tabs-tab-:r8d:"[39m
                    [33mclass[39m=[32m"rounded-xl bg-bg p-4 focus:outline-none max-h-[60vh] overflow-y-auto"[39m
                    [33mdata-headlessui-state[39m=[32m"selected"[39m
                    [33mid[39m=[32m"headlessui-tabs-panel-:r8h:"[39m
                    [33mrole[39m=[32m"tabpanel"[39m
                    [33mtabindex[39m=[32m"0"[39m
                  [36m>[39m
                    [36m<div[39m
                      [33mclass[39m=[32m"space-y-6"[39m
                    [36m>[39m
                      [36m<div[39m
                        [33mclass[39m=[32m"flex items-center justify-center py-12"[39m
                      [36m>[39m
                        [36m<div[39m
                          [33mclass[39m=[32m"animate-spin rounded-full h-8 w-8 border-b-2 border-accent"[39m
                        [36m/>[39m
                      [36m</div>[39m
                    [36m</div>[39m
                  [36m</div>[39m
                  [36m<span[39m
                    [33maria-hidden[39m=[32m"true"[39m
                    [33maria-labelledby[39m=[32m"headlessui-tabs-tab-:r8e:"[39m
                    [33mid[39m=[32m"headlessui-tabs-panel-:r8i:"[39m
                    [33mrole[39m=[32m"tabpanel"[39m
                    [33mstyle[39m=[32m"position: fixed; top: 1px; left: 1px; width: 1px; height: 0px; padding: 0px; margin: -1px; overflow: hidden; clip: rect(0, 0, 0, 0); white-space: nowrap; border-width: 0px;"[39m
                    [33mtabindex[39m=[32m"-1"[39m
                  [36m/>[39m
                [36m</div>[39m
                [36m<div[39m
                  [33mclass[39m=[32m"flex items-center justify-end gap-3 mt-6 pt-4 border-t border-border"[39m
                [36m>[39m
                  [36m<button[39m
                    [33mclass[39m=[32m"px-4 py-2 text-fg hover:text-accent"[39m
                  [36m>[39m
                    [0mClose[0m
                  [36m</button>[39m
                  [36m<button[39m
                    [33mclass[39m=[32m"px-4 py-2 bg-accent text-white rounded-lg hover:bg-accent-dark"[39m
                  [36m>[39m
                    [0mEdit Component[0m
                  [36m</button>[39m
                [36m</div>[39m
              [36m</div>[39m
            [36m</div>[39m
          [36m</div>[39m
        [36m</div>[39m
      [36m</div>[39m
      [36m<button[39m
        [33maria-hidden[39m=[32m"true"[39m
        [33mdata-headlessui-focus-guard[39m=[32m"true"[39m
        [33mstyle[39m=[32m"position: fixed; top: 1px; left: 1px; width: 1px; height: 0px; padding: 0px; margin: -1px; overflow: hidden; clip: rect(0, 0, 0, 0); white-space: nowrap; border-width: 0px;"[39m
        [33mtype[39m=[32m"button"[39m
      [36m/>[39m
    [36m</div>[39m
  [36m</div>[39m
[36m</body>[39m
 ❯ Object.getElementError ../../../AIStudio/node_modules/@testing-library/dom/dist/config.js:37:19
 ❯ ../../../AIStudio/node_modules/@testing-library/dom/dist/query-helpers.js:76:38
 ❯ ../../../AIStudio/node_modules/@testing-library/dom/dist/query-helpers.js:52:17
 ❯ ../../../AIStudio/node_modules/@testing-library/dom/dist/query-helpers.js:95:19
 ❯ src/components/__tests__/ComponentDetailModal.test.tsx:533:21
    531|       await user.click(analyticsTab);
    532| 
    533|       expect(screen.getByRole('status')).toBeInTheDocument();
       |                     ^
    534|     });
    535| 

⎯⎯⎯⎯⎯⎯⎯⎯⎯⎯⎯⎯⎯⎯⎯⎯⎯⎯⎯⎯⎯[26/141]⎯

 FAIL  src/components/__tests__/ComponentDetailModal.test.tsx > ComponentDetailModal > Usage Analytics Tab > should display workflows using this component
TestingLibraryElementError: Found multiple elements with the text: Test Workflow 1

Here are the matching elements:

Ignored nodes: comments, script, style
[36m<td[39m
  [33mclass[39m=[32m"px-3 py-2 text-sm text-fg"[39m
[36m>[39m
  [0mTest Workflow 1[0m
[36m</td>[39m

Ignored nodes: comments, script, style
[36m<td[39m
  [33mclass[39m=[32m"px-3 py-2 text-sm text-fg"[39m
[36m>[39m
  [0mTest Workflow 1[0m
[36m</td>[39m

(If this is intentional, then use the `*AllBy*` variant of the query (like `queryAllByText`, `getAllByText`, or `findAllByText`)).

Ignored nodes: comments, script, style
[36m<body>[39m
  [36m<div[39m
    [33maria-hidden[39m=[32m"true"[39m
    [33minert[39m=[32m""[39m
  [36m>[39m
    [36m<div[39m
      [33mhidden[39m=[32m""[39m
      [33mstyle[39m=[32m"position: fixed; top: 1px; left: 1px; width: 1px; height: 0px; padding: 0px; margin: -1px; overflow: hidden; clip: rect(0, 0, 0, 0); white-space: nowrap; border-width: 0px; display: none;"[39m
    [36m/>[39m
  [36m</div>[39m
  [36m<div[39m
    [33mid[39m=[32m"headlessui-portal-root"[39m
  [36m>[39m
    [36m<div[39m
      [33mdata-headlessui-portal[39m=[32m""[39m
    [36m>[39m
      [36m<button[39m
        [33maria-hidden[39m=[32m"true"[39m
        [33mdata-headlessui-focus-guard[39m=[32m"true"[39m
        [33mstyle[39m=[32m"position: fixed; top: 1px; left: 1px; width: 1px; height: 0px; padding: 0px; margin: -1px; overflow: hidden; clip: rect(0, 0, 0, 0); white-space: nowrap; border-width: 0px;"[39m
        [33mtype[39m=[32m"button"[39m
      [36m/>[39m
      [36m<div>[39m
        [36m<div[39m
          [33maria-labelledby[39m=[32m"headlessui-dialog-title-:ra1:"[39m
          [33maria-modal[39m=[32m"true"[39m
          [33mclass[39m=[32m"relative z-50"[39m
          [33mdata-headlessui-state[39m=[32m"open"[39m
          [33mid[39m=[32m"headlessui-dialog-:r9v:"[39m
          [33mrole[39m=[32m"dialog"[39m
        [36m>[39m
          [36m<div[39m
            [33mclass[39m=[32m"fixed inset-0 bg-black bg-opacity-25 dark:bg-opacity-50"[39m
          [36m/>[39m
          [36m<div[39m
            [33mclass[39m=[32m"fixed inset-0 overflow-y-auto"[39m
          [36m>[39m
            [36m<div[39m
              [33mclass[39m=[32m"flex min-h-full items-center justify-center p-4"[39m
            [36m>[39m
              [36m<div[39m
                [33mclass[39m=[32m"w-full max-w-6xl transform overflow-hidden rounded-2xl bg-card p-6 text-left align-middle shadow-xl transition-all"[39m
                [33mdata-headlessui-state[39m=[32m"open"[39m
                [33mid[39m=[32m"headlessui-dialog-panel-:ra0:"[39m
              [36m>[39m
                [36m<div[39m
                  [33mclass[39m=[32m"flex items-start justify-between mb-6"[39m
                [36m>[39m
                  [36m<div>[39m
                    [36m<h3[39m
                      [33mclass[39m=[32m"text-2xl font-bold text-fg"[39m
                      [33mdata-headlessui-state[39m=[32m"open"[39m
                      [33mid[39m=[32m"headlessui-dialog-title-:ra1:"[39m
                    [36m>[39m
                      [0mTest Component[0m
                    [36m</h3>[39m
                    [36m<p[39m
                      [33mclass[39m=[32m"mt-1 text-fg"[39m
                    [36m>[39m
                      [0mTest component description[0m
                    [36m</p>[39m
                  [36m</div>[39m
                  [36m<button[39m
                    [33mclass[39m=[32m"text-fg hover:text-accent"[39m
                  [36m>[39m
                    [36m<svg[39m
                      [33maria-hidden[39m=[32m"true"[39m
                      [33mclass[39m=[32m"w-6 h-6"[39m
                      [33mdata-slot[39m=[32m"icon"[39m
                      [33mfill[39m=[32m"none"[39m
                      [33mstroke[39m=[32m"currentColor"[39m
                      [33mstroke-width[39m=[32m"1.5"[39m
                      [33mviewBox[39m=[32m"0 0 24 24"[39m
                      [33mxmlns[39m=[32m"http://www.w3.org/2000/svg"[39m
                    [36m>[39m
                      [36m<path[39m
                        [33md[39m=[32m"M6 18 18 6M6 6l12 12"[39m
                        [33mstroke-linecap[39m=[32m"round"[39m
                        [33mstroke-linejoin[39m=[32m"round"[39m
                      [36m/>[39m
                    [36m</svg>[39m
                  [36m</button>[39m
                [36m</div>[39m
                [36m<div[39m
                  [33mclass[39m=[32m"flex flex-wrap gap-2 mb-6"[39m
                [36m>[39m
                  [36m<span[39m
                    [33mclass[39m=[32m"px-3 py-1 text-sm font-medium rounded-full bg-green-100 dark:bg-green-900/20 text-green-800 dark:text-green-300"[39m
                  [36m>[39m
                    [0mActive[0m
                  [36m</span>[39m
                  [36m<span[39m
                    [33mclass[39m=[32m"px-3 py-1 text-sm bg-purple-100 dark:bg-purple-900/20 text-purple-800 dark:text-purple-300 rounded-full"[39m
                  [36m>[39m
                    [0mv1.0[0m
                  [36m</span>[39m
                  [36m<span[39m
                    [33mclass[39m=[32m"px-3 py-1 text-sm bg-blue-100 dark:bg-blue-900/20 text-blue-800 dark:text-blue-300 rounded-full"[39m
                  [36m>[39m
                    [0mtag1[0m
                  [36m</span>[39m
                  [36m<span[39m
                    [33mclass[39m=[32m"px-3 py-1 text-sm bg-blue-100 dark:bg-blue-900/20 text-blue-800 dark:text-blue-300 rounded-full"[39m
                  [36m>[39m
                    [0mtag2[0m
                  [36m</span>[39m
                [36m</div>[39m
                [36m<div[39m
                  [33maria-orientation[39m=[32m"horizontal"[39m
                  [33mclass[39m=[32m"flex space-x-1 rounded-xl bg-bg-secondary p-1 mb-6"[39m
                  [33mrole[39m=[32m"tablist"[39m
                [36m>[39m
                  [36m<button[39m
                    [33maria-controls[39m=[32m"headlessui-tabs-panel-:ra6:"[39m
                    [33maria-selected[39m=[32m"false"[39m
                    [33mclass[39m=[32m"w-full rounded-lg py-2.5 text-sm font-medium leading-5 focus:outline-none focus:ring-2 ring-offset-2 ring-offset-bg ring-accent text-fg hover:bg-bg-secondary/[0.6] hover:text-accent"[39m
                    [33mdata-headlessui-state[39m=[32m""[39m
                    [33mid[39m=[32m"headlessui-tabs-tab-:ra2:"[39m
                    [33mrole[39m=[32m"tab"[39m
                    [33mtabindex[39m=[32m"-1"[39m
                    [33mtype[39m=[32m"button"[39m
                  [36m>[39m
                    [0mOverview[0m
                  [36m</button>[39m
                  [36m<button[39m
                    [33maria-controls[39m=[32m"headlessui-tabs-panel-:ra7:"[39m
                    [33maria-selected[39m=[32m"false"[39m
                    [33mclass[39m=[32m"w-full rounded-lg py-2.5 text-sm font-medium leading-5 focus:outline-none focus:ring-2 ring-offset-2 ring-offset-bg ring-accent text-fg hover:bg-bg-secondary/[0.6] hover:text-accent"[39m
                    [33mdata-headlessui-state[39m=[32m""[39m
                    [33mid[39m=[32m"headlessui-tabs-tab-:ra3:"[39m
     ...

Ignored nodes: comments, script, style
[36m<html[39m
  [33mstyle[39m=[32m"overflow: hidden; padding-right: 1024px;"[39m
[36m>[39m
  [36m<head />[39m
  [36m<body>[39m
    [36m<div[39m
      [33maria-hidden[39m=[32m"true"[39m
      [33minert[39m=[32m""[39m
    [36m>[39m
      [36m<div[39m
        [33mhidden[39m=[32m""[39m
        [33mstyle[39m=[32m"position: fixed; top: 1px; left: 1px; width: 1px; height: 0px; padding: 0px; margin: -1px; overflow: hidden; clip: rect(0, 0, 0, 0); white-space: nowrap; border-width: 0px; display: none;"[39m
      [36m/>[39m
    [36m</div>[39m
    [36m<div[39m
      [33mid[39m=[32m"headlessui-portal-root"[39m
    [36m>[39m
      [36m<div[39m
        [33mdata-headlessui-portal[39m=[32m""[39m
      [36m>[39m
        [36m<button[39m
          [33maria-hidden[39m=[32m"true"[39m
          [33mdata-headlessui-focus-guard[39m=[32m"true"[39m
          [33mstyle[39m=[32m"position: fixed; top: 1px; left: 1px; width: 1px; height: 0px; padding: 0px; margin: -1px; overflow: hidden; clip: rect(0, 0, 0, 0); white-space: nowrap; border-width: 0px;"[39m
          [33mtype[39m=[32m"button"[39m
        [36m/>[39m
        [36m<div>[39m
          [36m<div[39m
            [33maria-labelledby[39m=[32m"headlessui-dialog-title-:ra1:"[39m
            [33maria-modal[39m=[32m"true"[39m
            [33mclass[39m=[32m"relative z-50"[39m
            [33mdata-headlessui-state[39m=[32m"open"[39m
            [33mid[39m=[32m"headlessui-dialog-:r9v:"[39m
            [33mrole[39m=[32m"dialog"[39m
          [36m>[39m
            [36m<div[39m
              [33mclass[39m=[32m"fixed inset-0 bg-black bg-opacity-25 dark:bg-opacity-50"[39m
            [36m/>[39m
            [36m<div[39m
              [33mclass[39m=[32m"fixed inset-0 overflow-y-auto"[39m
            [36m>[39m
              [36m<div[39m
                [33mclass[39m=[32m"flex min-h-full items-center justify-center p-4"[39m
              [36m>[39m
                [36m<div[39m
                  [33mclass[39m=[32m"w-full max-w-6xl transform overflow-hidden rounded-2xl bg-card p-6 text-left align-middle shadow-xl transition-all"[39m
                  [33mdata-headlessui-state[39m=[32m"open"[39m
                  [33mid[39m=[32m"headlessui-dialog-panel-:ra0:"[39m
                [36m>[39m
                  [36m<div[39m
                    [33mclass[39m=[32m"flex items-start justify-between mb-6"[39m
                  [36m>[39m
                    [36m<div>[39m
                      [36m<h3[39m
                        [33mclass[39m=[32m"text-2xl font-bold text-fg"[39m
                        [33mdata-headlessui-state[39m=[32m"open"[39m
                        [33mid[39m=[32m"headlessui-dialog-title-:ra1:"[39m
                      [36m>[39m
                        [0mTest Component[0m
                      [36m</h3>[39m
                      [36m<p[39m
                        [33mclass[39m=[32m"mt-1 text-fg"[39m
                      [36m>[39m
                        [0mTest component description[0m
                      [36m</p>[39m
                    [36m</div>[39m
                    [36m<button[39m
                      [33mclass[39m=[32m"text-fg hover:text-accent"[39m
                    [36m>[39m
                      [36m<svg[39m
                        [33maria-hidden[39m=[32m"true"[39m
                        [33mclass[39m=[32m"w-6 h-6"[39m
                        [33mdata-slot[39m=[32m"icon"[39m
                        [33mfill[39m=[32m"none"[39m
                        [33mstroke[39m=[32m"currentColor"[39m
                        [33mstroke-width[39m=[32m"1.5"[39m
                        [33mviewBox[39m=[32m"0 0 24 24"[39m
                        [33mxmlns[39m=[32m"http://www.w3.org/2000/svg"[39m
                      [36m>[39m
                        [36m<path[39m
                          [33md[39m=[32m"M6 18 18 6M6 6l12 12"[39m
                          [33mstroke-linecap[39m=[32m"round"[39m
                          [33mstroke-linejoin[39m=[32m"round"[39m
                        [36m/>[39m
                      [36m</svg>[39m
                    [36m</button>[39m
                  [36m</div>[39m
                  [36m<div[39m
                    [33mclass[39m=[32m"flex flex-wrap gap-2 mb-6"[39m
                  [36m>[39m
                    [36m<span[39m
                      [33mclass[39m=[32m"px-3 py-1 text-sm font-medium rounded-full bg-green-100 dark:bg-green-900/20 text-green-800 dark:text-green-300"[39m
                    [36m>[39m
                      [0mActive[0m
                    [36m</span>[39m
                    [36m<span[39m
                      [33mclass[39m=[32m"px-3 py-1 text-sm bg-purple-100 dark:bg-purple-900/20 text-purple-800 dark:text-purple-300 rounded-full"[39m
                    [36m>[39m
                      [0mv1.0[0m
                    [36m</span>[39m
                    [36m<span[39m
                      [33mclass[39m=[32m"px-3 py-1 text-sm bg-blue-100 dark:bg-blue-900/20 text-blue-800 dark:text-blue-300 rounded-full"[39m
                    [36m>[39m
                      [0mtag1[0m
                    [36m</span>[39m
                    [36m<span[39m
                      [33mclass[39m=[32m"px-3 py-1 text-sm bg-blue-100 dark:bg-blue-900/20 text-blue-800 dark:text-blue-300 rounded-full"[39m
                    [36m>[39m
                      [0mtag2[0m
                    [36m</span>[39m
                  [36m</div>[39m
                  [36m<div[39m
                    [33maria-orientation[39m=[32m"horizontal"[39m
                    [33mclass[39m=[32m"flex space-x-1 rounded-xl bg-bg-secondary p-1 mb-6"[39m
                    [33mrole[39m=[32m"tablist"[39m
                  [36m>[39m
                    [36m<button[39m
                      [33maria-controls[39m=[32m"headlessui-tabs-panel-:ra6:"[39m
                      [33maria-selected[39m=[32m"false"[39m
                      [33mclass[39m=[32m"w-full rounded-lg py-2.5 text-sm font-medium leading-5 focus:outline-none focus:ring-2 ring-offset-2 ring-offset-bg ring-accent text-fg hover:bg-bg-secondary/[0.6] hover:text-accent"[39m
                      [33mdata-headlessui-state[39m=[32m""[39m
                      [33mid[39m=[32m"headlessui-tabs-tab-:ra2:"[39m
                      [33mrole[39m=[32m"tab"[39m
                      [33mtabindex[39m=[32m"-1"[39m
                      [33mtype[39m=[32m"button"[39m
                    [36m>[39m
                      [0mOverview[0m
                    [36m</button>[39m
                    [36m<button[39m
                      [33maria-controls[39m=[32m"headlessui-tabs-panel-:ra7:"[39m
                      [33maria-selected[39m=[32m"false"[3...
 ❯ Proxy.waitForWrapper ../../../AIStudio/node_modules/@testing-library/dom/dist/wait-for.js:163:27
 ❯ src/components/__tests__/ComponentDetailModal.test.tsx:604:13
    602|       await user.click(analyticsTab);
    603| 
    604|       await waitFor(() => {
       |             ^
    605|         expect(screen.getByText('Test Workflow 1')).toBeInTheDocument(…
    606|         expect(screen.getByText('Test Workflow 2')).toBeInTheDocument(…

⎯⎯⎯⎯⎯⎯⎯⎯⎯⎯⎯⎯⎯⎯⎯⎯⎯⎯⎯⎯⎯[27/141]⎯

 FAIL  src/components/__tests__/ComponentDetailModal.test.tsx > ComponentDetailModal > Usage Analytics Tab > should display execution history table
TestingLibraryElementError: Found multiple elements with the text: Test Workflow 1

Here are the matching elements:

Ignored nodes: comments, script, style
[36m<td[39m
  [33mclass[39m=[32m"px-3 py-2 text-sm text-fg"[39m
[36m>[39m
  [0mTest Workflow 1[0m
[36m</td>[39m

Ignored nodes: comments, script, style
[36m<td[39m
  [33mclass[39m=[32m"px-3 py-2 text-sm text-fg"[39m
[36m>[39m
  [0mTest Workflow 1[0m
[36m</td>[39m

(If this is intentional, then use the `*AllBy*` variant of the query (like `queryAllByText`, `getAllByText`, or `findAllByText`)).

Ignored nodes: comments, script, style
[36m<body>[39m
  [36m<div[39m
    [33maria-hidden[39m=[32m"true"[39m
    [33minert[39m=[32m""[39m
  [36m>[39m
    [36m<div[39m
      [33mhidden[39m=[32m""[39m
      [33mstyle[39m=[32m"position: fixed; top: 1px; left: 1px; width: 1px; height: 0px; padding: 0px; margin: -1px; overflow: hidden; clip: rect(0, 0, 0, 0); white-space: nowrap; border-width: 0px; display: none;"[39m
    [36m/>[39m
  [36m</div>[39m
  [36m<div[39m
    [33mid[39m=[32m"headlessui-portal-root"[39m
  [36m>[39m
    [36m<div[39m
      [33mdata-headlessui-portal[39m=[32m""[39m
    [36m>[39m
      [36m<button[39m
        [33maria-hidden[39m=[32m"true"[39m
        [33mdata-headlessui-focus-guard[39m=[32m"true"[39m
        [33mstyle[39m=[32m"position: fixed; top: 1px; left: 1px; width: 1px; height: 0px; padding: 0px; margin: -1px; overflow: hidden; clip: rect(0, 0, 0, 0); white-space: nowrap; border-width: 0px;"[39m
        [33mtype[39m=[32m"button"[39m
      [36m/>[39m
      [36m<div>[39m
        [36m<div[39m
          [33maria-labelledby[39m=[32m"headlessui-dialog-title-:ran:"[39m
          [33maria-modal[39m=[32m"true"[39m
          [33mclass[39m=[32m"relative z-50"[39m
          [33mdata-headlessui-state[39m=[32m"open"[39m
          [33mid[39m=[32m"headlessui-dialog-:ral:"[39m
          [33mrole[39m=[32m"dialog"[39m
        [36m>[39m
          [36m<div[39m
            [33mclass[39m=[32m"fixed inset-0 bg-black bg-opacity-25 dark:bg-opacity-50"[39m
          [36m/>[39m
          [36m<div[39m
            [33mclass[39m=[32m"fixed inset-0 overflow-y-auto"[39m
          [36m>[39m
            [36m<div[39m
              [33mclass[39m=[32m"flex min-h-full items-center justify-center p-4"[39m
            [36m>[39m
              [36m<div[39m
                [33mclass[39m=[32m"w-full max-w-6xl transform overflow-hidden rounded-2xl bg-card p-6 text-left align-middle shadow-xl transition-all"[39m
                [33mdata-headlessui-state[39m=[32m"open"[39m
                [33mid[39m=[32m"headlessui-dialog-panel-:ram:"[39m
              [36m>[39m
                [36m<div[39m
                  [33mclass[39m=[32m"flex items-start justify-between mb-6"[39m
                [36m>[39m
                  [36m<div>[39m
                    [36m<h3[39m
                      [33mclass[39m=[32m"text-2xl font-bold text-fg"[39m
                      [33mdata-headlessui-state[39m=[32m"open"[39m
                      [33mid[39m=[32m"headlessui-dialog-title-:ran:"[39m
                    [36m>[39m
                      [0mTest Component[0m
                    [36m</h3>[39m
                    [36m<p[39m
                      [33mclass[39m=[32m"mt-1 text-fg"[39m
                    [36m>[39m
                      [0mTest component description[0m
                    [36m</p>[39m
                  [36m</div>[39m
                  [36m<button[39m
                    [33mclass[39m=[32m"text-fg hover:text-accent"[39m
                  [36m>[39m
                    [36m<svg[39m
                      [33maria-hidden[39m=[32m"true"[39m
                      [33mclass[39m=[32m"w-6 h-6"[39m
                      [33mdata-slot[39m=[32m"icon"[39m
                      [33mfill[39m=[32m"none"[39m
                      [33mstroke[39m=[32m"currentColor"[39m
                      [33mstroke-width[39m=[32m"1.5"[39m
                      [33mviewBox[39m=[32m"0 0 24 24"[39m
                      [33mxmlns[39m=[32m"http://www.w3.org/2000/svg"[39m
                    [36m>[39m
                      [36m<path[39m
                        [33md[39m=[32m"M6 18 18 6M6 6l12 12"[39m
                        [33mstroke-linecap[39m=[32m"round"[39m
                        [33mstroke-linejoin[39m=[32m"round"[39m
                      [36m/>[39m
                    [36m</svg>[39m
                  [36m</button>[39m
                [36m</div>[39m
                [36m<div[39m
                  [33mclass[39m=[32m"flex flex-wrap gap-2 mb-6"[39m
                [36m>[39m
                  [36m<span[39m
                    [33mclass[39m=[32m"px-3 py-1 text-sm font-medium rounded-full bg-green-100 dark:bg-green-900/20 text-green-800 dark:text-green-300"[39m
                  [36m>[39m
                    [0mActive[0m
                  [36m</span>[39m
                  [36m<span[39m
                    [33mclass[39m=[32m"px-3 py-1 text-sm bg-purple-100 dark:bg-purple-900/20 text-purple-800 dark:text-purple-300 rounded-full"[39m
                  [36m>[39m
                    [0mv1.0[0m
                  [36m</span>[39m
                  [36m<span[39m
                    [33mclass[39m=[32m"px-3 py-1 text-sm bg-blue-100 dark:bg-blue-900/20 text-blue-800 dark:text-blue-300 rounded-full"[39m
                  [36m>[39m
                    [0mtag1[0m
                  [36m</span>[39m
                  [36m<span[39m
                    [33mclass[39m=[32m"px-3 py-1 text-sm bg-blue-100 dark:bg-blue-900/20 text-blue-800 dark:text-blue-300 rounded-full"[39m
                  [36m>[39m
                    [0mtag2[0m
                  [36m</span>[39m
                [36m</div>[39m
                [36m<div[39m
                  [33maria-orientation[39m=[32m"horizontal"[39m
                  [33mclass[39m=[32m"flex space-x-1 rounded-xl bg-bg-secondary p-1 mb-6"[39m
                  [33mrole[39m=[32m"tablist"[39m
                [36m>[39m
                  [36m<button[39m
                    [33maria-controls[39m=[32m"headlessui-tabs-panel-:ras:"[39m
                    [33maria-selected[39m=[32m"false"[39m
                    [33mclass[39m=[32m"w-full rounded-lg py-2.5 text-sm font-medium leading-5 focus:outline-none focus:ring-2 ring-offset-2 ring-offset-bg ring-accent text-fg hover:bg-bg-secondary/[0.6] hover:text-accent"[39m
                    [33mdata-headlessui-state[39m=[32m""[39m
                    [33mid[39m=[32m"headlessui-tabs-tab-:rao:"[39m
                    [33mrole[39m=[32m"tab"[39m
                    [33mtabindex[39m=[32m"-1"[39m
                    [33mtype[39m=[32m"button"[39m
                  [36m>[39m
                    [0mOverview[0m
                  [36m</button>[39m
                  [36m<button[39m
                    [33maria-controls[39m=[32m"headlessui-tabs-panel-:rat:"[39m
                    [33maria-selected[39m=[32m"false"[39m
                    [33mclass[39m=[32m"w-full rounded-lg py-2.5 text-sm font-medium leading-5 focus:outline-none focus:ring-2 ring-offset-2 ring-offset-bg ring-accent text-fg hover:bg-bg-secondary/[0.6] hover:text-accent"[39m
                    [33mdata-headlessui-state[39m=[32m""[39m
                    [33mid[39m=[32m"headlessui-tabs-tab-:rap:"[39m
     ...

Ignored nodes: comments, script, style
[36m<html[39m
  [33mstyle[39m=[32m"overflow: hidden; padding-right: 1024px;"[39m
[36m>[39m
  [36m<head />[39m
  [36m<body>[39m
    [36m<div[39m
      [33maria-hidden[39m=[32m"true"[39m
      [33minert[39m=[32m""[39m
    [36m>[39m
      [36m<div[39m
        [33mhidden[39m=[32m""[39m
        [33mstyle[39m=[32m"position: fixed; top: 1px; left: 1px; width: 1px; height: 0px; padding: 0px; margin: -1px; overflow: hidden; clip: rect(0, 0, 0, 0); white-space: nowrap; border-width: 0px; display: none;"[39m
      [36m/>[39m
    [36m</div>[39m
    [36m<div[39m
      [33mid[39m=[32m"headlessui-portal-root"[39m
    [36m>[39m
      [36m<div[39m
        [33mdata-headlessui-portal[39m=[32m""[39m
      [36m>[39m
        [36m<button[39m
          [33maria-hidden[39m=[32m"true"[39m
          [33mdata-headlessui-focus-guard[39m=[32m"true"[39m
          [33mstyle[39m=[32m"position: fixed; top: 1px; left: 1px; width: 1px; height: 0px; padding: 0px; margin: -1px; overflow: hidden; clip: rect(0, 0, 0, 0); white-space: nowrap; border-width: 0px;"[39m
          [33mtype[39m=[32m"button"[39m
        [36m/>[39m
        [36m<div>[39m
          [36m<div[39m
            [33maria-labelledby[39m=[32m"headlessui-dialog-title-:ran:"[39m
            [33maria-modal[39m=[32m"true"[39m
            [33mclass[39m=[32m"relative z-50"[39m
            [33mdata-headlessui-state[39m=[32m"open"[39m
            [33mid[39m=[32m"headlessui-dialog-:ral:"[39m
            [33mrole[39m=[32m"dialog"[39m
          [36m>[39m
            [36m<div[39m
              [33mclass[39m=[32m"fixed inset-0 bg-black bg-opacity-25 dark:bg-opacity-50"[39m
            [36m/>[39m
            [36m<div[39m
              [33mclass[39m=[32m"fixed inset-0 overflow-y-auto"[39m
            [36m>[39m
              [36m<div[39m
                [33mclass[39m=[32m"flex min-h-full items-center justify-center p-4"[39m
              [36m>[39m
                [36m<div[39m
                  [33mclass[39m=[32m"w-full max-w-6xl transform overflow-hidden rounded-2xl bg-card p-6 text-left align-middle shadow-xl transition-all"[39m
                  [33mdata-headlessui-state[39m=[32m"open"[39m
                  [33mid[39m=[32m"headlessui-dialog-panel-:ram:"[39m
                [36m>[39m
                  [36m<div[39m
                    [33mclass[39m=[32m"flex items-start justify-between mb-6"[39m
                  [36m>[39m
                    [36m<div>[39m
                      [36m<h3[39m
                        [33mclass[39m=[32m"text-2xl font-bold text-fg"[39m
                        [33mdata-headlessui-state[39m=[32m"open"[39m
                        [33mid[39m=[32m"headlessui-dialog-title-:ran:"[39m
                      [36m>[39m
                        [0mTest Component[0m
                      [36m</h3>[39m
                      [36m<p[39m
                        [33mclass[39m=[32m"mt-1 text-fg"[39m
                      [36m>[39m
                        [0mTest component description[0m
                      [36m</p>[39m
                    [36m</div>[39m
                    [36m<button[39m
                      [33mclass[39m=[32m"text-fg hover:text-accent"[39m
                    [36m>[39m
                      [36m<svg[39m
                        [33maria-hidden[39m=[32m"true"[39m
                        [33mclass[39m=[32m"w-6 h-6"[39m
                        [33mdata-slot[39m=[32m"icon"[39m
                        [33mfill[39m=[32m"none"[39m
                        [33mstroke[39m=[32m"currentColor"[39m
                        [33mstroke-width[39m=[32m"1.5"[39m
                        [33mviewBox[39m=[32m"0 0 24 24"[39m
                        [33mxmlns[39m=[32m"http://www.w3.org/2000/svg"[39m
                      [36m>[39m
                        [36m<path[39m
                          [33md[39m=[32m"M6 18 18 6M6 6l12 12"[39m
                          [33mstroke-linecap[39m=[32m"round"[39m
                          [33mstroke-linejoin[39m=[32m"round"[39m
                        [36m/>[39m
                      [36m</svg>[39m
                    [36m</button>[39m
                  [36m</div>[39m
                  [36m<div[39m
                    [33mclass[39m=[32m"flex flex-wrap gap-2 mb-6"[39m
                  [36m>[39m
                    [36m<span[39m
                      [33mclass[39m=[32m"px-3 py-1 text-sm font-medium rounded-full bg-green-100 dark:bg-green-900/20 text-green-800 dark:text-green-300"[39m
                    [36m>[39m
                      [0mActive[0m
                    [36m</span>[39m
                    [36m<span[39m
                      [33mclass[39m=[32m"px-3 py-1 text-sm bg-purple-100 dark:bg-purple-900/20 text-purple-800 dark:text-purple-300 rounded-full"[39m
                    [36m>[39m
                      [0mv1.0[0m
                    [36m</span>[39m
                    [36m<span[39m
                      [33mclass[39m=[32m"px-3 py-1 text-sm bg-blue-100 dark:bg-blue-900/20 text-blue-800 dark:text-blue-300 rounded-full"[39m
                    [36m>[39m
                      [0mtag1[0m
                    [36m</span>[39m
                    [36m<span[39m
                      [33mclass[39m=[32m"px-3 py-1 text-sm bg-blue-100 dark:bg-blue-900/20 text-blue-800 dark:text-blue-300 rounded-full"[39m
                    [36m>[39m
                      [0mtag2[0m
                    [36m</span>[39m
                  [36m</div>[39m
                  [36m<div[39m
                    [33maria-orientation[39m=[32m"horizontal"[39m
                    [33mclass[39m=[32m"flex space-x-1 rounded-xl bg-bg-secondary p-1 mb-6"[39m
                    [33mrole[39m=[32m"tablist"[39m
                  [36m>[39m
                    [36m<button[39m
                      [33maria-controls[39m=[32m"headlessui-tabs-panel-:ras:"[39m
                      [33maria-selected[39m=[32m"false"[39m
                      [33mclass[39m=[32m"w-full rounded-lg py-2.5 text-sm font-medium leading-5 focus:outline-none focus:ring-2 ring-offset-2 ring-offset-bg ring-accent text-fg hover:bg-bg-secondary/[0.6] hover:text-accent"[39m
                      [33mdata-headlessui-state[39m=[32m""[39m
                      [33mid[39m=[32m"headlessui-tabs-tab-:rao:"[39m
                      [33mrole[39m=[32m"tab"[39m
                      [33mtabindex[39m=[32m"-1"[39m
                      [33mtype[39m=[32m"button"[39m
                    [36m>[39m
                      [0mOverview[0m
                    [36m</button>[39m
                    [36m<button[39m
                      [33maria-controls[39m=[32m"headlessui-tabs-panel-:rat:"[39m
                      [33maria-selected[39m=[32m"false"[3...
 ❯ Proxy.waitForWrapper ../../../AIStudio/node_modules/@testing-library/dom/dist/wait-for.js:163:27
 ❯ src/components/__tests__/ComponentDetailModal.test.tsx:632:13
    630|       await user.click(analyticsTab);
    631| 
    632|       await waitFor(() => {
       |             ^
    633|         expect(screen.getByText('Test Workflow 1')).toBeInTheDocument(…
    634|         expect(screen.getByText('completed')).toBeInTheDocument();

⎯⎯⎯⎯⎯⎯⎯⎯⎯⎯⎯⎯⎯⎯⎯⎯⎯⎯⎯⎯⎯[28/141]⎯

 FAIL  src/components/__tests__/ComponentDetailModal.test.tsx > ComponentDetailModal > Loading and Error States > should show loading spinner in version history tab
TestingLibraryElementError: Unable to find an accessible element with the role "status"

Here are the accessible roles:

  dialog:

  Name "Test Component":
  [36m<div[39m
    [33maria-labelledby[39m=[32m"headlessui-dialog-title-:rf6:"[39m
    [33maria-modal[39m=[32m"true"[39m
    [33mclass[39m=[32m"relative z-50"[39m
    [33mdata-headlessui-state[39m=[32m"open"[39m
    [33mid[39m=[32m"headlessui-dialog-:rf4:"[39m
    [33mrole[39m=[32m"dialog"[39m
  [36m/>[39m

  --------------------------------------------------
  heading:

  Name "Test Component":
  [36m<h3[39m
    [33mclass[39m=[32m"text-2xl font-bold text-fg"[39m
    [33mdata-headlessui-state[39m=[32m"open"[39m
    [33mid[39m=[32m"headlessui-dialog-title-:rf6:"[39m
  [36m/>[39m

  --------------------------------------------------
  paragraph:

  Name "":
  [36m<p[39m
    [33mclass[39m=[32m"mt-1 text-fg"[39m
  [36m/>[39m

  --------------------------------------------------
  button:

  Name "":
  [36m<button[39m
    [33mclass[39m=[32m"text-fg hover:text-accent"[39m
  [36m/>[39m

  Name "Close":
  [36m<button[39m
    [33mclass[39m=[32m"px-4 py-2 text-fg hover:text-accent"[39m
  [36m/>[39m

  Name "Edit Component":
  [36m<button[39m
    [33mclass[39m=[32m"px-4 py-2 bg-accent text-white rounded-lg hover:bg-accent-dark"[39m
  [36m/>[39m

  --------------------------------------------------
  tablist:

  Name "":
  [36m<div[39m
    [33maria-orientation[39m=[32m"horizontal"[39m
    [33mclass[39m=[32m"flex space-x-1 rounded-xl bg-bg-secondary p-1 mb-6"[39m
    [33mrole[39m=[32m"tablist"[39m
  [36m/>[39m

  --------------------------------------------------
  tab:

  Name "Overview":
  [36m<button[39m
    [33maria-controls[39m=[32m"headlessui-tabs-panel-:rfb:"[39m
    [33maria-selected[39m=[32m"false"[39m
    [33mclass[39m=[32m"w-full rounded-lg py-2.5 text-sm font-medium leading-5 focus:outline-none focus:ring-2 ring-offset-2 ring-offset-bg ring-accent text-fg hover:bg-bg-secondary/[0.6] hover:text-accent"[39m
    [33mdata-headlessui-state[39m=[32m""[39m
    [33mid[39m=[32m"headlessui-tabs-tab-:rf7:"[39m
    [33mrole[39m=[32m"tab"[39m
    [33mtabindex[39m=[32m"-1"[39m
    [33mtype[39m=[32m"button"[39m
  [36m/>[39m

  Name "Version History":
  [36m<button[39m
    [33maria-controls[39m=[32m"headlessui-tabs-panel-:rfc:"[39m
    [33maria-selected[39m=[32m"true"[39m
    [33mclass[39m=[32m"w-full rounded-lg py-2.5 text-sm font-medium leading-5 focus:outline-none focus:ring-2 ring-offset-2 ring-offset-bg ring-accent bg-accent text-white shadow"[39m
    [33mdata-headlessui-state[39m=[32m"selected"[39m
    [33mid[39m=[32m"headlessui-tabs-tab-:rf8:"[39m
    [33mrole[39m=[32m"tab"[39m
    [33mtabindex[39m=[32m"0"[39m
    [33mtype[39m=[32m"button"[39m
  [36m/>[39m

  Name "Usage Analytics":
  [36m<button[39m
    [33maria-controls[39m=[32m"headlessui-tabs-panel-:rfd:"[39m
    [33maria-selected[39m=[32m"false"[39m
    [33mclass[39m=[32m"w-full rounded-lg py-2.5 text-sm font-medium leading-5 focus:outline-none focus:ring-2 ring-offset-2 ring-offset-bg ring-accent text-fg hover:bg-bg-secondary/[0.6] hover:text-accent"[39m
    [33mdata-headlessui-state[39m=[32m""[39m
    [33mid[39m=[32m"headlessui-tabs-tab-:rf9:"[39m
    [33mrole[39m=[32m"tab"[39m
    [33mtabindex[39m=[32m"-1"[39m
    [33mtype[39m=[32m"button"[39m
  [36m/>[39m

  Name "Checksum":
  [36m<button[39m
    [33maria-controls[39m=[32m"headlessui-tabs-panel-:rfe:"[39m
    [33maria-selected[39m=[32m"false"[39m
    [33mclass[39m=[32m"w-full rounded-lg py-2.5 text-sm font-medium leading-5 focus:outline-none focus:ring-2 ring-offset-2 ring-offset-bg ring-accent text-fg hover:bg-bg-secondary/[0.6] hover:text-accent"[39m
    [33mdata-headlessui-state[39m=[32m""[39m
    [33mid[39m=[32m"headlessui-tabs-tab-:rfa:"[39m
    [33mrole[39m=[32m"tab"[39m
    [33mtabindex[39m=[32m"-1"[39m
    [33mtype[39m=[32m"button"[39m
  [36m/>[39m

  --------------------------------------------------
  tabpanel:

  Name "Version History":
  [36m<div[39m
    [33maria-labelledby[39m=[32m"headlessui-tabs-tab-:rf8:"[39m
    [33mclass[39m=[32m"rounded-xl bg-bg p-4 focus:outline-none max-h-[60vh] overflow-y-auto"[39m
    [33mdata-headlessui-state[39m=[32m"selected"[39m
    [33mid[39m=[32m"headlessui-tabs-panel-:rfc:"[39m
    [33mrole[39m=[32m"tabpanel"[39m
    [33mtabindex[39m=[32m"0"[39m
  [36m/>[39m

  --------------------------------------------------

Ignored nodes: comments, script, style
[36m<body>[39m
  [36m<div[39m
    [33maria-hidden[39m=[32m"true"[39m
    [33minert[39m=[32m""[39m
  [36m>[39m
    [36m<div[39m
      [33mhidden[39m=[32m""[39m
      [33mstyle[39m=[32m"position: fixed; top: 1px; left: 1px; width: 1px; height: 0px; padding: 0px; margin: -1px; overflow: hidden; clip: rect(0, 0, 0, 0); white-space: nowrap; border-width: 0px; display: none;"[39m
    [36m/>[39m
  [36m</div>[39m
  [36m<div[39m
    [33mid[39m=[32m"headlessui-portal-root"[39m
  [36m>[39m
    [36m<div[39m
      [33mdata-headlessui-portal[39m=[32m""[39m
    [36m>[39m
      [36m<button[39m
        [33maria-hidden[39m=[32m"true"[39m
        [33mdata-headlessui-focus-guard[39m=[32m"true"[39m
        [33mstyle[39m=[32m"position: fixed; top: 1px; left: 1px; width: 1px; height: 0px; padding: 0px; margin: -1px; overflow: hidden; clip: rect(0, 0, 0, 0); white-space: nowrap; border-width: 0px;"[39m
        [33mtype[39m=[32m"button"[39m
      [36m/>[39m
      [36m<div>[39m
        [36m<div[39m
          [33maria-labelledby[39m=[32m"headlessui-dialog-title-:rf6:"[39m
          [33maria-modal[39m=[32m"true"[39m
          [33mclass[39m=[32m"relative z-50"[39m
          [33mdata-headlessui-state[39m=[32m"open"[39m
          [33mid[39m=[32m"headlessui-dialog-:rf4:"[39m
          [33mrole[39m=[32m"dialog"[39m
        [36m>[39m
          [36m<div[39m
            [33mclass[39m=[32m"fixed inset-0 bg-black bg-opacity-25 dark:bg-opacity-50"[39m
          [36m/>[39m
          [36m<div[39m
            [33mclass[39m=[32m"fixed inset-0 overflow-y-auto"[39m
          [36m>[39m
            [36m<div[39m
              [33mclass[39m=[32m"flex min-h-full items-center justify-center p-4"[39m
            [36m>[39m
              [36m<div[39m
                [33mclass[39m=[32m"w-full max-w-6xl transform overflow-hidden rounded-2xl bg-card p-6 text-left align-middle shadow-xl transition-all"[39m
                [33mdata-headlessui-state[39m=[32m"open"[39m
                [33mid[39m=[32m"headlessui-dialog-panel-:rf5:"[39m
              [36m>[39m
                [36m<div[39m
                  [33mclass[39m=[32m"flex items-start justify-between mb-6"[39m
                [36m>[39m
                  [36m<div>[39m
                    [36m<h3[39m
                      [33mclass[39m=[32m"text-2xl font-bold text-fg"[39m
                      [33mdata-headlessui-state[39m=[32m"open"[39m
                      [33mid[39m=[32m"headlessui-dialog-title-:rf6:"[39m
                    [36m>[39m
                      [0mTest Component[0m
                    [36m</h3>[39m
                    [36m<p[39m
                      [33mclass[39m=[32m"mt-1 text-fg"[39m
                    [36m>[39m
                      [0mTest component description[0m
                    [36m</p>[39m
                  [36m</div>[39m
                  [36m<button[39m
                    [33mclass[39m=[32m"text-fg hover:text-accent"[39m
                  [36m>[39m
                    [36m<svg[39m
                      [33maria-hidden[39m=[32m"true"[39m
                      [33mclass[39m=[32m"w-6 h-6"[39m
                      [33mdata-slot[39m=[32m"icon"[39m
                      [33mfill[39m=[32m"none"[39m
                      [33mstroke[39m=[32m"currentColor"[39m
                      [33mstroke-width[39m=[32m"1.5"[39m
                      [33mviewBox[39m=[32m"0 0 24 24"[39m
                      [33mxmlns[39m=[32m"http://www.w3.org/2000/svg"[39m
                    [36m>[39m
                      [36m<path[39m
                        [33md[39m=[32m"M6 18 18 6M6 6l12 12"[39m
                        [33mstroke-linecap[39m=[32m"round"[39m
                        [33mstroke-linejoin[39m=[32m"round"[39m
                      [36m/>[39m
                    [36m</svg>[39m
                  [36m</button>[39m
                [36m</div>[39m
                [36m<div[39m
                  [33mclass[39m=[32m"flex flex-wrap gap-2 mb-6"[39m
                [36m>[39m
                  [36m<span[39m
                    [33mclass[39m=[32m"px-3 py-1 text-sm font-medium rounded-full bg-green-100 dark:bg-green-900/20 text-green-800 dark:text-green-300"[39m
                  [36m>[39m
                    [0mActive[0m
                  [36m</span>[39m
                  [36m<span[39m
                    [33mclass[39m=[32m"px-3 py-1 text-sm bg-purple-100 dark:bg-purple-900/20 text-purple-800 dark:text-purple-300 rounded-full"[39m
                  [36m>[39m
                    [0mv1.0[0m
                  [36m</span>[39m
                  [36m<span[39m
                    [33mclass[39m=[32m"px-3 py-1 text-sm bg-blue-100 dark:bg-blue-900/20 text-blue-800 dark:text-blue-300 rounded-full"[39m
                  [36m>[39m
                    [0mtag1[0m
                  [36m</span>[39m
                  [36m<span[39m
                    [33mclass[39m=[32m"px-3 py-1 text-sm bg-blue-100 dark:bg-blue-900/20 text-blue-800 dark:text-blue-300 rounded-full"[39m
                  [36m>[39m
                    [0mtag2[0m
                  [36m</span>[39m
                [36m</div>[39m
                [36m<div[39m
                  [33maria-orientation[39m=[32m"horizontal"[39m
                  [33mclass[39m=[32m"flex space-x-1 rounded-xl bg-bg-secondary p-1 mb-6"[39m
                  [33mrole[39m=[32m"tablist"[39m
                [36m>[39m
                  [36m<button[39m
                    [33maria-controls[39m=[32m"headlessui-tabs-panel-:rfb:"[39m
                    [33maria-selected[39m=[32m"false"[39m
                    [33mclass[39m=[32m"w-full rounded-lg py-2.5 text-sm font-medium leading-5 focus:outline-none focus:ring-2 ring-offset-2 ring-offset-bg ring-accent text-fg hover:bg-bg-secondary/[0.6] hover:text-accent"[39m
                    [33mdata-headlessui-state[39m=[32m""[39m
                    [33mid[39m=[32m"headlessui-tabs-tab-:rf7:"[39m
                    [33mrole[39m=[32m"tab"[39m
                    [33mtabindex[39m=[32m"-1"[39m
                    [33mtype[39m=[32m"button"[39m
                  [36m>[39m
                    [0mOverview[0m
                  [36m</button>[39m
                  [36m<button[39m
                    [33maria-controls[39m=[32m"headlessui-tabs-panel-:rfc:"[39m
                    [33maria-selected[39m=[32m"true"[39m
                    [33mclass[39m=[32m"w-full rounded-lg py-2.5 text-sm font-medium leading-5 focus:outline-none focus:ring-2 ring-offset-2 ring-offset-bg ring-accent bg-accent text-white shadow"[39m
                    [33mdata-headlessui-state[39m=[32m"selected"[39m
                    [33mid[39m=[32m"headlessui-tabs-tab-:rf8:"[39m
                    [33mrole[39m=[32m"tab"[39m
                    [33mtabindex[39m=[32m"0"[39m
                    [33mtype[39m=[32m"button"[39m
                  [36m>[39m
                    [0mVersion History[0m
                  [36m</button>[39m
                  [36m<button[39m
                    [33maria-controls[39m=[32m"headlessui-tabs-panel-:rfd:"[39m
                    [33maria-selected[39m=[32m"false"[39m
                    [33mclass[39m=[32m"w-full rounded-lg py-2.5 text-sm font-medium leading-5 focus:outline-none focus:ring-2 ring-offset-2 ring-offset-bg ring-accent text-fg hover:bg-bg-secondary/[0.6] hover:text-accent"[39m
                    [33mdata-headlessui-state[39m=[32m""[39m
                    [33mid[39m=[32m"headlessui-tabs-tab-:rf9:"[39m
                    [33mrole[39m=[32m"tab"[39m
                    [33mtabindex[39m=[32m"-1"[39m
                    [33mtype[39m=[32m"button"[39m
                  [36m>[39m
                    [0mUsage Analytics[0m
                  [36m</button>[39m
                  [36m<button[39m
                    [33maria-controls[39m=[32m"headlessui-tabs-panel-:rfe:"[39m
                    [33maria-selected[39m=[32m"false"[39m
                    [33mclass[39m=[32m"w-full rounded-lg py-2.5 text-sm font-medium leading-5 focus:outline-none focus:ring-2 ring-offset-2 ring-offset-bg ring-accent text-fg hover:bg-bg-secondary/[0.6] hover:text-accent"[39m
                    [33mdata-headlessui-state[39m=[32m""[39m
                    [33mid[39m=[32m"headlessui-tabs-tab-:rfa:"[39m
                    [33mrole[39m=[32m"tab"[39m
                    [33mtabindex[39m=[32m"-1"[39m
                    [33mtype[39m=[32m"button"[39m
                  [36m>[39m
                    [0mChecksum[0m
                  [36m</button>[39m
                [36m</div>[39m
                [36m<div[39m
                  [33mclass[39m=[32m"mt-2"[39m
                [36m>[39m
                  [36m<span[39m
                    [33maria-hidden[39m=[32m"true"[39m
                    [33maria-labelledby[39m=[32m"headlessui-tabs-tab-:rf7:"[39m
                    [33mid[39m=[32m"headlessui-tabs-panel-:rfb:"[39m
                    [33mrole[39m=[32m"tabpanel"[39m
                    [33mstyle[39m=[32m"position: fixed; top: 1px; left: 1px; width: 1px; height: 0px; padding: 0px; margin: -1px; overflow: hidden; clip: rect(0, 0, 0, 0); white-space: nowrap; border-width: 0px;"[39m
                    [33mtabindex[39m=[32m"-1"[39m
                  [36m/>[39m
                  [36m<div[39m
                    [33maria-labelledby[39m=[32m"headlessui-tabs-tab-:rf8:"[39m
                    [33mclass[39m=[32m"rounded-xl bg-bg p-4 focus:outline-none max-h-[60vh] overflow-y-auto"[39m
                    [33mdata-headlessui-state[39m=[32m"selected"[39m
                    [33mid[39m=[32m"headlessui-tabs-panel-:rfc:"[39m
                    [33mrole[39m=[32m"tabpanel"[39m
                    [33mtabindex[39m=[32m"0"[39m
                  [36m>[39m
                    [36m<div[39m
                      [33mclass[39m=[32m"space-y-6"[39m
                    [36m>[39m
                      [36m<div[39m
                        [33mclass[39m=[32m"flex items-center justify-center py-12"[39m
                      [36m>[39m
                        [36m<div[39m
                          [33mclass[39m=[32m"animate-spin rounded-full h-8 w-8 border-b-2 border-accent"[39m
                        [36m/>[39m
                      [36m</div>[39m
                    [36m</div>[39m
                  [36m</div>[39m
                  [36m<span[39m
                    [33maria-hidden[39m=[32m"true"[39m
                    [33maria-labelledby[39m=[32m"headlessui-tabs-tab-:rf9:"[39m
                    [33mid[39m=[32m"headlessui-tabs-panel-:rfd:"[39m
                    [33mrole[39m=[32m"tabpanel"[39m
                    [33mstyle[39m=[32m"position: fixed; top: 1px; left: 1px; width: 1px; height: 0px; padding: 0px; margin: -1px; overflow: hidden; clip: rect(0, 0, 0, 0); white-space: nowrap; border-width: 0px;"[39m
                    [33mtabindex[39m=[32m"-1"[39m
                  [36m/>[39m
                  [36m<span[39m
                    [33maria-hidden[39m=[32m"true"[39m
                    [33maria-labelledby[39m=[32m"headlessui-tabs-tab-:rfa:"[39m
                    [33mid[39m=[32m"headlessui-tabs-panel-:rfe:"[39m
                    [33mrole[39m=[32m"tabpanel"[39m
                    [33mstyle[39m=[32m"position: fixed; top: 1px; left: 1px; width: 1px; height: 0px; padding: 0px; margin: -1px; overflow: hidden; clip: rect(0, 0, 0, 0); white-space: nowrap; border-width: 0px;"[39m
                    [33mtabindex[39m=[32m"-1"[39m
                  [36m/>[39m
                [36m</div>[39m
                [36m<div[39m
                  [33mclass[39m=[32m"flex items-center justify-end gap-3 mt-6 pt-4 border-t border-border"[39m
                [36m>[39m
                  [36m<button[39m
                    [33mclass[39m=[32m"px-4 py-2 text-fg hover:text-accent"[39m
                  [36m>[39m
                    [0mClose[0m
                  [36m</button>[39m
                  [36m<button[39m
                    [33mclass[39m=[32m"px-4 py-2 bg-accent text-white rounded-lg hover:bg-accent-dark"[39m
                  [36m>[39m
                    [0mEdit Component[0m
                  [36m</button>[39m
                [36m</div>[39m
              [36m</div>[39m
            [36m</div>[39m
          [36m</div>[39m
        [36m</div>[39m
      [36m</div>[39m
      [36m<button[39m
        [33maria-hidden[39m=[32m"true"[39m
        [33mdata-headlessui-focus-guard[39m=[32m"true"[39m
        [33mstyle[39m=[32m"position: fixed; top: 1px; left: 1px; width: 1px; height: 0px; padding: 0px; margin: -1px; overflow: hidden; clip: rect(0, 0, 0, 0); white-space: nowrap; border-width: 0px;"[39m
        [33mtype[39m=[32m"button"[39m
      [36m/>[39m
    [36m</div>[39m
  [36m</div>[39m
[36m</body>[39m
 ❯ Object.getElementError ../../../AIStudio/node_modules/@testing-library/dom/dist/config.js:37:19
 ❯ ../../../AIStudio/node_modules/@testing-library/dom/dist/query-helpers.js:76:38
 ❯ ../../../AIStudio/node_modules/@testing-library/dom/dist/query-helpers.js:52:17
 ❯ ../../../AIStudio/node_modules/@testing-library/dom/dist/query-helpers.js:95:19
 ❯ src/components/__tests__/ComponentDetailModal.test.tsx:857:21
    855|       await user.click(versionTab);
    856| 
    857|       expect(screen.getByRole('status')).toBeInTheDocument();
       |                     ^
    858|     });
    859| 

⎯⎯⎯⎯⎯⎯⎯⎯⎯⎯⎯⎯⎯⎯⎯⎯⎯⎯⎯⎯⎯[29/141]⎯

 FAIL  src/components/__tests__/ComponentDetailModal.test.tsx > ComponentDetailModal > Loading and Error States > should show loading spinner in analytics tab
TestingLibraryElementError: Unable to find an accessible element with the role "status"

Here are the accessible roles:

  dialog:

  Name "Test Component":
  [36m<div[39m
    [33maria-labelledby[39m=[32m"headlessui-dialog-title-:rfh:"[39m
    [33maria-modal[39m=[32m"true"[39m
    [33mclass[39m=[32m"relative z-50"[39m
    [33mdata-headlessui-state[39m=[32m"open"[39m
    [33mid[39m=[32m"headlessui-dialog-:rff:"[39m
    [33mrole[39m=[32m"dialog"[39m
  [36m/>[39m

  --------------------------------------------------
  heading:

  Name "Test Component":
  [36m<h3[39m
    [33mclass[39m=[32m"text-2xl font-bold text-fg"[39m
    [33mdata-headlessui-state[39m=[32m"open"[39m
    [33mid[39m=[32m"headlessui-dialog-title-:rfh:"[39m
  [36m/>[39m

  --------------------------------------------------
  paragraph:

  Name "":
  [36m<p[39m
    [33mclass[39m=[32m"mt-1 text-fg"[39m
  [36m/>[39m

  --------------------------------------------------
  button:

  Name "":
  [36m<button[39m
    [33mclass[39m=[32m"text-fg hover:text-accent"[39m
  [36m/>[39m

  Name "Close":
  [36m<button[39m
    [33mclass[39m=[32m"px-4 py-2 text-fg hover:text-accent"[39m
  [36m/>[39m

  Name "Edit Component":
  [36m<button[39m
    [33mclass[39m=[32m"px-4 py-2 bg-accent text-white rounded-lg hover:bg-accent-dark"[39m
  [36m/>[39m

  --------------------------------------------------
  tablist:

  Name "":
  [36m<div[39m
    [33maria-orientation[39m=[32m"horizontal"[39m
    [33mclass[39m=[32m"flex space-x-1 rounded-xl bg-bg-secondary p-1 mb-6"[39m
    [33mrole[39m=[32m"tablist"[39m
  [36m/>[39m

  --------------------------------------------------
  tab:

  Name "Overview":
  [36m<button[39m
    [33maria-controls[39m=[32m"headlessui-tabs-panel-:rfm:"[39m
    [33maria-selected[39m=[32m"false"[39m
    [33mclass[39m=[32m"w-full rounded-lg py-2.5 text-sm font-medium leading-5 focus:outline-none focus:ring-2 ring-offset-2 ring-offset-bg ring-accent text-fg hover:bg-bg-secondary/[0.6] hover:text-accent"[39m
    [33mdata-headlessui-state[39m=[32m""[39m
    [33mid[39m=[32m"headlessui-tabs-tab-:rfi:"[39m
    [33mrole[39m=[32m"tab"[39m
    [33mtabindex[39m=[32m"-1"[39m
    [33mtype[39m=[32m"button"[39m
  [36m/>[39m

  Name "Version History":
  [36m<button[39m
    [33maria-controls[39m=[32m"headlessui-tabs-panel-:rfn:"[39m
    [33maria-selected[39m=[32m"false"[39m
    [33mclass[39m=[32m"w-full rounded-lg py-2.5 text-sm font-medium leading-5 focus:outline-none focus:ring-2 ring-offset-2 ring-offset-bg ring-accent text-fg hover:bg-bg-secondary/[0.6] hover:text-accent"[39m
    [33mdata-headlessui-state[39m=[32m""[39m
    [33mid[39m=[32m"headlessui-tabs-tab-:rfj:"[39m
    [33mrole[39m=[32m"tab"[39m
    [33mtabindex[39m=[32m"-1"[39m
    [33mtype[39m=[32m"button"[39m
  [36m/>[39m

  Name "Usage Analytics":
  [36m<button[39m
    [33maria-controls[39m=[32m"headlessui-tabs-panel-:rfo:"[39m
    [33maria-selected[39m=[32m"true"[39m
    [33mclass[39m=[32m"w-full rounded-lg py-2.5 text-sm font-medium leading-5 focus:outline-none focus:ring-2 ring-offset-2 ring-offset-bg ring-accent bg-accent text-white shadow"[39m
    [33mdata-headlessui-state[39m=[32m"selected"[39m
    [33mid[39m=[32m"headlessui-tabs-tab-:rfk:"[39m
    [33mrole[39m=[32m"tab"[39m
    [33mtabindex[39m=[32m"0"[39m
    [33mtype[39m=[32m"button"[39m
  [36m/>[39m

  Name "Checksum":
  [36m<button[39m
    [33maria-controls[39m=[32m"headlessui-tabs-panel-:rfp:"[39m
    [33maria-selected[39m=[32m"false"[39m
    [33mclass[39m=[32m"w-full rounded-lg py-2.5 text-sm font-medium leading-5 focus:outline-none focus:ring-2 ring-offset-2 ring-offset-bg ring-accent text-fg hover:bg-bg-secondary/[0.6] hover:text-accent"[39m
    [33mdata-headlessui-state[39m=[32m""[39m
    [33mid[39m=[32m"headlessui-tabs-tab-:rfl:"[39m
    [33mrole[39m=[32m"tab"[39m
    [33mtabindex[39m=[32m"-1"[39m
    [33mtype[39m=[32m"button"[39m
  [36m/>[39m

  --------------------------------------------------
  tabpanel:

  Name "Usage Analytics":
  [36m<div[39m
    [33maria-labelledby[39m=[32m"headlessui-tabs-tab-:rfk:"[39m
    [33mclass[39m=[32m"rounded-xl bg-bg p-4 focus:outline-none max-h-[60vh] overflow-y-auto"[39m
    [33mdata-headlessui-state[39m=[32m"selected"[39m
    [33mid[39m=[32m"headlessui-tabs-panel-:rfo:"[39m
    [33mrole[39m=[32m"tabpanel"[39m
    [33mtabindex[39m=[32m"0"[39m
  [36m/>[39m

  --------------------------------------------------

Ignored nodes: comments, script, style
[36m<body>[39m
  [36m<div[39m
    [33maria-hidden[39m=[32m"true"[39m
    [33minert[39m=[32m""[39m
  [36m>[39m
    [36m<div[39m
      [33mhidden[39m=[32m""[39m
      [33mstyle[39m=[32m"position: fixed; top: 1px; left: 1px; width: 1px; height: 0px; padding: 0px; margin: -1px; overflow: hidden; clip: rect(0, 0, 0, 0); white-space: nowrap; border-width: 0px; display: none;"[39m
    [36m/>[39m
  [36m</div>[39m
  [36m<div[39m
    [33mid[39m=[32m"headlessui-portal-root"[39m
  [36m>[39m
    [36m<div[39m
      [33mdata-headlessui-portal[39m=[32m""[39m
    [36m>[39m
      [36m<button[39m
        [33maria-hidden[39m=[32m"true"[39m
        [33mdata-headlessui-focus-guard[39m=[32m"true"[39m
        [33mstyle[39m=[32m"position: fixed; top: 1px; left: 1px; width: 1px; height: 0px; padding: 0px; margin: -1px; overflow: hidden; clip: rect(0, 0, 0, 0); white-space: nowrap; border-width: 0px;"[39m
        [33mtype[39m=[32m"button"[39m
      [36m/>[39m
      [36m<div>[39m
        [36m<div[39m
          [33maria-labelledby[39m=[32m"headlessui-dialog-title-:rfh:"[39m
          [33maria-modal[39m=[32m"true"[39m
          [33mclass[39m=[32m"relative z-50"[39m
          [33mdata-headlessui-state[39m=[32m"open"[39m
          [33mid[39m=[32m"headlessui-dialog-:rff:"[39m
          [33mrole[39m=[32m"dialog"[39m
        [36m>[39m
          [36m<div[39m
            [33mclass[39m=[32m"fixed inset-0 bg-black bg-opacity-25 dark:bg-opacity-50"[39m
          [36m/>[39m
          [36m<div[39m
            [33mclass[39m=[32m"fixed inset-0 overflow-y-auto"[39m
          [36m>[39m
            [36m<div[39m
              [33mclass[39m=[32m"flex min-h-full items-center justify-center p-4"[39m
            [36m>[39m
              [36m<div[39m
                [33mclass[39m=[32m"w-full max-w-6xl transform overflow-hidden rounded-2xl bg-card p-6 text-left align-middle shadow-xl transition-all"[39m
                [33mdata-headlessui-state[39m=[32m"open"[39m
                [33mid[39m=[32m"headlessui-dialog-panel-:rfg:"[39m
              [36m>[39m
                [36m<div[39m
                  [33mclass[39m=[32m"flex items-start justify-between mb-6"[39m
                [36m>[39m
                  [36m<div>[39m
                    [36m<h3[39m
                      [33mclass[39m=[32m"text-2xl font-bold text-fg"[39m
                      [33mdata-headlessui-state[39m=[32m"open"[39m
                      [33mid[39m=[32m"headlessui-dialog-title-:rfh:"[39m
                    [36m>[39m
                      [0mTest Component[0m
                    [36m</h3>[39m
                    [36m<p[39m
                      [33mclass[39m=[32m"mt-1 text-fg"[39m
                    [36m>[39m
                      [0mTest component description[0m
                    [36m</p>[39m
                  [36m</div>[39m
                  [36m<button[39m
                    [33mclass[39m=[32m"text-fg hover:text-accent"[39m
                  [36m>[39m
                    [36m<svg[39m
                      [33maria-hidden[39m=[32m"true"[39m
                      [33mclass[39m=[32m"w-6 h-6"[39m
                      [33mdata-slot[39m=[32m"icon"[39m
                      [33mfill[39m=[32m"none"[39m
                      [33mstroke[39m=[32m"currentColor"[39m
                      [33mstroke-width[39m=[32m"1.5"[39m
                      [33mviewBox[39m=[32m"0 0 24 24"[39m
                      [33mxmlns[39m=[32m"http://www.w3.org/2000/svg"[39m
                    [36m>[39m
                      [36m<path[39m
                        [33md[39m=[32m"M6 18 18 6M6 6l12 12"[39m
                        [33mstroke-linecap[39m=[32m"round"[39m
                        [33mstroke-linejoin[39m=[32m"round"[39m
                      [36m/>[39m
                    [36m</svg>[39m
                  [36m</button>[39m
                [36m</div>[39m
                [36m<div[39m
                  [33mclass[39m=[32m"flex flex-wrap gap-2 mb-6"[39m
                [36m>[39m
                  [36m<span[39m
                    [33mclass[39m=[32m"px-3 py-1 text-sm font-medium rounded-full bg-green-100 dark:bg-green-900/20 text-green-800 dark:text-green-300"[39m
                  [36m>[39m
                    [0mActive[0m
                  [36m</span>[39m
                  [36m<span[39m
                    [33mclass[39m=[32m"px-3 py-1 text-sm bg-purple-100 dark:bg-purple-900/20 text-purple-800 dark:text-purple-300 rounded-full"[39m
                  [36m>[39m
                    [0mv1.0[0m
                  [36m</span>[39m
                  [36m<span[39m
                    [33mclass[39m=[32m"px-3 py-1 text-sm bg-blue-100 dark:bg-blue-900/20 text-blue-800 dark:text-blue-300 rounded-full"[39m
                  [36m>[39m
                    [0mtag1[0m
                  [36m</span>[39m
                  [36m<span[39m
                    [33mclass[39m=[32m"px-3 py-1 text-sm bg-blue-100 dark:bg-blue-900/20 text-blue-800 dark:text-blue-300 rounded-full"[39m
                  [36m>[39m
                    [0mtag2[0m
                  [36m</span>[39m
                [36m</div>[39m
                [36m<div[39m
                  [33maria-orientation[39m=[32m"horizontal"[39m
                  [33mclass[39m=[32m"flex space-x-1 rounded-xl bg-bg-secondary p-1 mb-6"[39m
                  [33mrole[39m=[32m"tablist"[39m
                [36m>[39m
                  [36m<button[39m
                    [33maria-controls[39m=[32m"headlessui-tabs-panel-:rfm:"[39m
                    [33maria-selected[39m=[32m"false"[39m
                    [33mclass[39m=[32m"w-full rounded-lg py-2.5 text-sm font-medium leading-5 focus:outline-none focus:ring-2 ring-offset-2 ring-offset-bg ring-accent text-fg hover:bg-bg-secondary/[0.6] hover:text-accent"[39m
                    [33mdata-headlessui-state[39m=[32m""[39m
                    [33mid[39m=[32m"headlessui-tabs-tab-:rfi:"[39m
                    [33mrole[39m=[32m"tab"[39m
                    [33mtabindex[39m=[32m"-1"[39m
                    [33mtype[39m=[32m"button"[39m
                  [36m>[39m
                    [0mOverview[0m
                  [36m</button>[39m
                  [36m<button[39m
                    [33maria-controls[39m=[32m"headlessui-tabs-panel-:rfn:"[39m
                    [33maria-selected[39m=[32m"false"[39m
                    [33mclass[39m=[32m"w-full rounded-lg py-2.5 text-sm font-medium leading-5 focus:outline-none focus:ring-2 ring-offset-2 ring-offset-bg ring-accent text-fg hover:bg-bg-secondary/[0.6] hover:text-accent"[39m
                    [33mdata-headlessui-state[39m=[32m""[39m
                    [33mid[39m=[32m"headlessui-tabs-tab-:rfj:"[39m
                    [33mrole[39m=[32m"tab"[39m
                    [33mtabindex[39m=[32m"-1"[39m
                    [33mtype[39m=[32m"button"[39m
                  [36m>[39m
                    [0mVersion History[0m
                  [36m</button>[39m
                  [36m<button[39m
                    [33maria-controls[39m=[32m"headlessui-tabs-panel-:rfo:"[39m
                    [33maria-selected[39m=[32m"true"[39m
                    [33mclass[39m=[32m"w-full rounded-lg py-2.5 text-sm font-medium leading-5 focus:outline-none focus:ring-2 ring-offset-2 ring-offset-bg ring-accent bg-accent text-white shadow"[39m
                    [33mdata-headlessui-state[39m=[32m"selected"[39m
                    [33mid[39m=[32m"headlessui-tabs-tab-:rfk:"[39m
                    [33mrole[39m=[32m"tab"[39m
                    [33mtabindex[39m=[32m"0"[39m
                    [33mtype[39m=[32m"button"[39m
                  [36m>[39m
                    [0mUsage Analytics[0m
                  [36m</button>[39m
                  [36m<button[39m
                    [33maria-controls[39m=[32m"headlessui-tabs-panel-:rfp:"[39m
                    [33maria-selected[39m=[32m"false"[39m
                    [33mclass[39m=[32m"w-full rounded-lg py-2.5 text-sm font-medium leading-5 focus:outline-none focus:ring-2 ring-offset-2 ring-offset-bg ring-accent text-fg hover:bg-bg-secondary/[0.6] hover:text-accent"[39m
                    [33mdata-headlessui-state[39m=[32m""[39m
                    [33mid[39m=[32m"headlessui-tabs-tab-:rfl:"[39m
                    [33mrole[39m=[32m"tab"[39m
                    [33mtabindex[39m=[32m"-1"[39m
                    [33mtype[39m=[32m"button"[39m
                  [36m>[39m
                    [0mChecksum[0m
                  [36m</button>[39m
                [36m</div>[39m
                [36m<div[39m
                  [33mclass[39m=[32m"mt-2"[39m
                [36m>[39m
                  [36m<span[39m
                    [33maria-hidden[39m=[32m"true"[39m
                    [33maria-labelledby[39m=[32m"headlessui-tabs-tab-:rfi:"[39m
                    [33mid[39m=[32m"headlessui-tabs-panel-:rfm:"[39m
                    [33mrole[39m=[32m"tabpanel"[39m
                    [33mstyle[39m=[32m"position: fixed; top: 1px; left: 1px; width: 1px; height: 0px; padding: 0px; margin: -1px; overflow: hidden; clip: rect(0, 0, 0, 0); white-space: nowrap; border-width: 0px;"[39m
                    [33mtabindex[39m=[32m"-1"[39m
                  [36m/>[39m
                  [36m<span[39m
                    [33maria-hidden[39m=[32m"true"[39m
                    [33maria-labelledby[39m=[32m"headlessui-tabs-tab-:rfj:"[39m
                    [33mid[39m=[32m"headlessui-tabs-panel-:rfn:"[39m
                    [33mrole[39m=[32m"tabpanel"[39m
                    [33mstyle[39m=[32m"position: fixed; top: 1px; left: 1px; width: 1px; height: 0px; padding: 0px; margin: -1px; overflow: hidden; clip: rect(0, 0, 0, 0); white-space: nowrap; border-width: 0px;"[39m
                    [33mtabindex[39m=[32m"-1"[39m
                  [36m/>[39m
                  [36m<div[39m
                    [33maria-labelledby[39m=[32m"headlessui-tabs-tab-:rfk:"[39m
                    [33mclass[39m=[32m"rounded-xl bg-bg p-4 focus:outline-none max-h-[60vh] overflow-y-auto"[39m
                    [33mdata-headlessui-state[39m=[32m"selected"[39m
                    [33mid[39m=[32m"headlessui-tabs-panel-:rfo:"[39m
                    [33mrole[39m=[32m"tabpanel"[39m
                    [33mtabindex[39m=[32m"0"[39m
                  [36m>[39m
                    [36m<div[39m
                      [33mclass[39m=[32m"space-y-6"[39m
                    [36m>[39m
                      [36m<div[39m
                        [33mclass[39m=[32m"flex items-center justify-center py-12"[39m
                      [36m>[39m
                        [36m<div[39m
                          [33mclass[39m=[32m"animate-spin rounded-full h-8 w-8 border-b-2 border-accent"[39m
                        [36m/>[39m
                      [36m</div>[39m
                    [36m</div>[39m
                  [36m</div>[39m
                  [36m<span[39m
                    [33maria-hidden[39m=[32m"true"[39m
                    [33maria-labelledby[39m=[32m"headlessui-tabs-tab-:rfl:"[39m
                    [33mid[39m=[32m"headlessui-tabs-panel-:rfp:"[39m
                    [33mrole[39m=[32m"tabpanel"[39m
                    [33mstyle[39m=[32m"position: fixed; top: 1px; left: 1px; width: 1px; height: 0px; padding: 0px; margin: -1px; overflow: hidden; clip: rect(0, 0, 0, 0); white-space: nowrap; border-width: 0px;"[39m
                    [33mtabindex[39m=[32m"-1"[39m
                  [36m/>[39m
                [36m</div>[39m
                [36m<div[39m
                  [33mclass[39m=[32m"flex items-center justify-end gap-3 mt-6 pt-4 border-t border-border"[39m
                [36m>[39m
                  [36m<button[39m
                    [33mclass[39m=[32m"px-4 py-2 text-fg hover:text-accent"[39m
                  [36m>[39m
                    [0mClose[0m
                  [36m</button>[39m
                  [36m<button[39m
                    [33mclass[39m=[32m"px-4 py-2 bg-accent text-white rounded-lg hover:bg-accent-dark"[39m
                  [36m>[39m
                    [0mEdit Component[0m
                  [36m</button>[39m
                [36m</div>[39m
              [36m</div>[39m
            [36m</div>[39m
          [36m</div>[39m
        [36m</div>[39m
      [36m</div>[39m
      [36m<button[39m
        [33maria-hidden[39m=[32m"true"[39m
        [33mdata-headlessui-focus-guard[39m=[32m"true"[39m
        [33mstyle[39m=[32m"position: fixed; top: 1px; left: 1px; width: 1px; height: 0px; padding: 0px; margin: -1px; overflow: hidden; clip: rect(0, 0, 0, 0); white-space: nowrap; border-width: 0px;"[39m
        [33mtype[39m=[32m"button"[39m
      [36m/>[39m
    [36m</div>[39m
  [36m</div>[39m
[36m</body>[39m
 ❯ Object.getElementError ../../../AIStudio/node_modules/@testing-library/dom/dist/config.js:37:19
 ❯ ../../../AIStudio/node_modules/@testing-library/dom/dist/query-helpers.js:76:38
 ❯ ../../../AIStudio/node_modules/@testing-library/dom/dist/query-helpers.js:52:17
 ❯ ../../../AIStudio/node_modules/@testing-library/dom/dist/query-helpers.js:95:19
 ❯ src/components/__tests__/ComponentDetailModal.test.tsx:870:21
    868|       await user.click(analyticsTab);
    869| 
    870|       expect(screen.getByRole('status')).toBeInTheDocument();
       |                     ^
    871|     });
    872| 

⎯⎯⎯⎯⎯⎯⎯⎯⎯⎯⎯⎯⎯⎯⎯⎯⎯⎯⎯⎯⎯[30/141]⎯

 FAIL  src/components/__tests__/SessionExpiredModal.test.tsx > SessionExpiredModal - ST-11 > Modal Visibility > should not show modal when redirectPath is null
 FAIL  src/components/__tests__/SessionExpiredModal.test.tsx > SessionExpiredModal - ST-11 > Modal Visibility > should show modal when session expires (redirectPath is set)
 FAIL  src/components/__tests__/SessionExpiredModal.test.tsx > SessionExpiredModal - ST-11 > ST-11: Countdown Timer > should display initial countdown of 10 seconds
 FAIL  src/components/__tests__/SessionExpiredModal.test.tsx > SessionExpiredModal - ST-11 > ST-11: Countdown Timer > should decrement countdown every second
 FAIL  src/components/__tests__/SessionExpiredModal.test.tsx > SessionExpiredModal - ST-11 > ST-11: Countdown Timer > should use singular "second" when countdown is 1
 FAIL  src/components/__tests__/SessionExpiredModal.test.tsx > SessionExpiredModal - ST-11 > ST-11: Countdown Timer > should close modal when countdown reaches 0
 FAIL  src/components/__tests__/SessionExpiredModal.test.tsx > SessionExpiredModal - ST-11 > ST-11: Countdown Timer > should reset countdown to 10 when modal reopens
 FAIL  src/components/__tests__/SessionExpiredModal.test.tsx > SessionExpiredModal - ST-11 > ST-11: Visual Feedback > should display session expired message
 FAIL  src/components/__tests__/SessionExpiredModal.test.tsx > SessionExpiredModal - ST-11 > ST-11: Visual Feedback > should display redirect destination when available
 FAIL  src/components/__tests__/SessionExpiredModal.test.tsx > SessionExpiredModal - ST-11 > ST-11: Visual Feedback > should show warning icon
 FAIL  src/components/__tests__/SessionExpiredModal.test.tsx > SessionExpiredModal - ST-11 > ST-11: User Interaction > should allow manual close via "Go to Login Now" button
 FAIL  src/components/__tests__/SessionExpiredModal.test.tsx > SessionExpiredModal - ST-11 > ST-11: User Interaction > should be accessible with keyboard navigation
 FAIL  src/components/__tests__/SessionExpiredModal.test.tsx > SessionExpiredModal - ST-11 > ST-11: Edge Cases > should stop countdown when modal is closed manually
 FAIL  src/components/__tests__/SessionExpiredModal.test.tsx > SessionExpiredModal - ST-11 > ST-11: Edge Cases > should handle multiple rapid session expirations
 FAIL  src/components/__tests__/SessionExpiredModal.test.tsx > SessionExpiredModal - ST-11 > ST-11: Edge Cases > should handle countdown at boundary (0 seconds)
 FAIL  src/components/__tests__/SessionExpiredModal.test.tsx > SessionExpiredModal - ST-11 > ST-11: Performance > should not cause memory leaks with countdown timers
 FAIL  src/components/__tests__/SessionExpiredModal.test.tsx > SessionExpiredModal - ST-11 > ST-11: Performance > should handle rapid open/close cycles efficiently
 FAIL  src/components/__tests__/SessionExpiredModal.test.tsx > SessionExpiredModal - ST-11 > ST-11: Accessibility > should have proper ARIA attributes
 FAIL  src/components/__tests__/SessionExpiredModal.test.tsx > SessionExpiredModal - ST-11 > ST-11: Accessibility > should trap focus within modal
TypeError: default.getCurrentUser.mockReturnValue is not a function
 ❯ src/components/__tests__/SessionExpiredModal.test.tsx:38:47
     36|     })) as any;
     37| 
     38|     (authService.getCurrentUser as jest.Mock).mockReturnValue(null);
       |                                               ^
     39|     (onSessionExpired as jest.Mock).mockImplementation((callback) => {
     40|       return jest.fn(); // unsubscribe

⎯⎯⎯⎯⎯⎯⎯⎯⎯⎯⎯⎯⎯⎯⎯⎯⎯⎯⎯⎯⎯[31/141]⎯

 FAIL  src/components/planning/PlanningFilters.test.tsx > PlanningFilters > displays layer/component options
TestingLibraryElementError: Unable to find an element with the text: Layer/Component. This could be because the text is broken up by multiple elements. In this case, you can provide a function for your text matcher to make your matcher more flexible.

Ignored nodes: comments, script, style
[36m<body>[39m
  [36m<div>[39m
    [36m<div[39m
      [33mclass[39m=[32m"relative"[39m
    [36m>[39m
      [36m<button[39m
        [33mclass[39m=[32m"flex items-center gap-2 px-4 py-2 bg-card border border-border rounded-lg hover:bg-muted transition-colors"[39m
      [36m>[39m
        [36m<svg[39m
          [33mclass[39m=[32m"w-5 h-5"[39m
          [33mfill[39m=[32m"none"[39m
          [33mstroke[39m=[32m"currentColor"[39m
          [33mviewBox[39m=[32m"0 0 24 24"[39m
        [36m>[39m
          [36m<path[39m
            [33md[39m=[32m"M3 4a1 1 0 011-1h16a1 1 0 011 1v2.586a1 1 0 01-.293.707l-6.414 6.414a1 1 0 00-.293.707V17l-4 4v-6.586a1 1 0 00-.293-.707L3.293 7.293A1 1 0 013 6.586V4z"[39m
            [33mstroke-linecap[39m=[32m"round"[39m
            [33mstroke-linejoin[39m=[32m"round"[39m
            [33mstroke-width[39m=[32m"2"[39m
          [36m/>[39m
        [36m</svg>[39m
        [36m<span[39m
          [33mclass[39m=[32m"text-sm font-medium"[39m
        [36m>[39m
          [0mFilters[0m
        [36m</span>[39m
      [36m</button>[39m
      [36m<div[39m
        [33mclass[39m=[32m"fixed inset-0 z-10"[39m
      [36m/>[39m
      [36m<div[39m
        [33mclass[39m=[32m"absolute right-0 mt-2 w-80 bg-card border border-border rounded-lg shadow-lg z-20 max-h-[600px] overflow-y-auto"[39m
      [36m>[39m
        [36m<div[39m
          [33mclass[39m=[32m"p-4 space-y-4"[39m
        [36m>[39m
          [36m<div>[39m
            [36m<label[39m
              [33mclass[39m=[32m"block text-sm font-medium text-fg mb-2"[39m
            [36m>[39m
              [0mSearch[0m
            [36m</label>[39m
            [36m<form[39m
              [33mclass[39m=[32m"flex gap-2"[39m
            [36m>[39m
              [36m<input[39m
                [33mclass[39m=[32m"flex-1 px-3 py-2 bg-background border border-border rounded-md text-sm focus:outline-none focus:ring-2 focus:ring-primary"[39m
                [33mplaceholder[39m=[32m"Search stories..."[39m
                [33mtype[39m=[32m"text"[39m
                [33mvalue[39m=[32m""[39m
              [36m/>[39m
              [36m<button[39m
                [33mclass[39m=[32m"px-4 py-2 bg-primary text-primary-foreground rounded-md text-sm font-medium hover:bg-primary/90"[39m
                [33mtype[39m=[32m"submit"[39m
              [36m>[39m
                [0mGo[0m
              [36m</button>[39m
            [36m</form>[39m
          [36m</div>[39m
          [36m<div>[39m
            [36m<label[39m
              [33mclass[39m=[32m"block text-sm font-medium text-fg mb-2"[39m
            [36m>[39m
              [0mStatus[0m
            [36m</label>[39m
            [36m<div[39m
              [33mclass[39m=[32m"space-y-1 max-h-40 overflow-y-auto"[39m
            [36m>[39m
              [36m<label[39m
                [33mclass[39m=[32m"flex items-center gap-2 cursor-pointer hover:bg-muted px-2 py-1 rounded"[39m
              [36m>[39m
                [36m<input[39m
                  [33mclass[39m=[32m"w-4 h-4 text-primary border-border rounded focus:ring-primary"[39m
                  [33mtype[39m=[32m"checkbox"[39m
                [36m/>[39m
                [36m<span[39m
                  [33mclass[39m=[32m"text-sm capitalize"[39m
                [36m>[39m
                  [0mbacklog[0m
                [36m</span>[39m
              [36m</label>[39m
              [36m<label[39m
                [33mclass[39m=[32m"flex items-center gap-2 cursor-pointer hover:bg-muted px-2 py-1 rounded"[39m
              [36m>[39m
                [36m<input[39m
                  [33mclass[39m=[32m"w-4 h-4 text-primary border-border rounded focus:ring-primary"[39m
                  [33mtype[39m=[32m"checkbox"[39m
                [36m/>[39m
                [36m<span[39m
                  [33mclass[39m=[32m"text-sm capitalize"[39m
                [36m>[39m
                  [0mplanning[0m
                [36m</span>[39m
              [36m</label>[39m
              [36m<label[39m
                [33mclass[39m=[32m"flex items-center gap-2 cursor-pointer hover:bg-muted px-2 py-1 rounded"[39m
              [36m>[39m
                [36m<input[39m
                  [33mclass[39m=[32m"w-4 h-4 text-primary border-border rounded focus:ring-primary"[39m
                  [33mtype[39m=[32m"checkbox"[39m
                [36m/>[39m
                [36m<span[39m
                  [33mclass[39m=[32m"text-sm capitalize"[39m
                [36m>[39m
                  [0manalysis[0m
                [36m</span>[39m
              [36m</label>[39m
              [36m<label[39m
                [33mclass[39m=[32m"flex items-center gap-2 cursor-pointer hover:bg-muted px-2 py-1 rounded"[39m
              [36m>[39m
                [36m<input[39m
                  [33mclass[39m=[32m"w-4 h-4 text-primary border-border rounded focus:ring-primary"[39m
                  [33mtype[39m=[32m"checkbox"[39m
                [36m/>[39m
                [36m<span[39m
                  [33mclass[39m=[32m"text-sm capitalize"[39m
                [36m>[39m
                  [0marchitecture[0m
                [36m</span>[39m
              [36m</label>[39m
              [36m<label[39m
                [33mclass[39m=[32m"flex items-center gap-2 cursor-pointer hover:bg-muted px-2 py-1 rounded"[39m
              [36m>[39m
                [36m<input[39m
                  [33mclass[39m=[32m"w-4 h-4 text-primary border-border rounded focus:ring-primary"[39m
                  [33mtype[39m=[32m"checkbox"[39m
                [36m/>[39m
                [36m<span[39m
                  [33mclass[39m=[32m"text-sm capitalize"[39m
                [36m>[39m
                  [0mdesign[0m
                [36m</span>[39m
              [36m</label>[39m
              [36m<label[39m
                [33mclass[39m=[32m"flex items-center gap-2 cursor-pointer hover:bg-muted px-2 py-1 rounded"[39m
              [36m>[39m
                [36m<input[39m
                  [33mclass[39m=[32m"w-4 h-4 text-primary border-border rounded focus:ring-primary"[39m
                  [33mtype[39m=[32m"checkbox"[39m
                [36m/>[39m
                [36m<span[39m
                  [33mclass[39m=[32m"text-sm capitalize"[39m
                [36m>[39m
                  [0mimplementation[0m
                [36m</span>[39m
              [36m</label>[39m
              [36m<label[39m
                [33mclass[39m=[32m"flex items-center gap-2 cursor-pointer hover:bg-muted px-2 py-1 rounded"[39m
              [36m>[39m
                [36m<input[39m
                  [33mclass[39m=[32m"w-4 h-4 text-primary border-border rounded focus:ring-primary"[39m
                  [33mtype[39m=[32m"checkbox"[39m
                [36m/>[39m
                [36m<span[39m
                  [33mclass[39m=[32m"text-sm capitalize"[39m
                [36m>[39m
                  [0mreview[0m
                [36m</span>[39m
              [36m</label>[39m
              [36m<label[39m
                [33mclass[39m=[32m"flex items-center gap-2 cursor-pointer hover:bg-muted px-2 py-1 rounded"[39m
              [36m>[39m
                [36m<input[39m
                  [33mclass[39m=[32m"w-4 h-4 text-primary border-border rounded focus:ring-primary"[39m
                  [33mtype[39m=[32m"checkbox"[39m
                [36m/>[39m
                [36m<span[39m
                  [33mclass[39m=[32m"text-sm capitalize"[39m
                [36m>[39m
                  [0mqa[0m
                [36m</span>[39m
              [36m</label>[39m
              [36m<label[39m
                [33mclass[39m=[32m"flex items-center gap-2 cursor-pointer hover:bg-muted px-2 py-1 rounded"[39m
              [36m>[39m
                [36m<input[39m
                  [33mclass[39m=[32m"w-4 h-4 text-primary border-border rounded focus:ring-primary"[39m
                  [33mtype[39m=[32m"checkbox"[39m
                [36m/>[39m
                [36m<span[39m
                  [33mclass[39m=[32m"text-sm capitalize"[39m
                [36m>[39m
                  [0mdone[0m
                [36m</span>[39m
              [36m</label>[39m
              [36m<label[39m
                [33mclass[39m=[32m"flex items-center gap-2 cursor-pointer hover:bg-muted px-2 py-1 rounded"[39m
              [36m>[39m
                [36m<input[39m
                  [33mclass[39m=[32m"w-4 h-4 text-primary border-border rounded focus:ring-primary"[39m
                  [33mtype[39m=[32m"checkbox"[39m
                [36m/>[39m
                [36m<span[39m
                  [33mclass[39m=[32m"text-sm capitalize"[39m
                [36m>[39m
                  [0mblocked[0m
                [36m</span>[39m
              [36m</label>[39m
            [36m</div>[39m
          [36m</div>[39m
          [36m<div>[39m
            [36m<label[39m
              [33mclass[39m=[32m"block text-sm font-medium text-fg mb-2"[39m
            [36m>[39m
              [0mType[0m
            [36m</label>[39m
            [36m<div[39m
              [33mclass[39m=[32m"space-y-1"[39m
            [36m>[39m
              [36m<label[39m
                [33mclass[39m=[32m"flex items-center gap-2 cursor-pointer hover:bg-muted px-2 py-1 rounded"[39m
              [36m>[39m
                [36m<input[39m
                  [33mclass[39m=[32m"w-4 h-4 text-primary border-border rounded focus:ring-primary"[39m
                  [33mtype[39m=[32m"checkbox"[39m
                [36m/>[39m
                [36m<span[39m
                  [33mclass[39m=[32m"text-sm capitalize"[39m
                [36m>[39m
                  [0mfeature[0m
                [36m</span>[39m
              [36m</label>[39m
              [36m<label[39m
                [33mclass[39m=[32m"flex items-center gap-2 cursor-pointer hover:bg-muted px-2 py-1 rounded"[39m
              [36m>[39m
                [36m<input[39m
                  [33mclass[39m=[32m"w-4 h-4 text-primary border-border rounded focus:ring-primary"[39m
                  [33mtype[39m=[32m"checkbox"[39m
                [36m/>[39m
                [36m<span[39m
                  [33mclass[39m=[32m"text-sm capitalize"[39m
                [36m>[39m
                  [0mbug[0m
                [36m</span>[39m
              [36m</label>[39m
              [36m<label[39m
                [33mclass[39m=[32m"flex items-center gap-2 cursor-pointer hover:bg-muted px-2 py-1 rounded"[39m
              [36m>[39m
                [36m<input[39m
                  [33mclass[39m=[32m"w-4 h-4 text-primary border-border rounded focus:ring-primary"[39m
                  [33mtype[39m=[32m"checkbox"[39m
                [36m/>[39m
                [36m<span[39m
                  [33mclass[39m=[32m"text-sm capitalize"[39m
                [36m>[39m
                  [0mdefect[0m
                [36m</span>[39m
              [36m</label>[39m
              [36m<label[39m
                [33mclass[39m=[32m"flex items-center gap-2 cursor-pointer hover:bg-muted px-2 py-1 rounded"[39m
              [36m>[39m
                [36m<input[39m
                  [33mclass[39m=[32m"w-4 h-4 text-primary border-border rounded focus:ring-primary"[39m
                  [33mtype[39m=[32m"checkbox"[39m
                [36m/>[39m
                [36m<span[39m
                  [33mclass[39m=[32m"text-sm capitalize"[39m
                [36m>[39m
                  [0mchore[0m
                [36m</span>[39m
              [36m</label>[39m
              [36m<label[39m
                [33mclass[39m=[32m"flex items-center gap-2 cursor-pointer hover:bg-muted px-2 py-1 rounded"[39m
              [36m>[39m
                [36m<input[39m
                  [33mclass[39m=[32m"w-4 h-4 text-primary border-border rounded focus:ring-primary"[39m
                  [33mtype[39m=[32m"checkbox"[39m
                [36m/>[39m
                [36m<span[39m
                  [33mclass[39m=[32m"text-sm capitalize"[39m
                [36m>[39m
                  [0mspike[0m
                [36m</span>[39m
              [36m</label>[39m
            [36m</div>[39m
          [36m</div>[39m
          [36m<div>[39m
            [36m<label[39m
              [33mclass[39m=[32m"block text-sm font-medium text-fg mb-2"[39m
            [36m>[39m
              [0mEpic[0m
            [36m</label>[39m
            [36m<div[39m
              [33mclass[39m=[32m"space-y-1 max-h-40 overflow-y-auto"[39m
            [36m>[39m
              [36m<label[39m
                [33mclass[39m=[32m"flex items-center gap-2 cursor-pointer hover:bg-muted px-2 py-1 rounded"[39m
              [36m>[39m
                [36m<input[39m
                  [33mclass[39m=[32m"w-4 h-4 text-primary border-border rounded focus:ring-primary"[39m
                  [33mtype[39m=[32m"checkbox"[39m
                [36m/>[39m
                [36m<span[39m
                  [33mclass[39m=[32m"text-sm"[39m
                [36m>[39m
                  [0mAuthentication[0m
                [36m</span>[39m
              [36m</label>[39m
              [36m<label[39m
                [33mclass[39m=[32m"flex items-center gap-2 cursor-pointer hover:bg-muted px-2 py-1 rounded"[39m
              [36m>[39m
                [36m<input[39m
                  [33mclass[39m=[32m"w-4 h-4 text-primary border-border rounded focus:ring-primary"[39m
                  [33mtype[39m=[32m"checkbox"[39m
                [36m/>[39m
                [36m<span[39m
                  [33mclass[39m=[32m"text-sm"[39m
                [36m>[39m
                  [0mPayment System[0m
                [36m</span>[39m
              [36m</label>[39m
            [36m</div>[39m
          [36m</div>[39m
        [36m</div>[39m
      [36m</div>[39m
    [36m</div>[39m
  [36m</div>[39m
[36m</body>[39m
 ❯ Object.getElementError ../../../AIStudio/node_modules/@testing-library/dom/dist/config.js:37:19
 ❯ ../../../AIStudio/node_modules/@testing-library/dom/dist/query-helpers.js:76:38
 ❯ ../../../AIStudio/node_modules/@testing-library/dom/dist/query-helpers.js:52:17
 ❯ ../../../AIStudio/node_modules/@testing-library/dom/dist/query-helpers.js:95:19
 ❯ src/components/planning/PlanningFilters.test.tsx:93:19
     91|     fireEvent.click(screen.getByText('Filters'));
     92| 
     93|     expect(screen.getByText('Layer/Component')).toBeInTheDocument();
       |                   ^
     94|     Object.values(SubtaskLayer).forEach((layer) => {
     95|       expect(screen.getByText(layer, { exact: false })).toBeInTheDocum…

⎯⎯⎯⎯⎯⎯⎯⎯⎯⎯⎯⎯⎯⎯⎯⎯⎯⎯⎯⎯⎯[32/141]⎯

 FAIL  src/context/__tests__/AuthContext.test.tsx > AuthContext - ST-11 Session Management > Initialization > should initialize with loading state
TypeError: default.getCurrentUser.mockReturnValue is not a function
 ❯ src/context/__tests__/AuthContext.test.tsx:62:49
     60|   describe('Initialization', () => {
     61|     it('should initialize with loading state', () => {
     62|       (authService.getCurrentUser as jest.Mock).mockReturnValue(null);
       |                                                 ^
     63| 
     64|       render(

⎯⎯⎯⎯⎯⎯⎯⎯⎯⎯⎯⎯⎯⎯⎯⎯⎯⎯⎯⎯⎯[33/141]⎯

 FAIL  src/context/__tests__/AuthContext.test.tsx > AuthContext - ST-11 Session Management > Initialization > should load user from localStorage on mount
TypeError: default.getCurrentUser.mockReturnValue is not a function
 ❯ src/context/__tests__/AuthContext.test.tsx:76:49
     74| 
     75|     it('should load user from localStorage on mount', async () => {
     76|       (authService.getCurrentUser as jest.Mock).mockReturnValue(mockUs…
       |                                                 ^
     77| 
     78|       render(

⎯⎯⎯⎯⎯⎯⎯⎯⎯⎯⎯⎯⎯⎯⎯⎯⎯⎯⎯⎯⎯[34/141]⎯

 FAIL  src/context/__tests__/AuthContext.test.tsx > AuthContext - ST-11 Session Management > ST-11: Session Expiration and Redirect > should save redirect path when session expires
TypeError: onSessionExpired.mockImplementation is not a function
 ❯ src/context/__tests__/AuthContext.test.tsx:97:39
     95|       let sessionExpiredCallback: ((path?: string) => void) | null = n…
     96| 
     97|       (onSessionExpired as jest.Mock).mockImplementation((callback) =>…
       |                                       ^
     98|         sessionExpiredCallback = callback;
     99|         return jest.fn(); // unsubscribe function

⎯⎯⎯⎯⎯⎯⎯⎯⎯⎯⎯⎯⎯⎯⎯⎯⎯⎯⎯⎯⎯[35/141]⎯

 FAIL  src/context/__tests__/AuthContext.test.tsx > AuthContext - ST-11 Session Management > ST-11: Session Expiration and Redirect > should not save login/register paths as redirect paths
TypeError: onSessionExpired.mockImplementation is not a function
 ❯ src/context/__tests__/AuthContext.test.tsx:129:39
    127|       let sessionExpiredCallback: ((path?: string) => void) | null = n…
    128| 
    129|       (onSessionExpired as jest.Mock).mockImplementation((callback) =>…
       |                                       ^
    130|         sessionExpiredCallback = callback;
    131|         return jest.fn();

⎯⎯⎯⎯⎯⎯⎯⎯⎯⎯⎯⎯⎯⎯⎯⎯⎯⎯⎯⎯⎯[36/141]⎯

 FAIL  src/context/__tests__/AuthContext.test.tsx > AuthContext - ST-11 Session Management > ST-11: Post-Login Redirect > should redirect to saved path after login
TypeError: default.login.mockImplementation is not a function
 ❯ src/context/__tests__/AuthContext.test.tsx:169:40
    167|       });
    168| 
    169|       (authService.login as jest.Mock).mockImplementation(mockLogin);
       |                                        ^
    170|       (authService.getCurrentUser as jest.Mock).mockReturnValue(null);
    171| 

⎯⎯⎯⎯⎯⎯⎯⎯⎯⎯⎯⎯⎯⎯⎯⎯⎯⎯⎯⎯⎯[37/141]⎯

 FAIL  src/context/__tests__/AuthContext.test.tsx > AuthContext - ST-11 Session Management > ST-11: Multi-Tab Sync > should handle token update from other tabs
TypeError: default.getCurrentUser.mockReturnValue is not a function
 ❯ src/context/__tests__/AuthContext.test.tsx:199:49
    197|       (global.BroadcastChannel as any) = jest.fn(() => mockChannel);
    198| 
    199|       (authService.getCurrentUser as jest.Mock).mockReturnValue(null);
       |                                                 ^
    200| 
    201|       render(

⎯⎯⎯⎯⎯⎯⎯⎯⎯⎯⎯⎯⎯⎯⎯⎯⎯⎯⎯⎯⎯[38/141]⎯

 FAIL  src/context/__tests__/AuthContext.test.tsx > AuthContext - ST-11 Session Management > ST-11: Multi-Tab Sync > should handle logout from other tabs
TypeError: default.getCurrentUser.mockReturnValue is not a function
 ❯ src/context/__tests__/AuthContext.test.tsx:235:49
    233| 
    234|       (global.BroadcastChannel as any) = jest.fn(() => mockChannel);
    235|       (authService.getCurrentUser as jest.Mock).mockReturnValue(mockUs…
       |                                                 ^
    236| 
    237|       render(

⎯⎯⎯⎯⎯⎯⎯⎯⎯⎯⎯⎯⎯⎯⎯⎯⎯⎯⎯⎯⎯[39/141]⎯

 FAIL  src/context/__tests__/AuthContext.test.tsx > AuthContext - ST-11 Session Management > ST-11: Session Duration - 24 Hours > should maintain session for 24 hours according to backend config
TypeError: default.getCurrentUser.mockReturnValue is not a function
 ❯ src/context/__tests__/AuthContext.test.tsx:267:49
    265|       // The actual 24-hour duration is enforced by the backend JWT co…
    266| 
    267|       (authService.getCurrentUser as jest.Mock).mockReturnValue(mockUs…
       |                                                 ^
    268|       localStorage.setItem('accessToken', 'valid-token');
    269| 

⎯⎯⎯⎯⎯⎯⎯⎯⎯⎯⎯⎯⎯⎯⎯⎯⎯⎯⎯⎯⎯[40/141]⎯

 FAIL  src/context/__tests__/AuthContext.test.tsx > AuthContext - ST-11 Session Management > Clear Visual Feedback > should show redirect path in context
TypeError: onSessionExpired.mockImplementation is not a function
 ❯ src/context/__tests__/AuthContext.test.tsx:288:39
    286|       let sessionExpiredCallback: ((path?: string) => void) | null = n…
    287| 
    288|       (onSessionExpired as jest.Mock).mockImplementation((callback) =>…
       |                                       ^
    289|         sessionExpiredCallback = callback;
    290|         return jest.fn();

⎯⎯⎯⎯⎯⎯⎯⎯⎯⎯⎯⎯⎯⎯⎯⎯⎯⎯⎯⎯⎯[41/141]⎯

 FAIL  src/context/__tests__/AuthContext.test.tsx > AuthContext - ST-11 Session Management > ST-11: Security Tests > should prevent session hijacking by clearing tokens on expiration
TypeError: onSessionExpired.mockImplementation is not a function
 ❯ src/context/__tests__/AuthContext.test.tsx:323:39
    321|       let sessionExpiredCallback: ((path?: string) => void) | null = n…
    322| 
    323|       (onSessionExpired as jest.Mock).mockImplementation((callback) =>…
       |                                       ^
    324|         sessionExpiredCallback = callback;
    325|         return jest.fn();

⎯⎯⎯⎯⎯⎯⎯⎯⎯⎯⎯⎯⎯⎯⎯⎯⎯⎯⎯⎯⎯[42/141]⎯

 FAIL  src/context/__tests__/AuthContext.test.tsx > AuthContext - ST-11 Session Management > ST-11: Security Tests > should handle XSS by not executing scripts in redirect paths
TypeError: onSessionExpired.mockImplementation is not a function
 ❯ src/context/__tests__/AuthContext.test.tsx:364:39
    362|       let sessionExpiredCallback: ((path?: string) => void) | null = n…
    363| 
    364|       (onSessionExpired as jest.Mock).mockImplementation((callback) =>…
       |                                       ^
    365|         sessionExpiredCallback = callback;
    366|         return jest.fn();

⎯⎯⎯⎯⎯⎯⎯⎯⎯⎯⎯⎯⎯⎯⎯⎯⎯⎯⎯⎯⎯[43/141]⎯

 FAIL  src/context/__tests__/AuthContext.test.tsx > AuthContext - ST-11 Session Management > ST-11: Security Tests > should rotate tokens on refresh (handled by backend)
TypeError: default.login.mockImplementation is not a function
 ❯ src/context/__tests__/AuthContext.test.tsx:406:40
    404|       });
    405| 
    406|       (authService.login as jest.Mock).mockImplementation(mockLogin);
       |                                        ^
    407|       (authService.getCurrentUser as jest.Mock).mockReturnValue(null);
    408| 

⎯⎯⎯⎯⎯⎯⎯⎯⎯⎯⎯⎯⎯⎯⎯⎯⎯⎯⎯⎯⎯[44/141]⎯

 FAIL  src/context/__tests__/AuthContext.test.tsx > AuthContext - ST-11 Session Management > ST-11: Edge Cases > should handle BroadcastChannel not supported gracefully
TypeError: default.getCurrentUser.mockReturnValue is not a function
 ❯ src/context/__tests__/AuthContext.test.tsx:429:49
    427|       (global as any).BroadcastChannel = undefined;
    428| 
    429|       (authService.getCurrentUser as jest.Mock).mockReturnValue(null);
       |                                                 ^
    430| 
    431|       // Should not throw error

⎯⎯⎯⎯⎯⎯⎯⎯⎯⎯⎯⎯⎯⎯⎯⎯⎯⎯⎯⎯⎯[45/141]⎯

 FAIL  src/context/__tests__/AuthContext.test.tsx > AuthContext - ST-11 Session Management > ST-11: Edge Cases > should handle storage events when BroadcastChannel fails
TypeError: default.getCurrentUser.mockReturnValue is not a function
 ❯ src/context/__tests__/AuthContext.test.tsx:452:49
    450|       }) as any;
    451| 
    452|       (authService.getCurrentUser as jest.Mock).mockReturnValue(null);
       |                                                 ^
    453| 
    454|       const { container } = render(

⎯⎯⎯⎯⎯⎯⎯⎯⎯⎯⎯⎯⎯⎯⎯⎯⎯⎯⎯⎯⎯[46/141]⎯

 FAIL  src/context/__tests__/AuthContext.test.tsx > AuthContext - ST-11 Session Management > ST-11: Edge Cases > should handle concurrent login and logout events
TypeError: default.getCurrentUser.mockReturnValue is not a function
 ❯ src/context/__tests__/AuthContext.test.tsx:474:49
    472| 
    473|       (global.BroadcastChannel as any) = jest.fn(() => mockChannel);
    474|       (authService.getCurrentUser as jest.Mock).mockReturnValue(mockUs…
       |                                                 ^
    475| 
    476|       render(

⎯⎯⎯⎯⎯⎯⎯⎯⎯⎯⎯⎯⎯⎯⎯⎯⎯⎯⎯⎯⎯[47/141]⎯

 FAIL  src/context/__tests__/AuthContext.test.tsx > AuthContext - ST-11 Session Management > ST-11: Edge Cases > should handle query parameters in redirect paths
TypeError: onSessionExpired.mockImplementation is not a function
 ❯ src/context/__tests__/AuthContext.test.tsx:515:39
    513|       let sessionExpiredCallback: ((path?: string) => void) | null = n…
    514| 
    515|       (onSessionExpired as jest.Mock).mockImplementation((callback) =>…
       |                                       ^
    516|         sessionExpiredCallback = callback;
    517|         return jest.fn();

⎯⎯⎯⎯⎯⎯⎯⎯⎯⎯⎯⎯⎯⎯⎯⎯⎯⎯⎯⎯⎯[48/141]⎯

 FAIL  src/context/__tests__/AuthContext.test.tsx > AuthContext - ST-11 Session Management > ST-11: Edge Cases > should handle empty redirect path
TypeError: onSessionExpired.mockImplementation is not a function
 ❯ src/context/__tests__/AuthContext.test.tsx:549:39
    547|       let sessionExpiredCallback: ((path?: string) => void) | null = n…
    548| 
    549|       (onSessionExpired as jest.Mock).mockImplementation((callback) =>…
       |                                       ^
    550|         sessionExpiredCallback = callback;
    551|         return jest.fn();

⎯⎯⎯⎯⎯⎯⎯⎯⎯⎯⎯⎯⎯⎯⎯⎯⎯⎯⎯⎯⎯[49/141]⎯

 FAIL  src/context/__tests__/AuthContext.test.tsx > AuthContext - ST-11 Session Management > ST-11: Edge Cases > should handle session expiration while on protected deep link
TypeError: Cannot redefine property: useLocation
 ❯ src/context/__tests__/AuthContext.test.tsx:582:12
    580|       const mockLocation = { pathname: '/story/ST-123', search: '?tab=…
    581| 
    582|       jest.spyOn(require('react-router-dom'), 'useLocation').mockRetur…
       |            ^
    583| 
    584|       let sessionExpiredCallback: ((path?: string) => void) | null = n…

⎯⎯⎯⎯⎯⎯⎯⎯⎯⎯⎯⎯⎯⎯⎯⎯⎯⎯⎯⎯⎯[50/141]⎯

 FAIL  src/context/__tests__/AuthContext.test.tsx > AuthContext - ST-11 Session Management > ST-11: Performance Tests > should handle rapid token updates without lag
TypeError: default.getCurrentUser.mockReturnValue is not a function
 ❯ src/context/__tests__/AuthContext.test.tsx:626:49
    624| 
    625|       (global.BroadcastChannel as any) = jest.fn(() => mockChannel);
    626|       (authService.getCurrentUser as jest.Mock).mockReturnValue(null);
       |                                                 ^
    627| 
    628|       render(

⎯⎯⎯⎯⎯⎯⎯⎯⎯⎯⎯⎯⎯⎯⎯⎯⎯⎯⎯⎯⎯[51/141]⎯

 FAIL  src/context/__tests__/AuthContext.test.tsx > AuthContext - ST-11 Session Management > ST-11: Performance Tests > should efficiently handle multiple subscriber updates
TypeError: onSessionExpired.mockImplementation is not a function
 ❯ src/context/__tests__/AuthContext.test.tsx:657:39
    655|       let sessionExpiredCallback: ((path?: string) => void) | null = n…
    656| 
    657|       (onSessionExpired as jest.Mock).mockImplementation((callback) =>…
       |                                       ^
    658|         sessionExpiredCallback = callback;
    659|         return jest.fn();

⎯⎯⎯⎯⎯⎯⎯⎯⎯⎯⎯⎯⎯⎯⎯⎯⎯⎯⎯⎯⎯[52/141]⎯

 FAIL  src/context/__tests__/AuthContext.test.tsx > AuthContext - ST-11 Session Management > ST-11: Multi-Tab Race Conditions > should handle Tab A logout while Tab B is refreshing token
TypeError: default.getCurrentUser.mockReturnValue is not a function
 ❯ src/context/__tests__/AuthContext.test.tsx:701:49
    699| 
    700|       (global.BroadcastChannel as any) = jest.fn(() => mockChannel);
    701|       (authService.getCurrentUser as jest.Mock).mockReturnValue(mockUs…
       |                                                 ^
    702| 
    703|       render(

⎯⎯⎯⎯⎯⎯⎯⎯⎯⎯⎯⎯⎯⎯⎯⎯⎯⎯⎯⎯⎯[53/141]⎯

 FAIL  src/context/__tests__/AuthContext.test.tsx > AuthContext - ST-11 Session Management > ST-11: Multi-Tab Race Conditions > should handle simultaneous login in multiple tabs
TypeError: default.getCurrentUser.mockReturnValue is not a function
 ❯ src/context/__tests__/AuthContext.test.tsx:735:49
    733| 
    734|       (global.BroadcastChannel as any) = jest.fn(() => mockChannel);
    735|       (authService.getCurrentUser as jest.Mock).mockReturnValue(null);
       |                                                 ^
    736| 
    737|       render(

⎯⎯⎯⎯⎯⎯⎯⎯⎯⎯⎯⎯⎯⎯⎯⎯⎯⎯⎯⎯⎯[54/141]⎯

 FAIL  src/hooks/__tests__/useAnalysisPolling.test.ts > useAnalysisPolling > should poll status and complete analysis successfully
AssertionError: expected true to be false // Object.is equality

Ignored nodes: comments, script, style
[36m<html>[39m
  [36m<head />[39m
  [36m<body>[39m
    [36m<div />[39m
  [36m</body>[39m
[36m</html>[39m

- Expected
+ Received

- false
+ true

 ❯ src/hooks/__tests__/useAnalysisPolling.test.ts:102:42
    100| 
    101|     await waitFor(() => {
    102|       expect(result.current.isAnalyzing).toBe(false);
       |                                          ^
    103|     });
    104| 
 ❯ runWithExpensiveErrorDiagnosticsDisabled ../../../AIStudio/node_modules/@testing-library/dom/dist/config.js:47:12
 ❯ checkCallback ../../../AIStudio/node_modules/@testing-library/dom/dist/wait-for.js:124:77
 ❯ ../../../AIStudio/node_modules/@testing-library/dom/dist/wait-for.js:82:9

⎯⎯⎯⎯⎯⎯⎯⎯⎯⎯⎯⎯⎯⎯⎯⎯⎯⎯⎯⎯⎯[55/141]⎯

 FAIL  src/hooks/__tests__/useAnalysisPolling.test.ts > useAnalysisPolling > should handle timeout after max duration
AssertionError: expected 'running' to be 'failed' // Object.is equality

Ignored nodes: comments, script, style
[36m<html>[39m
  [36m<head />[39m
  [36m<body>[39m
    [36m<div />[39m
  [36m</body>[39m
[36m</html>[39m

- Expected
+ Received

- failed
+ running

 ❯ src/hooks/__tests__/useAnalysisPolling.test.ts:164:53
    162| 
    163|     await waitFor(() => {
    164|       expect(result.current.analysisStatus?.status).toBe('failed');
       |                                                     ^
    165|     });
    166| 
 ❯ runWithExpensiveErrorDiagnosticsDisabled ../../../AIStudio/node_modules/@testing-library/dom/dist/config.js:47:12
 ❯ checkCallback ../../../AIStudio/node_modules/@testing-library/dom/dist/wait-for.js:124:77
 ❯ ../../../AIStudio/node_modules/@testing-library/dom/dist/wait-for.js:82:9

⎯⎯⎯⎯⎯⎯⎯⎯⎯⎯⎯⎯⎯⎯⎯⎯⎯⎯⎯⎯⎯[56/141]⎯

 FAIL  src/hooks/__tests__/useAnalysisPolling.test.ts > useAnalysisPolling > should continue polling on status check error
AssertionError: expected "spy" to be called at least once
 ❯ src/hooks/__tests__/useAnalysisPolling.test.ts:288:28
    286|     });
    287| 
    288|     expect(mockOnComplete).toHaveBeenCalled();
       |                            ^
    289|   });
    290| });

⎯⎯⎯⎯⎯⎯⎯⎯⎯⎯⎯⎯⎯⎯⎯⎯⎯⎯⎯⎯⎯[57/141]⎯

 FAIL  src/hooks/__tests__/useCodeQualityMetrics.st16.test.ts > useCodeQualityMetrics - ST-16 Cache-Busting Tests > TC-ST16-F9: All 9 endpoints coverage > should call all 9 code-metrics endpoints with cache-busting
AssertionError: expected "wrap" to be called 9 times, but got 10 times

Ignored nodes: comments, script, style
[36m<html>[39m
  [36m<head />[39m
  [36m<body>[39m
    [36m<div />[39m
  [36m</body>[39m
[36m</html>[39m
 ❯ src/hooks/__tests__/useCodeQualityMetrics.st16.test.ts:262:27
    260|       await waitFor(() => {
    261|         // Should have called 9 endpoints total (6 main + 3 supplement…
    262|         expect(axios.get).toHaveBeenCalledTimes(9);
       |                           ^
    263|       });
    264| 
 ❯ runWithExpensiveErrorDiagnosticsDisabled ../../../AIStudio/node_modules/@testing-library/dom/dist/config.js:47:12
 ❯ checkCallback ../../../AIStudio/node_modules/@testing-library/dom/dist/wait-for.js:124:77
 ❯ Timeout.checkRealTimersCallback ../../../AIStudio/node_modules/@testing-library/dom/dist/wait-for.js:118:16

⎯⎯⎯⎯⎯⎯⎯⎯⎯⎯⎯⎯⎯⎯⎯⎯⎯⎯⎯⎯⎯[58/141]⎯

 FAIL  src/hooks/__tests__/useFileTree.test.ts > useFileTree > should select file and fetch details successfully
AssertionError: expected "wrap" to be called with arguments: [ Array(1) ]

Received: 

  1st wrap call:

  Array [
-   "/code-metrics/project/test-project-id/file/src%2Fcomponents%2FTest.tsx",
+   "/code-metrics/file/test-project-id?filePath=src%2Fcomponents%2FTest.tsx",
  ]


Number of calls: 1

 ❯ src/hooks/__tests__/useFileTree.test.ts:97:34
     95|     expect(result.current.selectedFile).toEqual(mockFileDetail);
     96|     expect(result.current.drillDownLevel).toBe('file');
     97|     expect(vi.mocked(axios.get)).toHaveBeenCalledWith(
       |                                  ^
     98|       '/code-metrics/project/test-project-id/file/src%2Fcomponents%2FT…
     99|     );

⎯⎯⎯⎯⎯⎯⎯⎯⎯⎯⎯⎯⎯⎯⎯⎯⎯⎯⎯⎯⎯[59/141]⎯

 FAIL  src/hooks/__tests__/useFileTree.test.ts > useFileTree > should show loading state when fetching file details
AssertionError: expected false to be true // Object.is equality

- Expected
+ Received

- true
+ false

 ❯ src/hooks/__tests__/useFileTree.test.ts:117:37
    115|     });
    116| 
    117|     expect(loadingStateBeforeFetch).toBe(true);
       |                                     ^
    118|     expect(result.current.loadingDetail).toBe(false);
    119|   });

⎯⎯⎯⎯⎯⎯⎯⎯⎯⎯⎯⎯⎯⎯⎯⎯⎯⎯⎯⎯⎯[60/141]⎯

 FAIL  src/hooks/__tests__/useWorkflowRuns.test.ts > useWorkflowRuns > refetches data on interval
 FAIL  src/pages/__tests__/CodeQualityDashboard.st16.integration.test.tsx > CodeQualityDashboard - ST-16 Integration Tests > TC-ST16-I1: Complete refresh flow with stale to fresh data > should show initial stale data, then update after analysis completes
 FAIL  src/pages/__tests__/CodeQualityDashboard.st16.integration.test.tsx > CodeQualityDashboard - ST-16 Integration Tests > TC-ST16-I3: Test coverage update verification > should show 0% coverage initially, then >0% after analysis with test correlation
 FAIL  src/pages/__tests__/CodeQualityDashboard.st16.integration.test.tsx > CodeQualityDashboard - ST-16 Integration Tests > TC-ST16-I4: Trend graph latest date update > should show 11/16 as latest date initially, then 11/18 after refresh
Error: Test timed out in 5000ms.
If this is a long-running test, pass a timeout value as the last argument or configure it globally with "testTimeout".
⎯⎯⎯⎯⎯⎯⎯⎯⎯⎯⎯⎯⎯⎯⎯⎯⎯⎯⎯⎯⎯[61/141]⎯

 FAIL  src/hooks/__tests__/useWorkflowRuns.test.ts > useWorkflowRuns > calculates progress from component runs
AssertionError: expected 63 to be 62.5 // Object.is equality

- Expected
+ Received

- 62.5
+ 63

 ❯ src/hooks/__tests__/useWorkflowRuns.test.ts:184:45
    182| 
    183|     // 2 completed + 0.5 running = 2.5 / 4 = 62.5%
    184|     expect(result.current.runs[0].progress).toBe(62.5);
       |                                             ^
    185|   });
    186| 

⎯⎯⎯⎯⎯⎯⎯⎯⎯⎯⎯⎯⎯⎯⎯⎯⎯⎯⎯⎯⎯[62/141]⎯

 FAIL  src/hooks/__tests__/useWorkflowRuns.test.ts > useWorkflowRuns > filters by status
AssertionError: expected [ { id: '1', …(23) }, …(2) ] to have a length of 1 but got 3

- Expected
+ Received

- 1
+ 3

 ❯ src/hooks/__tests__/useWorkflowRuns.test.ts:238:33
    236|     const { result } = renderHook(() => useWorkflowRuns({ status: 'run…
    237| 
    238|     expect(result.current.runs).toHaveLength(1);
       |                                 ^
    239|     expect(result.current.runs[0].status).toBe('running');
    240|   });

⎯⎯⎯⎯⎯⎯⎯⎯⎯⎯⎯⎯⎯⎯⎯⎯⎯⎯⎯⎯⎯[63/141]⎯

 FAIL  src/hooks/__tests__/useWorkflowRuns.test.ts > useWorkflowRuns > filters by storyId
AssertionError: expected [ { id: '1', …(23) }, …(2) ] to have a length of 2 but got 3

- Expected
+ Received

- 2
+ 3

 ❯ src/hooks/__tests__/useWorkflowRuns.test.ts:257:33
    255|     const { result } = renderHook(() => useWorkflowRuns({ storyId: 'st…
    256| 
    257|     expect(result.current.runs).toHaveLength(2);
       |                                 ^
    258|     expect(result.current.runs.every(r => r.storyId === 'story-1')).to…
    259|   });

⎯⎯⎯⎯⎯⎯⎯⎯⎯⎯⎯⎯⎯⎯⎯⎯⎯⎯⎯⎯⎯[64/141]⎯

 FAIL  src/hooks/__tests__/useWorkflowSettings.test.ts > useWorkflowSettings > resets settings to defaults
AssertionError: expected '{"autoHide":false,"maxVisibleRuns":5,…' to be null // Object.is equality

- Expected: 
null

+ Received: 
"{\"autoHide\":false,\"maxVisibleRuns\":5,\"viewMode\":\"compact\",\"animationsEnabled\":true,\"expandedRuns\":[]}"

 ❯ src/hooks/__tests__/useWorkflowSettings.test.ts:259:20
    257| 
    258|     const stored = localStorage.getItem(STORAGE_KEY);
    259|     expect(stored).toBe(null);
       |                    ^
    260|   });
    261| 

⎯⎯⎯⎯⎯⎯⎯⎯⎯⎯⎯⎯⎯⎯⎯⎯⎯⎯⎯⎯⎯[65/141]⎯

 FAIL  src/hooks/__tests__/useWorkflowWebSocket.test.ts > useWorkflowWebSocket > emits pause event
AssertionError: expected "spy" to be called with arguments: [ Array(2) ]

Received: 



Number of calls: 0

 ❯ src/hooks/__tests__/useWorkflowWebSocket.test.ts:262:29
    260|     });
    261| 
    262|     expect(mockSocket.emit).toHaveBeenCalledWith('workflow:pause', { r…
       |                             ^
    263|   });
    264| 

⎯⎯⎯⎯⎯⎯⎯⎯⎯⎯⎯⎯⎯⎯⎯⎯⎯⎯⎯⎯⎯[66/141]⎯

 FAIL  src/hooks/__tests__/useWorkflowWebSocket.test.ts > useWorkflowWebSocket > emits cancel event
AssertionError: expected "spy" to be called with arguments: [ 'workflow:cancel', …(1) ]

Received: 



Number of calls: 0

 ❯ src/hooks/__tests__/useWorkflowWebSocket.test.ts:272:29
    270|     });
    271| 
    272|     expect(mockSocket.emit).toHaveBeenCalledWith('workflow:cancel', { …
       |                             ^
    273|   });
    274| 

⎯⎯⎯⎯⎯⎯⎯⎯⎯⎯⎯⎯⎯⎯⎯⎯⎯⎯⎯⎯⎯[67/141]⎯

 FAIL  src/pages/__tests__/CodeQualityDashboard.integration.test.tsx > CodeQualityDashboard Integration > should render dashboard with metrics
TestingLibraryElementError: Unable to find an element with the text: Code Quality Overview. This could be because the text is broken up by multiple elements. In this case, you can provide a function for your text matcher to make your matcher more flexible.

Ignored nodes: comments, script, style
[36m<body>[39m
  [36m<div />[39m
[36m</body>[39m

Ignored nodes: comments, script, style
[36m<html>[39m
  [36m<head />[39m
  [36m<body>[39m
    [36m<div />[39m
  [36m</body>[39m
[36m</html>[39m
 ❯ Proxy.waitForWrapper ../../../AIStudio/node_modules/@testing-library/dom/dist/wait-for.js:163:27
 ❯ src/pages/__tests__/CodeQualityDashboard.integration.test.tsx:62:11
     60|     );
     61| 
     62|     await waitFor(() => {
       |           ^
     63|       expect(screen.getByText('Code Quality Overview')).toBeInTheDocum…
     64|     });

⎯⎯⎯⎯⎯⎯⎯⎯⎯⎯⎯⎯⎯⎯⎯⎯⎯⎯⎯⎯⎯[68/141]⎯

 FAIL  src/pages/__tests__/CodeQualityDashboard.st16.integration.test.tsx > CodeQualityDashboard - ST-16 Integration Tests > TC-ST16-I2: Cache-busting verification across all endpoints > should add unique _t timestamp to all 9 API calls on refresh
TestingLibraryElementError: Unable to find an accessible element with the role "button" and name `/refresh analysis/i`

Here are the accessible roles:

  paragraph:

  Name "":
  [36m<p[39m
    [33mclass[39m=[32m"text-gray-600 dark:text-gray-400"[39m
  [36m/>[39m

  --------------------------------------------------

Ignored nodes: comments, script, style
[36m<body>[39m
  [36m<div>[39m
    [36m<div[39m
      [33mclass[39m=[32m"flex items-center justify-center min-h-screen bg-gray-50 dark:bg-gray-900"[39m
    [36m>[39m
      [36m<div[39m
        [33mclass[39m=[32m"text-center"[39m
      [36m>[39m
        [36m<div[39m
          [33mclass[39m=[32m"flex items-center justify-center gap-2 mb-4"[39m
        [36m>[39m
          [36m<div[39m
            [33mclass[39m=[32m"w-2 h-2 bg-primary rounded-full animate-pulse"[39m
          [36m/>[39m
          [36m<div[39m
            [33mclass[39m=[32m"w-2 h-2 bg-primary rounded-full animate-pulse"[39m
            [33mstyle[39m=[32m"animation-delay: 0.2s;"[39m
          [36m/>[39m
          [36m<div[39m
            [33mclass[39m=[32m"w-2 h-2 bg-primary rounded-full animate-pulse"[39m
            [33mstyle[39m=[32m"animation-delay: 0.4s;"[39m
          [36m/>[39m
        [36m</div>[39m
        [36m<p[39m
          [33mclass[39m=[32m"text-gray-600 dark:text-gray-400"[39m
        [36m>[39m
          [0mLoading code quality metrics...[0m
        [36m</p>[39m
      [36m</div>[39m
    [36m</div>[39m
  [36m</div>[39m
[36m</body>[39m
 ❯ Object.getElementError ../../../AIStudio/node_modules/@testing-library/dom/dist/config.js:37:19
 ❯ ../../../AIStudio/node_modules/@testing-library/dom/dist/query-helpers.js:76:38
 ❯ ../../../AIStudio/node_modules/@testing-library/dom/dist/query-helpers.js:52:17
 ❯ ../../../AIStudio/node_modules/@testing-library/dom/dist/query-helpers.js:95:19
 ❯ src/pages/__tests__/CodeQualityDashboard.st16.integration.test.tsx:234:36
    232| 
    233|       // Trigger refresh
    234|       const refreshButton = screen.getByRole('button', { name: /refres…
       |                                    ^
    235|       await user.click(refreshButton);
    236| 

⎯⎯⎯⎯⎯⎯⎯⎯⎯⎯⎯⎯⎯⎯⎯⎯⎯⎯⎯⎯⎯[69/141]⎯

 FAIL  src/pages/__tests__/CodeQualityDashboard.st16.integration.test.tsx > CodeQualityDashboard - ST-16 Integration Tests > TC-ST16-I5: Multiple refresh cycles > should work consistently across 3 sequential refresh cycles
TestingLibraryElementError: Unable to find an accessible element with the role "button" and name `/refresh analysis/i`

Here are the accessible roles:

  paragraph:

  Name "":
  [36m<p[39m
    [33mclass[39m=[32m"text-gray-600 dark:text-gray-400"[39m
  [36m/>[39m

  --------------------------------------------------

Ignored nodes: comments, script, style
[36m<body>[39m
  [36m<div>[39m
    [36m<div[39m
      [33mclass[39m=[32m"flex items-center justify-center min-h-screen bg-gray-50 dark:bg-gray-900"[39m
    [36m>[39m
      [36m<div[39m
        [33mclass[39m=[32m"text-center"[39m
      [36m>[39m
        [36m<div[39m
          [33mclass[39m=[32m"flex items-center justify-center gap-2 mb-4"[39m
        [36m>[39m
          [36m<div[39m
            [33mclass[39m=[32m"w-2 h-2 bg-primary rounded-full animate-pulse"[39m
          [36m/>[39m
          [36m<div[39m
            [33mclass[39m=[32m"w-2 h-2 bg-primary rounded-full animate-pulse"[39m
            [33mstyle[39m=[32m"animation-delay: 0.2s;"[39m
          [36m/>[39m
          [36m<div[39m
            [33mclass[39m=[32m"w-2 h-2 bg-primary rounded-full animate-pulse"[39m
            [33mstyle[39m=[32m"animation-delay: 0.4s;"[39m
          [36m/>[39m
        [36m</div>[39m
        [36m<p[39m
          [33mclass[39m=[32m"text-gray-600 dark:text-gray-400"[39m
        [36m>[39m
          [0mLoading code quality metrics...[0m
        [36m</p>[39m
      [36m</div>[39m
    [36m</div>[39m
  [36m</div>[39m
[36m</body>[39m
 ❯ Object.getElementError ../../../AIStudio/node_modules/@testing-library/dom/dist/config.js:37:19
 ❯ ../../../AIStudio/node_modules/@testing-library/dom/dist/query-helpers.js:76:38
 ❯ ../../../AIStudio/node_modules/@testing-library/dom/dist/query-helpers.js:52:17
 ❯ ../../../AIStudio/node_modules/@testing-library/dom/dist/query-helpers.js:95:19
 ❯ src/pages/__tests__/CodeQualityDashboard.st16.integration.test.tsx:386:38
    384|         });
    385| 
    386|         const refreshButton = screen.getByRole('button', { name: /refr…
       |                                      ^
    387|         await user.click(refreshButton);
    388| 

⎯⎯⎯⎯⎯⎯⎯⎯⎯⎯⎯⎯⎯⎯⎯⎯⎯⎯⎯⎯⎯[70/141]⎯

 FAIL  src/pages/__tests__/CodeQualityDashboard.st16.integration.test.tsx > CodeQualityDashboard - ST-16 Integration Tests > TC-ST16-I6: Error handling with notifications > should show error toast when analysis fails
TestingLibraryElementError: Unable to find an accessible element with the role "button" and name `/refresh analysis/i`

Here are the accessible roles:

  paragraph:

  Name "":
  [36m<p[39m
    [33mclass[39m=[32m"text-gray-600 dark:text-gray-400"[39m
  [36m/>[39m

  --------------------------------------------------

Ignored nodes: comments, script, style
[36m<body>[39m
  [36m<div>[39m
    [36m<div[39m
      [33mclass[39m=[32m"flex items-center justify-center min-h-screen bg-gray-50 dark:bg-gray-900"[39m
    [36m>[39m
      [36m<div[39m
        [33mclass[39m=[32m"text-center"[39m
      [36m>[39m
        [36m<div[39m
          [33mclass[39m=[32m"flex items-center justify-center gap-2 mb-4"[39m
        [36m>[39m
          [36m<div[39m
            [33mclass[39m=[32m"w-2 h-2 bg-primary rounded-full animate-pulse"[39m
          [36m/>[39m
          [36m<div[39m
            [33mclass[39m=[32m"w-2 h-2 bg-primary rounded-full animate-pulse"[39m
            [33mstyle[39m=[32m"animation-delay: 0.2s;"[39m
          [36m/>[39m
          [36m<div[39m
            [33mclass[39m=[32m"w-2 h-2 bg-primary rounded-full animate-pulse"[39m
            [33mstyle[39m=[32m"animation-delay: 0.4s;"[39m
          [36m/>[39m
        [36m</div>[39m
        [36m<p[39m
          [33mclass[39m=[32m"text-gray-600 dark:text-gray-400"[39m
        [36m>[39m
          [0mLoading code quality metrics...[0m
        [36m</p>[39m
      [36m</div>[39m
    [36m</div>[39m
  [36m</div>[39m
[36m</body>[39m
 ❯ Object.getElementError ../../../AIStudio/node_modules/@testing-library/dom/dist/config.js:37:19
 ❯ ../../../AIStudio/node_modules/@testing-library/dom/dist/query-helpers.js:76:38
 ❯ ../../../AIStudio/node_modules/@testing-library/dom/dist/query-helpers.js:52:17
 ❯ ../../../AIStudio/node_modules/@testing-library/dom/dist/query-helpers.js:95:19
 ❯ src/pages/__tests__/CodeQualityDashboard.st16.integration.test.tsx:435:36
    433|       });
    434| 
    435|       const refreshButton = screen.getByRole('button', { name: /refres…
       |                                    ^
    436|       await user.click(refreshButton);
    437| 

⎯⎯⎯⎯⎯⎯⎯⎯⎯⎯⎯⎯⎯⎯⎯⎯⎯⎯⎯⎯⎯[71/141]⎯

 FAIL  src/components/CodeQuality/__tests__/ChurnVsComplexityChart.test.tsx > ChurnVsComplexityChart > Color coding by risk score > should use red for critical risk (score > 7)
AssertionError: expected 0 to be greater than 0
 ❯ src/components/CodeQuality/__tests__/ChurnVsComplexityChart.test.tsx:182:28
    180| 
    181|       const cells = container.querySelectorAll('[data-testid="cell"]');
    182|       expect(cells.length).toBeGreaterThan(0);
       |                            ^
    183|       expect((cells[0] as HTMLElement).style.fill).toBe('#ef4444');
    184|     });

⎯⎯⎯⎯⎯⎯⎯⎯⎯⎯⎯⎯⎯⎯⎯⎯⎯⎯⎯⎯⎯[72/141]⎯

 FAIL  src/components/CodeQuality/__tests__/ChurnVsComplexityChart.test.tsx > ChurnVsComplexityChart > Color coding by risk score > should use orange for high risk (score > 5 and <= 7)
TypeError: Cannot read properties of undefined (reading 'style')
 ❯ src/components/CodeQuality/__tests__/ChurnVsComplexityChart.test.tsx:192:40
    190| 
    191|       const cells = container.querySelectorAll('[data-testid="cell"]');
    192|       expect((cells[0] as HTMLElement).style.fill).toBe('#f97316');
       |                                        ^
    193|     });
    194| 

⎯⎯⎯⎯⎯⎯⎯⎯⎯⎯⎯⎯⎯⎯⎯⎯⎯⎯⎯⎯⎯[73/141]⎯

 FAIL  src/components/CodeQuality/__tests__/ChurnVsComplexityChart.test.tsx > ChurnVsComplexityChart > Color coding by risk score > should use yellow for medium risk (score > 3 and <= 5)
TypeError: Cannot read properties of undefined (reading 'style')
 ❯ src/components/CodeQuality/__tests__/ChurnVsComplexityChart.test.tsx:201:40
    199| 
    200|       const cells = container.querySelectorAll('[data-testid="cell"]');
    201|       expect((cells[0] as HTMLElement).style.fill).toBe('#eab308');
       |                                        ^
    202|     });
    203| 

⎯⎯⎯⎯⎯⎯⎯⎯⎯⎯⎯⎯⎯⎯⎯⎯⎯⎯⎯⎯⎯[74/141]⎯

 FAIL  src/components/CodeQuality/__tests__/ChurnVsComplexityChart.test.tsx > ChurnVsComplexityChart > Color coding by risk score > should use green for low risk (score <= 3)
TypeError: Cannot read properties of undefined (reading 'style')
 ❯ src/components/CodeQuality/__tests__/ChurnVsComplexityChart.test.tsx:210:40
    208| 
    209|       const cells = container.querySelectorAll('[data-testid="cell"]');
    210|       expect((cells[0] as HTMLElement).style.fill).toBe('#22c55e');
       |                                        ^
    211|     });
    212| 

⎯⎯⎯⎯⎯⎯⎯⎯⎯⎯⎯⎯⎯⎯⎯⎯⎯⎯⎯⎯⎯[75/141]⎯

 FAIL  src/components/CodeQuality/__tests__/ChurnVsComplexityChart.test.tsx > ChurnVsComplexityChart > Color coding by risk score > should handle risk score exactly at boundary (7.0)
TypeError: Cannot read properties of undefined (reading 'style')
 ❯ src/components/CodeQuality/__tests__/ChurnVsComplexityChart.test.tsx:219:40
    217| 
    218|       const cells = container.querySelectorAll('[data-testid="cell"]');
    219|       expect((cells[0] as HTMLElement).style.fill).toBe('#f97316'); //…
       |                                        ^
    220|     });
    221| 

⎯⎯⎯⎯⎯⎯⎯⎯⎯⎯⎯⎯⎯⎯⎯⎯⎯⎯⎯⎯⎯[76/141]⎯

 FAIL  src/components/CodeQuality/__tests__/ChurnVsComplexityChart.test.tsx > ChurnVsComplexityChart > Color coding by risk score > should handle risk score exactly at boundary (5.0)
TypeError: Cannot read properties of undefined (reading 'style')
 ❯ src/components/CodeQuality/__tests__/ChurnVsComplexityChart.test.tsx:228:40
    226| 
    227|       const cells = container.querySelectorAll('[data-testid="cell"]');
    228|       expect((cells[0] as HTMLElement).style.fill).toBe('#eab308'); //…
       |                                        ^
    229|     });
    230| 

⎯⎯⎯⎯⎯⎯⎯⎯⎯⎯⎯⎯⎯⎯⎯⎯⎯⎯⎯⎯⎯[77/141]⎯

 FAIL  src/components/CodeQuality/__tests__/ChurnVsComplexityChart.test.tsx > ChurnVsComplexityChart > Color coding by risk score > should handle risk score exactly at boundary (3.0)
TypeError: Cannot read properties of undefined (reading 'style')
 ❯ src/components/CodeQuality/__tests__/ChurnVsComplexityChart.test.tsx:237:40
    235| 
    236|       const cells = container.querySelectorAll('[data-testid="cell"]');
    237|       expect((cells[0] as HTMLElement).style.fill).toBe('#22c55e'); //…
       |                                        ^
    238|     });
    239|   });

⎯⎯⎯⎯⎯⎯⎯⎯⎯⎯⎯⎯⎯⎯⎯⎯⎯⎯⎯⎯⎯[78/141]⎯

 FAIL  src/components/CodeQuality/__tests__/CodeSmellsList.test.tsx > CodeSmellsList > should filter by severity
TestingLibraryElementError: Found multiple elements with the text: CRITICAL

Here are the matching elements:

Ignored nodes: comments, script, style
[36m<button[39m
  [33mclass[39m=[32m"px-3 py-1 rounded-full text-xs font-medium transition-colors bg-gray-100 dark:bg-gray-700 text-gray-700 dark:text-gray-300 hover:bg-gray-200 dark:hover:bg-gray-600"[39m
[36m>[39m
  [0mCRITICAL[0m
[36m</button>[39m

Ignored nodes: comments, script, style
[36m<span[39m
  [33mclass[39m=[32m"px-2.5 py-0.5 rounded-full text-xs font-medium text-red-700 bg-red-100 dark:bg-red-900/30"[39m
[36m>[39m
  [0mCRITICAL[0m
[36m</span>[39m

(If this is intentional, then use the `*AllBy*` variant of the query (like `queryAllByText`, `getAllByText`, or `findAllByText`)).

Ignored nodes: comments, script, style
[36m<body>[39m
  [36m<div>[39m
    [36m<div[39m
      [33mclass[39m=[32m"bg-white dark:bg-gray-800 border border-gray-200 dark:border-gray-700 rounded-xl"[39m
    [36m>[39m
      [36m<div[39m
        [33mclass[39m=[32m"flex items-center gap-2 px-6 py-4 border-b border-gray-200 dark:border-gray-700"[39m
      [36m>[39m
        [36m<span[39m
          [33mclass[39m=[32m"text-sm font-medium text-gray-700 dark:text-gray-300 mr-2"[39m
        [36m>[39m
          [0mFilter by severity:[0m
        [36m</span>[39m
        [36m<button[39m
          [33mclass[39m=[32m"px-3 py-1 rounded-full text-xs font-medium transition-colors bg-primary text-white"[39m
        [36m>[39m
          [0mAll[0m
        [36m</button>[39m
        [36m<button[39m
          [33mclass[39m=[32m"px-3 py-1 rounded-full text-xs font-medium transition-colors bg-gray-100 dark:bg-gray-700 text-gray-700 dark:text-gray-300 hover:bg-gray-200 dark:hover:bg-gray-600"[39m
        [36m>[39m
          [0mCRITICAL[0m
        [36m</button>[39m
        [36m<button[39m
          [33mclass[39m=[32m"px-3 py-1 rounded-full text-xs font-medium transition-colors bg-gray-100 dark:bg-gray-700 text-gray-700 dark:text-gray-300 hover:bg-gray-200 dark:hover:bg-gray-600"[39m
        [36m>[39m
          [0mHIGH[0m
        [36m</button>[39m
        [36m<button[39m
          [33mclass[39m=[32m"px-3 py-1 rounded-full text-xs font-medium transition-colors bg-gray-100 dark:bg-gray-700 text-gray-700 dark:text-gray-300 hover:bg-gray-200 dark:hover:bg-gray-600"[39m
        [36m>[39m
          [0mMEDIUM[0m
        [36m</button>[39m
        [36m<button[39m
          [33mclass[39m=[32m"px-3 py-1 rounded-full text-xs font-medium transition-colors bg-gray-100 dark:bg-gray-700 text-gray-700 dark:text-gray-300 hover:bg-gray-200 dark:hover:bg-gray-600"[39m
        [36m>[39m
          [0mLOW[0m
        [36m</button>[39m
      [36m</div>[39m
      [36m<div[39m
        [33mclass[39m=[32m"divide-y divide-gray-200 dark:divide-gray-700"[39m
      [36m>[39m
        [36m<div[39m
          [33mclass[39m=[32m"px-6 py-4 hover:bg-gray-50 dark:hover:bg-white/5 transition-colors"[39m
        [36m>[39m
          [36m<div[39m
            [33mclass[39m=[32m"flex items-start justify-between gap-4"[39m
          [36m>[39m
            [36m<div[39m
              [33mclass[39m=[32m"flex items-start gap-3 flex-1"[39m
            [36m>[39m
              [36m<span[39m
                [33mclass[39m=[32m"px-2.5 py-0.5 rounded-full text-xs font-medium text-red-700 bg-red-100 dark:bg-red-900/30"[39m
              [36m>[39m
                [0mCRITICAL[0m
              [36m</span>[39m
              [36m<div[39m
                [33mclass[39m=[32m"flex-1"[39m
              [36m>[39m
                [36m<h4[39m
                  [33mclass[39m=[32m"text-sm font-bold text-gray-900 dark:text-white mb-1"[39m
                [36m>[39m
                  [0mSecurity Vulnerability[0m
                [36m</h4>[39m
                [36m<div[39m
                  [33mclass[39m=[32m"flex items-center gap-4 text-xs text-gray-500 dark:text-[#9da6b9]"[39m
                [36m>[39m
                  [36m<span>[39m
                    [0m5[0m
                    [0m occurrences[0m
                  [36m</span>[39m
                  [36m<span>[39m
                    [0m3[0m
                    [0m files affected[0m
                  [36m</span>[39m
                [36m</div>[39m
              [36m</div>[39m
            [36m</div>[39m
            [36m<div[39m
              [33mclass[39m=[32m"flex items-center gap-2"[39m
            [36m>[39m
              [36m<button[39m
                [33maria-label[39m=[32m"Expand details"[39m
                [33mclass[39m=[32m"p-1 hover:bg-gray-200 dark:hover:bg-white/10 rounded transition-colors"[39m
              [36m>[39m
                [36m<svg[39m
                  [33mclass[39m=[32m"text-gray-500 transition-transform "[39m
                  [33mfill[39m=[32m"none"[39m
                  [33mheight[39m=[32m"20"[39m
                  [33mviewBox[39m=[32m"0 0 20 20"[39m
                  [33mwidth[39m=[32m"20"[39m
                  [33mxmlns[39m=[32m"http://www.w3.org/2000/svg"[39m
                [36m>[39m
                  [36m<path[39m
                    [33md[39m=[32m"M5 7.5L10 12.5L15 7.5"[39m
                    [33mstroke[39m=[32m"currentColor"[39m
                    [33mstroke-linecap[39m=[32m"round"[39m
                    [33mstroke-linejoin[39m=[32m"round"[39m
                    [33mstroke-width[39m=[32m"2"[39m
                  [36m/>[39m
                [36m</svg>[39m
              [36m</button>[39m
            [36m</div>[39m
          [36m</div>[39m
        [36m</div>[39m
        [36m<div[39m
          [33mclass[39m=[32m"px-6 py-4 hover:bg-gray-50 dark:hover:bg-white/5 transition-colors"[39m
        [36m>[39m
          [36m<div[39m
            [33mclass[39m=[32m"flex items-start justify-between gap-4"[39m
          [36m>[39m
            [36m<div[39m
              [33mclass[39m=[32m"flex items-start gap-3 flex-1"[39m
            [36m>[39m
              [36m<span[39m
                [33mclass[39m=[32m"px-2.5 py-0.5 rounded-full text-xs font-medium text-orange-700 bg-orange-100 dark:bg-orange-900/30"[39m
              [36m>[39m
                [0mHIGH[0m
              [36m</span>[39m
              [36m<div[39m
                [33mclass[39m=[32m"flex-1"[39m
              [36m>[39m
                [36m<h4[39m
                  [33mclass[39m=[32m"text-sm font-bold text-gray-900 dark:text-white mb-1"[39m
                [36m>[39m
                  [0mCode Complexity[0m
                [36m</h4>[39m
                [36m<div[39m
                  [33mclass[39m=[32m"flex items-center gap-4 text-xs text-gray-500 dark:text-[#9da6b9]"[39m
                [36m>[39m
                  [36m<span>[39m
                    [0m10[0m
                    [0m occurrences[0m
                  [36m</span>[39m
                  [36m<span>[39m
                    [0m7[0m
                    [0m files affected[0m
                  [36m</span>[39m
                [36m</div>[39m
              [36m</div>[39m
            [36m</div>[39m
            [36m<div[39m
              [33mclass[39m=[32m"flex items-center gap-2"[39m
            [36m>[39m
              [36m<button[39m
                [33maria-label[39m=[32m"Expand details"[39m
                [33mclass[39m=[32m"p-1 hover:bg-gray-200 dark:hover:bg-white/10 rounded transition-colors"[39m
              [36m>[39m
                [36m<svg[39m
                  [33mclass[39m=[32m"text-gray-500 transition-transform "[39m
                  [33mfill[39m=[32m"none"[39m
                  [33mheight[39m=[32m"20"[39m
                  [33mviewBox[39m=[32m"0 0 20 20"[39m
                  [33mwidth[39m=[32m"20"[39m
                  [33mxmlns[39m=[32m"http://www.w3.org/2000/svg"[39m
                [36m>[39m
                  [36m<path[39m
                    [33md[39m=[32m"M5 7.5L10 12.5L15 7.5"[39m
                    [33mstroke[39m=[32m"currentColor"[39m
                    [33mstroke-linecap[39m=[32m"round"[39m
                    [33mstroke-linejoin[39m=[32m"round"[39m
                    [33mstroke-width[39m=[32m"2"[39m
                  [36m/>[39m
                [36m</svg>[39m
              [36m</button>[39m
            [36m</div>[39m
          [36m</div>[39m
        [36m</div>[39m
      [36m</div>[39m
    [36m</div>[39m
  [36m</div>[39m
[36m</body>[39m
 ❯ Object.getElementError ../../../AIStudio/node_modules/@testing-library/dom/dist/config.js:37:19
 ❯ getElementError ../../../AIStudio/node_modules/@testing-library/dom/dist/query-helpers.js:20:35
 ❯ getMultipleElementsFoundError ../../../AIStudio/node_modules/@testing-library/dom/dist/query-helpers.js:23:10
 ❯ ../../../AIStudio/node_modules/@testing-library/dom/dist/query-helpers.js:55:13
 ❯ ../../../AIStudio/node_modules/@testing-library/dom/dist/query-helpers.js:95:19
 ❯ src/components/CodeQuality/__tests__/CodeSmellsList.test.tsx:36:35
     34|     render(<CodeSmellsList issues={mockIssues} />);
     35| 
     36|     const criticalButton = screen.getByText('CRITICAL');
       |                                   ^
     37|     fireEvent.click(criticalButton);
     38| 

⎯⎯⎯⎯⎯⎯⎯⎯⎯⎯⎯⎯⎯⎯⎯⎯⎯⎯⎯⎯⎯[79/141]⎯

 FAIL  src/components/CodeQuality/__tests__/FileDetailsPanel.test.tsx > FileDetailsPanel > should show loading state
TestingLibraryElementError: Unable to find an element with the text: /loading/i. This could be because the text is broken up by multiple elements. In this case, you can provide a function for your text matcher to make your matcher more flexible.

Ignored nodes: comments, script, style
[36m<body>[39m
  [36m<div>[39m
    [36m<div[39m
      [33mclass[39m=[32m"lg:sticky lg:top-8 bg-white dark:bg-[#1A202C] border border-gray-200 dark:border-[#3b4354] rounded-xl p-6"[39m
    [36m>[39m
      [36m<div[39m
        [33mclass[39m=[32m"animate-pulse"[39m
      [36m>[39m
        [36m<div[39m
          [33mclass[39m=[32m"h-8 bg-gray-200 dark:bg-gray-700 rounded w-3/4 mb-4"[39m
        [36m/>[39m
        [36m<div[39m
          [33mclass[39m=[32m"space-y-3"[39m
        [36m>[39m
          [36m<div[39m
            [33mclass[39m=[32m"h-4 bg-gray-200 dark:bg-gray-700 rounded"[39m
          [36m/>[39m
          [36m<div[39m
            [33mclass[39m=[32m"h-4 bg-gray-200 dark:bg-gray-700 rounded w-5/6"[39m
          [36m/>[39m
        [36m</div>[39m
      [36m</div>[39m
    [36m</div>[39m
  [36m</div>[39m
[36m</body>[39m
 ❯ Object.getElementError ../../../AIStudio/node_modules/@testing-library/dom/dist/config.js:37:19
 ❯ ../../../AIStudio/node_modules/@testing-library/dom/dist/query-helpers.js:76:38
 ❯ ../../../AIStudio/node_modules/@testing-library/dom/dist/query-helpers.js:52:17
 ❯ ../../../AIStudio/node_modules/@testing-library/dom/dist/query-helpers.js:95:19
 ❯ src/components/CodeQuality/__tests__/FileDetailsPanel.test.tsx:12:19
     10|   it('should show loading state', () => {
     11|     render(<FileDetailsPanel file={null} loading={true} />);
     12|     expect(screen.getByText(/loading/i)).toBeTruthy();
       |                   ^
     13|   });
     14| 

⎯⎯⎯⎯⎯⎯⎯⎯⎯⎯⎯⎯⎯⎯⎯⎯⎯⎯⎯⎯⎯[80/141]⎯

 FAIL  src/components/CodeQuality/__tests__/HotspotDetailsPanel.test.tsx > HotspotDetailsPanel > API data fetching > should show loading state while fetching
TestingLibraryElementError: Found multiple elements with the role "generic"

Here are the matching elements:

Ignored nodes: comments, script, style
[36m<div>[39m
  [36m<div[39m
    [33mclass[39m=[32m"fixed inset-0 bg-black bg-opacity-50 z-40 transition-opacity"[39m
  [36m/>[39m
  [36m<aside[39m
    [33mclass[39m=[32m"fixed top-0 right-0 h-full w-full max-w-2xl transform transition-transform duration-300 ease-in-out bg-gray-50 dark:bg-[#1A202C] shadow-lg border-l border-gray-200 dark:border-[#3b4354] flex flex-col z-50 translate-x-0"[39m
  [36m>[39m
    [36m<header[39m
      [33mclass[39m=[32m"sticky top-0 bg-gray-50 dark:bg-[#1A202C] px-6 pt-6 pb-4 border-b border-gray-200 dark:border-[#3b4354] z-10"[39m
    [36m>[39m
      [36m<div[39m
        [33mclass[39m=[32m"flex justify-between items-start gap-4"[39m
      [36m>[39m
        [36m<div[39m
          [33mclass[39m=[32m"flex-1 min-w-0"[39m
        [36m>[39m
          [36m<h2[39m
            [33mclass[39m=[32m"text-lg font-bold text-gray-900 dark:text-white truncate"[39m
            [33mtitle[39m=[32m"backend/src/auth/password-reset.ts"[39m
          [36m>[39m
            [0mbackend/src/auth/password-reset.ts[0m
          [36m</h2>[39m
          [36m<div[39m
            [33mclass[39m=[32m"flex items-center gap-4 text-sm text-gray-500 dark:text-gray-400 mt-1"[39m
          [36m>[39m
            [36m<span>[39m
              [0mLOC: [0m
              [0m500[0m
            [36m</span>[39m
            [36m<span[39m
              [33mclass[39m=[32m"text-gray-300 dark:text-gray-600"[39m
            [36m>[39m
              [0m|[0m
            [36m</span>[39m
            [36m<span>[39m
              [0mLast Analyzed:[0m
              [0m [0m
              [0m1/15/2025[0m
            [36m</span>[39m
          [36m</div>[39m
        [36m</div>[39m
        [36m<button[39m
          [33mclass[39m=[32m"text-gray-500 dark:text-gray-400 hover:text-gray-800 dark:hover:text-white flex-shrink-0"[39m
        [36m>[39m
          [36m<span[39m
            [33mclass[39m=[32m"material-symbols-outlined"[39m
          [36m>[39m
            [0mclose[0m
          [36m</span>[39m
        [36m</button>[39m
      [36m</div>[39m
    [36m</header>[39m
    [36m<div[39m
      [33mclass[39m=[32m"flex-1 overflow-y-auto p-6"[39m
    [36m>[39m
      [36m<section[39m
        [33mclass[39m=[32m"mb-8"[39m
      [36m>[39m
        [36m<h3[39m
          [33mclass[39m=[32m"text-lg font-semibold text-gray-800 dark:text-gray-200 mb-4"[39m
        [36m>[39m
          [0mRisk Factors Breakdown[0m
        [36m</h3>[39m
        [36m<div[39m
          [33mclass[39m=[32m"space-y-3"[39m
        [36m>[39m
          [36m<div[39m
            [33mclass[39m=[32m"flex items-start gap-3 p-4 bg-white dark:bg-[#282e39] rounded-lg border border-gray-200 dark:border-[#3b4354]"[39m
          [36m>[39m
            [36m<span[39m
              [33mclass[39m=[32m"material-symbols-outlined text-red-500 mt-1"[39m
            [36m>[39m
              [0mwhatshot[0m
            [36m</span>[39m
            [36m<div>[39m
              [36m<h4[39m
                [33mclass[39m=[32m"font-semibold text-gray-900 dark:text-white"[39m
              [36m>[39m
                [0mHigh Churn Rate[0m
              [36m</h4>[39m
              [36m<p[39m
                [33mclass[39m=[32m"text-sm text-gray-600 dark:text-gray-300"[39m
              [36m>[39m
                [0mThis file has been modified in [0m
                [0m45[0m
                [0m commits over the last 6 months, indicating it's a volatile part of the codebase.[0m
              [36m</p>[39m
            [36m</div>[39m
          [36m</div>[39m
          [36m<div[39m
            [33mclass[39m=[32m"flex items-start gap-3 p-4 bg-white dark:bg-[#282e39] rounded-lg border border-gray-200 dark:border-[#3b4354]"[39m
          [36m>[39m
            [36m<span[39m
              [33mclass[39m=[32m"material-symbols-outlined text-red-500 mt-1"[39m
            [36m>[39m
              [0mdevice_hub[0m
            [36m</span>[39m
            [36m<div>[39m
              [36m<h4[39m
                [33mclass[39m=[32m"font-semibold text-gray-900 dark:text-white"[39m
              [36m>[39m
                [0mHigh Complexity[0m
              [36m</h4>[39m
              [36m<p[39m
                [33mclass[39m=[32m"text-sm text-gray-600 dark:text-gray-300"[39m
              [36m>[39m
                [0mWith a cyclomatic complexity of [0m
                [0m25[0m
                [0m, this file is difficult to understand, test, and maintain.[0m
              [36m</p>[39m
            [36m</div>[39m
          [36m</div>[39m
        [36m</div>[39m
      [36m</section>[39m
      [36m<section[39m
        [33mclass[39m=[32m"mb-8"[39m
      [36m>[39m
        [36m<div[39m
          [33mclass[39m=[32m"grid grid-cols-2 md:grid-cols-4 gap-4"[39m
        [36m>[39m
          [36m<div[39m
            [33mclass[39m=[32m"bg-white dark:bg-[#282e39] p-4 rounded-lg border border-gray-200 dark:border-[#3b4354]"[39m
          [36m>[39m
            [36m<p[39m
              [33mclass[39m=[32m"text-sm text-gray-500 dark:text-gray-400"[39m
            [36m>[39m
              [0mRisk Score[0m
            [36m</p>[39m
            [36m<p[39m
              [33mclass[39m=[32m"text-2xl font-bold text-red-500 mt-1"[39m
            [36m>[39m
              [0m85.5[0m
            [36m</p>[39m
          [36m</div>[39m
          [36m<div[39m
            [33mclass[39m=[32m"bg-white dark:bg-[#282e39] p-4 rounded-lg border border-gray-200 dark:border-[#3b4354]"[39m
          [36m>[39m
            [36m<p[39m
              [33mclass[39m=[32m"text-sm text-gray-500 dark:text-gray-400"[39m
            [36m>[39m
              [0mComplexity[0m
            [36m</p>[39m
            [36m<p[39m
              [33mclass[39m=[32m"text-2xl font-bold text-gray-900 dark:text-white mt-1"[39m
            [36m>[39m
              [0m25[0m
            [36m</p>[39m
          [36m</div>[39m
          [36m<div[39m
            [33mclass[39m=[32m"bg-white dark:bg-[#282e39] p-4 rounded-lg border border-gray-200 dark:border-[#3b4354]"[39m
          [36m>[39m
            [36m<p[39m
              [33mclass[39m=[32m"text-sm text-gray-500 dark:text-gray-400"[39m
            [36m>[39m
              [0mChurn Rate[0m
            [36m</p>[39m
            [36m<p[39m
              [33mclass[39m=[32m"text-2xl font-bold text-gray-900 dark:text-white mt-1"[39m
            [36m>[39m
              [0m45[0m
            [36m</p>[39m
          [36m</div>[39m
          [36m<div[39m
            [33mclass[39m=[32m"bg-white dark:bg-[#282e39] p-4 rounded-lg border border-gray-200 dark:border-[#3b4354]"[39m
          [36m>[39m
            [36m<p[39m
              [33mclass[39m=[32m"text-sm text-gray-500 dark:text-gray-400"[39m
            [36m>[39m
              [0mMaintainability[0m
            [36m</p>[39m
            [36m<p[39m
              [33mclass[39m=[32m"text-2xl font-bold text-red-500 mt-1"[39m
            [36m>[39m
              [0m-[0m
            [36m</p>[39m
          [36m</div>[39m
        [36m</div>[39m
      [36m</section>[39m
      [36m<section[39m
        [33mclass[39m=[32m"mb-8"[39m
      [36m>[39m
        [36m<div[39m
          [33mclass[39m=[32m"flex items-center justify-center p-8"[39m
        [36m>[39m
          [36m<div[39m
            [33mclass[39m=[32m"flex items-center gap-2"[39m
          [36m>[39m
            [36m<div[39m
              [33mclass[39m=[32m"w-2 h-2 bg-primary rounded-full animate-pulse"[39m
            [36m/>[39m
            [36m<div[39m
              [33mclass[39m=[32m"w-2 h-2 bg-primary rounded-full animate-pulse"[39m
              [33mstyle[39m=[32m"animation-delay: 0.2s;"[39m
            [36m/>[39m
            [36m<div[39m
              [33mclass[39m=[32m"w-2 h-2 bg-primary rounded-full animate-pulse"[39m
              [33mstyle[39m=[32m"animation-delay: 0.4s;"[39m
            [36m/>[39m
          [36m</div>[39m
        [36m</div>[39m
      [36m</section>[39m
      [36m<section[39m
        [33mclass[39m=[32m"mb-8"[39m
      [36m>[39m
        [36m<h3[39m
          [33mclass[39m=[32m"text-lg font-semibold text-gray-800 dark:text-gray-200 mb-4"[39m
        [36m>[39m
          [0mAI-Generated Recommendations[0m
        [36m</h3>[39m
        [36m<div[39m
          [33mclass[39m=[32m"space-y-3"[39m
        [36m>[39m
          [36m<div[39m
            [33mclass[39m=[32m"flex items-start gap-3 p-4 bg-white dark:bg-[#282e39] rounded-lg border border-gray-200 dark:border-primary/50"[39m
          [36m>[39m
            [36m<span[39m
              [33mclass[39m=[32m"material-symbols-outlined text-primary mt-1"[39m
            [36m>[39m
              [0mauto_awesome[0m
            [36m</span>[39m
            [36m<p[39m
              [33mclass[39m=[32m"text-sm text-gray-600 dark:text-gray-300"[39m
            [36m>[39m
              [0mConsider breaking down large functions in this file. Extract validation, business logic, and side effects into separate modules to reduce complexity from [0m
              [0m25[0m
              [0m to a more manageable level.[0m
            [36m</p>[39m
          [36m</div>[39m
          [36m<div[39m
            [33mclass[39m=[32m"flex items-start gap-3 p-4 bg-white dark:bg-[#282e39] rounded-lg border border-gray-200 dark:border-primary/50"[39m
          [36m>[39m
            [36m<span[39m
              [33mclass[39m=[32m"material-symbols-outlined text-primary mt-1"[39m
            [36m>[39m
              [0mauto_awesome[0m
            [36m</span>[39m
            [36m<p[39m
              [33mclass[39m=[32m"text-sm text-gray-600 dark:text-gray-300"[39m
            [36m>[39m
              [0mHigh churn rate indicates this file is frequently modified. Consider introducing design patterns (Strategy, Factory) to decouple core logic from specific implementations, improving flexibility and maintainability.[0m
            [36m</p>[39m
          [36m</div>[39m
        [36m</div>[39m
      [36m</section>[39m
      [36m<section>[39m
        [36m<h3[39m
          [33mclass[39m=[32m"text-lg font-semibold text-gray-800 dark:text-gray-200 mb-4"[39m
        [36m>[39m
          [0mRelated Files & Dependencies[0m
        [36m</h3>[39m
        [36m<p[39m
          [33mclass[39m=[32m"text-sm text-gray-500 dark:text-gray-400 text-center py-4"[39m
        [36m>[39m
          [0mNo dependencies found[0m
        [36m</p>[39m
      [36m</section>[39m
    [36m</div>[39m
  [36m</aside>[39m
[36m</div>[39m

Ignored nodes: comments, script, style
[36m<div[39m
  [33mclass[39m=[32m"fixed inset-0 bg-black bg-opacity-50 z-40 transition-opacity"[39m
[36m/>[39m

Ignored nodes: comments, script, style
[36m<div[39m
  [33mclass[39m=[32m"flex justify-between items-start gap-4"[39m
[36m>[39m
  [36m<div[39m
    [33mclass[39m=[32m"flex-1 min-w-0"[39m
  [36m>[39m
    [36m<h2[39m
      [33mclass[39m=[32m"text-lg font-bold text-gray-900 dark:text-white truncate"[39m
      [33mtitle[39m=[32m"backend/src/auth/password-reset.ts"[39m
    [36m>[39m
      [0mbackend/src/auth/password-reset.ts[0m
    [36m</h2>[39m
    [36m<div[39m
      [33mclass[39m=[32m"flex items-center gap-4 text-sm text-gray-500 dark:text-gray-400 mt-1"[39m
    [36m>[39m
      [36m<span>[39m
        [0mLOC: [0m
        [0m500[0m
      [36m</span>[39m
      [36m<span[39m
        [33mclass[39m=[32m"text-gray-300 dark:text-gray-600"[39m
      [36m>[39m
        [0m|[0m
      [36m</span>[39m
      [36m<span>[39m
        [0mLast Analyzed:[0m
        [0m [0m
        [0m1/15/2025[0m
      [36m</span>[39m
    [36m</div>[39m
  [36m</div>[39m
  [36m<button[39m
    [33mclass[39m=[32m"text-gray-500 dark:text-gray-400 hover:text-gray-800 dark:hover:text-white flex-shrink-0"[39m
  [36m>[39m
    [36m<span[39m
      [33mclass[39m=[32m"material-symbols-outlined"[39m
    [36m>[39m
      [0mclose[0m
    [36m</span>[39m
  [36m</button>[39m
[36m</div>[39m

Ignored nodes: comments, script, style
[36m<div[39m
  [33mclass[39m=[32m"flex-1 min-w-0"[39m
[36m>[39m
  [36m<h2[39m
    [33mclass[39m=[32m"text-lg font-bold text-gray-900 dark:text-white truncate"[39m
    [33mtitle[39m=[32m"backend/src/auth/password-reset.ts"[39m
  [36m>[39m
    [0mbackend/src/auth/password-reset.ts[0m
  [36m</h2>[39m
  [36m<div[39m
    [33mclass[39m=[32m"flex items-center gap-4 text-sm text-gray-500 dark:text-gray-400 mt-1"[39m
  [36m>[39m
    [36m<span>[39m
      [0mLOC: [0m
      [0m500[0m
    [36m</span>[39m
    [36m<span[39m
      [33mclass[39m=[32m"text-gray-300 dark:text-gray-600"[39m
    [36m>[39m
      [0m|[0m
    [36m</span>[39m
    [36m<span>[39m
      [0mLast Analyzed:[0m
      [0m [0m
      [0m1/15/2025[0m
    [36m</span>[39m
  [36m</div>[39m
[36m</div>[39m

Ignored nodes: comments, script, style
[36m<div[39m
  [33mclass[39m=[32m"flex items-center gap-4 text-sm text-gray-500 dark:text-gray-400 mt-1"[39m
[36m>[39m
  [36m<span>[39m
    [0mLOC: [0m
    [0m500[0m
  [36m</span>[39m
  [36m<span[39m
    [33mclass[39m=[32m"text-gray-300 dark:text-gray-600"[39m
  [36m>[39m
    [0m|[0m
  [36m</span>[39m
  [36m<span>[39m
    [0mLast Analyzed:[0m
    [0m [0m
    [0m1/15/2025[0m
  [36m</span>[39m
[36m</div>[39m

Ignored nodes: comments, script, style
[36m<span>[39m
  [0mLOC: [0m
  [0m500[0m
[36m</span>[39m

Ignored nodes: comments, script, style
[36m<span[39m
  [33mclass[39m=[32m"text-gray-300 dark:text-gray-600"[39m
[36m>[39m
  [0m|[0m
[36m</span>[39m

Ignored nodes: comments, script, style
[36m<span>[39m
  [0mLast Analyzed:[0m
  [0m [0m
  [0m1/15/2025[0m
[36m</span>[39m

Ignored nodes: comments, script, style
[36m<span[39m
  [33mclass[39m=[32m"material-symbols-outlined"[39m
[36m>[39m
  [0mclose[0m
[36m</span>[39m

Ignored nodes: comments, script, style
[36m<div[39m
  [33mclass[39m=[32m"flex-1 overflow-y-auto p-6"[39m
[36m>[39m
  [36m<section[39m
    [33mclass[39m=[32m"mb-8"[39m
  [36m>[39m
    [36m<h3[39m
      [33mclass[39m=[32m"text-lg font-semibold text-gray-800 dark:text-gray-200 mb-4"[39m
    [36m>[39m
      [0mRisk Factors Breakdown[0m
    [36m</h3>[39m
    [36m<div[39m
      [33mclass[39m=[32m"space-y-3"[39m
    [36m>[39m
      [36m<div[39m
        [33mclass[39m=[32m"flex items-start gap-3 p-4 bg-white dark:bg-[#282e39] rounded-lg border border-gray-200 dark:border-[#3b4354]"[39m
      [36m>[39m
        [36m<span[39m
          [33mclass[39m=[32m"material-symbols-outlined text-red-500 mt-1"[39m
        [36m>[39m
          [0mwhatshot[0m
        [36m</span>[39m
        [36m<div>[39m
          [36m<h4[39m
            [33mclass[39m=[32m"font-semibold text-gray-900 dark:text-white"[39m
          [36m>[39m
            [0mHigh Churn Rate[0m
          [36m</h4>[39m
          [36m<p[39m
            [33mclass[39m=[32m"text-sm text-gray-600 dark:text-gray-300"[39m
          [36m>[39m
            [0mThis file has been modified in [0m
            [0m45[0m
            [0m commits over the last 6 months, indicating it's a volatile part of the codebase.[0m
          [36m</p>[39m
        [36m</div>[39m
      [36m</div>[39m
      [36m<div[39m
        [33mclass[39m=[32m"flex items-start gap-3 p-4 bg-white dark:bg-[#282e39] rounded-lg border border-gray-200 dark:border-[#3b4354]"[39m
      [36m>[39m
        [36m<span[39m
          [33mclass[39m=[32m"material-symbols-outlined text-red-500 mt-1"[39m
        [36m>[39m
          [0mdevice_hub[0m
        [36m</span>[39m
        [36m<div>[39m
          [36m<h4[39m
            [33mclass[39m=[32m"font-semibold text-gray-900 dark:text-white"[39m
          [36m>[39m
            [0mHigh Complexity[0m
          [36m</h4>[39m
          [36m<p[39m
            [33mclass[39m=[32m"text-sm text-gray-600 dark:text-gray-300"[39m
          [36m>[39m
            [0mWith a cyclomatic complexity of [0m
            [0m25[0m
            [0m, this file is difficult to understand, test, and maintain.[0m
          [36m</p>[39m
        [36m</div>[39m
      [36m</div>[39m
    [36m</div>[39m
  [36m</section>[39m
  [36m<section[39m
    [33mclass[39m=[32m"mb-8"[39m
  [36m>[39m
    [36m<div[39m
      [33mclass[39m=[32m"grid grid-cols-2 md:grid-cols-4 gap-4"[39m
    [36m>[39m
      [36m<div[39m
        [33mclass[39m=[32m"bg-white dark:bg-[#282e39] p-4 rounded-lg border border-gray-200 dark:border-[#3b4354]"[39m
      [36m>[39m
        [36m<p[39m
          [33mclass[39m=[32m"text-sm text-gray-500 dark:text-gray-400"[39m
        [36m>[39m
          [0mRisk Score[0m
        [36m</p>[39m
        [36m<p[39m
          [33mclass[39m=[32m"text-2xl font-bold text-red-500 mt-1"[39m
        [36m>[39m
          [0m85.5[0m
        [36m</p>[39m
      [36m</div>[39m
      [36m<div[39m
        [33mclass[39m=[32m"bg-white dark:bg-[#282e39] p-4 rounded-lg border border-gray-200 dark:border-[#3b4354]"[39m
      [36m>[39m
        [36m<p[39m
          [33mclass[39m=[32m"text-sm text-gray-500 dark:text-gray-400"[39m
        [36m>[39m
          [0mComplexity[0m
        [36m</p>[39m
        [36m<p[39m
          [33mclass[39m=[32m"text-2xl font-bold text-gray-900 dark:text-white mt-1"[39m
        [36m>[39m
          [0m25[0m
        [36m</p>[39m
      [36m</div>[39m
      [36m<div[39m
        [33mclass[39m=[32m"bg-white dark:bg-[#282e39] p-4 rounded-lg border border-gray-200 dark:border-[#3b4354]"[39m
      [36m>[39m
        [36m<p[39m
          [33mclass[39m=[32m"text-sm text-gray-500 dark:text-gray-400"[39m
        [36m>[39m
          [0mChurn Rate[0m
        [36m</p>[39m
        [36m<p[39m
          [33mclass[39m=[32m"text-2xl font-bold text-gray-900 dark:text-white mt-1"[39m
        [36m>[39m
          [0m45[0m
        [36m</p>[39m
      [36m</div>[39m
      [36m<div[39m
        [33mclass[39m=[32m"bg-white dark:bg-[#282e39] p-4 rounded-lg border border-gray-200 dark:border-[#3b4354]"[39m
      [36m>[39m
        [36m<p[39m
          [33mclass[39m=[32m"text-sm text-gray-500 dark:text-gray-400"[39m
        [36m>[39m
          [0mMaintainability[0m
        [36m</p>[39m
        [36m<p[39m
          [33mclass[39m=[32m"text-2xl font-bold text-red-500 mt-1"[39m
        [36m>[39m
          [0m-[0m
        [36m</p>[39m
      [36m</div>[39m
    [36m</div>[39m
  [36m</section>[39m
  [36m<section[39m
    [33mclass[39m=[32m"mb-8"[39m
  [36m>[39m
    [36m<div[39m
      [33mclass[39m=[32m"flex items-center justify-center p-8"[39m
    [36m>[39m
      [36m<div[39m
        [33mclass[39m=[32m"flex items-center gap-2"[39m
      [36m>[39m
        [36m<div[39m
          [33mclass[39m=[32m"w-2 h-2 bg-primary rounded-full animate-pulse"[39m
        [36m/>[39m
        [36m<div[39m
          [33mclass[39m=[32m"w-2 h-2 bg-primary rounded-full animate-pulse"[39m
          [33mstyle[39m=[32m"animation-delay: 0.2s;"[39m
        [36m/>[39m
        [36m<div[39m
          [33mclass[39m=[32m"w-2 h-2 bg-primary rounded-full animate-pulse"[39m
          [33mstyle[39m=[32m"animation-delay: 0.4s;"[39m
        [36m/>[39m
      [36m</div>[39m
    [36m</div>[39m
  [36m</section>[39m
  [36m<section[39m
    [33mclass[39m=[32m"mb-8"[39m
  [36m>[39m
    [36m<h3[39m
      [33mclass[39m=[32m"text-lg font-semibold text-gray-800 dark:text-gray-200 mb-4"[39m
    [36m>[39m
      [0mAI-Generated Recommendations[0m
    [36m</h3>[39m
    [36m<div[39m
      [33mclass[39m=[32m"space-y-3"[39m
    [36m>[39m
      [36m<div[39m
        [33mclass[39m=[32m"flex items-start gap-3 p-4 bg-white dark:bg-[#282e39] rounded-lg border border-gray-200 dark:border-primary/50"[39m
      [36m>[39m
        [36m<span[39m
          [33mclass[39m=[32m"material-symbols-outlined text-primary mt-1"[39m
        [36m>[39m
          [0mauto_awesome[0m
        [36m</span>[39m
        [36m<p[39m
          [33mclass[39m=[32m"text-sm text-gray-600 dark:text-gray-300"[39m
        [36m>[39m
          [0mConsider breaking down large functions in this file. Extract validation, business logic, and side effects into separate modules to reduce complexity from [0m
          [0m25[0m
          [0m to a more manageable level.[0m
        [36m</p>[39m
      [36m</div>[39m
      [36m<div[39m
        [33mclass[39m=[32m"flex items-start gap-3 p-4 bg-white dark:bg-[#282e39] rounded-lg border border-gray-200 dark:border-primary/50"[39m
      [36m>[39m
        [36m<span[39m
          [33mclass[39m=[32m"material-symbols-outlined text-primary mt-1"[39m
        [36m>[39m
          [0mauto_awesome[0m
        [36m</span>[39m
        [36m<p[39m
          [33mclass[39m=[32m"text-sm text-gray-600 dark:text-gray-300"[39m
        [36m>[39m
          [0mHigh churn rate indicates this file is frequently modified. Consider introducing design patterns (Strategy, Factory) to decouple core logic from specific implementations, improving flexibility and maintainability.[0m
        [36m</p>[39m
      [36m</div>[39m
    [36m</div>[39m
  [36m</section>[39m
  [36m<section>[39m
    [36m<h3[39m
      [33mclass[39m=[32m"text-lg font-semibold text-gray-800 dark:text-gray-200 mb-4"[39m
    [36m>[39m
      [0mRelated Files & Dependencies[0m
    [36m</h3>[39m
    [36m<p[39m
      [33mclass[39m=[32m"text-sm text-gray-500 dark:text-gray-400 text-center py-4"[39m
    [36m>[39m
      [0mNo dependencies found[0m
    [36m</p>[39m
  [36m</section>[39m
[36m</div>[39m

Ignored nodes: comments, script, style
[36m<section[39m
  [33mclass[39m=[32m"mb-8"[39m
[36m>[39m
  [36m<h3[39m
    [33mclass[39m=[32m"text-lg font-semibold text-gray-800 dark:text-gray-200 mb-4"[39m
  [36m>[39m
    [0mRisk Factors Breakdown[0m
  [36m</h3>[39m
  [36m<div[39m
    [33mclass[39m=[32m"space-y-3"[39m
  [36m>[39m
    [36m<div[39m
      [33mclass[39m=[32m"flex items-start gap-3 p-4 bg-white dark:bg-[#282e39] rounded-lg border border-gray-200 dark:border-[#3b4354]"[39m
    [36m>[39m
      [36m<span[39m
        [33mclass[39m=[32m"material-symbols-outlined text-red-500 mt-1"[39m
      [36m>[39m
        [0mwhatshot[0m
      [36m</span>[39m
      [36m<div>[39m
        [36m<h4[39m
          [33mclass[39m=[32m"font-semibold text-gray-900 dark:text-white"[39m
        [36m>[39m
          [0mHigh Churn Rate[0m
        [36m</h4>[39m
        [36m<p[39m
          [33mclass[39m=[32m"text-sm text-gray-600 dark:text-gray-300"[39m
        [36m>[39m
          [0mThis file has been modified in [0m
          [0m45[0m
          [0m commits over the last 6 months, indicating it's a volatile part of the codebase.[0m
        [36m</p>[39m
      [36m</div>[39m
    [36m</div>[39m
    [36m<div[39m
      [33mclass[39m=[32m"flex items-start gap-3 p-4 bg-white dark:bg-[#282e39] rounded-lg border border-gray-200 dark:border-[#3b4354]"[39m
    [36m>[39m
      [36m<span[39m
        [33mclass[39m=[32m"material-symbols-outlined text-red-500 mt-1"[39m
      [36m>[39m
        [0mdevice_hub[0m
      [36m</span>[39m
      [36m<div>[39m
        [36m<h4[39m
          [33mclass[39m=[32m"font-semibold text-gray-900 dark:text-white"[39m
        [36m>[39m
          [0mHigh Complexity[0m
        [36m</h4>[39m
        [36m<p[39m
          [33mclass[39m=[32m"text-sm text-gray-600 dark:text-gray-300"[39m
        [36m>[39m
          [0mWith a cyclomatic complexity of [0m
          [0m25[0m
          [0m, this file is difficult to understand, test, and maintain.[0m
        [36m</p>[39m
      [36m</div>[39m
    [36m</div>[39m
  [36m</div>[39m
[36m</section>[39m

Ignored nodes: comments, script, style
[36m<div[39m
  [33mclass[39m=[32m"space-y-3"[39m
[36m>[39m
  [36m<div[39m
    [33mclass[39m=[32m"flex items-start gap-3 p-4 bg-white dark:bg-[#282e39] rounded-lg border border-gray-200 dark:border-[#3b4354]"[39m
  [36m>[39m
    [36m<span[39m
      [33mclass[39m=[32m"material-symbols-outlined text-red-500 mt-1"[39m
    [36m>[39m
      [0mwhatshot[0m
    [36m</span>[39m
    [36m<div>[39m
      [36m<h4[39m
        [33mclass[39m=[32m"font-semibold text-gray-900 dark:text-white"[39m
      [36m>[39m
        [0mHigh Churn Rate[0m
      [36m</h4>[39m
      [36m<p[39m
        [33mclass[39m=[32m"text-sm text-gray-600 dark:text-gray-300"[39m
      [36m>[39m
        [0mThis file has been modified in [0m
        [0m45[0m
        [0m commits over the last 6 months, indicating it's a volatile part of the codebase.[0m
      [36m</p>[39m
    [36m</div>[39m
  [36m</div>[39m
  [36m<div[39m
    [33mclass[39m=[32m"flex items-start gap-3 p-4 bg-white dark:bg-[#282e39] rounded-lg border border-gray-200 dark:border-[#3b4354]"[39m
  [36m>[39m
    [36m<span[39m
      [33mclass[39m=[32m"material-symbols-outlined text-red-500 mt-1"[39m
    [36m>[39m
      [0mdevice_hub[0m
    [36m</span>[39m
    [36m<div>[39m
      [36m<h4[39m
        [33mclass[39m=[32m"font-semibold text-gray-900 dark:text-white"[39m
      [36m>[39m
        [0mHigh Complexity[0m
      [36m</h4>[39m
      [36m<p[39m
        [33mclass[39m=[32m"text-sm text-gray-600 dark:text-gray-300"[39m
      [36m>[39m
        [0mWith a cyclomatic complexity of [0m
        [0m25[0m
        [0m, this file is difficult to understand, test, and maintain.[0m
      [36m</p>[39m
    [36m</div>[39m
  [36m</div>[39m
[36m</div>[39m

Ignored nodes: comments, script, style
[36m<div[39m
  [33mclass[39m=[32m"flex items-start gap-3 p-4 bg-white dark:bg-[#282e39] rounded-lg border border-gray-200 dark:border-[#3b4354]"[39m
[36m>[39m
  [36m<span[39m
    [33mclass[39m=[32m"material-symbols-outlined text-red-500 mt-1"[39m
  [36m>[39m
    [0mwhatshot[0m
  [36m</span>[39m
  [36m<div>[39m
    [36m<h4[39m
      [33mclass[39m=[32m"font-semibold text-gray-900 dark:text-white"[39m
    [36m>[39m
      [0mHigh Churn Rate[0m
    [36m</h4>[39m
    [36m<p[39m
      [33mclass[39m=[32m"text-sm text-gray-600 dark:text-gray-300"[39m
    [36m>[39m
      [0mThis file has been modified in [0m
      [0m45[0m
      [0m commits over the last 6 months, indicating it's a volatile part of the codebase.[0m
    [36m</p>[39m
  [36m</div>[39m
[36m</div>[39m

Ignored nodes: comments, script, style
[36m<span[39m
  [33mclass[39m=[32m"material-symbols-outlined text-red-500 mt-1"[39m
[36m>[39m
  [0mwhatshot[0m
[36m</span>[39m

Ignored nodes: comments, script, style
[36m<div>[39m
  [36m<h4[39m
    [33mclass[39m=[32m"font-semibold text-gray-900 dark:text-white"[39m
  [36m>[39m
    [0mHigh Churn Rate[0m
  [36m</h4>[39m
  [36m<p[39m
    [33mclass[39m=[32m"text-sm text-gray-600 dark:text-gray-300"[39m
  [36m>[39m
    [0mThis file has been modified in [0m
    [0m45[0m
    [0m commits over the last 6 months, indicating it's a volatile part of the codebase.[0m
  [36m</p>[39m
[36m</div>[39m

Ignored nodes: comments, script, style
[36m<div[39m
  [33mclass[39m=[32m"flex items-start gap-3 p-4 bg-white dark:bg-[#282e39] rounded-lg border border-gray-200 dark:border-[#3b4354]"[39m
[36m>[39m
  [36m<span[39m
    [33mclass[39m=[32m"material-symbols-outlined text-red-500 mt-1"[39m
  [36m>[39m
    [0mdevice_hub[0m
  [36m</span>[39m
  [36m<div>[39m
    [36m<h4[39m
      [33mclass[39m=[32m"font-semibold text-gray-900 dark:text-white"[39m
    [36m>[39m
      [0mHigh Complexity[0m
    [36m</h4>[39m
    [36m<p[39m
      [33mclass[39m=[32m"text-sm text-gray-600 dark:text-gray-300"[39m
    [36m>[39m
      [0mWith a cyclomatic complexity of [0m
      [0m25[0m
      [0m, this file is difficult to understand, test, and maintain.[0m
    [36m</p>[39m
  [36m</div>[39m
[36m</div>[39m

Ignored nodes: comments, script, style
[36m<span[39m
  [33mclass[39m=[32m"material-symbols-outlined text-red-500 mt-1"[39m
[36m>[39m
  [0mdevice_hub[0m
[36m</span>[39m

Ignored nodes: comments, script, style
[36m<div>[39m
  [36m<h4[39m
    [33mclass[39m=[32m"font-semibold text-gray-900 dark:text-white"[39m
  [36m>[39m
    [0mHigh Complexity[0m
  [36m</h4>[39m
  [36m<p[39m
    [33mclass[39m=[32m"text-sm text-gray-600 dark:text-gray-300"[39m
  [36m>[39m
    [0mWith a cyclomatic complexity of [0m
    [0m25[0m
    [0m, this file is difficult to understand, test, and maintain.[0m
  [36m</p>[39m
[36m</div>[39m

Ignored nodes: comments, script, style
[36m<section[39m
  [33mclass[39m=[32m"mb-8"[39m
[36m>[39m
  [36m<div[39m
    [33mclass[39m=[32m"grid grid-cols-2 md:grid-cols-4 gap-4"[39m
  [36m>[39m
    [36m<div[39m
      [33mclass[39m=[32m"bg-white dark:bg-[#282e39] p-4 rounded-lg border border-gray-200 dark:border-[#3b4354]"[39m
    [36m>[39m
      [36m<p[39m
        [33mclass[39m=[32m"text-sm text-gray-500 dark:text-gray-400"[39m
      [36m>[39m
        [0mRisk Score[0m
      [36m</p>[39m
      [36m<p[39m
        [33mclass[39m=[32m"text-2xl font-bold text-red-500 mt-1"[39m
      [36m>[39m
        [0m85.5[0m
      [36m</p>[39m
    [36m</div>[39m
    [36m<div[39m
      [33mclass[39m=[32m"bg-white dark:bg-[#282e39] p-4 rounded-lg border border-gray-200 dark:border-[#3b4354]"[39m
    [36m>[39m
      [36m<p[39m
        [33mclass[39m=[32m"text-sm text-gray-500 dark:text-gray-400"[39m
      [36m>[39m
        [0mComplexity[0m
      [36m</p>[39m
      [36m<p[39m
        [33mclass[39m=[32m"text-2xl font-bold text-gray-900 dark:text-white mt-1"[39m
      [36m>[39m
        [0m25[0m
      [36m</p>[39m
    [36m</div>[39m
    [36m<div[39m
      [33mclass[39m=[32m"bg-white dark:bg-[#282e39] p-4 rounded-lg border border-gray-200 dark:border-[#3b4354]"[39m
    [36m>[39m
      [36m<p[39m
        [33mclass[39m=[32m"text-sm text-gray-500 dark:text-gray-400"[39m
      [36m>[39m
        [0mChurn Rate[0m
      [36m</p>[39m
      [36m<p[39m
        [33mclass[39m=[32m"text-2xl font-bold text-gray-900 dark:text-white mt-1"[39m
      [36m>[39m
        [0m45[0m
      [36m</p>[39m
    [36m</div>[39m
    [36m<div[39m
      [33mclass[39m=[32m"bg-white dark:bg-[#282e39] p-4 rounded-lg border border-gray-200 dark:border-[#3b4354]"[39m
    [36m>[39m
      [36m<p[39m
        [33mclass[39m=[32m"text-sm text-gray-500 dark:text-gray-400"[39m
      [36m>[39m
        [0mMaintainability[0m
      [36m</p>[39m
      [36m<p[39m
        [33mclass[39m=[32m"text-2xl font-bold text-red-500 mt-1"[39m
      [36m>[39m
        [0m-[0m
      [36m</p>[39m
    [36m</div>[39m
  [36m</div>[39m
[36m</section>[39m

Ignored nodes: comments, script, style
[36m<div[39m
  [33mclass[39m=[32m"grid grid-cols-2 md:grid-cols-4 gap-4"[39m
[36m>[39m
  [36m<div[39m
    [33mclass[39m=[32m"bg-white dark:bg-[#282e39] p-4 rounded-lg border border-gray-200 dark:border-[#3b4354]"[39m
  [36m>[39m
    [36m<p[39m
      [33mclass[39m=[32m"text-sm text-gray-500 dark:text-gray-400"[39m
    [36m>[39m
      [0mRisk Score[0m
    [36m</p>[39m
    [36m<p[39m
      [33mclass[39m=[32m"text-2xl font-bold text-red-500 mt-1"[39m
    [36m>[39m
      [0m85.5[0m
    [36m</p>[39m
  [36m</div>[39m
  [36m<div[39m
    [33mclass[39m=[32m"bg-white dark:bg-[#282e39] p-4 rounded-lg border border-gray-200 dark:border-[#3b4354]"[39m
  [36m>[39m
    [36m<p[39m
      [33mclass[39m=[32m"text-sm text-gray-500 dark:text-gray-400"[39m
    [36m>[39m
      [0mComplexity[0m
    [36m</p>[39m
    [36m<p[39m
      [33mclass[39m=[32m"text-2xl font-bold text-gray-900 dark:text-white mt-1"[39m
    [36m>[39m
      [0m25[0m
    [36m</p>[39m
  [36m</div>[39m
  [36m<div[39m
    [33mclass[39m=[32m"bg-white dark:bg-[#282e39] p-4 rounded-lg border border-gray-200 dark:border-[#3b4354]"[39m
  [36m>[39m
    [36m<p[39m
      [33mclass[39m=[32m"text-sm text-gray-500 dark:text-gray-400"[39m
    [36m>[39m
      [0mChurn Rate[0m
    [36m</p>[39m
    [36m<p[39m
      [33mclass[39m=[32m"text-2xl font-bold text-gray-900 dark:text-white mt-1"[39m
    [36m>[39m
      [0m45[0m
    [36m</p>[39m
  [36m</div>[39m
  [36m<div[39m
    [33mclass[39m=[32m"bg-white dark:bg-[#282e39] p-4 rounded-lg border border-gray-200 dark:border-[#3b4354]"[39m
  [36m>[39m
    [36m<p[39m
      [33mclass[39m=[32m"text-sm text-gray-500 dark:text-gray-400"[39m
    [36m>[39m
      [0mMaintainability[0m
    [36m</p>[39m
    [36m<p[39m
      [33mclass[39m=[32m"text-2xl font-bold text-red-500 mt-1"[39m
    [36m>[39m
      [0m-[0m
    [36m</p>[39m
  [36m</div>[39m
[36m</div>[39m

Ignored nodes: comments, script, style
[36m<div[39m
  [33mclass[39m=[32m"bg-white dark:bg-[#282e39] p-4 rounded-lg border border-gray-200 dark:border-[#3b4354]"[39m
[36m>[39m
  [36m<p[39m
    [33mclass[39m=[32m"text-sm text-gray-500 dark:text-gray-400"[39m
  [36m>[39m
    [0mRisk Score[0m
  [36m</p>[39m
  [36m<p[39m
    [33mclass[39m=[32m"text-2xl font-bold text-red-500 mt-1"[39m
  [36m>[39m
    [0m85.5[0m
  [36m</p>[39m
[36m</div>[39m

Ignored nodes: comments, script, style
[36m<div[39m
  [33mclass[39m=[32m"bg-white dark:bg-[#282e39] p-4 rounded-lg border border-gray-200 dark:border-[#3b4354]"[39m
[36m>[39m
  [36m<p[39m
    [33mclass[39m=[32m"text-sm text-gray-500 dark:text-gray-400"[39m
  [36m>[39m
    [0mComplexity[0m
  [36m</p>[39m
  [36m<p[39m
    [33mclass[39m=[32m"text-2xl font-bold text-gray-900 dark:text-white mt-1"[39m
  [36m>[39m
    [0m25[0m
  [36m</p>[39m
[36m</div>[39m

Ignored nodes: comments, script, style
[36m<div[39m
  [33mclass[39m=[32m"bg-white dark:bg-[#282e39] p-4 rounded-lg border border-gray-200 dark:border-[#3b4354]"[39m
[36m>[39m
  [36m<p[39m
    [33mclass[39m=[32m"text-sm text-gray-500 dark:text-gray-400"[39m
  [36m>[39m
    [0mChurn Rate[0m
  [36m</p>[39m
  [36m<p[39m
    [33mclass[39m=[32m"text-2xl font-bold text-gray-900 dark:text-white mt-1"[39m
  [36m>[39m
    [0m45[0m
  [36m</p>[39m
[36m</div>[39m

Ignored nodes: comments, script, style
[36m<div[39m
  [33mclass[39m=[32m"bg-white dark:bg-[#282e39] p-4 rounded-lg border border-gray-200 dark:border-[#3b4354]"[39m
[36m>[39m
  [36m<p[39m
    [33mclass[39m=[32m"text-sm text-gray-500 dark:text-gray-400"[39m
  [36m>[39m
    [0mMaintainability[0m
  [36m</p>[39m
  [36m<p[39m
    [33mclass[39m=[32m"text-2xl font-bold text-red-500 mt-1"[39m
  [36m>[39m
    [0m-[0m
  [36m</p>[39m
[36m</div>[39m

Ignored nodes: comments, script, style
[36m<section[39m
  [33mclass[39m=[32m"mb-8"[39m
[36m>[39m
  [36m<div[39m
    [33mclass[39m=[32m"flex items-center justify-center p-8"[39m
  [36m>[39m
    [36m<div[39m
      [33mclass[39m=[32m"flex items-center gap-2"[39m
    [36m>[39m
      [36m<div[39m
        [33mclass[39m=[32m"w-2 h-2 bg-primary rounded-full animate-pulse"[39m
      [36m/>[39m
      [36m<div[39m
        [33mclass[39m=[32m"w-2 h-2 bg-primary rounded-full animate-pulse"[39m
        [33mstyle[39m=[32m"animation-delay: 0.2s;"[39m
      [36m/>[39m
      [36m<div[39m
        [33mclass[39m=[32m"w-2 h-2 bg-primary rounded-full animate-pulse"[39m
        [33mstyle[39m=[32m"animation-delay: 0.4s;"[39m
      [36m/>[39m
    [36m</div>[39m
  [36m</div>[39m
[36m</section>[39m

Ignored nodes: comments, script, style
[36m<div[39m
  [33mclass[39m=[32m"flex items-center justify-center p-8"[39m
[36m>[39m
  [36m<div[39m
    [33mclass[39m=[32m"flex items-center gap-2"[39m
  [36m>[39m
    [36m<div[39m
      [33mclass[39m=[32m"w-2 h-2 bg-primary rounded-full animate-pulse"[39m
    [36m/>[39m
    [36m<div[39m
      [33mclass[39m=[32m"w-2 h-2 bg-primary rounded-full animate-pulse"[39m
      [33mstyle[39m=[32m"animation-delay: 0.2s;"[39m
    [36m/>[39m
    [36m<div[39m
      [33mclass[39m=[32m"w-2 h-2 bg-primary rounded-full animate-pulse"[39m
      [33mstyle[39m=[32m"animation-delay: 0.4s;"[39m
    [36m/>[39m
  [36m</div>[39m
[36m</div>[39m

Ignored nodes: comments, script, style
[36m<div[39m
  [33mclass[39m=[32m"flex items-center gap-2"[39m
[36m>[39m
  [36m<div[39m
    [33mclass[39m=[32m"w-2 h-2 bg-primary rounded-full animate-pulse"[39m
  [36m/>[39m
  [36m<div[39m
    [33mclass[39m=[32m"w-2 h-2 bg-primary rounded-full animate-pulse"[39m
    [33mstyle[39m=[32m"animation-delay: 0.2s;"[39m
  [36m/>[39m
  [36m<div[39m
    [33mclass[39m=[32m"w-2 h-2 bg-primary rounded-full animate-pulse"[39m
    [33mstyle[39m=[32m"animation-delay: 0.4s;"[39m
  [36m/>[39m
[36m</div>[39m

Ignored nodes: comments, script, style
[36m<div[39m
  [33mclass[39m=[32m"w-2 h-2 bg-primary rounded-full animate-pulse"[39m
[36m/>[39m

Ignored nodes: comments, script, style
[36m<div[39m
  [33mclass[39m=[32m"w-2 h-2 bg-primary rounded-full animate-pulse"[39m
  [33mstyle[39m=[32m"animation-delay: 0.2s;"[39m
[36m/>[39m

Ignored nodes: comments, script, style
[36m<div[39m
  [33mclass[39m=[32m"w-2 h-2 bg-primary rounded-full animate-pulse"[39m
  [33mstyle[39m=[32m"animation-delay: 0.4s;"[39m
[36m/>[39m

Ignored nodes: comments, script, style
[36m<section[39m
  [33mclass[39m=[32m"mb-8"[39m
[36m>[39m
  [36m<h3[39m
    [33mclass[39m=[32m"text-lg font-semibold text-gray-800 dark:text-gray-200 mb-4"[39m
  [36m>[39m
    [0mAI-Generated Recommendations[0m
  [36m</h3>[39m
  [36m<div[39m
    [33mclass[39m=[32m"space-y-3"[39m
  [36m>[39m
    [36m<div[39m
      [33mclass[39m=[32m"flex items-start gap-3 p-4 bg-white dark:bg-[#282e39] rounded-lg border border-gray-200 dark:border-primary/50"[39m
    [36m>[39m
      [36m<span[39m
        [33mclass[39m=[32m"material-symbols-outlined text-primary mt-1"[39m
      [36m>[39m
        [0mauto_awesome[0m
      [36m</span>[39m
      [36m<p[39m
        [33mclass[39m=[32m"text-sm text-gray-600 dark:text-gray-300"[39m
      [36m>[39m
        [0mConsider breaking down large functions in this file. Extract validation, business logic, and side effects into separate modules to reduce complexity from [0m
        [0m25[0m
        [0m to a more manageable level.[0m
      [36m</p>[39m
    [36m</div>[39m
    [36m<div[39m
      [33mclass[39m=[32m"flex items-start gap-3 p-4 bg-white dark:bg-[#282e39] rounded-lg border border-gray-200 dark:border-primary/50"[39m
    [36m>[39m
      [36m<span[39m
        [33mclass[39m=[32m"material-symbols-outlined text-primary mt-1"[39m
      [36m>[39m
        [0mauto_awesome[0m
      [36m</span>[39m
      [36m<p[39m
        [33mclass[39m=[32m"text-sm text-gray-600 dark:text-gray-300"[39m
      [36m>[39m
        [0mHigh churn rate indicates this file is frequently modified. Consider introducing design patterns (Strategy, Factory) to decouple core logic from specific implementations, improving flexibility and maintainability.[0m
      [36m</p>[39m
    [36m</div>[39m
  [36m</div>[39m
[36m</section>[39m

Ignored nodes: comments, script, style
[36m<div[39m
  [33mclass[39m=[32m"space-y-3"[39m
[36m>[39m
  [36m<div[39m
    [33mclass[39m=[32m"flex items-start gap-3 p-4 bg-white dark:bg-[#282e39] rounded-lg border border-gray-200 dark:border-primary/50"[39m
  [36m>[39m
    [36m<span[39m
      [33mclass[39m=[32m"material-symbols-outlined text-primary mt-1"[39m
    [36m>[39m
      [0mauto_awesome[0m
    [36m</span>[39m
    [36m<p[39m
      [33mclass[39m=[32m"text-sm text-gray-600 dark:text-gray-300"[39m
    [36m>[39m
      [0mConsider breaking down large functions in this file. Extract validation, business logic, and side effects into separate modules to reduce complexity from [0m
      [0m25[0m
      [0m to a more manageable level.[0m
    [36m</p>[39m
  [36m</div>[39m
  [36m<div[39m
    [33mclass[39m=[32m"flex items-start gap-3 p-4 bg-white dark:bg-[#282e39] rounded-lg border border-gray-200 dark:border-primary/50"[39m
  [36m>[39m
    [36m<span[39m
      [33mclass[39m=[32m"material-symbols-outlined text-primary mt-1"[39m
    [36m>[39m
      [0mauto_awesome[0m
    [36m</span>[39m
    [36m<p[39m
      [33mclass[39m=[32m"text-sm text-gray-600 dark:text-gray-300"[39m
    [36m>[39m
      [0mHigh churn rate indicates this file is frequently modified. Consider introducing design patterns (Strategy, Factory) to decouple core logic from specific implementations, improving flexibility and maintainability.[0m
    [36m</p>[39m
  [36m</div>[39m
[36m</div>[39m

Ignored nodes: comments, script, style
[36m<div[39m
  [33mclass[39m=[32m"flex items-start gap-3 p-4 bg-white dark:bg-[#282e39] rounded-lg border border-gray-200 dark:border-primary/50"[39m
[36m>[39m
  [36m<span[39m
    [33mclass[39m=[32m"material-symbols-outlined text-primary mt-1"[39m
  [36m>[39m
    [0mauto_awesome[0m
  [36m</span>[39m
  [36m<p[39m
    [33mclass[39m=[32m"text-sm text-gray-600 dark:text-gray-300"[39m
  [36m>[39m
    [0mConsider breaking down large functions in this file. Extract validation, business logic, and side effects into separate modules to reduce complexity from [0m
    [0m25[0m
    [0m to a more manageable level.[0m
  [36m</p>[39m
[36m</div>[39m

Ignored nodes: comments, script, style
[36m<span[39m
  [33mclass[39m=[32m"material-symbols-outlined text-primary mt-1"[39m
[36m>[39m
  [0mauto_awesome[0m
[36m</span>[39m

Ignored nodes: comments, script, style
[36m<div[39m
  [33mclass[39m=[32m"flex items-start gap-3 p-4 bg-white dark:bg-[#282e39] rounded-lg border border-gray-200 dark:border-primary/50"[39m
[36m>[39m
  [36m<span[39m
    [33mclass[39m=[32m"material-symbols-outlined text-primary mt-1"[39m
  [36m>[39m
    [0mauto_awesome[0m
  [36m</span>[39m
  [36m<p[39m
    [33mclass[39m=[32m"text-sm text-gray-600 dark:text-gray-300"[39m
  [36m>[39m
    [0mHigh churn rate indicates this file is frequently modified. Consider introducing design patterns (Strategy, Factory) to decouple core logic from specific implementations, improving flexibility and maintainability.[0m
  [36m</p>[39m
[36m</div>[39m

Ignored nodes: comments, script, style
[36m<span[39m
  [33mclass[39m=[32m"material-symbols-outlined text-primary mt-1"[39m
[36m>[39m
  [0mauto_awesome[0m
[36m</span>[39m

Ignored nodes: comments, script, style
[36m<section>[39m
  [36m<h3[39m
    [33mclass[39m=[32m"text-lg font-semibold text-gray-800 dark:text-gray-200 mb-4"[39m
  [36m>[39m
    [0mRelated Files & Dependencies[0m
  [36m</h3>[39m
  [36m<p[39m
    [33mclass[39m=[32m"text-sm text-gray-500 dark:text-gray-400 text-center py-4"[39m
  [36m>[39m
    [0mNo dependencies found[0m
  [36m</p>[39m
[36m</section>[39m

(If this is intentional, then use the `*AllBy*` variant of the query (like `queryAllByText`, `getAllByText`, or `findAllByText`)).

Ignored nodes: comments, script, style
[36m<body>[39m
  [36m<div>[39m
    [36m<div[39m
      [33mclass[39m=[32m"fixed inset-0 bg-black bg-opacity-50 z-40 transition-opacity"[39m
    [36m/>[39m
    [36m<aside[39m
      [33mclass[39m=[32m"fixed top-0 right-0 h-full w-full max-w-2xl transform transition-transform duration-300 ease-in-out bg-gray-50 dark:bg-[#1A202C] shadow-lg border-l border-gray-200 dark:border-[#3b4354] flex flex-col z-50 translate-x-0"[39m
    [36m>[39m
      [36m<header[39m
        [33mclass[39m=[32m"sticky top-0 bg-gray-50 dark:bg-[#1A202C] px-6 pt-6 pb-4 border-b border-gray-200 dark:border-[#3b4354] z-10"[39m
      [36m>[39m
        [36m<div[39m
          [33mclass[39m=[32m"flex justify-between items-start gap-4"[39m
        [36m>[39m
          [36m<div[39m
            [33mclass[39m=[32m"flex-1 min-w-0"[39m
          [36m>[39m
            [36m<h2[39m
              [33mclass[39m=[32m"text-lg font-bold text-gray-900 dark:text-white truncate"[39m
              [33mtitle[39m=[32m"backend/src/auth/password-reset.ts"[39m
            [36m>[39m
              [0mbackend/src/auth/password-reset.ts[0m
            [36m</h2>[39m
            [36m<div[39m
              [33mclass[39m=[32m"flex items-center gap-4 text-sm text-gray-500 dark:text-gray-400 mt-1"[39m
            [36m>[39m
              [36m<span>[39m
                [0mLOC: [0m
                [0m500[0m
              [36m</span>[39m
              [36m<span[39m
                [33mclass[39m=[32m"text-gray-300 dark:text-gray-600"[39m
              [36m>[39m
                [0m|[0m
              [36m</span>[39m
              [36m<span>[39m
                [0mLast Analyzed:[0m
                [0m [0m
                [0m1/15/2025[0m
              [36m</span>[39m
            [36m</div>[39m
          [36m</div>[39m
          [36m<button[39m
            [33mclass[39m=[32m"text-gray-500 dark:text-gray-400 hover:text-gray-800 dark:hover:text-white flex-shrink-0"[39m
          [36m>[39m
            [36m<span[39m
              [33mclass[39m=[32m"material-symbols-outlined"[39m
            [36m>[39m
              [0mclose[0m
            [36m</span>[39m
          [36m</button>[39m
        [36m</div>[39m
      [36m</header>[39m
      [36m<div[39m
        [33mclass[39m=[32m"flex-1 overflow-y-auto p-6"[39m
      [36m>[39m
        [36m<section[39m
          [33mclass[39m=[32m"mb-8"[39m
        [36m>[39m
          [36m<h3[39m
            [33mclass[39m=[32m"text-lg font-semibold text-gray-800 dark:text-gray-200 mb-4"[39m
          [36m>[39m
            [0mRisk Factors Breakdown[0m
          [36m</h3>[39m
          [36m<div[39m
            [33mclass[39m=[32m"space-y-3"[39m
          [36m>[39m
            [36m<div[39m
              [33mclass[39m=[32m"flex items-start gap-3 p-4 bg-white dark:bg-[#282e39] rounded-lg border border-gray-200 dark:border-[#3b4354]"[39m
            [36m>[39m
              [36m<span[39m
                [33mclass[39m=[32m"material-symbols-outlined text-red-500 mt-1"[39m
              [36m>[39m
                [0mwhatshot[0m
              [36m</span>[39m
              [36m<div>[39m
                [36m<h4[39m
                  [33mclass[39m=[32m"font-semibold text-gray-900 dark:text-white"[39m
                [36m>[39m
                  [0mHigh Churn Rate[0m
                [36m</h4>[39m
                [36m<p[39m
                  [33mclass[39m=[32m"text-sm text-gray-600 dark:text-gray-300"[39m
                [36m>[39m
                  [0mThis file has been modified in [0m
                  [0m45[0m
                  [0m commits over the last 6 months, indicating it's a volatile part of the codebase.[0m
                [36m</p>[39m
              [36m</div>[39m
            [36m</div>[39m
            [36m<div[39m
              [33mclass[39m=[32m"flex items-start gap-3 p-4 bg-white dark:bg-[#282e39] rounded-lg border border-gray-200 dark:border-[#3b4354]"[39m
            [36m>[39m
              [36m<span[39m
                [33mclass[39m=[32m"material-symbols-outlined text-red-500 mt-1"[39m
              [36m>[39m
                [0mdevice_hub[0m
              [36m</span>[39m
              [36m<div>[39m
                [36m<h4[39m
                  [33mclass[39m=[32m"font-semibold text-gray-900 dark:text-white"[39m
                [36m>[39m
                  [0mHigh Complexity[0m
                [36m</h4>[39m
                [36m<p[39m
                  [33mclass[39m=[32m"text-sm text-gray-600 dark:text-gray-300"[39m
                [36m>[39m
                  [0mWith a cyclomatic complexity of [0m
                  [0m25[0m
                  [0m, this file is difficult to understand, test, and maintain.[0m
                [36m</p>[39m
              [36m</div>[39m
            [36m</div>[39m
          [36m</div>[39m
        [36m</section>[39m
        [36m<section[39m
          [33mclass[39m=[32m"mb-8"[39m
        [36m>[39m
          [36m<div[39m
            [33mclass[39m=[32m"grid grid-cols-2 md:grid-cols-4 gap-4"[39m
          [36m>[39m
            [36m<div[39m
              [33mclass[39m=[32m"bg-white dark:bg-[#282e39] p-4 rounded-lg border border-gray-200 dark:border-[#3b4354]"[39m
            [36m>[39m
              [36m<p[39m
                [33mclass[39m=[32m"text-sm text-gray-500 dark:text-gray-400"[39m
              [36m>[39m
                [0mRisk Score[0m
              [36m</p>[39m
              [36m<p[39m
                [33mclass[39m=[32m"text-2xl font-bold text-red-500 mt-1"[39m
              [36m>[39m
                [0m85.5[0m
              [36m</p>[39m
            [36m</div>[39m
            [36m<div[39m
              [33mclass[39m=[32m"bg-white dark:bg-[#282e39] p-4 rounded-lg border border-gray-200 dark:border-[#3b4354]"[39m
            [36m>[39m
              [36m<p[39m
                [33mclass[39m=[32m"text-sm text-gray-500 dark:text-gray-400"[39m
              [36m>[39m
                [0mComplexity[0m
              [36m</p>[39m
              [36m<p[39m
                [33mclass[39m=[32m"text-2xl font-bold text-gray-900 dark:text-white mt-1"[39m
              [36m>[39m
                [0m25[0m
              [36m</p>[39m
            [36m</div>[39m
            [36m<div[39m
              [33mclass[39m=[32m"bg-white dark:bg-[#282e39] p-4 rounded-lg border border-gray-200 dark:border-[#3b4354]"[39m
            [36m>[39m
              [36m<p[39m
                [33mclass[39m=[32m"text-sm text-gray-500 dark:text-gray-400"[39m
              [36m>[39m
                [0mChurn Rate[0m
              [36m</p>[39m
              [36m<p[39m
                [33mclass[39m=[32m"text-2xl font-bold text-gray-900 dark:text-white mt-1"[39m
              [36m>[39m
                [0m45[0m
              [36m</p>[39m
            [36m</div>[39m
            [36m<div[39m
              [33mclass[39m=[32m"bg-white dark:bg-[#282e39] p-4 rounded-lg border border-gray-200 dark:border-[#3b4354]"[39m
            [36m>[39m
              [36m<p[39m
                [33mclass[39m=[32m"text-sm text-gray-500 dark:text-gray-400"[39m
              [36m>[39m
                [0mMaintainability[0m
              [36m</p>[39m
              [36m<p[39m
                [33mclass[39m=[32m"text-2xl font-bold text-red-500 mt-1"[39m
              [36m>[39m
                [0m-[0m
              [36m</p>[39m
            [36m</div>[39m
          [36m</div>[39m
        [36m</section>[39m
        [36m<section[39m
          [33mclass[39m=[32m"mb-8"[39m
        [36m>[39m
          [36m<div[39m
            [33mclass[39m=[32m"flex items-center justify-center p-8"[39m
          [36m>[39m
            [36m<div[39m
              [33mclass[39m=[32m"flex items-center gap-2"[39m
            [36m>[39m
              [36m<div[39m
                [33mclass[39m=[32m"w-2 h-2 bg-primary rounded-full animate-pulse"[39m
              [36m/>[39m
              [36m<div[39m
                [33mclass[39m=[32m"w-2 h-2 bg-primary rounded-full animate-pulse"[39m
                [33mstyle[39m=[32m"animation-delay: 0.2s;"[39m
              [36m/>[39m
              [36m<div[39m
                [33mclass[39m=[32m"w-2 h-2 bg-primary rounded-full animate-pulse"[39m
                [33mstyle[39m=[32m"animation-delay: 0.4s;"[39m
              [36m/>[39m
            [36m</div>[39m
          [36m</div>[39m
        [36m</section>[39m
        [36m<section[39m
          [33mclass[39m=[32m"mb-8"[39m
        [36m>[39m
          [36m<h3[39m
            [33mclass[39m=[32m"text-lg font-semibold text-gray-800 dark:text-gray-200 mb-4"[39m
          [36m>[39m
            [0mAI-Generated Recommendations[0m
          [36m</h3>[39m
          [36m<div[39m
            [33mclass[39m=[32m"space-y-3"[39m
          [36m>[39m
            [36m<div[39m
              [33mclass[39m=[32m"flex items-start gap-3 p-4 bg-white dark:bg-[#282e39] rounded-lg border border-gray-200 dark:border-primary/50"[39m
            [36m>[39m
              [36m<span[39m
                [33mclass[39m=[32m"material-symbols-outlined text-primary mt-1"[39m
              [36m>[39m
                [0mauto_awesome[0m
              [36m</span>[39m
              [36m<p[39m
                [33mclass[39m=[32m"text-sm text-gray-600 dark:text-gray-300"[39m
              [36m>[39m
                [0mConsider breaking down large functions in this file. Extract validation, business logic, and side effects into separate modules to reduce complexity from [0m
                [0m25[0m
                [0m to a more manageable level.[0m
              [36m</p>[39m
            [36m</div>[39m
            [36m<div[39m
              [33mclass[39m=[32m"flex items-start gap-3 p-4 bg-white dark:bg-[#282e39] rounded-lg border border-gray-200 dark:border-primary/50"[39m
            [36m>[39m
              [36m<span[39m
                [33mclass[39m=[32m"material-symbols-outlined text-primary mt-1"[39m
              [36m>[39m
                [0mauto_awesome[0m
              [36m</span>[39m
              [36m<p[39m
                [33mclass[39m=[32m"text-sm text-gray-600 dark:text-gray-300"[39m
              [36m>[39m
                [0mHigh churn rate indicates this file is frequently modified. Consider introducing design patterns (Strategy, Factory) to decouple core logic from specific implementations, improving flexibility and maintainability.[0m
              [36m</p>[39m
            [36m</div>[39m
          [36m</div>[39m
        [36m</section>[39m
        [36m<section>[39m
          [36m<h3[39m
            [33mclass[39m=[32m"text-lg font-semibold text-gray-800 dark:text-gray-200 mb-4"[39m
          [36m>[39m
            [0mRelated Files & Dependencies[0m
          [36m</h3>[39m
          [36m<p[39m
            [33mclass[39m=[32m"text-sm text-gray-500 dark:text-gray-400 text-center py-4"[39m
          [36m>[39m
            [0mNo dependencies found[0m
          [36m</p>[39m
        [36m</section>[39m
      [36m</div>[39m
    [36m</aside>[39m
  [36m</div>[39m
[36m</body>[39m
 ❯ Object.getElementError ../../../AIStudio/node_modules/@testing-library/dom/dist/config.js:37:19
 ❯ getElementError ../../../AIStudio/node_modules/@testing-library/dom/dist/query-helpers.js:20:35
 ❯ getMultipleElementsFoundError ../../../AIStudio/node_modules/@testing-library/dom/dist/query-helpers.js:23:10
 ❯ ../../../AIStudio/node_modules/@testing-library/dom/dist/query-helpers.js:55:13
 ❯ ../../../AIStudio/node_modules/@testing-library/dom/dist/query-helpers.js:95:19
 ❯ src/components/CodeQuality/__tests__/HotspotDetailsPanel.test.tsx:243:39
    241| 
    242|       // Look for loading animation dots
    243|       const loadingIndicator = screen.getByRole('generic', { hidden: t…
       |                                       ^
    244|       expect(loadingIndicator).toBeInTheDocument();
    245| 

⎯⎯⎯⎯⎯⎯⎯⎯⎯⎯⎯⎯⎯⎯⎯⎯⎯⎯⎯⎯⎯[81/141]⎯

 FAIL  src/components/CodeQuality/__tests__/HotspotDetailsPanel.test.tsx > HotspotDetailsPanel > Metrics display > should display maintainability grade when file details are loaded
TestingLibraryElementError: Unable to find an element with the text: D. This could be because the text is broken up by multiple elements. In this case, you can provide a function for your text matcher to make your matcher more flexible.

Ignored nodes: comments, script, style
[36m<body>[39m
  [36m<div>[39m
    [36m<div[39m
      [33mclass[39m=[32m"fixed inset-0 bg-black bg-opacity-50 z-40 transition-opacity"[39m
    [36m/>[39m
    [36m<aside[39m
      [33mclass[39m=[32m"fixed top-0 right-0 h-full w-full max-w-2xl transform transition-transform duration-300 ease-in-out bg-gray-50 dark:bg-[#1A202C] shadow-lg border-l border-gray-200 dark:border-[#3b4354] flex flex-col z-50 translate-x-0"[39m
    [36m>[39m
      [36m<header[39m
        [33mclass[39m=[32m"sticky top-0 bg-gray-50 dark:bg-[#1A202C] px-6 pt-6 pb-4 border-b border-gray-200 dark:border-[#3b4354] z-10"[39m
      [36m>[39m
        [36m<div[39m
          [33mclass[39m=[32m"flex justify-between items-start gap-4"[39m
        [36m>[39m
          [36m<div[39m
            [33mclass[39m=[32m"flex-1 min-w-0"[39m
          [36m>[39m
            [36m<h2[39m
              [33mclass[39m=[32m"text-lg font-bold text-gray-900 dark:text-white truncate"[39m
              [33mtitle[39m=[32m"backend/src/auth/password-reset.ts"[39m
            [36m>[39m
              [0mbackend/src/auth/password-reset.ts[0m
            [36m</h2>[39m
            [36m<div[39m
              [33mclass[39m=[32m"flex items-center gap-4 text-sm text-gray-500 dark:text-gray-400 mt-1"[39m
            [36m>[39m
              [36m<span>[39m
                [0mLOC: [0m
                [0m500[0m
              [36m</span>[39m
              [36m<span[39m
                [33mclass[39m=[32m"text-gray-300 dark:text-gray-600"[39m
              [36m>[39m
                [0m|[0m
              [36m</span>[39m
              [36m<span>[39m
                [0mLast Analyzed:[0m
                [0m [0m
                [0m1/15/2025[0m
              [36m</span>[39m
            [36m</div>[39m
          [36m</div>[39m
          [36m<button[39m
            [33mclass[39m=[32m"text-gray-500 dark:text-gray-400 hover:text-gray-800 dark:hover:text-white flex-shrink-0"[39m
          [36m>[39m
            [36m<span[39m
              [33mclass[39m=[32m"material-symbols-outlined"[39m
            [36m>[39m
              [0mclose[0m
            [36m</span>[39m
          [36m</button>[39m
        [36m</div>[39m
      [36m</header>[39m
      [36m<div[39m
        [33mclass[39m=[32m"flex-1 overflow-y-auto p-6"[39m
      [36m>[39m
        [36m<section[39m
          [33mclass[39m=[32m"mb-8"[39m
        [36m>[39m
          [36m<h3[39m
            [33mclass[39m=[32m"text-lg font-semibold text-gray-800 dark:text-gray-200 mb-4"[39m
          [36m>[39m
            [0mRisk Factors Breakdown[0m
          [36m</h3>[39m
          [36m<div[39m
            [33mclass[39m=[32m"space-y-3"[39m
          [36m>[39m
            [36m<div[39m
              [33mclass[39m=[32m"flex items-start gap-3 p-4 bg-white dark:bg-[#282e39] rounded-lg border border-gray-200 dark:border-[#3b4354]"[39m
            [36m>[39m
              [36m<span[39m
                [33mclass[39m=[32m"material-symbols-outlined text-red-500 mt-1"[39m
              [36m>[39m
                [0mwhatshot[0m
              [36m</span>[39m
              [36m<div>[39m
                [36m<h4[39m
                  [33mclass[39m=[32m"font-semibold text-gray-900 dark:text-white"[39m
                [36m>[39m
                  [0mHigh Churn Rate[0m
                [36m</h4>[39m
                [36m<p[39m
                  [33mclass[39m=[32m"text-sm text-gray-600 dark:text-gray-300"[39m
                [36m>[39m
                  [0mThis file has been modified in [0m
                  [0m45[0m
                  [0m commits over the last 6 months, indicating it's a volatile part of the codebase.[0m
                [36m</p>[39m
              [36m</div>[39m
            [36m</div>[39m
            [36m<div[39m
              [33mclass[39m=[32m"flex items-start gap-3 p-4 bg-white dark:bg-[#282e39] rounded-lg border border-gray-200 dark:border-[#3b4354]"[39m
            [36m>[39m
              [36m<span[39m
                [33mclass[39m=[32m"material-symbols-outlined text-red-500 mt-1"[39m
              [36m>[39m
                [0mdevice_hub[0m
              [36m</span>[39m
              [36m<div>[39m
                [36m<h4[39m
                  [33mclass[39m=[32m"font-semibold text-gray-900 dark:text-white"[39m
                [36m>[39m
                  [0mHigh Complexity[0m
                [36m</h4>[39m
                [36m<p[39m
                  [33mclass[39m=[32m"text-sm text-gray-600 dark:text-gray-300"[39m
                [36m>[39m
                  [0mWith a cyclomatic complexity of [0m
                  [0m25[0m
                  [0m, this file is difficult to understand, test, and maintain.[0m
                [36m</p>[39m
              [36m</div>[39m
            [36m</div>[39m
            [36m<div[39m
              [33mclass[39m=[32m"flex items-start gap-3 p-4 bg-white dark:bg-[#282e39] rounded-lg border border-gray-200 dark:border-[#3b4354]"[39m
            [36m>[39m
              [36m<span[39m
                [33mclass[39m=[32m"material-symbols-outlined text-yellow-500 mt-1"[39m
              [36m>[39m
                [0mwarning[0m
              [36m</span>[39m
              [36m<div>[39m
                [36m<h4[39m
                  [33mclass[39m=[32m"font-semibold text-gray-900 dark:text-white"[39m
                [36m>[39m
                  [0mLow Maintainability[0m
                [36m</h4>[39m
                [36m<p[39m
                  [33mclass[39m=[32m"text-sm text-gray-600 dark:text-gray-300"[39m
                [36m>[39m
                  [0mA maintainability grade of '[0m
                  [0mC[0m
                  [0m' (index: [0m
                  [0m45[0m
                  [0m) suggests significant technical debt and refactoring challenges.[0m
                [36m</p>[39m
              [36m</div>[39m
            [36m</div>[39m
          [36m</div>[39m
        [36m</section>[39m
        [36m<section[39m
          [33mclass[39m=[32m"mb-8"[39m
        [36m>[39m
          [36m<div[39m
            [33mclass[39m=[32m"grid grid-cols-2 md:grid-cols-4 gap-4"[39m
          [36m>[39m
            [36m<div[39m
              [33mclass[39m=[32m"bg-white dark:bg-[#282e39] p-4 rounded-lg border border-gray-200 dark:border-[#3b4354]"[39m
            [36m>[39m
              [36m<p[39m
                [33mclass[39m=[32m"text-sm text-gray-500 dark:text-gray-400"[39m
              [36m>[39m
                [0mRisk Score[0m
              [36m</p>[39m
              [36m<p[39m
                [33mclass[39m=[32m"text-2xl font-bold text-red-500 mt-1"[39m
              [36m>[39m
                [0m85.5[0m
              [36m</p>[39m
            [36m</div>[39m
...

Ignored nodes: comments, script, style
[36m<html>[39m
  [36m<head />[39m
  [36m<body>[39m
    [36m<div>[39m
      [36m<div[39m
        [33mclass[39m=[32m"fixed inset-0 bg-black bg-opacity-50 z-40 transition-opacity"[39m
      [36m/>[39m
      [36m<aside[39m
        [33mclass[39m=[32m"fixed top-0 right-0 h-full w-full max-w-2xl transform transition-transform duration-300 ease-in-out bg-gray-50 dark:bg-[#1A202C] shadow-lg border-l border-gray-200 dark:border-[#3b4354] flex flex-col z-50 translate-x-0"[39m
      [36m>[39m
        [36m<header[39m
          [33mclass[39m=[32m"sticky top-0 bg-gray-50 dark:bg-[#1A202C] px-6 pt-6 pb-4 border-b border-gray-200 dark:border-[#3b4354] z-10"[39m
        [36m>[39m
          [36m<div[39m
            [33mclass[39m=[32m"flex justify-between items-start gap-4"[39m
          [36m>[39m
            [36m<div[39m
              [33mclass[39m=[32m"flex-1 min-w-0"[39m
            [36m>[39m
              [36m<h2[39m
                [33mclass[39m=[32m"text-lg font-bold text-gray-900 dark:text-white truncate"[39m
                [33mtitle[39m=[32m"backend/src/auth/password-reset.ts"[39m
              [36m>[39m
                [0mbackend/src/auth/password-reset.ts[0m
              [36m</h2>[39m
              [36m<div[39m
                [33mclass[39m=[32m"flex items-center gap-4 text-sm text-gray-500 dark:text-gray-400 mt-1"[39m
              [36m>[39m
                [36m<span>[39m
                  [0mLOC: [0m
                  [0m500[0m
                [36m</span>[39m
                [36m<span[39m
                  [33mclass[39m=[32m"text-gray-300 dark:text-gray-600"[39m
                [36m>[39m
                  [0m|[0m
                [36m</span>[39m
                [36m<span>[39m
                  [0mLast Analyzed:[0m
                  [0m [0m
                  [0m1/15/2025[0m
                [36m</span>[39m
              [36m</div>[39m
            [36m</div>[39m
            [36m<button[39m
              [33mclass[39m=[32m"text-gray-500 dark:text-gray-400 hover:text-gray-800 dark:hover:text-white flex-shrink-0"[39m
            [36m>[39m
              [36m<span[39m
                [33mclass[39m=[32m"material-symbols-outlined"[39m
              [36m>[39m
                [0mclose[0m
              [36m</span>[39m
            [36m</button>[39m
          [36m</div>[39m
        [36m</header>[39m
        [36m<div[39m
          [33mclass[39m=[32m"flex-1 overflow-y-auto p-6"[39m
        [36m>[39m
          [36m<section[39m
            [33mclass[39m=[32m"mb-8"[39m
          [36m>[39m
            [36m<h3[39m
              [33mclass[39m=[32m"text-lg font-semibold text-gray-800 dark:text-gray-200 mb-4"[39m
            [36m>[39m
              [0mRisk Factors Breakdown[0m
            [36m</h3>[39m
            [36m<div[39m
              [33mclass[39m=[32m"space-y-3"[39m
            [36m>[39m
              [36m<div[39m
                [33mclass[39m=[32m"flex items-start gap-3 p-4 bg-white dark:bg-[#282e39] rounded-lg border border-gray-200 dark:border-[#3b4354]"[39m
              [36m>[39m
                [36m<span[39m
                  [33mclass[39m=[32m"material-symbols-outlined text-red-500 mt-1"[39m
                [36m>[39m
                  [0mwhatshot[0m
                [36m</span>[39m
                [36m<div>[39m
                  [36m<h4[39m
                    [33mclass[39m=[32m"font-semibold text-gray-900 dark:text-white"[39m
                  [36m>[39m
                    [0mHigh Churn Rate[0m
                  [36m</h4>[39m
                  [36m<p[39m
                    [33mclass[39m=[32m"text-sm text-gray-600 dark:text-gray-300"[39m
                  [36m>[39m
                    [0mThis file has been modified in [0m
                    [0m45[0m
                    [0m commits over the last 6 months, indicating it's a volatile part of the codebase.[0m
                  [36m</p>[39m
                [36m</div>[39m
              [36m</div>[39m
              [36m<div[39m
                [33mclass[39m=[32m"flex items-start gap-3 p-4 bg-white dark:bg-[#282e39] rounded-lg border border-gray-200 dark:border-[#3b4354]"[39m
              [36m>[39m
                [36m<span[39m
                  [33mclass[39m=[32m"material-symbols-outlined text-red-500 mt-1"[39m
                [36m>[39m
                  [0mdevice_hub[0m
                [36m</span>[39m
                [36m<div>[39m
                  [36m<h4[39m
                    [33mclass[39m=[32m"font-semibold text-gray-900 dark:text-white"[39m
                  [36m>[39m
                    [0mHigh Complexity[0m
                  [36m</h4>[39m
                  [36m<p[39m
                    [33mclass[39m=[32m"text-sm text-gray-600 dark:text-gray-300"[39m
                  [36m>[39m
                    [0mWith a cyclomatic complexity of [0m
                    [0m25[0m
                    [0m, this file is difficult to understand, test, and maintain.[0m
                  [36m</p>[39m
                [36m</div>[39m
              [36m</div>[39m
              [36m<div[39m
                [33mclass[39m=[32m"flex items-start gap-3 p-4 bg-white dark:bg-[#282e39] rounded-lg border border-gray-200 dark:border-[#3b4354]"[39m
              [36m>[39m
                [36m<span[39m
                  [33mclass[39m=[32m"material-symbols-outlined text-yellow-500 mt-1"[39m
                [36m>[39m
                  [0mwarning[0m
                [36m</span>[39m
                [36m<div>[39m
                  [36m<h4[39m
                    [33mclass[39m=[32m"font-semibold text-gray-900 dark:text-white"[39m
                  [36m>[39m
                    [0mLow Maintainability[0m
                  [36m</h4>[39m
                  [36m<p[39m
                    [33mclass[39m=[32m"text-sm text-gray-600 dark:text-gray-300"[39m
                  [36m>[39m
                    [0mA maintainability grade of '[0m
                    [0mC[0m
                    [0m' (index: [0m
                    [0m45[0m
                    [0m) suggests significant technical debt and refactoring challenges.[0m
                  [36m</p>[39m
                [36m</div>[39m
              [36m</div>[39m
            [36m</div>[39m
          [36m</section>[39m
          [36m<section[39m
            [33mclass[39m=[32m"mb-8"[39m
          [36m>[39m
            [36m<div[39m
              [33mclass[39m=[32m"grid grid-cols-2 md:grid-cols-4 gap-4"[39m
            [36m>[39m
              [36m<div[39m
                [33mclass[39m=[32m"bg-white dark:bg-[#282e39] p-4 rounded-lg border border-gray-200 dark:border-[#3b4354]"[39m
              [36m>[39m
                [36m<p[39m
                  [33mclass[39m=[32m"text-sm text-gray-...
 ❯ Proxy.waitForWrapper ../../../AIStudio/node_modules/@testing-library/dom/dist/wait-for.js:163:27
 ❯ src/components/CodeQuality/__tests__/HotspotDetailsPanel.test.tsx:373:13
    371|       );
    372| 
    373|       await waitFor(() => {
       |             ^
    374|         expect(screen.getByText('D')).toBeInTheDocument(); // Grade fo…
    375|       });

⎯⎯⎯⎯⎯⎯⎯⎯⎯⎯⎯⎯⎯⎯⎯⎯⎯⎯⎯⎯⎯[82/141]⎯

 FAIL  src/components/CodeQuality/__tests__/HotspotDetailsPanel.test.tsx > HotspotDetailsPanel > Risk factor breakdown cards > should show low maintainability card when maintainability < 60
TestingLibraryElementError: Unable to find an element with the text: /grade of 'D'/i. This could be because the text is broken up by multiple elements. In this case, you can provide a function for your text matcher to make your matcher more flexible.

Ignored nodes: comments, script, style
[36m<body>[39m
  [36m<div>[39m
    [36m<div[39m
      [33mclass[39m=[32m"fixed inset-0 bg-black bg-opacity-50 z-40 transition-opacity"[39m
    [36m/>[39m
    [36m<aside[39m
      [33mclass[39m=[32m"fixed top-0 right-0 h-full w-full max-w-2xl transform transition-transform duration-300 ease-in-out bg-gray-50 dark:bg-[#1A202C] shadow-lg border-l border-gray-200 dark:border-[#3b4354] flex flex-col z-50 translate-x-0"[39m
    [36m>[39m
      [36m<header[39m
        [33mclass[39m=[32m"sticky top-0 bg-gray-50 dark:bg-[#1A202C] px-6 pt-6 pb-4 border-b border-gray-200 dark:border-[#3b4354] z-10"[39m
      [36m>[39m
        [36m<div[39m
          [33mclass[39m=[32m"flex justify-between items-start gap-4"[39m
        [36m>[39m
          [36m<div[39m
            [33mclass[39m=[32m"flex-1 min-w-0"[39m
          [36m>[39m
            [36m<h2[39m
              [33mclass[39m=[32m"text-lg font-bold text-gray-900 dark:text-white truncate"[39m
              [33mtitle[39m=[32m"backend/src/auth/password-reset.ts"[39m
            [36m>[39m
              [0mbackend/src/auth/password-reset.ts[0m
            [36m</h2>[39m
            [36m<div[39m
              [33mclass[39m=[32m"flex items-center gap-4 text-sm text-gray-500 dark:text-gray-400 mt-1"[39m
            [36m>[39m
              [36m<span>[39m
                [0mLOC: [0m
                [0m500[0m
              [36m</span>[39m
              [36m<span[39m
                [33mclass[39m=[32m"text-gray-300 dark:text-gray-600"[39m
              [36m>[39m
                [0m|[0m
              [36m</span>[39m
              [36m<span>[39m
                [0mLast Analyzed:[0m
                [0m [0m
                [0m1/15/2025[0m
              [36m</span>[39m
            [36m</div>[39m
          [36m</div>[39m
          [36m<button[39m
            [33mclass[39m=[32m"text-gray-500 dark:text-gray-400 hover:text-gray-800 dark:hover:text-white flex-shrink-0"[39m
          [36m>[39m
            [36m<span[39m
              [33mclass[39m=[32m"material-symbols-outlined"[39m
            [36m>[39m
              [0mclose[0m
            [36m</span>[39m
          [36m</button>[39m
        [36m</div>[39m
      [36m</header>[39m
      [36m<div[39m
        [33mclass[39m=[32m"flex-1 overflow-y-auto p-6"[39m
      [36m>[39m
        [36m<section[39m
          [33mclass[39m=[32m"mb-8"[39m
        [36m>[39m
          [36m<h3[39m
            [33mclass[39m=[32m"text-lg font-semibold text-gray-800 dark:text-gray-200 mb-4"[39m
          [36m>[39m
            [0mRisk Factors Breakdown[0m
          [36m</h3>[39m
          [36m<div[39m
            [33mclass[39m=[32m"space-y-3"[39m
          [36m>[39m
            [36m<div[39m
              [33mclass[39m=[32m"flex items-start gap-3 p-4 bg-white dark:bg-[#282e39] rounded-lg border border-gray-200 dark:border-[#3b4354]"[39m
            [36m>[39m
              [36m<span[39m
                [33mclass[39m=[32m"material-symbols-outlined text-red-500 mt-1"[39m
              [36m>[39m
                [0mwhatshot[0m
              [36m</span>[39m
              [36m<div>[39m
                [36m<h4[39m
                  [33mclass[39m=[32m"font-semibold text-gray-900 dark:text-white"[39m
                [36m>[39m
                  [0mHigh Churn Rate[0m
                [36m</h4>[39m
                [36m<p[39m
                  [33mclass[39m=[32m"text-sm text-gray-600 dark:text-gray-300"[39m
                [36m>[39m
                  [0mThis file has been modified in [0m
                  [0m45[0m
                  [0m commits over the last 6 months, indicating it's a volatile part of the codebase.[0m
                [36m</p>[39m
              [36m</div>[39m
            [36m</div>[39m
            [36m<div[39m
              [33mclass[39m=[32m"flex items-start gap-3 p-4 bg-white dark:bg-[#282e39] rounded-lg border border-gray-200 dark:border-[#3b4354]"[39m
            [36m>[39m
              [36m<span[39m
                [33mclass[39m=[32m"material-symbols-outlined text-red-500 mt-1"[39m
              [36m>[39m
                [0mdevice_hub[0m
              [36m</span>[39m
              [36m<div>[39m
                [36m<h4[39m
                  [33mclass[39m=[32m"font-semibold text-gray-900 dark:text-white"[39m
                [36m>[39m
                  [0mHigh Complexity[0m
                [36m</h4>[39m
                [36m<p[39m
                  [33mclass[39m=[32m"text-sm text-gray-600 dark:text-gray-300"[39m
                [36m>[39m
                  [0mWith a cyclomatic complexity of [0m
                  [0m25[0m
                  [0m, this file is difficult to understand, test, and maintain.[0m
                [36m</p>[39m
              [36m</div>[39m
            [36m</div>[39m
            [36m<div[39m
              [33mclass[39m=[32m"flex items-start gap-3 p-4 bg-white dark:bg-[#282e39] rounded-lg border border-gray-200 dark:border-[#3b4354]"[39m
            [36m>[39m
              [36m<span[39m
                [33mclass[39m=[32m"material-symbols-outlined text-yellow-500 mt-1"[39m
              [36m>[39m
                [0mwarning[0m
              [36m</span>[39m
              [36m<div>[39m
                [36m<h4[39m
                  [33mclass[39m=[32m"font-semibold text-gray-900 dark:text-white"[39m
                [36m>[39m
                  [0mLow Maintainability[0m
                [36m</h4>[39m
                [36m<p[39m
                  [33mclass[39m=[32m"text-sm text-gray-600 dark:text-gray-300"[39m
                [36m>[39m
                  [0mA maintainability grade of '[0m
                  [0mC[0m
                  [0m' (index: [0m
                  [0m45[0m
                  [0m) suggests significant technical debt and refactoring challenges.[0m
                [36m</p>[39m
              [36m</div>[39m
            [36m</div>[39m
          [36m</div>[39m
        [36m</section>[39m
        [36m<section[39m
          [33mclass[39m=[32m"mb-8"[39m
        [36m>[39m
          [36m<div[39m
            [33mclass[39m=[32m"grid grid-cols-2 md:grid-cols-4 gap-4"[39m
          [36m>[39m
            [36m<div[39m
              [33mclass[39m=[32m"bg-white dark:bg-[#282e39] p-4 rounded-lg border border-gray-200 dark:border-[#3b4354]"[39m
            [36m>[39m
              [36m<p[39m
                [33mclass[39m=[32m"text-sm text-gray-500 dark:text-gray-400"[39m
              [36m>[39m
                [0mRisk Score[0m
              [36m</p>[39m
              [36m<p[39m
                [33mclass[39m=[32m"text-2xl font-bold text-red-500 mt-1"[39m
              [36m>[39m
                [0m85.5[0m
              [36m</p>[39m
            [36m</div>[39m
...

Ignored nodes: comments, script, style
[36m<html>[39m
  [36m<head />[39m
  [36m<body>[39m
    [36m<div>[39m
      [36m<div[39m
        [33mclass[39m=[32m"fixed inset-0 bg-black bg-opacity-50 z-40 transition-opacity"[39m
      [36m/>[39m
      [36m<aside[39m
        [33mclass[39m=[32m"fixed top-0 right-0 h-full w-full max-w-2xl transform transition-transform duration-300 ease-in-out bg-gray-50 dark:bg-[#1A202C] shadow-lg border-l border-gray-200 dark:border-[#3b4354] flex flex-col z-50 translate-x-0"[39m
      [36m>[39m
        [36m<header[39m
          [33mclass[39m=[32m"sticky top-0 bg-gray-50 dark:bg-[#1A202C] px-6 pt-6 pb-4 border-b border-gray-200 dark:border-[#3b4354] z-10"[39m
        [36m>[39m
          [36m<div[39m
            [33mclass[39m=[32m"flex justify-between items-start gap-4"[39m
          [36m>[39m
            [36m<div[39m
              [33mclass[39m=[32m"flex-1 min-w-0"[39m
            [36m>[39m
              [36m<h2[39m
                [33mclass[39m=[32m"text-lg font-bold text-gray-900 dark:text-white truncate"[39m
                [33mtitle[39m=[32m"backend/src/auth/password-reset.ts"[39m
              [36m>[39m
                [0mbackend/src/auth/password-reset.ts[0m
              [36m</h2>[39m
              [36m<div[39m
                [33mclass[39m=[32m"flex items-center gap-4 text-sm text-gray-500 dark:text-gray-400 mt-1"[39m
              [36m>[39m
                [36m<span>[39m
                  [0mLOC: [0m
                  [0m500[0m
                [36m</span>[39m
                [36m<span[39m
                  [33mclass[39m=[32m"text-gray-300 dark:text-gray-600"[39m
                [36m>[39m
                  [0m|[0m
                [36m</span>[39m
                [36m<span>[39m
                  [0mLast Analyzed:[0m
                  [0m [0m
                  [0m1/15/2025[0m
                [36m</span>[39m
              [36m</div>[39m
            [36m</div>[39m
            [36m<button[39m
              [33mclass[39m=[32m"text-gray-500 dark:text-gray-400 hover:text-gray-800 dark:hover:text-white flex-shrink-0"[39m
            [36m>[39m
              [36m<span[39m
                [33mclass[39m=[32m"material-symbols-outlined"[39m
              [36m>[39m
                [0mclose[0m
              [36m</span>[39m
            [36m</button>[39m
          [36m</div>[39m
        [36m</header>[39m
        [36m<div[39m
          [33mclass[39m=[32m"flex-1 overflow-y-auto p-6"[39m
        [36m>[39m
          [36m<section[39m
            [33mclass[39m=[32m"mb-8"[39m
          [36m>[39m
            [36m<h3[39m
              [33mclass[39m=[32m"text-lg font-semibold text-gray-800 dark:text-gray-200 mb-4"[39m
            [36m>[39m
              [0mRisk Factors Breakdown[0m
            [36m</h3>[39m
            [36m<div[39m
              [33mclass[39m=[32m"space-y-3"[39m
            [36m>[39m
              [36m<div[39m
                [33mclass[39m=[32m"flex items-start gap-3 p-4 bg-white dark:bg-[#282e39] rounded-lg border border-gray-200 dark:border-[#3b4354]"[39m
              [36m>[39m
                [36m<span[39m
                  [33mclass[39m=[32m"material-symbols-outlined text-red-500 mt-1"[39m
                [36m>[39m
                  [0mwhatshot[0m
                [36m</span>[39m
                [36m<div>[39m
                  [36m<h4[39m
                    [33mclass[39m=[32m"font-semibold text-gray-900 dark:text-white"[39m
                  [36m>[39m
                    [0mHigh Churn Rate[0m
                  [36m</h4>[39m
                  [36m<p[39m
                    [33mclass[39m=[32m"text-sm text-gray-600 dark:text-gray-300"[39m
                  [36m>[39m
                    [0mThis file has been modified in [0m
                    [0m45[0m
                    [0m commits over the last 6 months, indicating it's a volatile part of the codebase.[0m
                  [36m</p>[39m
                [36m</div>[39m
              [36m</div>[39m
              [36m<div[39m
                [33mclass[39m=[32m"flex items-start gap-3 p-4 bg-white dark:bg-[#282e39] rounded-lg border border-gray-200 dark:border-[#3b4354]"[39m
              [36m>[39m
                [36m<span[39m
                  [33mclass[39m=[32m"material-symbols-outlined text-red-500 mt-1"[39m
                [36m>[39m
                  [0mdevice_hub[0m
                [36m</span>[39m
                [36m<div>[39m
                  [36m<h4[39m
                    [33mclass[39m=[32m"font-semibold text-gray-900 dark:text-white"[39m
                  [36m>[39m
                    [0mHigh Complexity[0m
                  [36m</h4>[39m
                  [36m<p[39m
                    [33mclass[39m=[32m"text-sm text-gray-600 dark:text-gray-300"[39m
                  [36m>[39m
                    [0mWith a cyclomatic complexity of [0m
                    [0m25[0m
                    [0m, this file is difficult to understand, test, and maintain.[0m
                  [36m</p>[39m
                [36m</div>[39m
              [36m</div>[39m
              [36m<div[39m
                [33mclass[39m=[32m"flex items-start gap-3 p-4 bg-white dark:bg-[#282e39] rounded-lg border border-gray-200 dark:border-[#3b4354]"[39m
              [36m>[39m
                [36m<span[39m
                  [33mclass[39m=[32m"material-symbols-outlined text-yellow-500 mt-1"[39m
                [36m>[39m
                  [0mwarning[0m
                [36m</span>[39m
                [36m<div>[39m
                  [36m<h4[39m
                    [33mclass[39m=[32m"font-semibold text-gray-900 dark:text-white"[39m
                  [36m>[39m
                    [0mLow Maintainability[0m
                  [36m</h4>[39m
                  [36m<p[39m
                    [33mclass[39m=[32m"text-sm text-gray-600 dark:text-gray-300"[39m
                  [36m>[39m
                    [0mA maintainability grade of '[0m
                    [0mC[0m
                    [0m' (index: [0m
                    [0m45[0m
                    [0m) suggests significant technical debt and refactoring challenges.[0m
                  [36m</p>[39m
                [36m</div>[39m
              [36m</div>[39m
            [36m</div>[39m
          [36m</section>[39m
          [36m<section[39m
            [33mclass[39m=[32m"mb-8"[39m
          [36m>[39m
            [36m<div[39m
              [33mclass[39m=[32m"grid grid-cols-2 md:grid-cols-4 gap-4"[39m
            [36m>[39m
              [36m<div[39m
                [33mclass[39m=[32m"bg-white dark:bg-[#282e39] p-4 rounded-lg border border-gray-200 dark:border-[#3b4354]"[39m
              [36m>[39m
                [36m<p[39m
                  [33mclass[39m=[32m"text-sm text-gray-...
 ❯ Proxy.waitForWrapper ../../../AIStudio/node_modules/@testing-library/dom/dist/wait-for.js:163:27
 ❯ src/components/CodeQuality/__tests__/HotspotDetailsPanel.test.tsx:429:13
    427|       );
    428| 
    429|       await waitFor(() => {
       |             ^
    430|         expect(screen.getByText('Low Maintainability')).toBeInTheDocum…
    431|         expect(screen.getByText(/grade of 'D'/i)).toBeInTheDocument();

⎯⎯⎯⎯⎯⎯⎯⎯⎯⎯⎯⎯⎯⎯⎯⎯⎯⎯⎯⎯⎯[83/141]⎯

 FAIL  src/components/CodeQuality/__tests__/MetricsSummaryCard.test.tsx > MetricsSummaryCard > should render trend information when provided
TestingLibraryElementError: Unable to find an element with the text: +5.0%. This could be because the text is broken up by multiple elements. In this case, you can provide a function for your text matcher to make your matcher more flexible.

Ignored nodes: comments, script, style
[36m<body>[39m
  [36m<div>[39m
    [36m<div[39m
      [33mclass[39m=[32m"rounded-xl border border-gray-200 dark:border-gray-700 bg-white dark:bg-gray-800 p-6 transition-all duration-200 hover:shadow-lg hover:-translate-y-0.5"[39m
    [36m>[39m
      [36m<div[39m
        [33mclass[39m=[32m"flex items-center justify-between"[39m
      [36m>[39m
        [36m<p[39m
          [33mclass[39m=[32m"text-sm font-medium text-gray-500 dark:text-gray-400"[39m
        [36m>[39m
          [0mCoverage[0m
        [36m</p>[39m
      [36m</div>[39m
      [36m<p[39m
        [33mclass[39m=[32m"mt-2 text-3xl font-bold text-gray-900 dark:text-white"[39m
      [36m>[39m
        [0m75%[0m
      [36m</p>[39m
    [36m</div>[39m
  [36m</div>[39m
[36m</body>[39m
 ❯ Object.getElementError ../../../AIStudio/node_modules/@testing-library/dom/dist/config.js:37:19
 ❯ ../../../AIStudio/node_modules/@testing-library/dom/dist/query-helpers.js:76:38
 ❯ ../../../AIStudio/node_modules/@testing-library/dom/dist/query-helpers.js:52:17
 ❯ ../../../AIStudio/node_modules/@testing-library/dom/dist/query-helpers.js:95:19
 ❯ src/components/CodeQuality/__tests__/MetricsSummaryCard.test.tsx:24:19
     22|       />
     23|     );
     24|     expect(screen.getByText('+5.0%')).toBeInTheDocument();
       |                   ^
     25|   });
     26| 

⎯⎯⎯⎯⎯⎯⎯⎯⎯⎯⎯⎯⎯⎯⎯⎯⎯⎯⎯⎯⎯[84/141]⎯

 FAIL  src/components/CodeQuality/__tests__/MetricsSummaryCard.test.tsx > MetricsSummaryCard > should render icon when provided
Error: expect(received).toBeInTheDocument()

received value must be an HTMLElement or an SVGElement.

 ❯ src/components/CodeQuality/__tests__/MetricsSummaryCard.test.tsx:31:67
     29|       <MetricsSummaryCard title="Test" value="100" icon="favorite" />
     30|     );
     31|     expect(container.querySelector('.material-symbols-outlined')).toBe…
       |                                                                   ^
     32|   });
     33| });

⎯⎯⎯⎯⎯⎯⎯⎯⎯⎯⎯⎯⎯⎯⎯⎯⎯⎯⎯⎯⎯[85/141]⎯

 FAIL  src/components/CodeQuality/__tests__/RiskDistributionChart.test.tsx > RiskDistributionChart > Color coding > should use correct colors for each risk level
AssertionError: expected +0 to be 4 // Object.is equality

- Expected
+ Received

- 4
+ 0

 ❯ src/components/CodeQuality/__tests__/RiskDistributionChart.test.tsx:180:28
    178| 
    179|       // Check that we have 4 cells (one for each non-zero segment)
    180|       expect(cells.length).toBe(4);
       |                            ^
    181| 
    182|       // Colors are defined in the component:

⎯⎯⎯⎯⎯⎯⎯⎯⎯⎯⎯⎯⎯⎯⎯⎯⎯⎯⎯⎯⎯[86/141]⎯

 FAIL  src/components/performance/__tests__/WorkflowsTab.test.tsx > WorkflowsTab > Tests metric display > should display Tests column in expanded workflow details
TestingLibraryElementError: Found multiple elements with the text: Week 45

Here are the matching elements:

Ignored nodes: comments, script, style
[36m<div[39m
  [33mclass[39m=[32m"text-sm font-medium text-fg"[39m
[36m>[39m
  [0mWeek [0m
  [0m45[0m
[36m</div>[39m

Ignored nodes: comments, script, style
[36m<div[39m
  [33mclass[39m=[32m"text-sm font-medium text-fg"[39m
[36m>[39m
  [0mWeek [0m
  [0m45[0m
[36m</div>[39m

(If this is intentional, then use the `*AllBy*` variant of the query (like `queryAllByText`, `getAllByText`, or `findAllByText`)).

Ignored nodes: comments, script, style
[36m<body>[39m
  [36m<div>[39m
    [36m<div[39m
      [33mclass[39m=[32m"space-y-6"[39m
    [36m>[39m
      [36m<div[39m
        [33mclass[39m=[32m"bg-card rounded-lg shadow p-6"[39m
      [36m>[39m
        [36m<h2[39m
          [33mclass[39m=[32m"text-xl font-bold text-fg mb-4"[39m
        [36m>[39m
          [0mWeekly Performance Summary[0m
        [36m</h2>[39m
        [36m<div[39m
          [33mclass[39m=[32m"overflow-x-auto"[39m
        [36m>[39m
          [36m<table[39m
            [33mclass[39m=[32m"min-w-full divide-y divide-gray-200"[39m
          [36m>[39m
            [36m<thead[39m
              [33mclass[39m=[32m"bg-bg-secondary"[39m
            [36m>[39m
              [36m<tr>[39m
                [36m<th[39m
                  [33mclass[39m=[32m"px-4 py-3 text-left text-xs font-medium text-muted uppercase"[39m
                [36m>[39m
                  [0mWeek[0m
                [36m</th>[39m
                [36m<th[39m
                  [33mclass[39m=[32m"px-4 py-3 text-right text-xs font-medium text-muted uppercase"[39m
                [36m>[39m
                  [0mStories[0m
                [36m</th>[39m
                [36m<th[39m
                  [33mclass[39m=[32m"px-4 py-3 text-right text-xs font-medium text-muted uppercase"[39m
                [36m>[39m
                  [0mTokens[0m
                [36m</th>[39m
                [36m<th[39m
                  [33mclass[39m=[32m"px-4 py-3 text-right text-xs font-medium text-muted uppercase"[39m
                [36m>[39m
                  [0mDuration[0m
                [36m</th>[39m
                [36m<th[39m
                  [33mclass[39m=[32m"px-4 py-3 text-right text-xs font-medium text-muted uppercase"[39m
                [36m>[39m
                  [0mCost[0m
                [36m</th>[39m
                [36m<th[39m
                  [33mclass[39m=[32m"px-4 py-3 text-right text-xs font-medium text-muted uppercase"[39m
                [36m>[39m
                  [0mLOC[0m
                [36m</th>[39m
                [36m<th[39m
                  [33mclass[39m=[32m"px-4 py-3 text-right text-xs font-medium text-muted uppercase"[39m
                [36m>[39m
                  [0mTests[0m
                [36m</th>[39m
                [36m<th[39m
                  [33mclass[39m=[32m"px-4 py-3 text-right text-xs font-medium text-muted uppercase"[39m
                [36m>[39m
                  [0mSuccess Rate[0m
                [36m</th>[39m
              [36m</tr>[39m
            [36m</thead>[39m
            [36m<tbody[39m
              [33mclass[39m=[32m"bg-card divide-y divide-gray-200"[39m
            [36m>[39m
              [36m<tr[39m
                [33mclass[39m=[32m"hover:bg-bg-secondary cursor-pointer"[39m
              [36m>[39m
                [36m<td[39m
                  [33mclass[39m=[32m"px-4 py-3 whitespace-nowrap"[39m
                [36m>[39m
                  [36m<div[39m
                    [33mclass[39m=[32m"flex items-center gap-2"[39m
                  [36m>[39m
                    [36m<span[39m
                      [33mclass[39m=[32m"text-gray-400"[39m
                    [36m>[39m
                      [0m▶[0m
                    [36m</span>[39m
                    [36m<div>[39m
                      [36m<div[39m
                        [33mclass[39m=[32m"text-sm font-medium text-fg"[39m
                      [36m>[39m
                        [0mWeek [0m
                        [0m45[0m
                      [36m</div>[39m
                      [36m<div[39m
                        [33mclass[39m=[32m"text-xs text-muted"[39m
                      [36m>[39m
                        [0m2025[0m
                      [36m</div>[39m
                    [36m</div>[39m
                  [36m</div>[39m
                [36m</td>[39m
                [36m<td[39m
                  [33mclass[39m=[32m"px-4 py-3 whitespace-nowrap text-right"[39m
                [36m>[39m
                  [36m<div[39m
                    [33mclass[39m=[32m"text-sm text-fg flex items-center justify-end gap-1"[39m
                  [36m>[39m
                    [0m3[0m
                    [36m<span[39m
                      [33mclass[39m=[32m"text-red-600"[39m
                    [36m>[39m
                      [0m↑[0m
                    [36m</span>[39m
                  [36m</div>[39m
                [36m</td>[39m
                [36m<td[39m
                  [33mclass[39m=[32m"px-4 py-3 whitespace-nowrap text-right"[39m
                [36m>[39m
                  [36m<div[39m
                    [33mclass[39m=[32m"text-sm text-fg flex items-center justify-end gap-1"[39m
                  [36m>[39m
                    [0m50,000[0m
                    [36m<span[39m
                      [33mclass[39m=[32m"text-red-600"[39m
                    [36m>[39m
                      [0m↑[0m
                    [36m</span>[39m
                  [36m</div>[39m
                [36m</td>[39m
                [36m<td[39m
                  [33mclass[39m=[32m"px-4 py-3 whitespace-nowrap text-right"[39m
                [36m>[39m
                  [36m<div[39m
                    [33mclass[39m=[32m"text-sm text-fg"[39m
                  [36m>[39m
                    [0m5min[0m
                  [36m</div>[39m
                [36m</td>[39m
                [36m<td[39m
                  [33mclass[39m=[32m"px-4 py-3 whitespace-nowrap text-right"[39m
                [36m>[39m
                  [36m<div[39m
                    [33mclass[39m=[32m"text-sm text-fg flex items-center justify-end gap-1"[39m
                  [36m>[39m
                    [0m$2.50[0m
                    [36m<span[39m
                      [33mclass[39m=[32m"text-red-600"[39m
                    [36m>[39m
                      [0m↑[0m
                    [36m</span>[39m
                  [36m</div>[39m
                [36m</td>[39m
                [36m<td[39m
                  [33mclass[39m=[32m"px-4 py-3 whitespace-nowrap text-right"[39m
                [36m>[39m
                  [36m<div[39m
                    [33mclass[39m=[32m"text-sm text-fg"[39m
                  [36m>[39m
                    [0m1,200[0m
                  [36m</div>[39m
                [36m</td>[39m
                [36m<td[39m
                  [33mclass[39m=[32m"px-4 py-3 whitespace-nowrap text-right"[39m
                [36m>[39m
                  [36m<div[39m
                    [33mclass[39m=[32m"text-sm text-fg"[39m
                  [36m>[39m
                    [0m15[0m
                  [36m</div>[39m
                [36m</td>[39m
                [36m<td[39m
                 ...
 ❯ Object.getElementError ../../../AIStudio/node_modules/@testing-library/dom/dist/config.js:37:19
 ❯ getElementError ../../../AIStudio/node_modules/@testing-library/dom/dist/query-helpers.js:20:35
 ❯ getMultipleElementsFoundError ../../../AIStudio/node_modules/@testing-library/dom/dist/query-helpers.js:23:10
 ❯ ../../../AIStudio/node_modules/@testing-library/dom/dist/query-helpers.js:55:13
 ❯ ../../../AIStudio/node_modules/@testing-library/dom/dist/query-helpers.js:95:19
 ❯ src/components/performance/__tests__/WorkflowsTab.test.tsx:101:30
     99|       // The expanded view should also have a Tests column
    100|       // This will be verified when we click to expand
    101|       const weekRow = screen.getByText('Week 45');
       |                              ^
    102|       expect(weekRow).toBeInTheDocument();
    103|     });

⎯⎯⎯⎯⎯⎯⎯⎯⎯⎯⎯⎯⎯⎯⎯⎯⎯⎯⎯⎯⎯[87/141]⎯

 FAIL  src/components/performance/__tests__/WorkflowsTab.test.tsx > WorkflowsTab > Tests metric display > should show average tests added in summary row
TestingLibraryElementError: Found multiple elements with the text: Average

Here are the matching elements:

Ignored nodes: comments, script, style
[36m<td[39m
  [33mclass[39m=[32m"px-4 py-3 text-sm text-fg"[39m
[36m>[39m
  [0mAverage[0m
[36m</td>[39m

Ignored nodes: comments, script, style
[36m<td[39m
  [33mclass[39m=[32m"px-4 py-3 text-sm text-fg"[39m
[36m>[39m
  [0mAverage[0m
[36m</td>[39m

(If this is intentional, then use the `*AllBy*` variant of the query (like `queryAllByText`, `getAllByText`, or `findAllByText`)).

Ignored nodes: comments, script, style
[36m<body>[39m
  [36m<div>[39m
    [36m<div[39m
      [33mclass[39m=[32m"space-y-6"[39m
    [36m>[39m
      [36m<div[39m
        [33mclass[39m=[32m"bg-card rounded-lg shadow p-6"[39m
      [36m>[39m
        [36m<h2[39m
          [33mclass[39m=[32m"text-xl font-bold text-fg mb-4"[39m
        [36m>[39m
          [0mWeekly Performance Summary[0m
        [36m</h2>[39m
        [36m<div[39m
          [33mclass[39m=[32m"overflow-x-auto"[39m
        [36m>[39m
          [36m<table[39m
            [33mclass[39m=[32m"min-w-full divide-y divide-gray-200"[39m
          [36m>[39m
            [36m<thead[39m
              [33mclass[39m=[32m"bg-bg-secondary"[39m
            [36m>[39m
              [36m<tr>[39m
                [36m<th[39m
                  [33mclass[39m=[32m"px-4 py-3 text-left text-xs font-medium text-muted uppercase"[39m
                [36m>[39m
                  [0mWeek[0m
                [36m</th>[39m
                [36m<th[39m
                  [33mclass[39m=[32m"px-4 py-3 text-right text-xs font-medium text-muted uppercase"[39m
                [36m>[39m
                  [0mStories[0m
                [36m</th>[39m
                [36m<th[39m
                  [33mclass[39m=[32m"px-4 py-3 text-right text-xs font-medium text-muted uppercase"[39m
                [36m>[39m
                  [0mTokens[0m
                [36m</th>[39m
                [36m<th[39m
                  [33mclass[39m=[32m"px-4 py-3 text-right text-xs font-medium text-muted uppercase"[39m
                [36m>[39m
                  [0mDuration[0m
                [36m</th>[39m
                [36m<th[39m
                  [33mclass[39m=[32m"px-4 py-3 text-right text-xs font-medium text-muted uppercase"[39m
                [36m>[39m
                  [0mCost[0m
                [36m</th>[39m
                [36m<th[39m
                  [33mclass[39m=[32m"px-4 py-3 text-right text-xs font-medium text-muted uppercase"[39m
                [36m>[39m
                  [0mLOC[0m
                [36m</th>[39m
                [36m<th[39m
                  [33mclass[39m=[32m"px-4 py-3 text-right text-xs font-medium text-muted uppercase"[39m
                [36m>[39m
                  [0mTests[0m
                [36m</th>[39m
                [36m<th[39m
                  [33mclass[39m=[32m"px-4 py-3 text-right text-xs font-medium text-muted uppercase"[39m
                [36m>[39m
                  [0mSuccess Rate[0m
                [36m</th>[39m
              [36m</tr>[39m
            [36m</thead>[39m
            [36m<tbody[39m
              [33mclass[39m=[32m"bg-card divide-y divide-gray-200"[39m
            [36m>[39m
              [36m<tr[39m
                [33mclass[39m=[32m"hover:bg-bg-secondary cursor-pointer"[39m
              [36m>[39m
                [36m<td[39m
                  [33mclass[39m=[32m"px-4 py-3 whitespace-nowrap"[39m
                [36m>[39m
                  [36m<div[39m
                    [33mclass[39m=[32m"flex items-center gap-2"[39m
                  [36m>[39m
                    [36m<span[39m
                      [33mclass[39m=[32m"text-gray-400"[39m
                    [36m>[39m
                      [0m▶[0m
                    [36m</span>[39m
                    [36m<div>[39m
                      [36m<div[39m
                        [33mclass[39m=[32m"text-sm font-medium text-fg"[39m
                      [36m>[39m
                        [0mWeek [0m
                        [0m45[0m
                      [36m</div>[39m
                      [36m<div[39m
                        [33mclass[39m=[32m"text-xs text-muted"[39m
                      [36m>[39m
                        [0m2025[0m
                      [36m</div>[39m
                    [36m</div>[39m
                  [36m</div>[39m
                [36m</td>[39m
                [36m<td[39m
                  [33mclass[39m=[32m"px-4 py-3 whitespace-nowrap text-right"[39m
                [36m>[39m
                  [36m<div[39m
                    [33mclass[39m=[32m"text-sm text-fg flex items-center justify-end gap-1"[39m
                  [36m>[39m
                    [0m3[0m
                    [36m<span[39m
                      [33mclass[39m=[32m"text-red-600"[39m
                    [36m>[39m
                      [0m↑[0m
                    [36m</span>[39m
                  [36m</div>[39m
                [36m</td>[39m
                [36m<td[39m
                  [33mclass[39m=[32m"px-4 py-3 whitespace-nowrap text-right"[39m
                [36m>[39m
                  [36m<div[39m
                    [33mclass[39m=[32m"text-sm text-fg flex items-center justify-end gap-1"[39m
                  [36m>[39m
                    [0m50,000[0m
                    [36m<span[39m
                      [33mclass[39m=[32m"text-red-600"[39m
                    [36m>[39m
                      [0m↑[0m
                    [36m</span>[39m
                  [36m</div>[39m
                [36m</td>[39m
                [36m<td[39m
                  [33mclass[39m=[32m"px-4 py-3 whitespace-nowrap text-right"[39m
                [36m>[39m
                  [36m<div[39m
                    [33mclass[39m=[32m"text-sm text-fg"[39m
                  [36m>[39m
                    [0m5min[0m
                  [36m</div>[39m
                [36m</td>[39m
                [36m<td[39m
                  [33mclass[39m=[32m"px-4 py-3 whitespace-nowrap text-right"[39m
                [36m>[39m
                  [36m<div[39m
                    [33mclass[39m=[32m"text-sm text-fg flex items-center justify-end gap-1"[39m
                  [36m>[39m
                    [0m$2.50[0m
                    [36m<span[39m
                      [33mclass[39m=[32m"text-red-600"[39m
                    [36m>[39m
                      [0m↑[0m
                    [36m</span>[39m
                  [36m</div>[39m
                [36m</td>[39m
                [36m<td[39m
                  [33mclass[39m=[32m"px-4 py-3 whitespace-nowrap text-right"[39m
                [36m>[39m
                  [36m<div[39m
                    [33mclass[39m=[32m"text-sm text-fg"[39m
                  [36m>[39m
                    [0m1,200[0m
                  [36m</div>[39m
                [36m</td>[39m
                [36m<td[39m
                  [33mclass[39m=[32m"px-4 py-3 whitespace-nowrap text-right"[39m
                [36m>[39m
                  [36m<div[39m
                    [33mclass[39m=[32m"text-sm text-fg"[39m
                  [36m>[39m
                    [0m15[0m
                  [36m</div>[39m
                [36m</td>[39m
                [36m<td[39m
                 ...
 ❯ Object.getElementError ../../../AIStudio/node_modules/@testing-library/dom/dist/config.js:37:19
 ❯ getElementError ../../../AIStudio/node_modules/@testing-library/dom/dist/query-helpers.js:20:35
 ❯ getMultipleElementsFoundError ../../../AIStudio/node_modules/@testing-library/dom/dist/query-helpers.js:23:10
 ❯ ../../../AIStudio/node_modules/@testing-library/dom/dist/query-helpers.js:55:13
 ❯ ../../../AIStudio/node_modules/@testing-library/dom/dist/query-helpers.js:95:19
 ❯ src/components/performance/__tests__/WorkflowsTab.test.tsx:110:33
    108|       // With 15 tests in week 45 and 10 in week 44, average should be…
    109|       // The component might round this to 13 or display 12.5
    110|       const averageRow = screen.getByText('Average');
       |                                 ^
    111|       expect(averageRow).toBeInTheDocument();
    112|     });

⎯⎯⎯⎯⎯⎯⎯⎯⎯⎯⎯⎯⎯⎯⎯⎯⎯⎯⎯⎯⎯[88/141]⎯

 FAIL  src/components/performance/__tests__/WorkflowsTab.test.tsx > WorkflowsTab > Tests metric display > should handle missing test data gracefully
TestingLibraryElementError: Found multiple elements with the text: /-|0/

Here are the matching elements:

Ignored nodes: comments, script, style
[36m<div[39m
  [33mclass[39m=[32m"text-xs text-muted"[39m
[36m>[39m
  [0m2025[0m
[36m</div>[39m

Ignored nodes: comments, script, style
[36m<div[39m
  [33mclass[39m=[32m"text-sm text-fg flex items-center justify-end gap-1"[39m
[36m>[39m
  [0m50,000[0m
[36m</div>[39m

Ignored nodes: comments, script, style
[36m<div[39m
  [33mclass[39m=[32m"text-sm text-fg flex items-center justify-end gap-1"[39m
[36m>[39m
  [0m$2.50[0m
[36m</div>[39m

Ignored nodes: comments, script, style
[36m<div[39m
  [33mclass[39m=[32m"text-sm text-fg"[39m
[36m>[39m
  [0m1,200[0m
[36m</div>[39m

Ignored nodes: comments, script, style
[36m<div[39m
  [33mclass[39m=[32m"text-sm text-fg"[39m
[36m>[39m
  [0m-[0m
[36m</div>[39m

Ignored nodes: comments, script, style
[36m<div[39m
  [33mclass[39m=[32m"text-sm font-medium text-fg"[39m
[36m>[39m
  [0m100[0m
  [0m%[0m
[36m</div>[39m

Ignored nodes: comments, script, style
[36m<td[39m
  [33mclass[39m=[32m"px-4 py-3 text-right text-sm text-fg"[39m
[36m>[39m
  [0m3.0[0m
[36m</td>[39m

Ignored nodes: comments, script, style
[36m<td[39m
  [33mclass[39m=[32m"px-4 py-3 text-right text-sm text-fg"[39m
[36m>[39m
  [0m50,000[0m
[36m</td>[39m

Ignored nodes: comments, script, style
[36m<td[39m
  [33mclass[39m=[32m"px-4 py-3 text-right text-sm text-fg"[39m
[36m>[39m
  [0m$2.50[0m
[36m</td>[39m

Ignored nodes: comments, script, style
[36m<td[39m
  [33mclass[39m=[32m"px-4 py-3 text-right text-sm text-fg"[39m
[36m>[39m
  [0m1,200[0m
[36m</td>[39m

Ignored nodes: comments, script, style
[36m<td[39m
  [33mclass[39m=[32m"px-4 py-3 text-right text-sm text-fg"[39m
[36m>[39m
  [0m0[0m
[36m</td>[39m

Ignored nodes: comments, script, style
[36m<td[39m
  [33mclass[39m=[32m"px-4 py-3 text-right text-sm text-fg"[39m
[36m>[39m
  [0m-[0m
[36m</td>[39m

Ignored nodes: comments, script, style
[36m<div[39m
  [33mclass[39m=[32m"text-sm text-fg flex items-center justify-end gap-1"[39m
[36m>[39m
  [0m120.0[0m
  [36m<span[39m
    [33mclass[39m=[32m"text-green-600"[39m
  [36m>[39m
    [0m✓[0m
  [36m</span>[39m
[36m</div>[39m

Ignored nodes: comments, script, style
[36m<div[39m
  [33mclass[39m=[32m"text-sm text-fg flex items-center justify-end gap-1"[39m
[36m>[39m
  [0m0.3[0m
  [36m<span[39m
    [33mclass[39m=[32m"text-green-600"[39m
  [36m>[39m
    [0m✓[0m
  [36m</span>[39m
[36m</div>[39m

Ignored nodes: comments, script, style
[36m<div[39m
  [33mclass[39m=[32m"text-sm text-fg"[39m
[36m>[39m
  [0m-[0m
[36m</div>[39m

Ignored nodes: comments, script, style
[36m<td[39m
  [33mclass[39m=[32m"px-4 py-3 text-right text-sm text-fg"[39m
[36m>[39m
  [0m120.0[0m
[36m</td>[39m

Ignored nodes: comments, script, style
[36m<td[39m
  [33mclass[39m=[32m"px-4 py-3 text-right text-sm text-fg"[39m
[36m>[39m
  [0m0.3[0m
[36m</td>[39m

Ignored nodes: comments, script, style
[36m<td[39m
  [33mclass[39m=[32m"px-4 py-3 text-right text-sm text-fg"[39m
[36m>[39m
  [0m-[0m
[36m</td>[39m

(If this is intentional, then use the `*AllBy*` variant of the query (like `queryAllByText`, `getAllByText`, or `findAllByText`)).

Ignored nodes: comments, script, style
[36m<body>[39m
  [36m<div>[39m
    [36m<div[39m
      [33mclass[39m=[32m"space-y-6"[39m
    [36m>[39m
      [36m<div[39m
        [33mclass[39m=[32m"bg-card rounded-lg shadow p-6"[39m
      [36m>[39m
        [36m<h2[39m
          [33mclass[39m=[32m"text-xl font-bold text-fg mb-4"[39m
        [36m>[39m
          [0mWeekly Performance Summary[0m
        [36m</h2>[39m
        [36m<div[39m
          [33mclass[39m=[32m"overflow-x-auto"[39m
        [36m>[39m
          [36m<table[39m
            [33mclass[39m=[32m"min-w-full divide-y divide-gray-200"[39m
          [36m>[39m
            [36m<thead[39m
              [33mclass[39m=[32m"bg-bg-secondary"[39m
            [36m>[39m
              [36m<tr>[39m
                [36m<th[39m
                  [33mclass[39m=[32m"px-4 py-3 text-left text-xs font-medium text-muted uppercase"[39m
                [36m>[39m
                  [0mWeek[0m
                [36m</th>[39m
                [36m<th[39m
                  [33mclass[39m=[32m"px-4 py-3 text-right text-xs font-medium text-muted uppercase"[39m
                [36m>[39m
                  [0mStories[0m
                [36m</th>[39m
                [36m<th[39m
                  [33mclass[39m=[32m"px-4 py-3 text-right text-xs font-medium text-muted uppercase"[39m
                [36m>[39m
                  [0mTokens[0m
                [36m</th>[39m
                [36m<th[39m
                  [33mclass[39m=[32m"px-4 py-3 text-right text-xs font-medium text-muted uppercase"[39m
                [36m>[39m
                  [0mDuration[0m
                [36m</th>[39m
                [36m<th[39m
                  [33mclass[39m=[32m"px-4 py-3 text-right text-xs font-medium text-muted uppercase"[39m
                [36m>[39m
                  [0mCost[0m
                [36m</th>[39m
                [36m<th[39m
                  [33mclass[39m=[32m"px-4 py-3 text-right text-xs font-medium text-muted uppercase"[39m
                [36m>[39m
                  [0mLOC[0m
                [36m</th>[39m
                [36m<th[39m
                  [33mclass[39m=[32m"px-4 py-3 text-right text-xs font-medium text-muted uppercase"[39m
                [36m>[39m
                  [0mTests[0m
                [36m</th>[39m
                [36m<th[39m
                  [33mclass[39m=[32m"px-4 py-3 text-right text-xs font-medium text-muted uppercase"[39m
                [36m>[39m
                  [0mSuccess Rate[0m
                [36m</th>[39m
              [36m</tr>[39m
            [36m</thead>[39m
            [36m<tbody[39m
              [33mclass[39m=[32m"bg-card divide-y divide-gray-200"[39m
            [36m>[39m
              [36m<tr[39m
                [33mclass[39m=[32m"hover:bg-bg-secondary cursor-pointer"[39m
              [36m>[39m
                [36m<td[39m
                  [33mclass[39m=[32m"px-4 py-3 whitespace-nowrap"[39m
                [36m>[39m
                  [36m<div[39m
                    [33mclass[39m=[32m"flex items-center gap-2"[39m
                  [36m>[39m
                    [36m<span[39m
                      [33mclass[39m=[32m"text-gray-400"[39m
                    [36m>[39m
                      [0m▶[0m
                    [36m</span>[39m
                    [36m<div>[39m
                      [36m<div[39m
                        [33mclass[39m=[32m"text-sm font-medium text-fg"[39m
                      [36m>[39m
                        [0mWeek [0m
                        [0m45[0m
                      [36m</div>[39m
                      [36m<div[39m
                        [33mclass[39m=[32m"text-xs text-muted"[39m
                      [36m>[39m
                        [0m2025[0m
                      [36m</div>[39m
                    [36m</div>[39m
                  [36m</div>[39m
                [36m</td>[39m
                [36m<td[39m
                  [33mclass[39m=[32m"px-4 py-3 whitespace-nowrap text-right"[39m
                [36m>[39m
                  [36m<div[39m
                    [33mclass[39m=[32m"text-sm text-fg flex items-center justify-end gap-1"[39m
                  [36m>[39m
                    [0m3[0m
                  [36m</div>[39m
                [36m</td>[39m
                [36m<td[39m
                  [33mclass[39m=[32m"px-4 py-3 whitespace-nowrap text-right"[39m
                [36m>[39m
                  [36m<div[39m
                    [33mclass[39m=[32m"text-sm text-fg flex items-center justify-end gap-1"[39m
                  [36m>[39m
                    [0m50,000[0m
                  [36m</div>[39m
                [36m</td>[39m
                [36m<td[39m
                  [33mclass[39m=[32m"px-4 py-3 whitespace-nowrap text-right"[39m
                [36m>[39m
                  [36m<div[39m
                    [33mclass[39m=[32m"text-sm text-fg"[39m
                  [36m>[39m
                    [0m5min[0m
                  [36m</div>[39m
                [36m</td>[39m
                [36m<td[39m
                  [33mclass[39m=[32m"px-4 py-3 whitespace-nowrap text-right"[39m
                [36m>[39m
                  [36m<div[39m
                    [33mclass[39m=[32m"text-sm text-fg flex items-center justify-end gap-1"[39m
                  [36m>[39m
                    [0m$2.50[0m
                  [36m</div>[39m
                [36m</td>[39m
                [36m<td[39m
                  [33mclass[39m=[32m"px-4 py-3 whitespace-nowrap text-right"[39m
                [36m>[39m
                  [36m<div[39m
                    [33mclass[39m=[32m"text-sm text-fg"[39m
                  [36m>[39m
                    [0m1,200[0m
                  [36m</div>[39m
                [36m</td>[39m
                [36m<td[39m
                  [33mclass[39m=[32m"px-4 py-3 whitespace-nowrap text-right"[39m
                [36m>[39m
                  [36m<div[39m
                    [33mclass[39m=[32m"text-sm text-fg"[39m
                  [36m>[39m
                    [0m-[0m
                  [36m</div>[39m
                [36m</td>[39m
                [36m<td[39m
                  [33mclass[39m=[32m"px-4 py-3 whitespace-nowrap text-right"[39m
                [36m>[39m
                  [36m<div[39m
                    [33mclass[39m=[32m"text-sm font-medium text-fg"[39m
                  [36m>[39m
                    [0m100[0m
                    [0m%[0m
                  [36m</div>[39m
                [36m</td>[39m
              [36m</tr>[39m
              [36m<tr[39m
                [33mclass[39m=[32m"bg-bg-secondary font-semibold"[39m
              [36m>[39m
                [36m<td[39m
                  [33mclass[39m=[32m"px-4 py-3 text-sm text-fg"[39m
                [36m>[39m
                  [0mAverage[0m
                [36m</td>[39m
                [36m<td[39m
                  [33mclass[39m=[32m"px-4 py-3 text-right text-sm text-fg"[39m
                [36m>[39m
                  [0m3.0[0m
                [36m</td>[39m
                [36m<td[39m
                  [33mclass[39m=[32m"px-4 py-3 text-right text-sm text-fg"[39m
                [36m>[39m
                  [0m50,000[0m
                [36m</td>[39m
                [36m<td[39m
                  [33mclass[39m=[32m"px-4 py-3 text-right text-sm text-fg"[39m
                [36m>[39m
                  [0m5min[0m
                [36m</td>[39m
                [36m<td[39m
                  [33mclass[39m=[32m"px-4 py-3 text-right text-sm text-fg"[39m
                [36m>[39m
                  [0m$2.50[0m
                [36m</td>[39m
                [36m<td[39m
                  [33mclass[39m=[32m"px-4 py-3 text-right text-sm text-fg"[39m
                [36m>[39m
                  [0m1,200[0m
                [36m</td>[39m
                [36m<td[39m
                  [33mclass[39m=[32m"px-4 py-3 text-right text-sm text-fg"[39m
                [36m>[39m
                  [0m0[0m
                [36m</td>[39m
                [36m<td[39m
                  [33mclass[39m=[32m"px-4 py-3 text-right text-sm text-fg"[39m
                [36m>[39m
                  [0m-[0m
                [36m</td>[39m
              [36m</tr>[39m
            [36m</tbody>[39m
          [36m</table>[39m
        [36m</div>[39m
      [36m</div>[39m
      [36m<div[39m
        [33mclass[39m=[32m"bg-card rounded-lg shadow p-6"[39m
      [36m>[39m
        [36m<h2[39m
          [33mclass[39m=[32m"text-xl font-bold text-fg mb-4"[39m
        [36m>[39m
          [0mDetailed Efficiency Metrics[0m
        [36m</h2>[39m
        [36m<div[39m
          [33mclass[39m=[32m"overflow-x-auto"[39m
        [36m>[39m
          [36m<table[39m
            [33mclass[39m=[32m"min-w-full divide-y divide-gray-200"[39m
          [36m>[39m
            [36m<thead[39m
              [33mclass[39m=[32m"bg-bg-secondary"[39m
            [36m>[39m
              [36m<tr>[39m
                [36m<th[39m
                  [33mclass[39m=[32m"px-4 py-3 text-left text-xs font-medium text-muted uppercase"[39m
                [36m>[39m
                  [0mWeek[0m
                [36m</th>[39m
                [36m<th[39m
                  [33mclass[39m=[32m"px-4 py-3 text-right text-xs font-medium text-muted uppercase"[39m
                [36m>[39m
                  [0mTokens/LOC[0m
                [36m</th>[39m
                [36m<th[39m
                  [33mclass[39m=[32m"px-4 py-3 text-right text-xs font-medium text-muted uppercase"[39m
                [36m>[39m
                  [0mLOC/Prompt[0m
                [36m</th>[39m
                [36m<th[39m
                  [33mclass[39m=[32m"px-4 py-3 text-right text-xs font-medium text-muted uppercase"[39m
                [36m>[39m
                  [0mRuntime/LOC (sec)[0m
                [36m</th>[39m
                [36m<th[39m
                  [33mclass[39m=[32m"px-4 py-3 text-right text-xs font-medium text-muted uppercase"[39m
                [36m>[39m
                  [0mIterations[0m
                [36m</th>[39m
              [36m</tr>[39m
            [36m</thead>[39m
            [36m<tbody[39m
              [33mclass[39m=[32m"bg-card divide-y divide-gray-200"[39m
            [36m>[39m
              [36m<tr[39m
                [33mclass[39m=[32m"hover:bg-bg-secondary cursor-pointer"[39m
              [36m>[39m
                [36m<td[39m
                  [33mclass[39m=[32m"px-4 py-3 whitespace-nowrap"[39m
                [36m>[39m
                  [36m<div[39m
                    [33mclass[39m=[32m"flex items-center gap-2"[39m
                  [36m>[39m
                    [36m<span[39m
                      [33mclass[39m=[32m"text-gray-400"[39m
                    [36m>[39m
                      [0m▶[0m
                    [36m</span>[39m
                    [36m<div[39m
                      [33mclass[39m=[32m"text-sm font-medium text-fg"[39m
                    [36m>[39m
                      [0mWeek [0m
                      [0m45[0m
                    [36m</div>[39m
                  [36m</div>[39m
                [36m</td>[39m
                [36m<td[39m
                  [33mclass[39m=[32m"px-4 py-3 whitespace-nowrap text-right"[39m
                [36m>[39m
                  [36m<div[39m
                    [33mclass[39m=[32m"text-sm text-fg flex items-center justify-end gap-1"[39m
                  [36m>[39m
                    [0m42[0m
                    [36m<span[39m
                      [33mclass[39m=[32m"text-green-600"[39m
                    [36m>[39m
                      [0m✓[0m
                    [36m</span>[39m
                  [36m</div>[39m
                [36m</td>[39m
                [36m<td[39m
                  [33mclass[39m=[32m"px-4 py-3 whitespace-nowrap text-right"[39m
                [36m>[39m
                  [36m<div[39m
                    [33mclass[39m=[32m"text-sm text-fg flex items-center justify-end gap-1"[39m
                  [36m>[39m
                    [0m120.0[0m
                    [36m<span[39m
                      [33mclass[39m=[32m"text-green-600"[39m
                    [36m>[39m
                      [0m✓[0m
                    [36m</span>[39m
                  [36m</div>[39m
                [36m</td>[39m
                [36m<td[39m
                  [33mclass[39m=[32m"px-4 py-3 whitespace-nowrap text-right"[39m
                [36m>[39m
                  [36m<div[39m
                    [33mclass[39m=[32m"text-sm text-fg flex items-center justify-end gap-1"[39m
                  [36m>[39m
                    [0m0.3[0m
                    [36m<span[39m
                      [33mclass[39m=[32m"text-green-600"[39m
                    [36m>[39m
                      [0m✓[0m
                    [36m</span>[39m
                  [36m</div>[39m
                [36m</td>[39m
                [36m<td[39m
                  [33mclass[39m=[32m"px-4 py-3 whitespace-nowrap text-right"[39m
                [36m>[39m
                  [36m<div[39m
                    [33mclass[39m=[32m"text-sm text-fg"[39m
                  [36m>[39m
                    [0m-[0m
                  [36m</div>[39m
                [36m</td>[39m
              [36m</tr>[39m
              [36m<tr[39m
                [33mclass[39m=[32m"bg-bg-secondary font-semibold"[39m
              [36m>[39m
                [36m<td[39m
                  [33mclass[39m=[32m"px-4 py-3 text-sm text-fg"[39m
                [36m>[39m
                  [0mAverage[0m
                [36m</td>[39m
                [36m<td[39m
                  [33mclass[39m=[32m"px-4 py-3 text-right text-sm text-fg"[39m
                [36m>[39m
                  [0m42[0m
                [36m</td>[39m
                [36m<td[39m
                  [33mclass[39m=[32m"px-4 py-3 text-right text-sm text-fg"[39m
                [36m>[39m
                  [0m120.0[0m
                [36m</td>[39m
                [36m<td[39m
                  [33mclass[39m=[32m"px-4 py-3 text-right text-sm text-fg"[39m
                [36m>[39m
                  [0m0.3[0m
                [36m</td>[39m
                [36m<td[39m
                  [33mclass[39m=[32m"px-4 py-3 text-right text-sm text-fg"[39m
                [36m>[39m
                  [0m-[0m
                [36m</td>[39m
              [36m</tr>[39m
            [36m</tbody>[39m
          [36m</table>[39m
        [36m</div>[39m
      [36m</div>[39m
      [36m<div[39m
        [33mclass[39m=[32m"bg-blue-50 border border-blue-200 rounded-lg p-4"[39m
      [36m>[39m
        [36m<h3[39m
          [33mclass[39m=[32m"text-sm font-semibold text-blue-900 mb-2"[39m
        [36m>[39m
          [0mLegend[0m
        [36m</h3>[39m
        [36m<div[39m
          [33mclass[39m=[32m"text-xs text-blue-800 space-y-1"[39m
        [36m>[39m
          [36m<div>[39m
            [36m<span[39m
              [33mclass[39m=[32m"text-green-600"[39m
            [36m>[39m
              [0m↓[0m
            [36m</span>[39m
            [0m = Improvement (&gt;5% decrease in cost/tokens)[0m
          [36m</div>[39m
          [36m<div>[39m
            [36m<span[39m
              [33mclass[39m=[32m"text-red-600"[39m
            [36m>[39m
              [0m↑[0m
            [36m</span>[39m
            [0m = Regression (&gt;5% increase in cost/tokens)[0m
          [36m</div>[39m
          [36m<div>[39m
            [36m<span[39m
              [33mclass[39m=[32m"text-green-600"[39m
            [36m>[39m
              [0m✓[0m
            [36m</span>[39m
            [0m = Good performance (within recommended thresholds)[0m
          [36m</div>[39m
          [36m<div>[39m
            [36m<span[39m
              [33mclass[39m=[32m"text-yellow-600"[39m
            [36m>[39m
              [0m⚠[0m
            [36m</span>[39m
            [0m = Below optimal performance[0m
          [36m</div>[39m
        [36m</div>[39m
      [36m</div>[39m
    [36m</div>[39m
  [36m</div>[39m
[36m</body>[39m
 ❯ Object.getElementError ../../../AIStudio/node_modules/@testing-library/dom/dist/config.js:37:19
 ❯ getElementError ../../../AIStudio/node_modules/@testing-library/dom/dist/query-helpers.js:20:35
 ❯ getMultipleElementsFoundError ../../../AIStudio/node_modules/@testing-library/dom/dist/query-helpers.js:23:10
 ❯ ../../../AIStudio/node_modules/@testing-library/dom/dist/query-helpers.js:55:13
 ❯ ../../../AIStudio/node_modules/@testing-library/dom/dist/query-helpers.js:95:19
 ❯ src/components/performance/__tests__/WorkflowsTab.test.tsx:126:21
    124| 
    125|       // Should display '-' or '0' for missing test data
    126|       expect(screen.getByText(/-|0/)).toBeInTheDocument();
       |                     ^
    127|     });
    128|   });

⎯⎯⎯⎯⎯⎯⎯⎯⎯⎯⎯⎯⎯⎯⎯⎯⎯⎯⎯⎯⎯[89/141]⎯

 FAIL  src/components/story/__tests__/ReviewDashboard.test.tsx > QAStatusSection > shows signed off status with timestamp
TestingLibraryElementError: Found multiple elements with the text: Signed Off

Here are the matching elements:

Ignored nodes: comments, script, style
[36m<span[39m
  [33mclass[39m=[32m"inline-flex items-center gap-1 px-3 py-1 rounded-full text-sm font-medium border bg-green-500/10 text-green-600 border-green-500/20"[39m
[36m>[39m
  [36m<svg[39m
    [33maria-hidden[39m=[32m"true"[39m
    [33mclass[39m=[32m"h-4 w-4"[39m
    [33mdata-slot[39m=[32m"icon"[39m
    [33mfill[39m=[32m"none"[39m
    [33mstroke[39m=[32m"currentColor"[39m
    [33mstroke-width[39m=[32m"1.5"[39m
    [33mviewBox[39m=[32m"0 0 24 24"[39m
    [33mxmlns[39m=[32m"http://www.w3.org/2000/svg"[39m
  [36m>[39m
    [36m<path[39m
      [33md[39m=[32m"M9 12.75 11.25 15 15 9.75M21 12a9 9 0 1 1-18 0 9 9 0 0 1 18 0Z"[39m
      [33mstroke-linecap[39m=[32m"round"[39m
      [33mstroke-linejoin[39m=[32m"round"[39m
    [36m/>[39m
  [36m</svg>[39m
  [0mSigned Off[0m
[36m</span>[39m

Ignored nodes: comments, script, style
[36m<p[39m
  [33mclass[39m=[32m"text-sm text-muted"[39m
[36m>[39m
  [0mSigned Off[0m
[36m</p>[39m

(If this is intentional, then use the `*AllBy*` variant of the query (like `queryAllByText`, `getAllByText`, or `findAllByText`)).

Ignored nodes: comments, script, style
[36m<body>[39m
  [36m<div>[39m
    [36m<div[39m
      [33mclass[39m=[32m"bg-card border border-border rounded-lg shadow-md"[39m
    [36m>[39m
      [36m<button[39m
        [33maria-controls[39m=[32m"headlessui-disclosure-panel-:rb:"[39m
        [33maria-expanded[39m=[32m"true"[39m
        [33mclass[39m=[32m"flex justify-between items-center w-full p-6 text-left"[39m
        [33mdata-headlessui-state[39m=[32m"open"[39m
        [33mid[39m=[32m"headlessui-disclosure-button-:ra:"[39m
        [33mtype[39m=[32m"button"[39m
      [36m>[39m
        [36m<div[39m
          [33mclass[39m=[32m"flex items-center gap-3"[39m
        [36m>[39m
          [36m<h2[39m
            [33mclass[39m=[32m"text-lg font-bold text-fg"[39m
          [36m>[39m
            [0mQA Status & Sign-Off[0m
          [36m</h2>[39m
          [36m<span[39m
            [33mclass[39m=[32m"inline-flex items-center gap-1 px-3 py-1 rounded-full text-sm font-medium border bg-green-500/10 text-green-600 border-green-500/20"[39m
          [36m>[39m
            [36m<svg[39m
              [33maria-hidden[39m=[32m"true"[39m
              [33mclass[39m=[32m"h-4 w-4"[39m
              [33mdata-slot[39m=[32m"icon"[39m
              [33mfill[39m=[32m"none"[39m
              [33mstroke[39m=[32m"currentColor"[39m
              [33mstroke-width[39m=[32m"1.5"[39m
              [33mviewBox[39m=[32m"0 0 24 24"[39m
              [33mxmlns[39m=[32m"http://www.w3.org/2000/svg"[39m
            [36m>[39m
              [36m<path[39m
                [33md[39m=[32m"M9 12.75 11.25 15 15 9.75M21 12a9 9 0 1 1-18 0 9 9 0 0 1 18 0Z"[39m
                [33mstroke-linecap[39m=[32m"round"[39m
                [33mstroke-linejoin[39m=[32m"round"[39m
              [36m/>[39m
            [36m</svg>[39m
            [0mSigned Off[0m
          [36m</span>[39m
        [36m</div>[39m
        [36m<svg[39m
          [33maria-hidden[39m=[32m"true"[39m
          [33mclass[39m=[32m"h-5 w-5 text-muted transition-transform rotate-180"[39m
          [33mdata-slot[39m=[32m"icon"[39m
          [33mfill[39m=[32m"none"[39m
          [33mstroke[39m=[32m"currentColor"[39m
          [33mstroke-width[39m=[32m"1.5"[39m
          [33mviewBox[39m=[32m"0 0 24 24"[39m
          [33mxmlns[39m=[32m"http://www.w3.org/2000/svg"[39m
        [36m>[39m
          [36m<path[39m
            [33md[39m=[32m"m19.5 8.25-7.5 7.5-7.5-7.5"[39m
            [33mstroke-linecap[39m=[32m"round"[39m
            [33mstroke-linejoin[39m=[32m"round"[39m
          [36m/>[39m
        [36m</svg>[39m
      [36m</button>[39m
      [36m<div>[39m
        [36m<div[39m
          [33mclass[39m=[32m"px-6 pb-6 space-y-6"[39m
          [33mdata-headlessui-state[39m=[32m"open"[39m
          [33mid[39m=[32m"headlessui-disclosure-panel-:rb:"[39m
        [36m>[39m
          [36m<div[39m
            [33mclass[39m=[32m"flex items-center justify-between p-4 bg-bg-secondary rounded-lg"[39m
          [36m>[39m
            [36m<div>[39m
              [36m<p[39m
                [33mclass[39m=[32m"text-sm text-muted"[39m
              [36m>[39m
                [0mAssigned To[0m
              [36m</p>[39m
              [36m<p[39m
                [33mclass[39m=[32m"text-fg font-medium"[39m
              [36m>[39m
                [0mQA Engineer[0m
              [36m</p>[39m
            [36m</div>[39m
            [36m<div[39m
              [33mclass[39m=[32m"text-right"[39m
            [36m>[39m
              [36m<p[39m
                [33mclass[39m=[32m"text-sm text-muted"[39m
              [36m>[39m
                [0mSigned Off[0m
              [36m</p>[39m
              [36m<p[39m
                [33mclass[39m=[32m"text-fg font-medium"[39m
              [36m>[39m
                [0m11/21/2025, 1:00:00 PM[0m
              [36m</p>[39m
            [36m</div>[39m
          [36m</div>[39m
          [36m<div>[39m
            [36m<div[39m
              [33mclass[39m=[32m"flex items-center justify-between mb-2"[39m
            [36m>[39m
              [36m<h3[39m
                [33mclass[39m=[32m"text-sm font-semibold text-fg"[39m
              [36m>[39m
                [0mQA Notes[0m
              [36m</h3>[39m
            [36m</div>[39m
            [36m<div[39m
              [33mclass[39m=[32m"p-4 bg-bg-secondary rounded-lg min-h-[80px]"[39m
            [36m>[39m
              [36m<p[39m
                [33mclass[39m=[32m"text-sm text-muted italic"[39m
              [36m>[39m
                [0mNo QA notes added yet[0m
              [36m</p>[39m
            [36m</div>[39m
          [36m</div>[39m
        [36m</div>[39m
      [36m</div>[39m
    [36m</div>[39m
  [36m</div>[39m
[36m</body>[39m
 ❯ Object.getElementError ../../../AIStudio/node_modules/@testing-library/dom/dist/config.js:37:19
 ❯ getElementError ../../../AIStudio/node_modules/@testing-library/dom/dist/query-helpers.js:20:35
 ❯ getMultipleElementsFoundError ../../../AIStudio/node_modules/@testing-library/dom/dist/query-helpers.js:23:10
 ❯ ../../../AIStudio/node_modules/@testing-library/dom/dist/query-helpers.js:55:13
 ❯ ../../../AIStudio/node_modules/@testing-library/dom/dist/query-helpers.js:95:19
 ❯ src/components/story/__tests__/ReviewDashboard.test.tsx:97:19
     95|     );
     96| 
     97|     expect(screen.getByText('Signed Off')).toBeInTheDocument();
       |                   ^
     98|   });
     99| 

⎯⎯⎯⎯⎯⎯⎯⎯⎯⎯⎯⎯⎯⎯⎯⎯⎯⎯⎯⎯⎯[90/141]⎯

 FAIL  src/components/story/__tests__/ReviewDashboard.test.tsx > ScreenshotGallery > filters by category
TestingLibraryElementError: Found multiple elements with the text: /Before/

Here are the matching elements:

Ignored nodes: comments, script, style
[36m<button[39m
  [33mclass[39m=[32m"px-3 py-1 rounded-full text-xs font-medium border transition-colors bg-gray-500/10 text-gray-600 border-gray-500/20 hover:opacity-80"[39m
[36m>[39m
  [0m📸 Before[0m
[36m</button>[39m

Ignored nodes: comments, script, style
[36m<p[39m
  [33mclass[39m=[32m"text-white text-xs truncate"[39m
[36m>[39m
  [0mBefore state[0m
[36m</p>[39m

(If this is intentional, then use the `*AllBy*` variant of the query (like `queryAllByText`, `getAllByText`, or `findAllByText`)).

Ignored nodes: comments, script, style
[36m<body>[39m
  [36m<div>[39m
    [36m<div[39m
      [33mclass[39m=[32m"bg-card border border-border rounded-lg shadow-md p-6"[39m
    [36m>[39m
      [36m<div[39m
        [33mclass[39m=[32m"flex items-center justify-between mb-4"[39m
      [36m>[39m
        [36m<h2[39m
          [33mclass[39m=[32m"text-lg font-bold text-fg"[39m
        [36m>[39m
          [0mScreenshots ([0m
          [0m2[0m
          [0m)[0m
        [36m</h2>[39m
      [36m</div>[39m
      [36m<div[39m
        [33mclass[39m=[32m"flex flex-wrap gap-2 mb-4"[39m
      [36m>[39m
        [36m<button[39m
          [33mclass[39m=[32m"px-3 py-1 rounded-full text-xs font-medium border transition-colors bg-accent text-accent-fg border-accent"[39m
        [36m>[39m
          [0mAll[0m
        [36m</button>[39m
        [36m<button[39m
          [33mclass[39m=[32m"px-3 py-1 rounded-full text-xs font-medium border transition-colors bg-gray-500/10 text-gray-600 border-gray-500/20 hover:opacity-80"[39m
        [36m>[39m
          [0m📸 Before[0m
        [36m</button>[39m
        [36m<button[39m
          [33mclass[39m=[32m"px-3 py-1 rounded-full text-xs font-medium border transition-colors bg-blue-500/10 text-blue-600 border-blue-500/20 hover:opacity-80"[39m
        [36m>[39m
          [0m✨ After[0m
        [36m</button>[39m
        [36m<button[39m
          [33mclass[39m=[32m"px-3 py-1 rounded-full text-xs font-medium border transition-colors bg-green-500/10 text-green-600 border-green-500/20 hover:opacity-80"[39m
        [36m>[39m
          [0m✨ Feature[0m
        [36m</button>[39m
        [36m<button[39m
          [33mclass[39m=[32m"px-3 py-1 rounded-full text-xs font-medium border transition-colors bg-red-500/10 text-red-600 border-red-500/20 hover:opacity-80"[39m
        [36m>[39m
          [0m🐛 Bug Fix[0m
        [36m</button>[39m
        [36m<button[39m
          [33mclass[39m=[32m"px-3 py-1 rounded-full text-xs font-medium border transition-colors bg-purple-500/10 text-purple-600 border-purple-500/20 hover:opacity-80"[39m
        [36m>[39m
          [0m🎨 UI[0m
        [36m</button>[39m
        [36m<button[39m
          [33mclass[39m=[32m"px-3 py-1 rounded-full text-xs font-medium border transition-colors bg-orange-500/10 text-orange-600 border-orange-500/20 hover:opacity-80"[39m
        [36m>[39m
          [0m📊 Database[0m
        [36m</button>[39m
      [36m</div>[39m
      [36m<div[39m
        [33mclass[39m=[32m"grid grid-cols-2 sm:grid-cols-3 md:grid-cols-4 gap-4"[39m
      [36m>[39m
        [36m<div[39m
          [33mclass[39m=[32m"group relative aspect-video bg-bg-secondary rounded-lg overflow-hidden cursor-pointer border border-border hover:border-accent transition-colors"[39m
        [36m>[39m
          [36m<img[39m
            [33malt[39m=[32m"Before state"[39m
            [33mclass[39m=[32m"w-full h-full object-cover"[39m
            [33mloading[39m=[32m"lazy"[39m
            [33msrc[39m=[32m"https://example.com/before.png"[39m
          [36m/>[39m
          [36m<div[39m
            [33mclass[39m=[32m"absolute inset-0 bg-black/0 group-hover:bg-black/40 transition-colors flex items-center justify-center"[39m
          [36m>[39m
            [36m<svg[39m
              [33maria-hidden[39m=[32m"true"[39m
              [33mclass[39m=[32m"h-8 w-8 text-white opacity-0 group-hover:opacity-100 transition-opacity"[39m
              [33mdata-slot[39m=[32m"icon"[39m
              [33mfill[39m=[32m"none"[39m
              [33mstroke[39m=[32m"currentColor"[39m
              [33mstroke-width[39m=[32m"1.5"[39m
              [33mviewBox[39m=[32m"0 0 24 24"[39m
              [33mxmlns[39m=[32m"http://www.w3.org/2000/svg"[39m
            [36m>[39m
              [36m<path[39m
                [33md[39m=[32m"M3.75 3.75v4.5m0-4.5h4.5m-4.5 0L9 9M3.75 20.25v-4.5m0 4.5h4.5m-4.5 0L9 15M20.25 3.75h-4.5m4.5 0v4.5m0-4.5L15 9m5.25 11.25h-4.5m4.5 0v-4.5m0 4.5L15 15"[39m
                [33mstroke-linecap[39m=[32m"round"[39m
                [33mstroke-linejoin[39m=[32m"round"[39m
              [36m/>[39m
            [36m</svg>[39m
          [36m</div>[39m
          [36m<span[39m
            [33mclass[39m=[32m"absolute top-2 left-2 px-2 py-0.5 rounded text-xs font-medium bg-gray-500/10 text-gray-600 border-gray-500/20"[39m
          [36m>[39m
            [0m📸[0m
          [36m</span>[39m
          [36m<div[39m
            [33mclass[39m=[32m"absolute bottom-0 left-0 right-0 p-2 bg-gradient-to-t from-black/60 to-transparent"[39m
          [36m>[39m
            [36m<p[39m
              [33mclass[39m=[32m"text-white text-xs truncate"[39m
            [36m>[39m
              [0mBefore state[0m
            [36m</p>[39m
          [36m</div>[39m
        [36m</div>[39m
        [36m<div[39m
          [33mclass[39m=[32m"group relative aspect-video bg-bg-secondary rounded-lg overflow-hidden cursor-pointer border border-border hover:border-accent transition-colors"[39m
        [36m>[39m
          [36m<img[39m
            [33malt[39m=[32m"Feature implementation"[39m
            [33mclass[39m=[32m"w-full h-full object-cover"[39m
            [33mloading[39m=[32m"lazy"[39m
            [33msrc[39m=[32m"https://example.com/feature.png"[39m
          [36m/>[39m
          [36m<div[39m
            [33mclass[39m=[32m"absolute inset-0 bg-black/0 group-hover:bg-black/40 transition-colors flex items-center justify-center"[39m
          [36m>[39m
            [36m<svg[39m
              [33maria-hidden[39m=[32m"true"[39m
              [33mclass[39m=[32m"h-8 w-8 text-white opacity-0 group-hover:opacity-100 transition-opacity"[39m
              [33mdata-slot[39m=[32m"icon"[39m
              [33mfill[39m=[32m"none"[39m
              [33mstroke[39m=[32m"currentColor"[39m
              [33mstroke-width[39m=[32m"1.5"[39m
              [33mviewBox[39m=[32m"0 0 24 24"[39m
              [33mxmlns[39m=[32m"http://www.w3.org/2000/svg"[39m
            [36m>[39m
              [36m<path[39m
                [33md[39m=[32m"M3.75 3.75v4.5m0-4.5h4.5m-4.5 0L9 9M3.75 20.25v-4.5m0 4.5h4.5m-4.5 0L9 15M20.25 3.75h-4.5m4.5 0v4.5m0-4.5L15 9m5.25 11.25h-4.5m4.5 0v-4.5m0 4.5L15 15"[39m
                [33mstroke-linecap[39m=[32m"round"[39m
                [33mstroke-linejoin[39m=[32m"round"[39m
              [36m/>[39m
            [36m</svg>[39m
          [36m</div>[39m
          [36m<span[39m
            [33mclass[39m=[32m"absolute top-2 left-2 px-2 py-0.5 rounded text-xs font-medium bg-green-500/10 text-green-600 border-green-500/20"[39m
          [36m>[39m
            [0m✨[0m
          [36m</span>[39m
          [36m<div[39m
            [33mclass[39m=[32m"absolute bottom-0 left-0 right-0 p-2 bg-gradient-to-t from-black/60 to-transparent"[39m
          [36m>[39m
            [36m<p[39m
              [33mclass[39m=[32m"text-white text-xs truncate"[39m
            [36m>[39m
              [0mFeature implementation[0m
            [36m</p>[39m
          [36m</div>[39m
        [36m</div>[39m
      [36m</div>[39m
    [36m</div>[39m
  [36m</div>[39m
[36m</body>[39m
 ❯ Object.getElementError ../../../AIStudio/node_modules/@testing-library/dom/dist/config.js:37:19
 ❯ getElementError ../../../AIStudio/node_modules/@testing-library/dom/dist/query-helpers.js:20:35
 ❯ getMultipleElementsFoundError ../../../AIStudio/node_modules/@testing-library/dom/dist/query-helpers.js:23:10
 ❯ ../../../AIStudio/node_modules/@testing-library/dom/dist/query-helpers.js:55:13
 ❯ ../../../AIStudio/node_modules/@testing-library/dom/dist/query-helpers.js:95:19
 ❯ src/components/story/__tests__/ReviewDashboard.test.tsx:388:28
    386| 
    387|     // Click on 'Before' filter
    388|     fireEvent.click(screen.getByText(/Before/));
       |                            ^
    389| 
    390|     // Should show only before screenshots

⎯⎯⎯⎯⎯⎯⎯⎯⎯⎯⎯⎯⎯⎯⎯⎯⎯⎯⎯⎯⎯[91/141]⎯

 FAIL  src/components/workflow/__tests__/GlobalWorkflowTrackingBar.test.tsx > GlobalWorkflowTrackingBar > TC-WORKFLOW-BAR-004: Display progress indicator > should display progress as "X/Y components completed"
TestingLibraryElementError: Unable to find an element with the text: /3\/6 components completed/. This could be because the text is broken up by multiple elements. In this case, you can provide a function for your text matcher to make your matcher more flexible.

Ignored nodes: comments, script, style
[36m<body>[39m
  [36m<div>[39m
    [36m<div[39m
      [33mclass[39m=[32m"bg-card shadow-sm border-b border-border"[39m
      [33mdata-testid[39m=[32m"workflow-tracking-bar"[39m
    [36m>[39m
      [36m<div[39m
        [33mclass[39m=[32m"max-w-7xl mx-auto px-4 sm:px-6 lg:px-8"[39m
      [36m>[39m
        [36m<div[39m
          [33mclass[39m=[32m"flex items-center justify-between h-12 gap-4"[39m
        [36m>[39m
          [36m<div[39m
            [33mclass[39m=[32m"flex items-center gap-3 flex-1 min-w-0"[39m
          [36m>[39m
            [36m<svg[39m
              [33maria-hidden[39m=[32m"true"[39m
              [33mclass[39m=[32m"h-5 w-5 text-accent animate-spin"[39m
              [33mdata-slot[39m=[32m"icon"[39m
              [33mdata-testid[39m=[32m"workflow-spinner"[39m
              [33mfill[39m=[32m"none"[39m
              [33mstroke[39m=[32m"currentColor"[39m
              [33mstroke-width[39m=[32m"1.5"[39m
              [33mviewBox[39m=[32m"0 0 24 24"[39m
              [33mxmlns[39m=[32m"http://www.w3.org/2000/svg"[39m
            [36m>[39m
              [36m<path[39m
                [33md[39m=[32m"M16.023 9.348h4.992v-.001M2.985 19.644v-4.992m0 0h4.992m-4.993 0 3.181 3.183a8.25 8.25 0 0 0 13.803-3.7M4.031 9.865a8.25 8.25 0 0 1 13.803-3.7l3.181 3.182m0-4.991v4.99"[39m
                [33mstroke-linecap[39m=[32m"round"[39m
                [33mstroke-linejoin[39m=[32m"round"[39m
              [36m/>[39m
            [36m</svg>[39m
            [36m<a[39m
              [33mclass[39m=[32m"flex items-center gap-2 hover:opacity-80 transition-opacity min-w-0"[39m
              [33mhref[39m=[32m"/stories/ST-28"[39m
            [36m>[39m
              [36m<span[39m
                [33mclass[39m=[32m"inline-flex items-center px-2 py-1 rounded text-xs font-semibold bg-accent/10 text-accent border border-accent/20"[39m
              [36m>[39m
                [0mST-28[0m
              [36m</span>[39m
              [36m<span[39m
                [33mclass[39m=[32m"text-sm text-fg truncate"[39m
              [36m>[39m
                [0mTest Story[0m
              [36m</span>[39m
            [36m</a>[39m
            [36m<div[39m
              [33mclass[39m=[32m"hidden md:flex items-center gap-2 text-sm text-muted"[39m
            [36m>[39m
              [36m<span>[39m
                [0m•[0m
              [36m</span>[39m
              [36m<span[39m
                [33mclass[39m=[32m"font-medium text-fg"[39m
              [36m>[39m
                [0mArchitect[0m
              [36m</span>[39m
            [36m</div>[39m
          [36m</div>[39m
          [36m<div[39m
            [33mclass[39m=[32m"flex items-center gap-3"[39m
          [36m>[39m
            [36m<span[39m
              [33mclass[39m=[32m"text-sm text-muted whitespace-nowrap"[39m
            [36m>[39m
              [0m3[0m
              [0m/[0m
              [0m6[0m
              [0m components[0m
            [36m</span>[39m
            [36m<div[39m
              [33mclass[39m=[32m"flex items-center gap-2"[39m
            [36m>[39m
              [36m<div[39m
                [33mclass[39m=[32m"w-32 h-2 bg-border rounded-full overflow-hidden"[39m
              [36m>[39m
                [36m<div[39m
                  [33maria-valuemax[39m=[32m"100"[39m
                  [33maria-valuemin[39m=[32m"0"[39m
                  [33maria-valuenow[39m=[32m"50"[39m
                  [33mclass[39m=[32m"h-full bg-accent transition-all duration-300 rounded-full"[39m
                  [33mrole[39m=[32m"progressbar"[39m
                  [33mstyle[39m=[32m"width: 50%;"[39m
                [36m/>[39m
              [36m</div>[39m
              [36m<span[39m
                [33mclass[39m=[32m"text-xs font-semibold text-accent min-w-[35px] text-right"[39m
              [36m>[39m
                [0m50[0m
                [0m%[0m
              [36m</span>[39m
            [36m</div>[39m
            [36m<a[39m
              [33mclass[39m=[32m"text-sm text-accent hover:text-accent-dark font-medium transition-colors whitespace-nowrap"[39m
              [33mhref[39m=[32m"/workflow-runs/run-1/monitor"[39m
            [36m>[39m
              [0mMonitor →[0m
            [36m</a>[39m
          [36m</div>[39m
        [36m</div>[39m
      [36m</div>[39m
    [36m</div>[39m
  [36m</div>[39m
[36m</body>[39m

Ignored nodes: comments, script, style
[36m<html>[39m
  [36m<head />[39m
  [36m<body>[39m
    [36m<div>[39m
      [36m<div[39m
        [33mclass[39m=[32m"bg-card shadow-sm border-b border-border"[39m
        [33mdata-testid[39m=[32m"workflow-tracking-bar"[39m
      [36m>[39m
        [36m<div[39m
          [33mclass[39m=[32m"max-w-7xl mx-auto px-4 sm:px-6 lg:px-8"[39m
        [36m>[39m
          [36m<div[39m
            [33mclass[39m=[32m"flex items-center justify-between h-12 gap-4"[39m
          [36m>[39m
            [36m<div[39m
              [33mclass[39m=[32m"flex items-center gap-3 flex-1 min-w-0"[39m
            [36m>[39m
              [36m<svg[39m
                [33maria-hidden[39m=[32m"true"[39m
                [33mclass[39m=[32m"h-5 w-5 text-accent animate-spin"[39m
                [33mdata-slot[39m=[32m"icon"[39m
                [33mdata-testid[39m=[32m"workflow-spinner"[39m
                [33mfill[39m=[32m"none"[39m
                [33mstroke[39m=[32m"currentColor"[39m
                [33mstroke-width[39m=[32m"1.5"[39m
                [33mviewBox[39m=[32m"0 0 24 24"[39m
                [33mxmlns[39m=[32m"http://www.w3.org/2000/svg"[39m
              [36m>[39m
                [36m<path[39m
                  [33md[39m=[32m"M16.023 9.348h4.992v-.001M2.985 19.644v-4.992m0 0h4.992m-4.993 0 3.181 3.183a8.25 8.25 0 0 0 13.803-3.7M4.031 9.865a8.25 8.25 0 0 1 13.803-3.7l3.181 3.182m0-4.991v4.99"[39m
                  [33mstroke-linecap[39m=[32m"round"[39m
                  [33mstroke-linejoin[39m=[32m"round"[39m
                [36m/>[39m
              [36m</svg>[39m
              [36m<a[39m
                [33mclass[39m=[32m"flex items-center gap-2 hover:opacity-80 transition-opacity min-w-0"[39m
                [33mhref[39m=[32m"/stories/ST-28"[39m
              [36m>[39m
                [36m<span[39m
                  [33mclass[39m=[32m"inline-flex items-center px-2 py-1 rounded text-xs font-semibold bg-accent/10 text-accent border border-accent/20"[39m
                [36m>[39m
                  [0mST-28[0m
                [36m</span>[39m
                [36m<span[39m
                  [33mclass[39m=[32m"text-sm text-fg truncate"[39m
                [36m>[39m
                  [0mTest Story[0m
                [36m</span>[39m
              [36m</a>[39m
              [36m<div[39m
                [33mclass[39m=[32m"hidden md:flex items-center gap-2 text-sm text-muted"[39m
              [36m>[39m
                [36m<span>[39m
                  [0m•[0m
                [36m</span>[39m
                [36m<span[39m
                  [33mclass[39m=[32m"font-medium text-fg"[39m
                [36m>[39m
                  [0mArchitect[0m
                [36m</span>[39m
              [36m</div>[39m
            [36m</div>[39m
            [36m<div[39m
              [33mclass[39m=[32m"flex items-center gap-3"[39m
            [36m>[39m
              [36m<span[39m
                [33mclass[39m=[32m"text-sm text-muted whitespace-nowrap"[39m
              [36m>[39m
                [0m3[0m
                [0m/[0m
                [0m6[0m
                [0m components[0m
              [36m</span>[39m
              [36m<div[39m
                [33mclass[39m=[32m"flex items-center gap-2"[39m
              [36m>[39m
                [36m<div[39m
                  [33mclass[39m=[32m"w-32 h-2 bg-border rounded-full overflow-hidden"[39m
                [36m>[39m
                  [36m<div[39m
                    [33maria-valuemax[39m=[32m"100"[39m
                    [33maria-valuemin[39m=[32m"0"[39m
                    [33maria-valuenow[39m=[32m"50"[39m
                    [33mclass[39m=[32m"h-full bg-accent transition-all duration-300 rounded-full"[39m
                    [33mrole[39m=[32m"progressbar"[39m
                    [33mstyle[39m=[32m"width: 50%;"[39m
                  [36m/>[39m
                [36m</div>[39m
                [36m<span[39m
                  [33mclass[39m=[32m"text-xs font-semibold text-accent min-w-[35px] text-right"[39m
                [36m>[39m
                  [0m50[0m
                  [0m%[0m
                [36m</span>[39m
              [36m</div>[39m
              [36m<a[39m
                [33mclass[39m=[32m"text-sm text-accent hover:text-accent-dark font-medium transition-colors whitespace-nowrap"[39m
                [33mhref[39m=[32m"/workflow-runs/run-1/monitor"[39m
              [36m>[39m
                [0mMonitor →[0m
              [36m</a>[39m
            [36m</div>[39m
          [36m</div>[39m
        [36m</div>[39m
      [36m</div>[39m
    [36m</div>[39m
  [36m</body>[39m
[36m</html>[39m
 ❯ Proxy.waitForWrapper ../../../AIStudio/node_modules/@testing-library/dom/dist/wait-for.js:163:27
 ❯ src/components/workflow/__tests__/GlobalWorkflowTrackingBar.test.tsx:210:13
    208|       renderWithQueryClient(<GlobalWorkflowTrackingBar />);
    209| 
    210|       await waitFor(() => {
       |             ^
    211|         expect(screen.getByText(/3\/6 components completed/)).toBeInTh…
    212|       });

⎯⎯⎯⎯⎯⎯⎯⎯⎯⎯⎯⎯⎯⎯⎯⎯⎯⎯⎯⎯⎯[92/141]⎯

 FAIL  src/components/workflow/__tests__/GlobalWorkflowTrackingBar.test.tsx > GlobalWorkflowTrackingBar > TC-WORKFLOW-BAR-005: Spinning animation indicator > should display spinning icon when workflow is running
Error: expect(element).toHaveClass("spinning")

Expected the element to have class:
  spinning
Received:
  h-5 w-5 text-accent animate-spin

Ignored nodes: comments, script, style
[36m<html>[39m
  [36m<head />[39m
  [36m<body>[39m
    [36m<div>[39m
      [36m<div[39m
        [33mclass[39m=[32m"bg-card shadow-sm border-b border-border"[39m
        [33mdata-testid[39m=[32m"workflow-tracking-bar"[39m
      [36m>[39m
        [36m<div[39m
          [33mclass[39m=[32m"max-w-7xl mx-auto px-4 sm:px-6 lg:px-8"[39m
        [36m>[39m
          [36m<div[39m
            [33mclass[39m=[32m"flex items-center justify-between h-12 gap-4"[39m
          [36m>[39m
            [36m<div[39m
              [33mclass[39m=[32m"flex items-center gap-3 flex-1 min-w-0"[39m
            [36m>[39m
              [36m<svg[39m
                [33maria-hidden[39m=[32m"true"[39m
                [33mclass[39m=[32m"h-5 w-5 text-accent animate-spin"[39m
                [33mdata-slot[39m=[32m"icon"[39m
                [33mdata-testid[39m=[32m"workflow-spinner"[39m
                [33mfill[39m=[32m"none"[39m
                [33mstroke[39m=[32m"currentColor"[39m
                [33mstroke-width[39m=[32m"1.5"[39m
                [33mviewBox[39m=[32m"0 0 24 24"[39m
                [33mxmlns[39m=[32m"http://www.w3.org/2000/svg"[39m
              [36m>[39m
                [36m<path[39m
                  [33md[39m=[32m"M16.023 9.348h4.992v-.001M2.985 19.644v-4.992m0 0h4.992m-4.993 0 3.181 3.183a8.25 8.25 0 0 0 13.803-3.7M4.031 9.865a8.25 8.25 0 0 1 13.803-3.7l3.181 3.182m0-4.991v4.99"[39m
                  [33mstroke-linecap[39m=[32m"round"[39m
                  [33mstroke-linejoin[39m=[32m"round"[39m
                [36m/>[39m
              [36m</svg>[39m
              [36m<a[39m
                [33mclass[39m=[32m"flex items-center gap-2 hover:opacity-80 transition-opacity min-w-0"[39m
                [33mhref[39m=[32m"/stories/ST-28"[39m
              [36m>[39m
                [36m<span[39m
                  [33mclass[39m=[32m"inline-flex items-center px-2 py-1 rounded text-xs font-semibold bg-accent/10 text-accent border border-accent/20"[39m
                [36m>[39m
                  [0mST-28[0m
                [36m</span>[39m
                [36m<span[39m
                  [33mclass[39m=[32m"text-sm text-fg truncate"[39m
                [36m>[39m
                  [0mTest Story[0m
                [36m</span>[39m
              [36m</a>[39m
              [36m<div[39m
                [33mclass[39m=[32m"hidden md:flex items-center gap-2 text-sm text-muted"[39m
              [36m>[39m
                [36m<span>[39m
                  [0m•[0m
                [36m</span>[39m
                [36m<span[39m
                  [33mclass[39m=[32m"font-medium text-fg"[39m
                [36m>[39m
                  [0mBusiness Analyst[0m
                [36m</span>[39m
              [36m</div>[39m
            [36m</div>[39m
            [36m<div[39m
              [33mclass[39m=[32m"flex items-center gap-3"[39m
            [36m>[39m
              [36m<span[39m
                [33mclass[39m=[32m"text-sm text-muted whitespace-nowrap"[39m
              [36m>[39m
                [0m2[0m
                [0m/[0m
                [0m6[0m
                [0m components[0m
              [36m</span>[39m
              [36m<div[39m
                [33mclass[39m=[32m"flex items-center gap-2"[39m
              [36m>[39m
                [36m<div[39m
                  [33mclass[39m=[32m"w-32 h-2 bg-border rounded-full overflow-hidden"[39m
                [36m>[39m
                  [36m<div[39m
                    [33maria-valuemax[39m=[32m"100"[39m
                    [33maria-valuemin[39m=[32m"0"[39m
                    [33maria-valuenow[39m=[32m"33"[39m
                    [33mclass[39m=[32m"h-full bg-accent transition-all duration-300 rounded-full"[39m
                    [33mrole[39m=[32m"progressbar"[39m
                    [33mstyle[39m=[32m"width: 33%;"[39m
                  [36m/>[39m
                [36m</div>[39m
                [36m<span[39m
                  [33mclass[39m=[32m"text-xs font-semibold text-accent min-w-[35px] text-right"[39m
                [36m>[39m
                  [0m33[0m
                  [0m%[0m
                [36m</span>[39m
              [36m</div>[39m
              [36m<a[39m
                [33mclass[39m=[32m"text-sm text-accent hover:text-accent-dark font-medium transition-colors whitespace-nowrap"[39m
                [33mhref[39m=[32m"/workflow-runs/run-1/monitor"[39m
              [36m>[39m
                [0mMonitor →[0m
              [36m</a>[39m
            [36m</div>[39m
          [36m</div>[39m
        [36m</div>[39m
      [36m</div>[39m
    [36m</div>[39m
  [36m</body>[39m
[36m</html>[39m
 ❯ src/components/workflow/__tests__/GlobalWorkflowTrackingBar.test.tsx:288:25
    286|         const spinner = screen.getByTestId('workflow-spinner');
    287|         expect(spinner).toBeInTheDocument();
    288|         expect(spinner).toHaveClass('spinning');
       |                         ^
    289|       });
    290|     });
 ❯ runWithExpensiveErrorDiagnosticsDisabled ../../../AIStudio/node_modules/@testing-library/dom/dist/config.js:47:12
 ❯ checkCallback ../../../AIStudio/node_modules/@testing-library/dom/dist/wait-for.js:124:77
 ❯ Timeout.checkRealTimersCallback ../../../AIStudio/node_modules/@testing-library/dom/dist/wait-for.js:118:16

⎯⎯⎯⎯⎯⎯⎯⎯⎯⎯⎯⎯⎯⎯⎯⎯⎯⎯⎯⎯⎯[93/141]⎯

 FAIL  src/components/workflow/__tests__/GlobalWorkflowTrackingBar.test.tsx > GlobalWorkflowTrackingBar > TC-WORKFLOW-BAR-006: Styling and positioning > should have fixed positioning under menu
AssertionError: expected '' to be 'fixed' // Object.is equality

Ignored nodes: comments, script, style
[36m<html>[39m
  [36m<head />[39m
  [36m<body>[39m
    [36m<div>[39m
      [36m<div[39m
        [33mclass[39m=[32m"bg-card shadow-sm border-b border-border"[39m
        [33mdata-testid[39m=[32m"workflow-tracking-bar"[39m
      [36m>[39m
        [36m<div[39m
          [33mclass[39m=[32m"max-w-7xl mx-auto px-4 sm:px-6 lg:px-8"[39m
        [36m>[39m
          [36m<div[39m
            [33mclass[39m=[32m"flex items-center justify-between h-12 gap-4"[39m
          [36m>[39m
            [36m<div[39m
              [33mclass[39m=[32m"flex items-center gap-3 flex-1 min-w-0"[39m
            [36m>[39m
              [36m<svg[39m
                [33maria-hidden[39m=[32m"true"[39m
                [33mclass[39m=[32m"h-5 w-5 text-accent animate-spin"[39m
                [33mdata-slot[39m=[32m"icon"[39m
                [33mdata-testid[39m=[32m"workflow-spinner"[39m
                [33mfill[39m=[32m"none"[39m
                [33mstroke[39m=[32m"currentColor"[39m
                [33mstroke-width[39m=[32m"1.5"[39m
                [33mviewBox[39m=[32m"0 0 24 24"[39m
                [33mxmlns[39m=[32m"http://www.w3.org/2000/svg"[39m
              [36m>[39m
                [36m<path[39m
                  [33md[39m=[32m"M16.023 9.348h4.992v-.001M2.985 19.644v-4.992m0 0h4.992m-4.993 0 3.181 3.183a8.25 8.25 0 0 0 13.803-3.7M4.031 9.865a8.25 8.25 0 0 1 13.803-3.7l3.181 3.182m0-4.991v4.99"[39m
                  [33mstroke-linecap[39m=[32m"round"[39m
                  [33mstroke-linejoin[39m=[32m"round"[39m
                [36m/>[39m
              [36m</svg>[39m
              [36m<a[39m
                [33mclass[39m=[32m"flex items-center gap-2 hover:opacity-80 transition-opacity min-w-0"[39m
                [33mhref[39m=[32m"/stories/ST-28"[39m
              [36m>[39m
                [36m<span[39m
                  [33mclass[39m=[32m"inline-flex items-center px-2 py-1 rounded text-xs font-semibold bg-accent/10 text-accent border border-accent/20"[39m
                [36m>[39m
                  [0mST-28[0m
                [36m</span>[39m
                [36m<span[39m
                  [33mclass[39m=[32m"text-sm text-fg truncate"[39m
                [36m>[39m
                  [0mTest Story[0m
                [36m</span>[39m
              [36m</a>[39m
              [36m<div[39m
                [33mclass[39m=[32m"hidden md:flex items-center gap-2 text-sm text-muted"[39m
              [36m>[39m
                [36m<span>[39m
                  [0m•[0m
                [36m</span>[39m
                [36m<span[39m
                  [33mclass[39m=[32m"font-medium text-fg"[39m
                [36m>[39m
                  [0mBusiness Analyst[0m
                [36m</span>[39m
              [36m</div>[39m
            [36m</div>[39m
            [36m<div[39m
              [33mclass[39m=[32m"flex items-center gap-3"[39m
            [36m>[39m
              [36m<span[39m
                [33mclass[39m=[32m"text-sm text-muted whitespace-nowrap"[39m
              [36m>[39m
                [0m2[0m
                [0m/[0m
                [0m6[0m
                [0m components[0m
              [36m</span>[39m
              [36m<div[39m
                [33mclass[39m=[32m"flex items-center gap-2"[39m
              [36m>[39m
                [36m<div[39m
                  [33mclass[39m=[32m"w-32 h-2 bg-border rounded-full overflow-hidden"[39m
                [36m>[39m
                  [36m<div[39m
                    [33maria-valuemax[39m=[32m"100"[39m
                    [33maria-valuemin[39m=[32m"0"[39m
                    [33maria-valuenow[39m=[32m"33"[39m
                    [33mclass[39m=[32m"h-full bg-accent transition-all duration-300 rounded-full"[39m
                    [33mrole[39m=[32m"progressbar"[39m
                    [33mstyle[39m=[32m"width: 33%;"[39m
                  [36m/>[39m
                [36m</div>[39m
                [36m<span[39m
                  [33mclass[39m=[32m"text-xs font-semibold text-accent min-w-[35px] text-right"[39m
                [36m>[39m
                  [0m33[0m
                  [0m%[0m
                [36m</span>[39m
              [36m</div>[39m
              [36m<a[39m
                [33mclass[39m=[32m"text-sm text-accent hover:text-accent-dark font-medium transition-colors whitespace-nowrap"[39m
                [33mhref[39m=[32m"/workflow-runs/run-1/monitor"[39m
              [36m>[39m
                [0mMonitor →[0m
              [36m</a>[39m
            [36m</div>[39m
          [36m</div>[39m
        [36m</div>[39m
      [36m</div>[39m
    [36m</div>[39m
  [36m</body>[39m
[36m</html>[39m

- Expected
+ Received

- fixed

 ❯ src/components/workflow/__tests__/GlobalWorkflowTrackingBar.test.tsx:340:33
    338|         const bar = screen.getByTestId('workflow-tracking-bar');
    339|         const styles = window.getComputedStyle(bar);
    340|         expect(styles.position).toBe('fixed');
       |                                 ^
    341|       });
    342|     });
 ❯ runWithExpensiveErrorDiagnosticsDisabled ../../../AIStudio/node_modules/@testing-library/dom/dist/config.js:47:12
 ❯ checkCallback ../../../AIStudio/node_modules/@testing-library/dom/dist/wait-for.js:124:77
 ❯ Timeout.checkRealTimersCallback ../../../AIStudio/node_modules/@testing-library/dom/dist/wait-for.js:118:16

⎯⎯⎯⎯⎯⎯⎯⎯⎯⎯⎯⎯⎯⎯⎯⎯⎯⎯⎯⎯⎯[94/141]⎯

 FAIL  src/components/workflow/__tests__/GlobalWorkflowTrackingBar.test.tsx > GlobalWorkflowTrackingBar > TC-WORKFLOW-BAR-006: Styling and positioning > should span full page width
AssertionError: expected '' to be '100%' // Object.is equality

Ignored nodes: comments, script, style
[36m<html>[39m
  [36m<head />[39m
  [36m<body>[39m
    [36m<div>[39m
      [36m<div[39m
        [33mclass[39m=[32m"bg-card shadow-sm border-b border-border"[39m
        [33mdata-testid[39m=[32m"workflow-tracking-bar"[39m
      [36m>[39m
        [36m<div[39m
          [33mclass[39m=[32m"max-w-7xl mx-auto px-4 sm:px-6 lg:px-8"[39m
        [36m>[39m
          [36m<div[39m
            [33mclass[39m=[32m"flex items-center justify-between h-12 gap-4"[39m
          [36m>[39m
            [36m<div[39m
              [33mclass[39m=[32m"flex items-center gap-3 flex-1 min-w-0"[39m
            [36m>[39m
              [36m<svg[39m
                [33maria-hidden[39m=[32m"true"[39m
                [33mclass[39m=[32m"h-5 w-5 text-accent animate-spin"[39m
                [33mdata-slot[39m=[32m"icon"[39m
                [33mdata-testid[39m=[32m"workflow-spinner"[39m
                [33mfill[39m=[32m"none"[39m
                [33mstroke[39m=[32m"currentColor"[39m
                [33mstroke-width[39m=[32m"1.5"[39m
                [33mviewBox[39m=[32m"0 0 24 24"[39m
                [33mxmlns[39m=[32m"http://www.w3.org/2000/svg"[39m
              [36m>[39m
                [36m<path[39m
                  [33md[39m=[32m"M16.023 9.348h4.992v-.001M2.985 19.644v-4.992m0 0h4.992m-4.993 0 3.181 3.183a8.25 8.25 0 0 0 13.803-3.7M4.031 9.865a8.25 8.25 0 0 1 13.803-3.7l3.181 3.182m0-4.991v4.99"[39m
                  [33mstroke-linecap[39m=[32m"round"[39m
                  [33mstroke-linejoin[39m=[32m"round"[39m
                [36m/>[39m
              [36m</svg>[39m
              [36m<a[39m
                [33mclass[39m=[32m"flex items-center gap-2 hover:opacity-80 transition-opacity min-w-0"[39m
                [33mhref[39m=[32m"/stories/ST-28"[39m
              [36m>[39m
                [36m<span[39m
                  [33mclass[39m=[32m"inline-flex items-center px-2 py-1 rounded text-xs font-semibold bg-accent/10 text-accent border border-accent/20"[39m
                [36m>[39m
                  [0mST-28[0m
                [36m</span>[39m
                [36m<span[39m
                  [33mclass[39m=[32m"text-sm text-fg truncate"[39m
                [36m>[39m
                  [0mTest Story[0m
                [36m</span>[39m
              [36m</a>[39m
              [36m<div[39m
                [33mclass[39m=[32m"hidden md:flex items-center gap-2 text-sm text-muted"[39m
              [36m>[39m
                [36m<span>[39m
                  [0m•[0m
                [36m</span>[39m
                [36m<span[39m
                  [33mclass[39m=[32m"font-medium text-fg"[39m
                [36m>[39m
                  [0mBusiness Analyst[0m
                [36m</span>[39m
              [36m</div>[39m
            [36m</div>[39m
            [36m<div[39m
              [33mclass[39m=[32m"flex items-center gap-3"[39m
            [36m>[39m
              [36m<span[39m
                [33mclass[39m=[32m"text-sm text-muted whitespace-nowrap"[39m
              [36m>[39m
                [0m2[0m
                [0m/[0m
                [0m6[0m
                [0m components[0m
              [36m</span>[39m
              [36m<div[39m
                [33mclass[39m=[32m"flex items-center gap-2"[39m
              [36m>[39m
                [36m<div[39m
                  [33mclass[39m=[32m"w-32 h-2 bg-border rounded-full overflow-hidden"[39m
                [36m>[39m
                  [36m<div[39m
                    [33maria-valuemax[39m=[32m"100"[39m
                    [33maria-valuemin[39m=[32m"0"[39m
                    [33maria-valuenow[39m=[32m"33"[39m
                    [33mclass[39m=[32m"h-full bg-accent transition-all duration-300 rounded-full"[39m
                    [33mrole[39m=[32m"progressbar"[39m
                    [33mstyle[39m=[32m"width: 33%;"[39m
                  [36m/>[39m
                [36m</div>[39m
                [36m<span[39m
                  [33mclass[39m=[32m"text-xs font-semibold text-accent min-w-[35px] text-right"[39m
                [36m>[39m
                  [0m33[0m
                  [0m%[0m
                [36m</span>[39m
              [36m</div>[39m
              [36m<a[39m
                [33mclass[39m=[32m"text-sm text-accent hover:text-accent-dark font-medium transition-colors whitespace-nowrap"[39m
                [33mhref[39m=[32m"/workflow-runs/run-1/monitor"[39m
              [36m>[39m
                [0mMonitor →[0m
              [36m</a>[39m
            [36m</div>[39m
          [36m</div>[39m
        [36m</div>[39m
      [36m</div>[39m
    [36m</div>[39m
  [36m</body>[39m
[36m</html>[39m

- Expected
+ Received

- 100%

 ❯ src/components/workflow/__tests__/GlobalWorkflowTrackingBar.test.tsx:366:30
    364|         const bar = screen.getByTestId('workflow-tracking-bar');
    365|         const styles = window.getComputedStyle(bar);
    366|         expect(styles.width).toBe('100%');
       |                              ^
    367|       });
    368|     });
 ❯ runWithExpensiveErrorDiagnosticsDisabled ../../../AIStudio/node_modules/@testing-library/dom/dist/config.js:47:12
 ❯ checkCallback ../../../AIStudio/node_modules/@testing-library/dom/dist/wait-for.js:124:77
 ❯ Timeout.checkRealTimersCallback ../../../AIStudio/node_modules/@testing-library/dom/dist/wait-for.js:118:16

⎯⎯⎯⎯⎯⎯⎯⎯⎯⎯⎯⎯⎯⎯⎯⎯⎯⎯⎯⎯⎯[95/141]⎯

 FAIL  src/components/workflow/__tests__/GlobalWorkflowTrackingBar.test.tsx > GlobalWorkflowTrackingBar > TC-WORKFLOW-BAR-006: Styling and positioning > should have thin height (40-50px)
AssertionError: expected NaN to be greater than or equal to 40

Ignored nodes: comments, script, style
[36m<html>[39m
  [36m<head />[39m
  [36m<body>[39m
    [36m<div>[39m
      [36m<div[39m
        [33mclass[39m=[32m"bg-card shadow-sm border-b border-border"[39m
        [33mdata-testid[39m=[32m"workflow-tracking-bar"[39m
      [36m>[39m
        [36m<div[39m
          [33mclass[39m=[32m"max-w-7xl mx-auto px-4 sm:px-6 lg:px-8"[39m
        [36m>[39m
          [36m<div[39m
            [33mclass[39m=[32m"flex items-center justify-between h-12 gap-4"[39m
          [36m>[39m
            [36m<div[39m
              [33mclass[39m=[32m"flex items-center gap-3 flex-1 min-w-0"[39m
            [36m>[39m
              [36m<svg[39m
                [33maria-hidden[39m=[32m"true"[39m
                [33mclass[39m=[32m"h-5 w-5 text-accent animate-spin"[39m
                [33mdata-slot[39m=[32m"icon"[39m
                [33mdata-testid[39m=[32m"workflow-spinner"[39m
                [33mfill[39m=[32m"none"[39m
                [33mstroke[39m=[32m"currentColor"[39m
                [33mstroke-width[39m=[32m"1.5"[39m
                [33mviewBox[39m=[32m"0 0 24 24"[39m
                [33mxmlns[39m=[32m"http://www.w3.org/2000/svg"[39m
              [36m>[39m
                [36m<path[39m
                  [33md[39m=[32m"M16.023 9.348h4.992v-.001M2.985 19.644v-4.992m0 0h4.992m-4.993 0 3.181 3.183a8.25 8.25 0 0 0 13.803-3.7M4.031 9.865a8.25 8.25 0 0 1 13.803-3.7l3.181 3.182m0-4.991v4.99"[39m
                  [33mstroke-linecap[39m=[32m"round"[39m
                  [33mstroke-linejoin[39m=[32m"round"[39m
                [36m/>[39m
              [36m</svg>[39m
              [36m<a[39m
                [33mclass[39m=[32m"flex items-center gap-2 hover:opacity-80 transition-opacity min-w-0"[39m
                [33mhref[39m=[32m"/stories/ST-28"[39m
              [36m>[39m
                [36m<span[39m
                  [33mclass[39m=[32m"inline-flex items-center px-2 py-1 rounded text-xs font-semibold bg-accent/10 text-accent border border-accent/20"[39m
                [36m>[39m
                  [0mST-28[0m
                [36m</span>[39m
                [36m<span[39m
                  [33mclass[39m=[32m"text-sm text-fg truncate"[39m
                [36m>[39m
                  [0mTest Story[0m
                [36m</span>[39m
              [36m</a>[39m
              [36m<div[39m
                [33mclass[39m=[32m"hidden md:flex items-center gap-2 text-sm text-muted"[39m
              [36m>[39m
                [36m<span>[39m
                  [0m•[0m
                [36m</span>[39m
                [36m<span[39m
                  [33mclass[39m=[32m"font-medium text-fg"[39m
                [36m>[39m
                  [0mBusiness Analyst[0m
                [36m</span>[39m
              [36m</div>[39m
            [36m</div>[39m
            [36m<div[39m
              [33mclass[39m=[32m"flex items-center gap-3"[39m
            [36m>[39m
              [36m<span[39m
                [33mclass[39m=[32m"text-sm text-muted whitespace-nowrap"[39m
              [36m>[39m
                [0m2[0m
                [0m/[0m
                [0m6[0m
                [0m components[0m
              [36m</span>[39m
              [36m<div[39m
                [33mclass[39m=[32m"flex items-center gap-2"[39m
              [36m>[39m
                [36m<div[39m
                  [33mclass[39m=[32m"w-32 h-2 bg-border rounded-full overflow-hidden"[39m
                [36m>[39m
                  [36m<div[39m
                    [33maria-valuemax[39m=[32m"100"[39m
                    [33maria-valuemin[39m=[32m"0"[39m
                    [33maria-valuenow[39m=[32m"33"[39m
                    [33mclass[39m=[32m"h-full bg-accent transition-all duration-300 rounded-full"[39m
                    [33mrole[39m=[32m"progressbar"[39m
                    [33mstyle[39m=[32m"width: 33%;"[39m
                  [36m/>[39m
                [36m</div>[39m
                [36m<span[39m
                  [33mclass[39m=[32m"text-xs font-semibold text-accent min-w-[35px] text-right"[39m
                [36m>[39m
                  [0m33[0m
                  [0m%[0m
                [36m</span>[39m
              [36m</div>[39m
              [36m<a[39m
                [33mclass[39m=[32m"text-sm text-accent hover:text-accent-dark font-medium transition-colors whitespace-nowrap"[39m
                [33mhref[39m=[32m"/workflow-runs/run-1/monitor"[39m
              [36m>[39m
                [0mMonitor →[0m
              [36m</a>[39m
            [36m</div>[39m
          [36m</div>[39m
        [36m</div>[39m
      [36m</div>[39m
    [36m</div>[39m
  [36m</body>[39m
[36m</html>[39m
 ❯ src/components/workflow/__tests__/GlobalWorkflowTrackingBar.test.tsx:393:24
    391|         const styles = window.getComputedStyle(bar);
    392|         const height = parseInt(styles.height);
    393|         expect(height).toBeGreaterThanOrEqual(40);
       |                        ^
    394|         expect(height).toBeLessThanOrEqual(50);
    395|       });
 ❯ runWithExpensiveErrorDiagnosticsDisabled ../../../AIStudio/node_modules/@testing-library/dom/dist/config.js:47:12
 ❯ checkCallback ../../../AIStudio/node_modules/@testing-library/dom/dist/wait-for.js:124:77
 ❯ Timeout.checkRealTimersCallback ../../../AIStudio/node_modules/@testing-library/dom/dist/wait-for.js:118:16

⎯⎯⎯⎯⎯⎯⎯⎯⎯⎯⎯⎯⎯⎯⎯⎯⎯⎯⎯⎯⎯[96/141]⎯

 FAIL  src/components/workflow/__tests__/GlobalWorkflowTrackingBar.test.tsx > GlobalWorkflowTrackingBar > TC-WORKFLOW-BAR-007: Real-time updates > should poll for updates every 3 seconds
AssertionError: expected "spy" to be called 2 times, but got 1 times

Ignored nodes: comments, script, style
[36m<html>[39m
  [36m<head />[39m
  [36m<body>[39m
    [36m<div>[39m
      [36m<div[39m
        [33mclass[39m=[32m"bg-card shadow-sm border-b border-border"[39m
        [33mdata-testid[39m=[32m"workflow-tracking-bar"[39m
      [36m>[39m
        [36m<div[39m
          [33mclass[39m=[32m"max-w-7xl mx-auto px-4 sm:px-6 lg:px-8"[39m
        [36m>[39m
          [36m<div[39m
            [33mclass[39m=[32m"flex items-center justify-between h-12 gap-4"[39m
          [36m>[39m
            [36m<div[39m
              [33mclass[39m=[32m"flex items-center gap-3 flex-1 min-w-0"[39m
            [36m>[39m
              [36m<svg[39m
                [33maria-hidden[39m=[32m"true"[39m
                [33mclass[39m=[32m"h-5 w-5 text-accent animate-spin"[39m
                [33mdata-slot[39m=[32m"icon"[39m
                [33mdata-testid[39m=[32m"workflow-spinner"[39m
                [33mfill[39m=[32m"none"[39m
                [33mstroke[39m=[32m"currentColor"[39m
                [33mstroke-width[39m=[32m"1.5"[39m
                [33mviewBox[39m=[32m"0 0 24 24"[39m
                [33mxmlns[39m=[32m"http://www.w3.org/2000/svg"[39m
              [36m>[39m
                [36m<path[39m
                  [33md[39m=[32m"M16.023 9.348h4.992v-.001M2.985 19.644v-4.992m0 0h4.992m-4.993 0 3.181 3.183a8.25 8.25 0 0 0 13.803-3.7M4.031 9.865a8.25 8.25 0 0 1 13.803-3.7l3.181 3.182m0-4.991v4.99"[39m
                  [33mstroke-linecap[39m=[32m"round"[39m
                  [33mstroke-linejoin[39m=[32m"round"[39m
                [36m/>[39m
              [36m</svg>[39m
              [36m<a[39m
                [33mclass[39m=[32m"flex items-center gap-2 hover:opacity-80 transition-opacity min-w-0"[39m
                [33mhref[39m=[32m"/stories/ST-28"[39m
              [36m>[39m
                [36m<span[39m
                  [33mclass[39m=[32m"inline-flex items-center px-2 py-1 rounded text-xs font-semibold bg-accent/10 text-accent border border-accent/20"[39m
                [36m>[39m
                  [0mST-28[0m
                [36m</span>[39m
                [36m<span[39m
                  [33mclass[39m=[32m"text-sm text-fg truncate"[39m
                [36m>[39m
                  [0mTest Story[0m
                [36m</span>[39m
              [36m</a>[39m
              [36m<div[39m
                [33mclass[39m=[32m"hidden md:flex items-center gap-2 text-sm text-muted"[39m
              [36m>[39m
                [36m<span>[39m
                  [0m•[0m
                [36m</span>[39m
                [36m<span[39m
                  [33mclass[39m=[32m"font-medium text-fg"[39m
                [36m>[39m
                  [0mBusiness Analyst[0m
                [36m</span>[39m
              [36m</div>[39m
            [36m</div>[39m
            [36m<div[39m
              [33mclass[39m=[32m"flex items-center gap-3"[39m
            [36m>[39m
              [36m<span[39m
                [33mclass[39m=[32m"text-sm text-muted whitespace-nowrap"[39m
              [36m>[39m
                [0m2[0m
                [0m/[0m
                [0m6[0m
                [0m components[0m
              [36m</span>[39m
              [36m<div[39m
                [33mclass[39m=[32m"flex items-center gap-2"[39m
              [36m>[39m
                [36m<div[39m
                  [33mclass[39m=[32m"w-32 h-2 bg-border rounded-full overflow-hidden"[39m
                [36m>[39m
                  [36m<div[39m
                    [33maria-valuemax[39m=[32m"100"[39m
                    [33maria-valuemin[39m=[32m"0"[39m
                    [33maria-valuenow[39m=[32m"33"[39m
                    [33mclass[39m=[32m"h-full bg-accent transition-all duration-300 rounded-full"[39m
                    [33mrole[39m=[32m"progressbar"[39m
                    [33mstyle[39m=[32m"width: 33%;"[39m
                  [36m/>[39m
                [36m</div>[39m
                [36m<span[39m
                  [33mclass[39m=[32m"text-xs font-semibold text-accent min-w-[35px] text-right"[39m
                [36m>[39m
                  [0m33[0m
                  [0m%[0m
                [36m</span>[39m
              [36m</div>[39m
              [36m<a[39m
                [33mclass[39m=[32m"text-sm text-accent hover:text-accent-dark font-medium transition-colors whitespace-nowrap"[39m
                [33mhref[39m=[32m"/workflow-runs/run-1/monitor"[39m
              [36m>[39m
                [0mMonitor →[0m
              [36m</a>[39m
            [36m</div>[39m
          [36m</div>[39m
        [36m</div>[39m
      [36m</div>[39m
    [36m</div>[39m
  [36m</body>[39m
[36m</html>[39m
 ❯ src/components/workflow/__tests__/GlobalWorkflowTrackingBar.test.tsx:429:49
    427| 
    428|       await waitFor(() => {
    429|         expect(api.getActiveWorkflowForProject).toHaveBeenCalledTimes(…
       |                                                 ^
    430|       });
    431| 
 ❯ runWithExpensiveErrorDiagnosticsDisabled ../../../AIStudio/node_modules/@testing-library/dom/dist/config.js:47:12
 ❯ checkCallback ../../../AIStudio/node_modules/@testing-library/dom/dist/wait-for.js:124:77
 ❯ ../../../AIStudio/node_modules/@testing-library/dom/dist/wait-for.js:82:9

⎯⎯⎯⎯⎯⎯⎯⎯⎯⎯⎯⎯⎯⎯⎯⎯⎯⎯⎯⎯⎯[97/141]⎯

 FAIL  src/components/workflow/__tests__/GlobalWorkflowTrackingBar.test.tsx > GlobalWorkflowTrackingBar > TC-WORKFLOW-BAR-007: Real-time updates > should update display when workflow progresses
TestingLibraryElementError: Unable to find an element with the text: /Designer/. This could be because the text is broken up by multiple elements. In this case, you can provide a function for your text matcher to make your matcher more flexible.

Ignored nodes: comments, script, style
[36m<body>[39m
  [36m<div>[39m
    [36m<div[39m
      [33mclass[39m=[32m"bg-card shadow-sm border-b border-border"[39m
      [33mdata-testid[39m=[32m"workflow-tracking-bar"[39m
    [36m>[39m
      [36m<div[39m
        [33mclass[39m=[32m"max-w-7xl mx-auto px-4 sm:px-6 lg:px-8"[39m
      [36m>[39m
        [36m<div[39m
          [33mclass[39m=[32m"flex items-center justify-between h-12 gap-4"[39m
        [36m>[39m
          [36m<div[39m
            [33mclass[39m=[32m"flex items-center gap-3 flex-1 min-w-0"[39m
          [36m>[39m
            [36m<svg[39m
              [33maria-hidden[39m=[32m"true"[39m
              [33mclass[39m=[32m"h-5 w-5 text-accent animate-spin"[39m
              [33mdata-slot[39m=[32m"icon"[39m
              [33mdata-testid[39m=[32m"workflow-spinner"[39m
              [33mfill[39m=[32m"none"[39m
              [33mstroke[39m=[32m"currentColor"[39m
              [33mstroke-width[39m=[32m"1.5"[39m
              [33mviewBox[39m=[32m"0 0 24 24"[39m
              [33mxmlns[39m=[32m"http://www.w3.org/2000/svg"[39m
            [36m>[39m
              [36m<path[39m
                [33md[39m=[32m"M16.023 9.348h4.992v-.001M2.985 19.644v-4.992m0 0h4.992m-4.993 0 3.181 3.183a8.25 8.25 0 0 0 13.803-3.7M4.031 9.865a8.25 8.25 0 0 1 13.803-3.7l3.181 3.182m0-4.991v4.99"[39m
                [33mstroke-linecap[39m=[32m"round"[39m
                [33mstroke-linejoin[39m=[32m"round"[39m
              [36m/>[39m
            [36m</svg>[39m
            [36m<a[39m
              [33mclass[39m=[32m"flex items-center gap-2 hover:opacity-80 transition-opacity min-w-0"[39m
              [33mhref[39m=[32m"/stories/ST-28"[39m
            [36m>[39m
              [36m<span[39m
                [33mclass[39m=[32m"inline-flex items-center px-2 py-1 rounded text-xs font-semibold bg-accent/10 text-accent border border-accent/20"[39m
              [36m>[39m
                [0mST-28[0m
              [36m</span>[39m
              [36m<span[39m
                [33mclass[39m=[32m"text-sm text-fg truncate"[39m
              [36m>[39m
                [0mTest Story[0m
              [36m</span>[39m
            [36m</a>[39m
            [36m<div[39m
              [33mclass[39m=[32m"hidden md:flex items-center gap-2 text-sm text-muted"[39m
            [36m>[39m
              [36m<span>[39m
                [0m•[0m
              [36m</span>[39m
              [36m<span[39m
                [33mclass[39m=[32m"font-medium text-fg"[39m
              [36m>[39m
                [0mBusiness Analyst[0m
              [36m</span>[39m
            [36m</div>[39m
          [36m</div>[39m
          [36m<div[39m
            [33mclass[39m=[32m"flex items-center gap-3"[39m
          [36m>[39m
            [36m<span[39m
              [33mclass[39m=[32m"text-sm text-muted whitespace-nowrap"[39m
            [36m>[39m
              [0m2[0m
              [0m/[0m
              [0m6[0m
              [0m components[0m
            [36m</span>[39m
            [36m<div[39m
              [33mclass[39m=[32m"flex items-center gap-2"[39m
            [36m>[39m
              [36m<div[39m
                [33mclass[39m=[32m"w-32 h-2 bg-border rounded-full overflow-hidden"[39m
              [36m>[39m
                [36m<div[39m
                  [33maria-valuemax[39m=[32m"100"[39m
                  [33maria-valuemin[39m=[32m"0"[39m
                  [33maria-valuenow[39m=[32m"33"[39m
                  [33mclass[39m=[32m"h-full bg-accent transition-all duration-300 rounded-full"[39m
                  [33mrole[39m=[32m"progressbar"[39m
                  [33mstyle[39m=[32m"width: 33%;"[39m
                [36m/>[39m
              [36m</div>[39m
              [36m<span[39m
                [33mclass[39m=[32m"text-xs font-semibold text-accent min-w-[35px] text-right"[39m
              [36m>[39m
                [0m33[0m
                [0m%[0m
              [36m</span>[39m
            [36m</div>[39m
            [36m<a[39m
              [33mclass[39m=[32m"text-sm text-accent hover:text-accent-dark font-medium transition-colors whitespace-nowrap"[39m
              [33mhref[39m=[32m"/workflow-runs/run-1/monitor"[39m
            [36m>[39m
              [0mMonitor →[0m
            [36m</a>[39m
          [36m</div>[39m
        [36m</div>[39m
      [36m</div>[39m
    [36m</div>[39m
  [36m</div>[39m
[36m</body>[39m

Ignored nodes: comments, script, style
[36m<html>[39m
  [36m<head />[39m
  [36m<body>[39m
    [36m<div>[39m
      [36m<div[39m
        [33mclass[39m=[32m"bg-card shadow-sm border-b border-border"[39m
        [33mdata-testid[39m=[32m"workflow-tracking-bar"[39m
      [36m>[39m
        [36m<div[39m
          [33mclass[39m=[32m"max-w-7xl mx-auto px-4 sm:px-6 lg:px-8"[39m
        [36m>[39m
          [36m<div[39m
            [33mclass[39m=[32m"flex items-center justify-between h-12 gap-4"[39m
          [36m>[39m
            [36m<div[39m
              [33mclass[39m=[32m"flex items-center gap-3 flex-1 min-w-0"[39m
            [36m>[39m
              [36m<svg[39m
                [33maria-hidden[39m=[32m"true"[39m
                [33mclass[39m=[32m"h-5 w-5 text-accent animate-spin"[39m
                [33mdata-slot[39m=[32m"icon"[39m
                [33mdata-testid[39m=[32m"workflow-spinner"[39m
                [33mfill[39m=[32m"none"[39m
                [33mstroke[39m=[32m"currentColor"[39m
                [33mstroke-width[39m=[32m"1.5"[39m
                [33mviewBox[39m=[32m"0 0 24 24"[39m
                [33mxmlns[39m=[32m"http://www.w3.org/2000/svg"[39m
              [36m>[39m
                [36m<path[39m
                  [33md[39m=[32m"M16.023 9.348h4.992v-.001M2.985 19.644v-4.992m0 0h4.992m-4.993 0 3.181 3.183a8.25 8.25 0 0 0 13.803-3.7M4.031 9.865a8.25 8.25 0 0 1 13.803-3.7l3.181 3.182m0-4.991v4.99"[39m
                  [33mstroke-linecap[39m=[32m"round"[39m
                  [33mstroke-linejoin[39m=[32m"round"[39m
                [36m/>[39m
              [36m</svg>[39m
              [36m<a[39m
                [33mclass[39m=[32m"flex items-center gap-2 hover:opacity-80 transition-opacity min-w-0"[39m
                [33mhref[39m=[32m"/stories/ST-28"[39m
              [36m>[39m
                [36m<span[39m
                  [33mclass[39m=[32m"inline-flex items-center px-2 py-1 rounded text-xs font-semibold bg-accent/10 text-accent border border-accent/20"[39m
                [36m>[39m
                  [0mST-28[0m
                [36m</span>[39m
                [36m<span[39m
                  [33mclass[39m=[32m"text-sm text-fg truncate"[39m
                [36m>[39m
                  [0mTest Story[0m
                [36m</span>[39m
              [36m</a>[39m
              [36m<div[39m
                [33mclass[39m=[32m"hidden md:flex items-center gap-2 text-sm text-muted"[39m
              [36m>[39m
                [36m<span>[39m
                  [0m•[0m
                [36m</span>[39m
                [36m<span[39m
                  [33mclass[39m=[32m"font-medium text-fg"[39m
                [36m>[39m
                  [0mBusiness Analyst[0m
                [36m</span>[39m
              [36m</div>[39m
            [36m</div>[39m
            [36m<div[39m
              [33mclass[39m=[32m"flex items-center gap-3"[39m
            [36m>[39m
              [36m<span[39m
                [33mclass[39m=[32m"text-sm text-muted whitespace-nowrap"[39m
              [36m>[39m
                [0m2[0m
                [0m/[0m
                [0m6[0m
                [0m components[0m
              [36m</span>[39m
              [36m<div[39m
                [33mclass[39m=[32m"flex items-center gap-2"[39m
              [36m>[39m
                [36m<div[39m
                  [33mclass[39m=[32m"w-32 h-2 bg-border rounded-full overflow-hidden"[39m
                [36m>[39m
                  [36m<div[39m
                    [33maria-valuemax[39m=[32m"100"[39m
                    [33maria-valuemin[39m=[32m"0"[39m
                    [33maria-valuenow[39m=[32m"33"[39m
                    [33mclass[39m=[32m"h-full bg-accent transition-all duration-300 rounded-full"[39m
                    [33mrole[39m=[32m"progressbar"[39m
                    [33mstyle[39m=[32m"width: 33%;"[39m
                  [36m/>[39m
                [36m</div>[39m
                [36m<span[39m
                  [33mclass[39m=[32m"text-xs font-semibold text-accent min-w-[35px] text-right"[39m
                [36m>[39m
                  [0m33[0m
                  [0m%[0m
                [36m</span>[39m
              [36m</div>[39m
              [36m<a[39m
                [33mclass[39m=[32m"text-sm text-accent hover:text-accent-dark font-medium transition-colors whitespace-nowrap"[39m
                [33mhref[39m=[32m"/workflow-runs/run-1/monitor"[39m
              [36m>[39m
                [0mMonitor →[0m
              [36m</a>[39m
            [36m</div>[39m
          [36m</div>[39m
        [36m</div>[39m
      [36m</div>[39m
    [36m</div>[39m
  [36m</body>[39m
[36m</html>[39m
 ❯ Proxy.waitForWrapper ../../../AIStudio/node_modules/@testing-library/dom/dist/wait-for.js:163:27
 ❯ src/components/workflow/__tests__/GlobalWorkflowTrackingBar.test.tsx:470:13
    468| 
    469|       // Trigger refetch
    470|       await waitFor(() => {
       |             ^
    471|         expect(screen.getByText(/Designer/)).toBeInTheDocument();
    472|         expect(screen.getByText(/3\/6/)).toBeInTheDocument();

⎯⎯⎯⎯⎯⎯⎯⎯⎯⎯⎯⎯⎯⎯⎯⎯⎯⎯⎯⎯⎯[98/141]⎯

 FAIL  src/components/workflow/__tests__/GlobalWorkflowTrackingBar.test.tsx > GlobalWorkflowTrackingBar > TC-WORKFLOW-BAR-007: Real-time updates > should hide bar when workflow completes
AssertionError: expected <div …(2)>…(1)</div> to be null

Ignored nodes: comments, script, style
[36m<html>[39m
  [36m<head />[39m
  [36m<body>[39m
    [36m<div>[39m
      [36m<div[39m
        [33mclass[39m=[32m"bg-card shadow-sm border-b border-border"[39m
        [33mdata-testid[39m=[32m"workflow-tracking-bar"[39m
      [36m>[39m
        [36m<div[39m
          [33mclass[39m=[32m"max-w-7xl mx-auto px-4 sm:px-6 lg:px-8"[39m
        [36m>[39m
          [36m<div[39m
            [33mclass[39m=[32m"flex items-center justify-between h-12 gap-4"[39m
          [36m>[39m
            [36m<div[39m
              [33mclass[39m=[32m"flex items-center gap-3 flex-1 min-w-0"[39m
            [36m>[39m
              [36m<svg[39m
                [33maria-hidden[39m=[32m"true"[39m
                [33mclass[39m=[32m"h-5 w-5 text-accent animate-spin"[39m
                [33mdata-slot[39m=[32m"icon"[39m
                [33mdata-testid[39m=[32m"workflow-spinner"[39m
                [33mfill[39m=[32m"none"[39m
                [33mstroke[39m=[32m"currentColor"[39m
                [33mstroke-width[39m=[32m"1.5"[39m
                [33mviewBox[39m=[32m"0 0 24 24"[39m
                [33mxmlns[39m=[32m"http://www.w3.org/2000/svg"[39m
              [36m>[39m
                [36m<path[39m
                  [33md[39m=[32m"M16.023 9.348h4.992v-.001M2.985 19.644v-4.992m0 0h4.992m-4.993 0 3.181 3.183a8.25 8.25 0 0 0 13.803-3.7M4.031 9.865a8.25 8.25 0 0 1 13.803-3.7l3.181 3.182m0-4.991v4.99"[39m
                  [33mstroke-linecap[39m=[32m"round"[39m
                  [33mstroke-linejoin[39m=[32m"round"[39m
                [36m/>[39m
              [36m</svg>[39m
              [36m<a[39m
                [33mclass[39m=[32m"flex items-center gap-2 hover:opacity-80 transition-opacity min-w-0"[39m
                [33mhref[39m=[32m"/stories/ST-28"[39m
              [36m>[39m
                [36m<span[39m
                  [33mclass[39m=[32m"inline-flex items-center px-2 py-1 rounded text-xs font-semibold bg-accent/10 text-accent border border-accent/20"[39m
                [36m>[39m
                  [0mST-28[0m
                [36m</span>[39m
                [36m<span[39m
                  [33mclass[39m=[32m"text-sm text-fg truncate"[39m
                [36m>[39m
                  [0mTest Story[0m
                [36m</span>[39m
              [36m</a>[39m
              [36m<div[39m
                [33mclass[39m=[32m"hidden md:flex items-center gap-2 text-sm text-muted"[39m
              [36m>[39m
                [36m<span>[39m
                  [0m•[0m
                [36m</span>[39m
                [36m<span[39m
                  [33mclass[39m=[32m"font-medium text-fg"[39m
                [36m>[39m
                  [0mQA Engineer[0m
                [36m</span>[39m
              [36m</div>[39m
            [36m</div>[39m
            [36m<div[39m
              [33mclass[39m=[32m"flex items-center gap-3"[39m
            [36m>[39m
              [36m<span[39m
                [33mclass[39m=[32m"text-sm text-muted whitespace-nowrap"[39m
              [36m>[39m
                [0m5[0m
                [0m/[0m
                [0m6[0m
                [0m components[0m
              [36m</span>[39m
              [36m<div[39m
                [33mclass[39m=[32m"flex items-center gap-2"[39m
              [36m>[39m
                [36m<div[39m
                  [33mclass[39m=[32m"w-32 h-2 bg-border rounded-full overflow-hidden"[39m
                [36m>[39m
                  [36m<div[39m
                    [33maria-valuemax[39m=[32m"100"[39m
                    [33maria-valuemin[39m=[32m"0"[39m
                    [33maria-valuenow[39m=[32m"83"[39m
                    [33mclass[39m=[32m"h-full bg-accent transition-all duration-300 rounded-full"[39m
                    [33mrole[39m=[32m"progressbar"[39m
                    [33mstyle[39m=[32m"width: 83%;"[39m
                  [36m/>[39m
                [36m</div>[39m
                [36m<span[39m
                  [33mclass[39m=[32m"text-xs font-semibold text-accent min-w-[35px] text-right"[39m
                [36m>[39m
                  [0m83[0m
                  [0m%[0m
                [36m</span>[39m
              [36m</div>[39m
              [36m<a[39m
                [33mclass[39m=[32m"text-sm text-accent hover:text-accent-dark font-medium transition-colors whitespace-nowrap"[39m
                [33mhref[39m=[32m"/workflow-runs/run-1/monitor"[39m
              [36m>[39m
                [0mMonitor →[0m
              [36m</a>[39m
            [36m</div>[39m
          [36m</div>[39m
        [36m</div>[39m
      [36m</div>[39m
    [36m</div>[39m
  [36m</body>[39m
[36m</html>[39m
 ❯ src/components/workflow/__tests__/GlobalWorkflowTrackingBar.test.tsx:503:38
    501|       // After completion
    502|       await waitFor(() => {
    503|         expect(container.firstChild).toBeNull();
       |                                      ^
    504|       });
    505|     });
 ❯ runWithExpensiveErrorDiagnosticsDisabled ../../../AIStudio/node_modules/@testing-library/dom/dist/config.js:47:12
 ❯ checkCallback ../../../AIStudio/node_modules/@testing-library/dom/dist/wait-for.js:124:77
 ❯ ../../../AIStudio/node_modules/@testing-library/dom/dist/wait-for.js:82:9

⎯⎯⎯⎯⎯⎯⎯⎯⎯⎯⎯⎯⎯⎯⎯⎯⎯⎯⎯⎯⎯[99/141]⎯

 FAIL  src/components/workflow/__tests__/GlobalWorkflowTrackingBar.test.tsx > GlobalWorkflowTrackingBar > TC-WORKFLOW-BAR-008: Responsive design > should be responsive on mobile devices (truncate long titles)
AssertionError: expected '' to be 'ellipsis' // Object.is equality

Ignored nodes: comments, script, style
[36m<html>[39m
  [36m<head />[39m
  [36m<body>[39m
    [36m<div>[39m
      [36m<div[39m
        [33mclass[39m=[32m"bg-card shadow-sm border-b border-border"[39m
        [33mdata-testid[39m=[32m"workflow-tracking-bar"[39m
      [36m>[39m
        [36m<div[39m
          [33mclass[39m=[32m"max-w-7xl mx-auto px-4 sm:px-6 lg:px-8"[39m
        [36m>[39m
          [36m<div[39m
            [33mclass[39m=[32m"flex items-center justify-between h-12 gap-4"[39m
          [36m>[39m
            [36m<div[39m
              [33mclass[39m=[32m"flex items-center gap-3 flex-1 min-w-0"[39m
            [36m>[39m
              [36m<svg[39m
                [33maria-hidden[39m=[32m"true"[39m
                [33mclass[39m=[32m"h-5 w-5 text-accent animate-spin"[39m
                [33mdata-slot[39m=[32m"icon"[39m
                [33mdata-testid[39m=[32m"workflow-spinner"[39m
                [33mfill[39m=[32m"none"[39m
                [33mstroke[39m=[32m"currentColor"[39m
                [33mstroke-width[39m=[32m"1.5"[39m
                [33mviewBox[39m=[32m"0 0 24 24"[39m
                [33mxmlns[39m=[32m"http://www.w3.org/2000/svg"[39m
              [36m>[39m
                [36m<path[39m
                  [33md[39m=[32m"M16.023 9.348h4.992v-.001M2.985 19.644v-4.992m0 0h4.992m-4.993 0 3.181 3.183a8.25 8.25 0 0 0 13.803-3.7M4.031 9.865a8.25 8.25 0 0 1 13.803-3.7l3.181 3.182m0-4.991v4.99"[39m
                  [33mstroke-linecap[39m=[32m"round"[39m
                  [33mstroke-linejoin[39m=[32m"round"[39m
                [36m/>[39m
              [36m</svg>[39m
              [36m<a[39m
                [33mclass[39m=[32m"flex items-center gap-2 hover:opacity-80 transition-opacity min-w-0"[39m
                [33mhref[39m=[32m"/stories/ST-28"[39m
              [36m>[39m
                [36m<span[39m
                  [33mclass[39m=[32m"inline-flex items-center px-2 py-1 rounded text-xs font-semibold bg-accent/10 text-accent border border-accent/20"[39m
                [36m>[39m
                  [0mST-28[0m
                [36m</span>[39m
                [36m<span[39m
                  [33mclass[39m=[32m"text-sm text-fg truncate"[39m
                [36m>[39m
                  [0mThis is a very long story title that should be truncated on mobile devices to prevent layout issues and ensure proper display[0m
                [36m</span>[39m
              [36m</a>[39m
              [36m<div[39m
                [33mclass[39m=[32m"hidden md:flex items-center gap-2 text-sm text-muted"[39m
              [36m>[39m
                [36m<span>[39m
                  [0m•[0m
                [36m</span>[39m
                [36m<span[39m
                  [33mclass[39m=[32m"font-medium text-fg"[39m
                [36m>[39m
                  [0mBusiness Analyst[0m
                [36m</span>[39m
              [36m</div>[39m
            [36m</div>[39m
            [36m<div[39m
              [33mclass[39m=[32m"flex items-center gap-3"[39m
            [36m>[39m
              [36m<span[39m
                [33mclass[39m=[32m"text-sm text-muted whitespace-nowrap"[39m
              [36m>[39m
                [0m2[0m
                [0m/[0m
                [0m6[0m
                [0m components[0m
              [36m</span>[39m
              [36m<div[39m
                [33mclass[39m=[32m"flex items-center gap-2"[39m
              [36m>[39m
                [36m<div[39m
                  [33mclass[39m=[32m"w-32 h-2 bg-border rounded-full overflow-hidden"[39m
                [36m>[39m
                  [36m<div[39m
                    [33maria-valuemax[39m=[32m"100"[39m
                    [33maria-valuemin[39m=[32m"0"[39m
                    [33maria-valuenow[39m=[32m"33"[39m
                    [33mclass[39m=[32m"h-full bg-accent transition-all duration-300 rounded-full"[39m
                    [33mrole[39m=[32m"progressbar"[39m
                    [33mstyle[39m=[32m"width: 33%;"[39m
                  [36m/>[39m
                [36m</div>[39m
                [36m<span[39m
                  [33mclass[39m=[32m"text-xs font-semibold text-accent min-w-[35px] text-right"[39m
                [36m>[39m
                  [0m33[0m
                  [0m%[0m
                [36m</span>[39m
              [36m</div>[39m
              [36m<a[39m
                [33mclass[39m=[32m"text-sm text-accent hover:text-accent-dark font-medium transition-colors whitespace-nowrap"[39m
                [33mhref[39m=[32m"/workflow-runs/run-1/monitor"[39m
              [36m>[39m
                [0mMonitor →[0m
              [36m</a>[39m
            [36m</div>[39m
          [36m</div>[39m
        [36m</div>[39m
      [36m</div>[39m
    [36m</div>[39m
  [36m</body>[39m
[36m</html>[39m

- Expected
+ Received

- ellipsis

 ❯ src/components/workflow/__tests__/GlobalWorkflowTrackingBar.test.tsx:531:37
    529|         const titleElement = screen.getByText(/This is a very long/);
    530|         const styles = window.getComputedStyle(titleElement);
    531|         expect(styles.textOverflow).toBe('ellipsis');
       |                                     ^
    532|         expect(styles.overflow).toBe('hidden');
    533|         expect(styles.whiteSpace).toBe('nowrap');
 ❯ runWithExpensiveErrorDiagnosticsDisabled ../../../AIStudio/node_modules/@testing-library/dom/dist/config.js:47:12
 ❯ checkCallback ../../../AIStudio/node_modules/@testing-library/dom/dist/wait-for.js:124:77
 ❯ ../../../AIStudio/node_modules/@testing-library/dom/dist/wait-for.js:82:9

⎯⎯⎯⎯⎯⎯⎯⎯⎯⎯⎯⎯⎯⎯⎯⎯⎯⎯⎯⎯[100/141]⎯

⎯⎯⎯⎯⎯⎯ Unhandled Errors ⎯⎯⎯⎯⎯⎯

Vitest caught 4 unhandled errors during the test run.
This might cause false positive tests. Resolve unhandled errors to make sure your tests are not affected.

⎯⎯⎯⎯ Unhandled Rejection ⎯⎯⎯⎯⎯
TypeError: metrics.codeIssues.filter is not a function
 ❯ CodeQualityDashboard src/pages/CodeQualityDashboard.tsx:447:43
    445|                   <div className="flex-1 flex items-center justify-sta…
    446|                     <p className="text-red-500 text-4xl font-bold">
    447|                       {metrics.codeIssues.filter(i => i.severity === '…
       |                                           ^
    448|                     </p>
    449|                   </div>
 ❯ renderWithHooks ../../../AIStudio/node_modules/react-dom/cjs/react-dom.development.js:15486:18
 ❯ updateFunctionComponent ../../../AIStudio/node_modules/react-dom/cjs/react-dom.development.js:19617:20
 ❯ beginWork ../../../AIStudio/node_modules/react-dom/cjs/react-dom.development.js:21640:16
 ❯ HTMLUnknownElement.callCallback ../../../AIStudio/node_modules/react-dom/cjs/react-dom.development.js:4164:14
 ❯ HTMLUnknownElement.#callDispatchEventListeners ../../../AIStudio/node_modules/happy-dom/src/event/EventTarget.ts:287:42
 ❯ HTMLUnknownElement.dispatchEvent ../../../AIStudio/node_modules/happy-dom/src/event/EventTarget.ts:134:35
 ❯ HTMLUnknownElement.#goThroughDispatchEventPhases ../../../AIStudio/node_modules/happy-dom/src/event/EventTarget.ts:196:32
 ❯ HTMLUnknownElement.dispatchEvent ../../../AIStudio/node_modules/happy-dom/src/event/EventTarget.ts:127:38
 ❯ Object.invokeGuardedCallbackDev ../../../AIStudio/node_modules/react-dom/cjs/react-dom.development.js:4213:16

This error originated in "src/pages/__tests__/CodeQualityDashboard.st16.integration.test.tsx" test file. It doesn't mean the error was thrown inside the file itself, but while it was running.
The latest test that might've caused the error is "should show initial stale data, then update after analysis completes". It might mean one of the following:
- The error was thrown, while Vitest was running this test.
- If the error occurred after the test had been completed, this was the last documented test before it was thrown.

⎯⎯⎯⎯ Unhandled Rejection ⎯⎯⎯⎯⎯
TypeError: metrics.codeIssues.filter is not a function
 ❯ CodeQualityDashboard src/pages/CodeQualityDashboard.tsx:447:43
    445|                   <div className="flex-1 flex items-center justify-sta…
    446|                     <p className="text-red-500 text-4xl font-bold">
    447|                       {metrics.codeIssues.filter(i => i.severity === '…
       |                                           ^
    448|                     </p>
    449|                   </div>
 ❯ renderWithHooks ../../../AIStudio/node_modules/react-dom/cjs/react-dom.development.js:15486:18
 ❯ updateFunctionComponent ../../../AIStudio/node_modules/react-dom/cjs/react-dom.development.js:19617:20
 ❯ beginWork ../../../AIStudio/node_modules/react-dom/cjs/react-dom.development.js:21640:16
 ❯ HTMLUnknownElement.callCallback ../../../AIStudio/node_modules/react-dom/cjs/react-dom.development.js:4164:14
 ❯ HTMLUnknownElement.#callDispatchEventListeners ../../../AIStudio/node_modules/happy-dom/src/event/EventTarget.ts:287:42
 ❯ HTMLUnknownElement.dispatchEvent ../../../AIStudio/node_modules/happy-dom/src/event/EventTarget.ts:134:35
 ❯ HTMLUnknownElement.#goThroughDispatchEventPhases ../../../AIStudio/node_modules/happy-dom/src/event/EventTarget.ts:196:32
 ❯ HTMLUnknownElement.dispatchEvent ../../../AIStudio/node_modules/happy-dom/src/event/EventTarget.ts:127:38
 ❯ Object.invokeGuardedCallbackDev ../../../AIStudio/node_modules/react-dom/cjs/react-dom.development.js:4213:16

This error originated in "src/pages/__tests__/CodeQualityDashboard.st16.integration.test.tsx" test file. It doesn't mean the error was thrown inside the file itself, but while it was running.
The latest test that might've caused the error is "should show 0% coverage initially, then >0% after analysis with test correlation". It might mean one of the following:
- The error was thrown, while Vitest was running this test.
- If the error occurred after the test had been completed, this was the last documented test before it was thrown.

⎯⎯⎯⎯ Unhandled Rejection ⎯⎯⎯⎯⎯
TypeError: metrics.codeIssues.filter is not a function
 ❯ CodeQualityDashboard src/pages/CodeQualityDashboard.tsx:447:43
    445|                   <div className="flex-1 flex items-center justify-sta…
    446|                     <p className="text-red-500 text-4xl font-bold">
    447|                       {metrics.codeIssues.filter(i => i.severity === '…
       |                                           ^
    448|                     </p>
    449|                   </div>
 ❯ renderWithHooks ../../../AIStudio/node_modules/react-dom/cjs/react-dom.development.js:15486:18
 ❯ updateFunctionComponent ../../../AIStudio/node_modules/react-dom/cjs/react-dom.development.js:19617:20
 ❯ beginWork ../../../AIStudio/node_modules/react-dom/cjs/react-dom.development.js:21640:16
 ❯ HTMLUnknownElement.callCallback ../../../AIStudio/node_modules/react-dom/cjs/react-dom.development.js:4164:14
 ❯ HTMLUnknownElement.#callDispatchEventListeners ../../../AIStudio/node_modules/happy-dom/src/event/EventTarget.ts:287:42
 ❯ HTMLUnknownElement.dispatchEvent ../../../AIStudio/node_modules/happy-dom/src/event/EventTarget.ts:134:35
 ❯ HTMLUnknownElement.#goThroughDispatchEventPhases ../../../AIStudio/node_modules/happy-dom/src/event/EventTarget.ts:196:32
 ❯ HTMLUnknownElement.dispatchEvent ../../../AIStudio/node_modules/happy-dom/src/event/EventTarget.ts:127:38
 ❯ Object.invokeGuardedCallbackDev ../../../AIStudio/node_modules/react-dom/cjs/react-dom.development.js:4213:16

This error originated in "src/pages/__tests__/CodeQualityDashboard.st16.integration.test.tsx" test file. It doesn't mean the error was thrown inside the file itself, but while it was running.
The latest test that might've caused the error is "should show 11/16 as latest date initially, then 11/18 after refresh". It might mean one of the following:
- The error was thrown, while Vitest was running this test.
- If the error occurred after the test had been completed, this was the last documented test before it was thrown.

⎯⎯⎯⎯⎯ Uncaught Exception ⎯⎯⎯⎯⎯
TypeError: metrics.codeIssues.filter is not a function
 ❯ CodeQualityDashboard src/pages/CodeQualityDashboard.tsx:447:43
    445|                   <div className="flex-1 flex items-center justify-sta…
    446|                     <p className="text-red-500 text-4xl font-bold">
    447|                       {metrics.codeIssues.filter(i => i.severity === '…
       |                                           ^
    448|                     </p>
    449|                   </div>
 ❯ renderWithHooks ../../../AIStudio/node_modules/react-dom/cjs/react-dom.development.js:15486:18
 ❯ updateFunctionComponent ../../../AIStudio/node_modules/react-dom/cjs/react-dom.development.js:19617:20
 ❯ beginWork ../../../AIStudio/node_modules/react-dom/cjs/react-dom.development.js:21640:16
 ❯ HTMLUnknownElement.callCallback ../../../AIStudio/node_modules/react-dom/cjs/react-dom.development.js:4164:14
 ❯ HTMLUnknownElement.#callDispatchEventListeners ../../../AIStudio/node_modules/happy-dom/src/event/EventTarget.ts:287:42
 ❯ HTMLUnknownElement.dispatchEvent ../../../AIStudio/node_modules/happy-dom/src/event/EventTarget.ts:134:35
 ❯ HTMLUnknownElement.#goThroughDispatchEventPhases ../../../AIStudio/node_modules/happy-dom/src/event/EventTarget.ts:196:32
 ❯ HTMLUnknownElement.dispatchEvent ../../../AIStudio/node_modules/happy-dom/src/event/EventTarget.ts:127:38
 ❯ Object.invokeGuardedCallbackDev ../../../AIStudio/node_modules/react-dom/cjs/react-dom.development.js:4213:16

This error originated in "src/pages/__tests__/CodeQualityDashboard.integration.test.tsx" test file. It doesn't mean the error was thrown inside the file itself, but while it was running.
The latest test that might've caused the error is "should render dashboard with metrics". It might mean one of the following:
- The error was thrown, while Vitest was running this test.
- If the error occurred after the test had been completed, this was the last documented test before it was thrown.
⎯⎯⎯⎯⎯⎯⎯⎯⎯⎯⎯⎯⎯⎯⎯⎯⎯⎯⎯⎯⎯⎯⎯⎯⎯⎯⎯⎯⎯⎯

 Test Files  33 failed | 15 passed (48)
      Tests  133 failed | 618 passed | 1 skipped (752)
     Errors  4 errors
   Start at  09:43:41
   Duration  109.01s (transform 3.35s, setup 7.63s, collect 12.45s, tests 55.31s, environment 16.73s, prepare 4.99s)

npm error Lifecycle script `test` failed with error:
npm error code 1
npm error path /opt/stack/worktrees/st-53-web-ui-multi-run-progress-tracker-in-status-bar/frontend
npm error workspace @aistudio/frontend@0.1.0
npm error location /opt/stack/worktrees/st-53-web-ui-multi-run-progress-tracker-in-status-bar/frontend
npm error command failed
npm error command sh -c vitest --run
